<html>
<body>
<pre>
<h1>�Vision Build Log</h1>
<h2>Tool Versions:</h2>
IDE-Version: �Vision V5.37.0.0
Copyright (C) 2022 ARM Ltd and ARM Germany GmbH. All rights reserved.
License Information: s s, s, LIC=----
 
Tool Versions:
Toolchain:       MDK-Lite  Version: 5.37.0.0
Toolchain Path:  C:\Keil_v5\ARM\ARMCLANG\Bin
C Compiler:      ArmClang.exe V6.18
Assembler:       Armasm.exe V6.18
Linker/Locator:  ArmLink.exe V6.18
Library Manager: ArmAr.exe V6.18
Hex Converter:   FromElf.exe V6.18
CPU DLL:         SARMCM3.DLL V5.37.0.0
Dialog DLL:      DARMCM1.DLL V1.19.6.0
Target DLL:      UL2CM3.DLL V1.164.7.0
Dialog DLL:      TARMCM1.DLL V1.14.6.0
 
<h2>Project:</h2>
D:\Gorlov\mvvs100t\1986VE1T_MPA\1986VE1T_MPA.uvprojx
Project File Date:  10/26/2023

<h2>Output:</h2>
*** Using Compiler 'V6.18', folder: 'C:\Keil_v5\ARM\ARMCLANG\Bin'
Rebuild target 'Target 1'
DMA.c(1): warning: In file included from...
./DMA.h(4): warning: In file included from...
./UART.h(9): warning: In file included from...
./MDR32_Drivers.h(41): warning: no newline at end of file [-Wnewline-eof]
#endif /*__MDR32_Drivers_H */
                             ^
DMA.c(1): warning: In file included from...
./DMA.h(4): warning: In file included from...
./UART.h(10): warning: In file included from...
./TIMER.h(46): warning: no newline at end of file [-Wnewline-eof]
#endif /*__TIMER_H */
                     ^
DMA.c(1): warning: In file included from...
./DMA.h(12): warning: no newline at end of file [-Wnewline-eof]
#endif /*__DMA_H */
                   ^
DMA.c(2): warning: In file included from...
./SPI.h(85): warning: no newline at end of file [-Wnewline-eof]
#endif /*__SPI_H */
                   ^
DMA.c(1): warning: In file included from...
./DMA.h(4): warning: In file included from...
./UART.h(45): warning: padding struct 'struct UART_Timeouts' with 2 bytes to align 'read_val_timeout' [-Wpadded]
        uint32_t                                                        read_val_timeout;                                               ///< Таймаут на чтение
                                                                        ^
./UART.h(52): warning: padding struct 'struct UART_dma_params' with 3 bytes to align 'dma_irq_counter' [-Wpadded]
        uint32_t dma_irq_counter;                                                                                                               ///< Счетчик прерываний DMA
                 ^
DMA.c(1): warning: In file included from...
./DMA.h(4): warning: In file included from...
./UART.h(9): warning: In file included from...
./MDR32_Drivers.h(13): warning: In file included from...
C:/Users/shishov/AppData/Local/Arm/Packs/Milandr/MDR32FxQI/1.0/Libraries/SPL/MDR32FxQI/inc\MDR32FxQI_dma.h(467): warning: padding struct 'DMA_CtrlDataInitTypeDef' with 2 bytes to align 'DMA_MemoryDataSize' [-Wpadded]
    DMA_Mem_Data_Size               DMA_MemoryDataSize;  /*!< Specifies the Memory data width.
                                    ^
C:/Users/shishov/AppData/Local/Arm/Packs/Milandr/MDR32FxQI/1.0/Libraries/SPL/MDR32FxQI/inc\MDR32FxQI_dma.h(471): warning: padding struct 'DMA_CtrlDataInitTypeDef' with 3 bytes to align 'DMA_CycleSize' [-Wpadded]
    uint32_t                        DMA_CycleSize;       /*!< Specifies the  total number of DMA transfers that the DMA cycle contains.
                                    ^
C:/Users/shishov/AppData/Local/Arm/Packs/Milandr/MDR32FxQI/1.0/Libraries/SPL/MDR32FxQI/inc\MDR32FxQI_dma.h(495): warning: padding size of 'DMA_ChannelInitTypeDef' with 1 byte to alignment boundary [-Wpadded]
typedef struct
        ^
DMA.c(1): warning: In file included from...
./DMA.h(4): warning: In file included from...
./UART.h(63): warning: padding struct 'struct UART_ConfigData' with 3 bytes to align 'RST_CLK_PCLK_UARTn' [-Wpadded]
        uint32_t RST_CLK_PCLK_UARTn;                                    ///< Включение тактирования для UARTn
                 ^
DMA.c(1): warning: In file included from...
./DMA.h(4): warning: In file included from...
./UART.h(9): warning: In file included from...
./MDR32_Drivers.h(10): warning: In file included from...
C:/Users/shishov/AppData/Local/Arm/Packs/Milandr/MDR32FxQI/1.0/Libraries/SPL/MDR32FxQI/inc\MDR32FxQI_uart.h(243): warning: padding size of 'UART_InitTypeDef' with 2 bytes to alignment boundary [-Wpadded]
typedef struct
        ^
DMA.c(3): warning: In file included from...
./1273pv19t.h(33): warning: padding struct 'struct adc_config_data' with 1 byte to align 'avg_num' [-Wpadded]
        uint16_t        avg_num;                                                ///< <CA><EE><EB>-<E2><EE> <E2><FB><E1><EE><F0><EE><EA> <E4><EB><FF> <F3><F1><F0><E5><E4><ED><E5><ED><E8><FF>      
                        ^
./1273pv19t.h(28): warning: padding size of 'struct adc_config_data' with 3 bytes to alignment boundary [-Wpadded]
typedef struct adc_config_data
               ^
DMA.c(2): warning: In file included from...
./SPI.h(28): warning: padding struct 'struct spi_dma_params' with 3 bytes to align 'dma_irq_counter' [-Wpadded]
        uint32_t                                                                        dma_irq_counter;                                         ///< <D1><F7><E5><F2><F7><E8><EA> <EF><F0><E5><F0><FB><E2><E0><ED><E8><E9> DMA
                                                                                        ^
DMA.c(1): warning: In file included from...
./DMA.h(4): warning: In file included from...
./UART.h(9): warning: In file included from...
./MDR32_Drivers.h(14): warning: In file included from...
C:/Users/shishov/AppData/Local/Arm/Packs/Milandr/MDR32FxQI/1.0/Libraries/SPL/MDR32FxQI/inc\MDR32FxQI_timer.h(543): warning: padding struct 'TIMER_CntInitTypeDef' with 2 bytes to align 'TIMER_Period' [-Wpadded]
    uint32_t TIMER_Period;           /*!< Specifies the period = ARR + 1 value to be loaded into the
             ^
C:/Users/shishov/AppData/Local/Arm/Packs/Milandr/MDR32FxQI/1.0/Libraries/SPL/MDR32FxQI/inc\MDR32FxQI_timer.h(526): warning: padding size of 'TIMER_CntInitTypeDef' with 2 bytes to alignment boundary [-Wpadded]
typedef struct
        ^
DMA.c(1): warning: In file included from...
./DMA.h(4): warning: In file included from...
./UART.h(10): warning: In file included from...
./TIMER.h(22): warning: padding struct 'struct timer_config_struct' with 2 bytes to align 'TIMER_STATUS' [-Wpadded]
        TIMER_Status_Flags_TypeDef              TIMER_STATUS;                                                                           ///< <CD><E0><F1><F2><F0><EE><EA><E0> <F1><EE><E1><FB><F2><E8><E9>, <EF><EE> <EA><EE><F2><EE><F0><EE><EC><F3> <EF><F0><EE><E8><F1><F5><EE><E4><E8><F2> <EF><F0><E5><F0><FB><E2><E0><ED><E8><E5> <E1><EB><EE><EA><E0> TIMER    
                                                ^
17 warnings generated.
compiling DMA.c...
CLOCK.c(1): warning: In file included from...
./CLOCK.h(4): warning: In file included from...
./MDR32_Drivers.h(41): warning: no newline at end of file [-Wnewline-eof]
#endif /*__MDR32_Drivers_H */
                             ^
CLOCK.c(1): warning: In file included from...
./CLOCK.h(8): warning: no newline at end of file [-Wnewline-eof]
#endif /*__CLOCK_H */
                     ^
CLOCK.c(38): warning: no newline at end of file [-Wnewline-eof]
}
 ^
3 warnings generated.
compiling CLOCK.c...
main.c(1): warning: In file included from...
./main.h(4): warning: In file included from...
./1273pv19t.h(9): warning: In file included from...
./MDR32_Drivers.h(41): warning: no newline at end of file [-Wnewline-eof]
#endif /*__MDR32_Drivers_H */
                             ^
main.c(1): warning: In file included from...
./main.h(4): warning: In file included from...
./1273pv19t.h(10): warning: In file included from...
./SPI.h(85): warning: no newline at end of file [-Wnewline-eof]
#endif /*__SPI_H */
                   ^
main.c(1): warning: In file included from...
./main.h(4): warning: In file included from...
./1273pv19t.h(11): warning: In file included from...
./TIMER.h(46): warning: no newline at end of file [-Wnewline-eof]
#endif /*__TIMER_H */
                     ^
main.c(1): warning: In file included from...
./main.h(9): warning: In file included from...
./CLOCK.h(8): warning: no newline at end of file [-Wnewline-eof]
#endif /*__CLOCK_H */
                     ^
main.c(1): warning: In file included from...
./main.h(10): warning: In file included from...
./DMA.h(12): warning: no newline at end of file [-Wnewline-eof]
#endif /*__DMA_H */
                   ^
main.c(1): warning: In file included from...
./main.h(12): warning: In file included from...
./external_ram.h(245): warning: no newline at end of file [-Wnewline-eof]
#endif /*__EXTERNAL_RAM_H */
                            ^
main.c(1): warning: In file included from...
./main.h(14): warning: In file included from...
./leds.h(34): warning: no newline at end of file [-Wnewline-eof]
#endif /*__LEDS_H */
                    ^
main.c(1): warning: In file included from...
./main.h(28): warning: no newline at end of file [-Wnewline-eof]
#endif /*__MAIN_H */
                    ^
main.c(1): warning: In file included from...
./main.h(4): warning: In file included from...
./1273pv19t.h(10): warning: In file included from...
./SPI.h(28): warning: padding struct 'struct spi_dma_params' with 3 bytes to align 'dma_irq_counter' [-Wpadded]
        uint32_t                                                                        dma_irq_counter;                                         ///< <D1><F7><E5><F2><F7><E8><EA> <EF><F0><E5><F0><FB><E2><E0><ED><E8><E9> DMA
                                                                                        ^
main.c(1): warning: In file included from...
./main.h(4): warning: In file included from...
./1273pv19t.h(9): warning: In file included from...
./MDR32_Drivers.h(13): warning: In file included from...
C:/Users/shishov/AppData/Local/Arm/Packs/Milandr/MDR32FxQI/1.0/Libraries/SPL/MDR32FxQI/inc\MDR32FxQI_dma.h(467): warning: padding struct 'DMA_CtrlDataInitTypeDef' with 2 bytes to align 'DMA_MemoryDataSize' [-Wpadded]
    DMA_Mem_Data_Size               DMA_MemoryDataSize;  /*!< Specifies the Memory data width.
                                    ^
C:/Users/shishov/AppData/Local/Arm/Packs/Milandr/MDR32FxQI/1.0/Libraries/SPL/MDR32FxQI/inc\MDR32FxQI_dma.h(471): warning: padding struct 'DMA_CtrlDataInitTypeDef' with 3 bytes to align 'DMA_CycleSize' [-Wpadded]
    uint32_t                        DMA_CycleSize;       /*!< Specifies the  total number of DMA transfers that the DMA cycle contains.
                                    ^
C:/Users/shishov/AppData/Local/Arm/Packs/Milandr/MDR32FxQI/1.0/Libraries/SPL/MDR32FxQI/inc\MDR32FxQI_dma.h(495): warning: padding size of 'DMA_ChannelInitTypeDef' with 1 byte to alignment boundary [-Wpadded]
typedef struct
        ^
main.c(1): warning: In file included from...
./main.h(4): warning: In file included from...
./1273pv19t.h(9): warning: In file included from...
./MDR32_Drivers.h(14): warning: In file included from...
C:/Users/shishov/AppData/Local/Arm/Packs/Milandr/MDR32FxQI/1.0/Libraries/SPL/MDR32FxQI/inc\MDR32FxQI_timer.h(543): warning: padding struct 'TIMER_CntInitTypeDef' with 2 bytes to align 'TIMER_Period' [-Wpadded]
    uint32_t TIMER_Period;           /*!< Specifies the period = ARR + 1 value to be loaded into the
             ^
C:/Users/shishov/AppData/Local/Arm/Packs/Milandr/MDR32FxQI/1.0/Libraries/SPL/MDR32FxQI/inc\MDR32FxQI_timer.h(526): warning: padding size of 'TIMER_CntInitTypeDef' with 2 bytes to alignment boundary [-Wpadded]
typedef struct
        ^
main.c(1): warning: In file included from...
./main.h(4): warning: In file included from...
./1273pv19t.h(11): warning: In file included from...
./TIMER.h(22): warning: padding struct 'struct timer_config_struct' with 2 bytes to align 'TIMER_STATUS' [-Wpadded]
        TIMER_Status_Flags_TypeDef              TIMER_STATUS;                                                                           ///< <CD><E0><F1><F2><F0><EE><EA><E0> <F1><EE><E1><FB><F2><E8><E9>, <EF><EE> <EA><EE><F2><EE><F0><EE><EC><F3> <EF><F0><EE><E8><F1><F5><EE><E4><E8><F2> <EF><F0><E5><F0><FB><E2><E0><ED><E8><E5> <E1><EB><EE><EA><E0> TIMER    
                                                ^
main.c(75): warning: integer constant not in range of enumerated type 'TIMER_Status_Flags_TypeDef' [-Wassign-enum]
        timer_2.TIMER_STATUS = TIMER_STATUS_CCR_CAP1_CH2 | TIMER_STATUS_CNT_ARR;
                               ^
main.c(1): warning: In file included from...
./main.h(4): warning: In file included from...
./1273pv19t.h(33): warning: padding struct 'struct adc_config_data' with 1 byte to align 'avg_num' [-Wpadded]
        uint16_t        avg_num;                                                ///< <CA><EE><EB>-<E2><EE> <E2><FB><E1><EE><F0><EE><EA> <E4><EB><FF> <F3><F1><F0><E5><E4><ED><E5><ED><E8><FF>      
                        ^
./1273pv19t.h(28): warning: padding size of 'struct adc_config_data' with 3 bytes to alignment boundary [-Wpadded]
typedef struct adc_config_data
               ^
main.c(1): warning: In file included from...
./main.h(7): warning: In file included from...
./UART.h(45): warning: padding struct 'struct UART_Timeouts' with 2 bytes to align 'read_val_timeout' [-Wpadded]
        uint32_t                                                        read_val_timeout;                                               ///< Таймаут на чтение
                                                                        ^
./UART.h(52): warning: padding struct 'struct UART_dma_params' with 3 bytes to align 'dma_irq_counter' [-Wpadded]
        uint32_t dma_irq_counter;                                                                                                               ///< Счетчик прерываний DMA
                 ^
./UART.h(63): warning: padding struct 'struct UART_ConfigData' with 3 bytes to align 'RST_CLK_PCLK_UARTn' [-Wpadded]
        uint32_t RST_CLK_PCLK_UARTn;                                    ///< Включение тактирования для UARTn
                 ^
main.c(1): warning: In file included from...
./main.h(4): warning: In file included from...
./1273pv19t.h(9): warning: In file included from...
./MDR32_Drivers.h(10): warning: In file included from...
C:/Users/shishov/AppData/Local/Arm/Packs/Milandr/MDR32FxQI/1.0/Libraries/SPL/MDR32FxQI/inc\MDR32FxQI_uart.h(243): warning: padding size of 'UART_InitTypeDef' with 2 bytes to alignment boundary [-Wpadded]
typedef struct
        ^
main.c(152): warning: variable 'ext_bus' is used uninitialized whenever 'if' condition is false [-Wsometimes-uninitialized]
        else if(UART_struct->UARTx == MDR_UART2)
                ^~~~~~~~~~~~~~~~~~~~~~~~~~~~~~~
main.c(157): note: uninitialized use occurs here
        if((receive_packet(UART_struct, ext_bus)) != NO_ERROR)
                                        ^~~~~~~
main.c(152): note: remove the 'if' if its condition is always true
        else if(UART_struct->UARTx == MDR_UART2)
             ^~~~~~~~~~~~~~~~~~~~~~~~~~~~~~~~~~~
main.c(147): note: initialize the variable 'ext_bus' to silence this warning
        uint8_t ext_bus; //определение шины, по которой идет обмен данными
                       ^
                        = '\0'
main.c(20): warning: no previous extern declaration for non-static variable 'ram_space_pointer' [-Wmissing-variable-declarations]
ram_data *ram_space_pointer;
          ^
main.c(20): note: declare 'static' if the variable is not intended to be used outside of this translation unit
ram_data *ram_space_pointer;
^
24 warnings generated.
compiling main.c...
rs422_protocol.c(1): warning: In file included from...
./rs422_protocol.h(9): warning: In file included from...
./UART.h(9): warning: In file included from...
./MDR32_Drivers.h(41): warning: no newline at end of file [-Wnewline-eof]
#endif /*__MDR32_Drivers_H */
                             ^
rs422_protocol.c(1): warning: In file included from...
./rs422_protocol.h(9): warning: In file included from...
./UART.h(10): warning: In file included from...
./TIMER.h(46): warning: no newline at end of file [-Wnewline-eof]
#endif /*__TIMER_H */
                     ^
rs422_protocol.c(2): warning: In file included from...
./external_ram.h(11): warning: In file included from...
./SPI.h(85): warning: no newline at end of file [-Wnewline-eof]
#endif /*__SPI_H */
                   ^
rs422_protocol.c(2): warning: In file included from...
./external_ram.h(245): warning: no newline at end of file [-Wnewline-eof]
#endif /*__EXTERNAL_RAM_H */
                            ^
rs422_protocol.c(3): warning: In file included from...
./leds.h(34): warning: no newline at end of file [-Wnewline-eof]
#endif /*__LEDS_H */
                    ^
rs422_protocol.c(1): warning: In file included from...
./rs422_protocol.h(9): warning: In file included from...
./UART.h(45): warning: padding struct 'struct UART_Timeouts' with 2 bytes to align 'read_val_timeout' [-Wpadded]
        uint32_t                                                        read_val_timeout;                                               ///< Таймаут на чтение
                                                                        ^
./UART.h(52): warning: padding struct 'struct UART_dma_params' with 3 bytes to align 'dma_irq_counter' [-Wpadded]
        uint32_t dma_irq_counter;                                                                                                               ///< Счетчик прерываний DMA
                 ^
rs422_protocol.c(1): warning: In file included from...
./rs422_protocol.h(9): warning: In file included from...
./UART.h(9): warning: In file included from...
./MDR32_Drivers.h(13): warning: In file included from...
C:/Users/shishov/AppData/Local/Arm/Packs/Milandr/MDR32FxQI/1.0/Libraries/SPL/MDR32FxQI/inc\MDR32FxQI_dma.h(467): warning: padding struct 'DMA_CtrlDataInitTypeDef' with 2 bytes to align 'DMA_MemoryDataSize' [-Wpadded]
    DMA_Mem_Data_Size               DMA_MemoryDataSize;  /*!< Specifies the Memory data width.
                                    ^
C:/Users/shishov/AppData/Local/Arm/Packs/Milandr/MDR32FxQI/1.0/Libraries/SPL/MDR32FxQI/inc\MDR32FxQI_dma.h(471): warning: padding struct 'DMA_CtrlDataInitTypeDef' with 3 bytes to align 'DMA_CycleSize' [-Wpadded]
    uint32_t                        DMA_CycleSize;       /*!< Specifies the  total number of DMA transfers that the DMA cycle contains.
                                    ^
C:/Users/shishov/AppData/Local/Arm/Packs/Milandr/MDR32FxQI/1.0/Libraries/SPL/MDR32FxQI/inc\MDR32FxQI_dma.h(495): warning: padding size of 'DMA_ChannelInitTypeDef' with 1 byte to alignment boundary [-Wpadded]
typedef struct
        ^
rs422_protocol.c(1): warning: In file included from...
./rs422_protocol.h(9): warning: In file included from...
./UART.h(63): warning: padding struct 'struct UART_ConfigData' with 3 bytes to align 'RST_CLK_PCLK_UARTn' [-Wpadded]
        uint32_t RST_CLK_PCLK_UARTn;                                    ///< Включение тактирования для UARTn
                 ^
rs422_protocol.c(1): warning: In file included from...
./rs422_protocol.h(9): warning: In file included from...
./UART.h(9): warning: In file included from...
./MDR32_Drivers.h(10): warning: In file included from...
C:/Users/shishov/AppData/Local/Arm/Packs/Milandr/MDR32FxQI/1.0/Libraries/SPL/MDR32FxQI/inc\MDR32FxQI_uart.h(243): warning: padding size of 'UART_InitTypeDef' with 2 bytes to alignment boundary [-Wpadded]
typedef struct
        ^
rs422_protocol.c(18): warning: mixing declarations and code is incompatible with standards before C99 [-Wdeclaration-after-statement]
        uint16_t buffer_offset = 0; //<EF><E5><F0><E5><EC><E5><F8><E5><ED><E8><E5> <EF><EE> <E1><F3><F4><E5><F0><F3>
                 ^
rs422_protocol.c(9): warning: unused parameter 'ext_bus' [-Wunused-parameter]
protocol_error transmit_packet(UARTn *UART_struct, uint8_t ext_bus)
                                                           ^
rs422_protocol.c(1): warning: In file included from...
./rs422_protocol.h(9): warning: In file included from...
./UART.h(9): warning: In file included from...
./MDR32_Drivers.h(14): warning: In file included from...
C:/Users/shishov/AppData/Local/Arm/Packs/Milandr/MDR32FxQI/1.0/Libraries/SPL/MDR32FxQI/inc\MDR32FxQI_timer.h(543): warning: padding struct 'TIMER_CntInitTypeDef' with 2 bytes to align 'TIMER_Period' [-Wpadded]
    uint32_t TIMER_Period;           /*!< Specifies the period = ARR + 1 value to be loaded into the
             ^
C:/Users/shishov/AppData/Local/Arm/Packs/Milandr/MDR32FxQI/1.0/Libraries/SPL/MDR32FxQI/inc\MDR32FxQI_timer.h(526): warning: padding size of 'TIMER_CntInitTypeDef' with 2 bytes to alignment boundary [-Wpadded]
typedef struct
        ^
rs422_protocol.c(1): warning: In file included from...
./rs422_protocol.h(9): warning: In file included from...
./UART.h(10): warning: In file included from...
./TIMER.h(22): warning: padding struct 'struct timer_config_struct' with 2 bytes to align 'TIMER_STATUS' [-Wpadded]
        TIMER_Status_Flags_TypeDef              TIMER_STATUS;                                                                           ///< <CD><E0><F1><F2><F0><EE><EA><E0> <F1><EE><E1><FB><F2><E8><E9>, <EF><EE> <EA><EE><F2><EE><F0><EE><EC><F3> <EF><F0><EE><E8><F1><F5><EE><E4><E8><F2> <EF><F0><E5><F0><FB><E2><E0><ED><E8><E5> <E1><EB><EE><EA><E0> TIMER    
                                                ^
rs422_protocol.c(115): warning: mixing declarations and code is incompatible with standards before C99 [-Wdeclaration-after-statement]
        uint16_t buffer_offset = 0; //<EF><E5><F0><E5><EC><E5><F8><E5><ED><E8><E5> <EF><EE> <E1><F3><F4><E5><F0><F3>
                 ^
rs422_protocol.c(237): warning: arithmetic on a pointer to void is a GNU extension [-Wpointer-arith]
                                                memcpy((ram_space_pointer->tx_data) + offset, (void*)(&(ram_space_pointer->start_struct)) + start_addr, size);
                                                                                              ~~~~~~~~~~~~~~~~~~~~~~~~~~~~~~~~~~~~~~~~~~~ ^
rs422_protocol.c(272): warning: arithmetic on a pointer to void is a GNU extension [-Wpointer-arith]
                                                memcpy((void*)(&(ram_space_pointer->start_struct)) + start_addr, (ram_space_pointer->rx_packet_struct.cmd_with_data[i].data) + sizeof(start_addr) + sizeof(size), size);
                                                       ~~~~~~~~~~~~~~~~~~~~~~~~~~~~~~~~~~~~~~~~~~~ ^
rs422_protocol.c(400): warning: implicit conversion changes signedness: 'int' to 'uint_least32_t' (aka 'unsigned int') [-Wsign-conversion]
                crc = i;
                    ~ ^
21 warnings generated.
compiling rs422_protocol.c...
TIMER.c(6): warning: In file included from...
./TIMER.h(9): warning: In file included from...
./MDR32_Drivers.h(41): warning: no newline at end of file [-Wnewline-eof]
#endif /*__MDR32_Drivers_H */
                             ^
TIMER.c(6): warning: In file included from...
./TIMER.h(46): warning: no newline at end of file [-Wnewline-eof]
#endif /*__TIMER_H */
                     ^
TIMER.c(7): warning: In file included from...
./SPI.h(85): warning: no newline at end of file [-Wnewline-eof]
#endif /*__SPI_H */
                   ^
TIMER.c(9): warning: In file included from...
./external_ram.h(245): warning: no newline at end of file [-Wnewline-eof]
#endif /*__EXTERNAL_RAM_H */
                            ^
TIMER.c(6): warning: In file included from...
./TIMER.h(9): warning: In file included from...
./MDR32_Drivers.h(14): warning: In file included from...
C:/Users/shishov/AppData/Local/Arm/Packs/Milandr/MDR32FxQI/1.0/Libraries/SPL/MDR32FxQI/inc\MDR32FxQI_timer.h(543): warning: padding struct 'TIMER_CntInitTypeDef' with 2 bytes to align 'TIMER_Period' [-Wpadded]
    uint32_t TIMER_Period;           /*!< Specifies the period = ARR + 1 value to be loaded into the
             ^
C:/Users/shishov/AppData/Local/Arm/Packs/Milandr/MDR32FxQI/1.0/Libraries/SPL/MDR32FxQI/inc\MDR32FxQI_timer.h(526): warning: padding size of 'TIMER_CntInitTypeDef' with 2 bytes to alignment boundary [-Wpadded]
typedef struct
        ^
TIMER.c(6): warning: In file included from...
./TIMER.h(22): warning: padding struct 'struct timer_config_struct' with 2 bytes to align 'TIMER_STATUS' [-Wpadded]
        TIMER_Status_Flags_TypeDef              TIMER_STATUS;                                                                           ///< <CD><E0><F1><F2><F0><EE><EA><E0> <F1><EE><E1><FB><F2><E8><E9>, <EF><EE> <EA><EE><F2><EE><F0><EE><EC><F3> <EF><F0><EE><E8><F1><F5><EE><E4><E8><F2> <EF><F0><E5><F0><FB><E2><E0><ED><E8><E5> <E1><EB><EE><EA><E0> TIMER    
                                                ^
TIMER.c(97): warning: implicit conversion loses integer precision: 'uint16_t' (aka 'unsigned short') to 'TIMER_Channel_Number_TypeDef' [-Wimplicit-int-conversion]
        TIMER_ChnCCR1_Cmd(timer_struct->TIMERx, sTIM2_ChnInit.TIMER_CH_Number, ENABLE);
        ~~~~~~~~~~~~~~~~~                       ~~~~~~~~~~~~~~^~~~~~~~~~~~~~~
TIMER.c(8): warning: In file included from...
./1273pv19t.h(33): warning: padding struct 'struct adc_config_data' with 1 byte to align 'avg_num' [-Wpadded]
        uint16_t        avg_num;                                                ///< <CA><EE><EB>-<E2><EE> <E2><FB><E1><EE><F0><EE><EA> <E4><EB><FF> <F3><F1><F0><E5><E4><ED><E5><ED><E8><FF>      
                        ^
./1273pv19t.h(28): warning: padding size of 'struct adc_config_data' with 3 bytes to alignment boundary [-Wpadded]
typedef struct adc_config_data
               ^
TIMER.c(147): warning: implicit conversion loses integer precision: 'volatile uint32_t' (aka 'volatile unsigned int') to 'uint16_t' (aka 'unsigned short') [-Wimplicit-int-conversion]
                                spi_rx_value[i] = adc_1.spi_struct->SSPx->DR;
                                                ~ ~~~~~~~~~~~~~~~~~~~~~~~~^~
TIMER.c(7): warning: In file included from...
./SPI.h(28): warning: padding struct 'struct spi_dma_params' with 3 bytes to align 'dma_irq_counter' [-Wpadded]
        uint32_t                                                                        dma_irq_counter;                                         ///< <D1><F7><E5><F2><F7><E8><EA> <EF><F0><E5><F0><FB><E2><E0><ED><E8><E9> DMA
                                                                                        ^
TIMER.c(6): warning: In file included from...
./TIMER.h(9): warning: In file included from...
./MDR32_Drivers.h(13): warning: In file included from...
C:/Users/shishov/AppData/Local/Arm/Packs/Milandr/MDR32FxQI/1.0/Libraries/SPL/MDR32FxQI/inc\MDR32FxQI_dma.h(467): warning: padding struct 'DMA_CtrlDataInitTypeDef' with 2 bytes to align 'DMA_MemoryDataSize' [-Wpadded]
    DMA_Mem_Data_Size               DMA_MemoryDataSize;  /*!< Specifies the Memory data width.
                                    ^
C:/Users/shishov/AppData/Local/Arm/Packs/Milandr/MDR32FxQI/1.0/Libraries/SPL/MDR32FxQI/inc\MDR32FxQI_dma.h(471): warning: padding struct 'DMA_CtrlDataInitTypeDef' with 3 bytes to align 'DMA_CycleSize' [-Wpadded]
    uint32_t                        DMA_CycleSize;       /*!< Specifies the  total number of DMA transfers that the DMA cycle contains.
                                    ^
C:/Users/shishov/AppData/Local/Arm/Packs/Milandr/MDR32FxQI/1.0/Libraries/SPL/MDR32FxQI/inc\MDR32FxQI_dma.h(495): warning: padding size of 'DMA_ChannelInitTypeDef' with 1 byte to alignment boundary [-Wpadded]
typedef struct
        ^
TIMER.c(144): warning: mixing declarations and code is incompatible with standards before C99 [-Wdeclaration-after-statement]
                        uint16_t spi_rx_value[FIFO_SIZE];
                                 ^
TIMER.c(198): warning: taking the absolute value of unsigned type 'unsigned int' has no effect [-Wabsolute-value]
        while(abs(TIMER_GetCounter(MDR_TIMER1) - timer_cnt) <= time_micro);
              ^
TIMER.c(198): note: remove the call to 'abs' since unsigned values cannot be negative
        while(abs(TIMER_GetCounter(MDR_TIMER1) - timer_cnt) <= time_micro);
              ^~~
TIMER.c(198): warning: implicit conversion changes signedness: 'unsigned int' to 'int' [-Wsign-conversion]
        while(abs(TIMER_GetCounter(MDR_TIMER1) - timer_cnt) <= time_micro);
              ~~~ ~~~~~~~~~~~~~~~~~~~~~~~~~~~~~^~~~~~~~~~~
TIMER.c(198): warning: comparison of integers of different signs: 'int' and 'uint32_t' (aka 'unsigned int') [-Wsign-compare]
        while(abs(TIMER_GetCounter(MDR_TIMER1) - timer_cnt) <= time_micro);
              ~~~~~~~~~~~~~~~~~~~~~~~~~~~~~~~~~~~~~~~~~~~~~ ^  ~~~~~~~~~~
TIMER.c(15): warning: no previous extern declaration for non-static variable 'timer_1' [-Wmissing-variable-declarations]
timer_n timer_1;
        ^
TIMER.c(15): note: declare 'static' if the variable is not intended to be used outside of this translation unit
timer_n timer_1;
^
TIMER.c(16): warning: no previous extern declaration for non-static variable 'timer_2' [-Wmissing-variable-declarations]
timer_n timer_2;
        ^
TIMER.c(16): note: declare 'static' if the variable is not intended to be used outside of this translation unit
timer_n timer_2;
^
TIMER.c(17): warning: no previous extern declaration for non-static variable 'timer_3' [-Wmissing-variable-declarations]
timer_n timer_3;
        ^
TIMER.c(17): note: declare 'static' if the variable is not intended to be used outside of this translation unit
timer_n timer_3;
^
22 warnings generated.
compiling TIMER.c...
UART.c(5): warning: In file included from...
./UART.h(9): warning: In file included from...
./MDR32_Drivers.h(41): warning: no newline at end of file [-Wnewline-eof]
#endif /*__MDR32_Drivers_H */
                             ^
UART.c(5): warning: In file included from...
./UART.h(10): warning: In file included from...
./TIMER.h(46): warning: no newline at end of file [-Wnewline-eof]
#endif /*__TIMER_H */
                     ^
UART.c(5): warning: In file included from...
./UART.h(45): warning: padding struct 'struct UART_Timeouts' with 2 bytes to align 'read_val_timeout' [-Wpadded]
        uint32_t                                                        read_val_timeout;                                               ///< Таймаут на чтение
                                                                        ^
./UART.h(52): warning: padding struct 'struct UART_dma_params' with 3 bytes to align 'dma_irq_counter' [-Wpadded]
        uint32_t dma_irq_counter;                                                                                                               ///< Счетчик прерываний DMA
                 ^
UART.c(5): warning: In file included from...
./UART.h(9): warning: In file included from...
./MDR32_Drivers.h(13): warning: In file included from...
C:/Users/shishov/AppData/Local/Arm/Packs/Milandr/MDR32FxQI/1.0/Libraries/SPL/MDR32FxQI/inc\MDR32FxQI_dma.h(467): warning: padding struct 'DMA_CtrlDataInitTypeDef' with 2 bytes to align 'DMA_MemoryDataSize' [-Wpadded]
    DMA_Mem_Data_Size               DMA_MemoryDataSize;  /*!< Specifies the Memory data width.
                                    ^
C:/Users/shishov/AppData/Local/Arm/Packs/Milandr/MDR32FxQI/1.0/Libraries/SPL/MDR32FxQI/inc\MDR32FxQI_dma.h(471): warning: padding struct 'DMA_CtrlDataInitTypeDef' with 3 bytes to align 'DMA_CycleSize' [-Wpadded]
    uint32_t                        DMA_CycleSize;       /*!< Specifies the  total number of DMA transfers that the DMA cycle contains.
                                    ^
C:/Users/shishov/AppData/Local/Arm/Packs/Milandr/MDR32FxQI/1.0/Libraries/SPL/MDR32FxQI/inc\MDR32FxQI_dma.h(495): warning: padding size of 'DMA_ChannelInitTypeDef' with 1 byte to alignment boundary [-Wpadded]
typedef struct
        ^
UART.c(5): warning: In file included from...
./UART.h(63): warning: padding struct 'struct UART_ConfigData' with 3 bytes to align 'RST_CLK_PCLK_UARTn' [-Wpadded]
        uint32_t RST_CLK_PCLK_UARTn;                                    ///< Включение тактирования для UARTn
                 ^
UART.c(5): warning: In file included from...
./UART.h(9): warning: In file included from...
./MDR32_Drivers.h(10): warning: In file included from...
C:/Users/shishov/AppData/Local/Arm/Packs/Milandr/MDR32FxQI/1.0/Libraries/SPL/MDR32FxQI/inc\MDR32FxQI_uart.h(243): warning: padding size of 'UART_InitTypeDef' with 2 bytes to alignment boundary [-Wpadded]
typedef struct
        ^
UART.c(5): warning: In file included from...
./UART.h(9): warning: In file included from...
./MDR32_Drivers.h(14): warning: In file included from...
C:/Users/shishov/AppData/Local/Arm/Packs/Milandr/MDR32FxQI/1.0/Libraries/SPL/MDR32FxQI/inc\MDR32FxQI_timer.h(543): warning: padding struct 'TIMER_CntInitTypeDef' with 2 bytes to align 'TIMER_Period' [-Wpadded]
    uint32_t TIMER_Period;           /*!< Specifies the period = ARR + 1 value to be loaded into the
             ^
C:/Users/shishov/AppData/Local/Arm/Packs/Milandr/MDR32FxQI/1.0/Libraries/SPL/MDR32FxQI/inc\MDR32FxQI_timer.h(526): warning: padding size of 'TIMER_CntInitTypeDef' with 2 bytes to alignment boundary [-Wpadded]
typedef struct
        ^
UART.c(5): warning: In file included from...
./UART.h(10): warning: In file included from...
./TIMER.h(22): warning: padding struct 'struct timer_config_struct' with 2 bytes to align 'TIMER_STATUS' [-Wpadded]
        TIMER_Status_Flags_TypeDef              TIMER_STATUS;                                                                           ///< <CD><E0><F1><F2><F0><EE><EA><E0> <F1><EE><E1><FB><F2><E8><E9>, <EF><EE> <EA><EE><F2><EE><F0><EE><EC><F3> <EF><F0><EE><E8><F1><F5><EE><E4><E8><F2> <EF><F0><E5><F0><FB><E2><E0><ED><E8><E5> <E1><EB><EE><EA><E0> TIMER    
                                                ^
UART.c(5): warning: In file included from...
./UART.h(9): warning: In file included from...
./MDR32_Drivers.h(12): warning: In file included from...
C:/Users/shishov/AppData/Local/Arm/Packs/Milandr/MDR32FxQI/1.0/Libraries/SPL/MDR32FxQI/inc\MDR32FxQI_port.h(200): warning: padding size of 'PORT_InitTypeDef' with 1 byte to alignment boundary [-Wpadded]
typedef struct
        ^
UART.c(75): warning: mixing declarations and code is incompatible with standards before C99 [-Wdeclaration-after-statement]
        PORT_InitTypeDef GPIO_init_structUART1;
                         ^
UART.c(150): warning: implicit conversion loses integer precision: 'uint32_t' (aka 'unsigned int') to 'UART_Clock_BRG_TypeDef' [-Wimplicit-int-conversion]
        UART_BRGInit(UART_struct->UARTx, UART_struct->UART_HCLKdiv);
        ~~~~~~~~~~~~                     ~~~~~~~~~~~~~^~~~~~~~~~~~
UART.c(140): warning: mixing declarations and code is incompatible with standards before C99 [-Wdeclaration-after-statement]
        uart_errors error;
                    ^
UART.c(206): warning: comparison of integers of different signs: 'int' and 'uint32_t' (aka 'unsigned int') [-Wsign-compare]
        for (int i = 0; i < data_size; i++)
                        ~ ^ ~~~~~~~~~
UART.c(357): warning: 'memset' call operates on objects of type 'uint8_t' (aka 'unsigned char') while the size is based on a different type 'uint8_t *' (aka 'unsigned char *') [-Wsizeof-pointer-memaccess]
        memset(UART_struct->buffer, 0, sizeof(UART_struct->buffer));
               ~~~~~~~~~~~~~~~~~~~            ~~~~~~~~~~~~~^~~~~~
UART.c(357): note: did you mean to provide an explicit length?
        memset(UART_struct->buffer, 0, sizeof(UART_struct->buffer));
                                              ~~~~~~~~~~~~~^~~~~~
UART.c(411): warning: no newline at end of file [-Wnewline-eof]
}
 ^
UART.c(12): warning: no previous extern declaration for non-static variable 'UART1' [-Wmissing-variable-declarations]
UARTn UART1;
      ^
UART.c(12): note: declare 'static' if the variable is not intended to be used outside of this translation unit
UARTn UART1;
^
UART.c(13): warning: no previous extern declaration for non-static variable 'UART2' [-Wmissing-variable-declarations]
UARTn UART2;
      ^
UART.c(13): note: declare 'static' if the variable is not intended to be used outside of this translation unit
UARTn UART2;
^
21 warnings generated.
compiling UART.c...
EBC.c(9): warning: In file included from...
./EBC.h(10): warning: In file included from...
./MDR32_Drivers.h(41): warning: no newline at end of file [-Wnewline-eof]
#endif /*__MDR32_Drivers_H */
                             ^
EBC.c(9): warning: In file included from...
./EBC.h(10): warning: In file included from...
./MDR32_Drivers.h(12): warning: In file included from...
C:/Users/shishov/AppData/Local/Arm/Packs/Milandr/MDR32FxQI/1.0/Libraries/SPL/MDR32FxQI/inc\MDR32FxQI_port.h(200): warning: padding size of 'PORT_InitTypeDef' with 1 byte to alignment boundary [-Wpadded]
typedef struct
        ^
EBC.c(98): warning: mixing declarations and code is incompatible with standards before C99 [-Wdeclaration-after-statement]
                EBC_InitTypeDef EBC_InitStruct;
                                ^
3 warnings generated.
compiling EBC.c...
external_ram.c(1): warning: In file included from...
./external_ram.h(9): warning: In file included from...
./MDR32_Drivers.h(41): warning: no newline at end of file [-Wnewline-eof]
#endif /*__MDR32_Drivers_H */
                             ^
external_ram.c(1): warning: In file included from...
./external_ram.h(10): warning: In file included from...
./rs422_protocol.h(9): warning: In file included from...
./UART.h(10): warning: In file included from...
./TIMER.h(46): warning: no newline at end of file [-Wnewline-eof]
#endif /*__TIMER_H */
                     ^
external_ram.c(1): warning: In file included from...
./external_ram.h(11): warning: In file included from...
./SPI.h(85): warning: no newline at end of file [-Wnewline-eof]
#endif /*__SPI_H */
                   ^
external_ram.c(1): warning: In file included from...
./external_ram.h(245): warning: no newline at end of file [-Wnewline-eof]
#endif /*__EXTERNAL_RAM_H */
                            ^
external_ram.c(34): warning: incompatible pointer types passing 'uint8_t (*)[1024]' (aka 'unsigned char (*)[1024]') to parameter of type 'char *' [-Wincompatible-pointer-types]
        strncpy(&(ram_space_pointer->common_ram_register_space.PLC_DeviceInfo),"MPA",sizeof("MPA"));
                ^~~~~~~~~~~~~~~~~~~~~~~~~~~~~~~~~~~~~~~~~~~~~~~~~~~~~~~~~~~~~~
C:\Keil_v5\ARM\ARMCLANG\Bin\..\include\string.h(84): note: passing argument to parameter here
extern _ARMABI char *strncpy(char * __restrict /*s1*/, const char * __restrict /*s2*/, size_t /*n*/) __attribute__((__nonnull__(1,2)));
                                                     ^
external_ram.c(72): warning: implicit conversion from 'int' to 'int16_t' (aka 'short') changes value from 65535 to -1 [-Wconstant-conversion]
                ram_space_pointer->mpa_ram_register_space.AI_MaxCodeADC[i] = 65535;
                                                                           ~ ^~~~~
external_ram.c(101): warning: implicit conversion changes signedness: 'int' to 'unsigned int' [-Wsign-conversion]
                memcpy(&next_item, (uint16_t*)(array + i*sizeof(result)), sizeof(result));
                                                       ^~
external_ram.c(99): warning: comparison of integers of different signs: 'int' and 'uint32_t' (aka 'unsigned int') [-Wsign-compare]
        for (int i = 0; i < array_size; i++)
                        ~ ^ ~~~~~~~~~~
8 warnings generated.
compiling external_ram.c...
1273pv19t.c(7): warning: In file included from...
./1273pv19t.h(9): warning: In file included from...
./MDR32_Drivers.h(41): warning: no newline at end of file [-Wnewline-eof]
#endif /*__MDR32_Drivers_H */
                             ^
1273pv19t.c(7): warning: In file included from...
./1273pv19t.h(10): warning: In file included from...
./SPI.h(85): warning: no newline at end of file [-Wnewline-eof]
#endif /*__SPI_H */
                   ^
1273pv19t.c(7): warning: In file included from...
./1273pv19t.h(11): warning: In file included from...
./TIMER.h(46): warning: no newline at end of file [-Wnewline-eof]
#endif /*__TIMER_H */
                     ^
1273pv19t.c(9): warning: In file included from...
./external_ram.h(245): warning: no newline at end of file [-Wnewline-eof]
#endif /*__EXTERNAL_RAM_H */
                            ^
1273pv19t.c(7): warning: In file included from...
./1273pv19t.h(9): warning: In file included from...
./MDR32_Drivers.h(12): warning: In file included from...
C:/Users/shishov/AppData/Local/Arm/Packs/Milandr/MDR32FxQI/1.0/Libraries/SPL/MDR32FxQI/inc\MDR32FxQI_port.h(200): warning: padding size of 'PORT_InitTypeDef' with 1 byte to alignment boundary [-Wpadded]
typedef struct
        ^
1273pv19t.c(25): warning: mixing declarations and code is incompatible with standards before C99 [-Wdeclaration-after-statement]
        PORT_InitTypeDef GPIO_init_structADC;
                         ^
1273pv19t.c(7): warning: In file included from...
./1273pv19t.h(10): warning: In file included from...
./SPI.h(28): warning: padding struct 'struct spi_dma_params' with 3 bytes to align 'dma_irq_counter' [-Wpadded]
        uint32_t                                                                        dma_irq_counter;                                         ///< <D1><F7><E5><F2><F7><E8><EA> <EF><F0><E5><F0><FB><E2><E0><ED><E8><E9> DMA
                                                                                        ^
1273pv19t.c(7): warning: In file included from...
./1273pv19t.h(9): warning: In file included from...
./MDR32_Drivers.h(13): warning: In file included from...
C:/Users/shishov/AppData/Local/Arm/Packs/Milandr/MDR32FxQI/1.0/Libraries/SPL/MDR32FxQI/inc\MDR32FxQI_dma.h(467): warning: padding struct 'DMA_CtrlDataInitTypeDef' with 2 bytes to align 'DMA_MemoryDataSize' [-Wpadded]
    DMA_Mem_Data_Size               DMA_MemoryDataSize;  /*!< Specifies the Memory data width.
                                    ^
C:/Users/shishov/AppData/Local/Arm/Packs/Milandr/MDR32FxQI/1.0/Libraries/SPL/MDR32FxQI/inc\MDR32FxQI_dma.h(471): warning: padding struct 'DMA_CtrlDataInitTypeDef' with 3 bytes to align 'DMA_CycleSize' [-Wpadded]
    uint32_t                        DMA_CycleSize;       /*!< Specifies the  total number of DMA transfers that the DMA cycle contains.
                                    ^
C:/Users/shishov/AppData/Local/Arm/Packs/Milandr/MDR32FxQI/1.0/Libraries/SPL/MDR32FxQI/inc\MDR32FxQI_dma.h(495): warning: padding size of 'DMA_ChannelInitTypeDef' with 1 byte to alignment boundary [-Wpadded]
typedef struct
        ^
1273pv19t.c(7): warning: In file included from...
./1273pv19t.h(33): warning: padding struct 'struct adc_config_data' with 1 byte to align 'avg_num' [-Wpadded]
        uint16_t        avg_num;                                                ///< <CA><EE><EB>-<E2><EE> <E2><FB><E1><EE><F0><EE><EA> <E4><EB><FF> <F3><F1><F0><E5><E4><ED><E5><ED><E8><FF>      
                        ^
./1273pv19t.h(28): warning: padding size of 'struct adc_config_data' with 3 bytes to alignment boundary [-Wpadded]
typedef struct adc_config_data
               ^
1273pv19t.c(7): warning: In file included from...
./1273pv19t.h(9): warning: In file included from...
./MDR32_Drivers.h(14): warning: In file included from...
C:/Users/shishov/AppData/Local/Arm/Packs/Milandr/MDR32FxQI/1.0/Libraries/SPL/MDR32FxQI/inc\MDR32FxQI_timer.h(543): warning: padding struct 'TIMER_CntInitTypeDef' with 2 bytes to align 'TIMER_Period' [-Wpadded]
    uint32_t TIMER_Period;           /*!< Specifies the period = ARR + 1 value to be loaded into the
             ^
C:/Users/shishov/AppData/Local/Arm/Packs/Milandr/MDR32FxQI/1.0/Libraries/SPL/MDR32FxQI/inc\MDR32FxQI_timer.h(526): warning: padding size of 'TIMER_CntInitTypeDef' with 2 bytes to alignment boundary [-Wpadded]
typedef struct
        ^
1273pv19t.c(7): warning: In file included from...
./1273pv19t.h(11): warning: In file included from...
./TIMER.h(22): warning: padding struct 'struct timer_config_struct' with 2 bytes to align 'TIMER_STATUS' [-Wpadded]
        TIMER_Status_Flags_TypeDef              TIMER_STATUS;                                                                           ///< <CD><E0><F1><F2><F0><EE><EA><E0> <F1><EE><E1><FB><F2><E8><E9>, <EF><EE> <EA><EE><F2><EE><F0><EE><EC><F3> <EF><F0><EE><E8><F1><F5><EE><E4><E8><F2> <EF><F0><E5><F0><FB><E2><E0><ED><E8><E5> <E1><EB><EE><EA><E0> TIMER    
                                                ^
1273pv19t.c(13): warning: no previous extern declaration for non-static variable 'adc_1' [-Wmissing-variable-declarations]
adc_n adc_1;
      ^
1273pv19t.c(13): note: declare 'static' if the variable is not intended to be used outside of this translation unit
adc_n adc_1;
^
16 warnings generated.
compiling 1273pv19t.c...
SPI.c(5): warning: In file included from...
./SPI.h(9): warning: In file included from...
./MDR32_Drivers.h(41): warning: no newline at end of file [-Wnewline-eof]
#endif /*__MDR32_Drivers_H */
                             ^
SPI.c(5): warning: In file included from...
./SPI.h(85): warning: no newline at end of file [-Wnewline-eof]
#endif /*__SPI_H */
                   ^
SPI.c(6): warning: In file included from...
./1273pv19t.h(11): warning: In file included from...
./TIMER.h(46): warning: no newline at end of file [-Wnewline-eof]
#endif /*__TIMER_H */
                     ^
SPI.c(7): warning: In file included from...
./external_ram.h(245): warning: no newline at end of file [-Wnewline-eof]
#endif /*__EXTERNAL_RAM_H */
                            ^
SPI.c(5): warning: In file included from...
./SPI.h(9): warning: In file included from...
./MDR32_Drivers.h(12): warning: In file included from...
C:/Users/shishov/AppData/Local/Arm/Packs/Milandr/MDR32FxQI/1.0/Libraries/SPL/MDR32FxQI/inc\MDR32FxQI_port.h(200): warning: padding size of 'PORT_InitTypeDef' with 1 byte to alignment boundary [-Wpadded]
typedef struct
        ^
SPI.c(32): warning: mixing declarations and code is incompatible with standards before C99 [-Wdeclaration-after-statement]
        PORT_InitTypeDef GPIO_init_struct_SPI1;
                         ^
SPI.c(66): warning: mixing declarations and code is incompatible with standards before C99 [-Wdeclaration-after-statement]
        SSP_InitTypeDef SSP_InitStruct;
                        ^
SPI.c(5): warning: In file included from...
./SPI.h(28): warning: padding struct 'struct spi_dma_params' with 3 bytes to align 'dma_irq_counter' [-Wpadded]
        uint32_t                                                                        dma_irq_counter;                                         ///< <D1><F7><E5><F2><F7><E8><EA> <EF><F0><E5><F0><FB><E2><E0><ED><E8><E9> DMA
                                                                                        ^
SPI.c(5): warning: In file included from...
./SPI.h(9): warning: In file included from...
./MDR32_Drivers.h(13): warning: In file included from...
C:/Users/shishov/AppData/Local/Arm/Packs/Milandr/MDR32FxQI/1.0/Libraries/SPL/MDR32FxQI/inc\MDR32FxQI_dma.h(467): warning: padding struct 'DMA_CtrlDataInitTypeDef' with 2 bytes to align 'DMA_MemoryDataSize' [-Wpadded]
    DMA_Mem_Data_Size               DMA_MemoryDataSize;  /*!< Specifies the Memory data width.
                                    ^
C:/Users/shishov/AppData/Local/Arm/Packs/Milandr/MDR32FxQI/1.0/Libraries/SPL/MDR32FxQI/inc\MDR32FxQI_dma.h(471): warning: padding struct 'DMA_CtrlDataInitTypeDef' with 3 bytes to align 'DMA_CycleSize' [-Wpadded]
    uint32_t                        DMA_CycleSize;       /*!< Specifies the  total number of DMA transfers that the DMA cycle contains.
                                    ^
C:/Users/shishov/AppData/Local/Arm/Packs/Milandr/MDR32FxQI/1.0/Libraries/SPL/MDR32FxQI/inc\MDR32FxQI_dma.h(495): warning: padding size of 'DMA_ChannelInitTypeDef' with 1 byte to alignment boundary [-Wpadded]
typedef struct
        ^
SPI.c(134): warning: implicit conversion loses integer precision: 'volatile uint32_t' (aka 'volatile unsigned int') to 'uint16_t' (aka 'unsigned short') [-Wimplicit-int-conversion]
                a = spi_struct->SSPx->DR;
                  ~ ~~~~~~~~~~~~~~~~~~^~
SPI.c(130): warning: variable 'a' set but not used [-Wunused-but-set-variable]
        uint16_t a;
                 ^
SPI.c(13): warning: no previous extern declaration for non-static variable 'spi_1' [-Wmissing-variable-declarations]
spi_n spi_1 IAR_SECTION ("EXECUTABLE_MEMORY_SECTION") __attribute__((section("EXECUTABLE_MEMORY_SECTION")));
      ^
SPI.c(13): note: declare 'static' if the variable is not intended to be used outside of this translation unit
spi_n spi_1 IAR_SECTION ("EXECUTABLE_MEMORY_SECTION") __attribute__((section("EXECUTABLE_MEMORY_SECTION")));
^
SPI.c(14): warning: no previous extern declaration for non-static variable 'spi_2' [-Wmissing-variable-declarations]
spi_n spi_2 IAR_SECTION ("EXECUTABLE_MEMORY_SECTION") __attribute__((section("EXECUTABLE_MEMORY_SECTION")));
      ^
SPI.c(14): note: declare 'static' if the variable is not intended to be used outside of this translation unit
spi_n spi_2 IAR_SECTION ("EXECUTABLE_MEMORY_SECTION") __attribute__((section("EXECUTABLE_MEMORY_SECTION")));
^
15 warnings generated.
compiling SPI.c...
SystemFont5x7R.c(3): warning: no previous extern declaration for non-static variable 'SystemFonts5x7' [-Wmissing-variable-declarations]
const char SystemFonts5x7[820] = {
           ^
SystemFont5x7R.c(3): note: declare 'static' if the variable is not intended to be used outside of this translation unit
const char SystemFonts5x7[820] = {
      ^
SystemFont5x7R.c(1): warning: In file included from...
./SystemFont5x7R.h(8): warning: padding size of 'FontStruct' with 1 byte to alignment boundary [-Wpadded]
typedef struct {
        ^
2 warnings generated.
compiling SystemFont5x7R.c...
MT-12864Av6.c(3): warning: In file included from...
./TIMER.h(9): warning: In file included from...
./MDR32_Drivers.h(41): warning: no newline at end of file [-Wnewline-eof]
#endif /*__MDR32_Drivers_H */
                             ^
MT-12864Av6.c(3): warning: In file included from...
./TIMER.h(46): warning: no newline at end of file [-Wnewline-eof]
#endif /*__TIMER_H */
                     ^
MT-12864Av6.c(2): warning: In file included from...
./MT-12864Av6.h(6): warning: In file included from...
C:/Users/shishov/AppData/Local/Arm/Packs/Milandr/MDR32FxQI/1.0/Libraries/SPL/MDR32FxQI/inc\MDR32FxQI_port.h(200): warning: padding size of 'PORT_InitTypeDef' with 1 byte to alignment boundary [-Wpadded]
typedef struct
        ^
MT-12864Av6.c(2): warning: In file included from...
./MT-12864Av6.h(7): warning: In file included from...
./SystemFont5x7R.h(8): warning: padding size of 'FontStruct' with 1 byte to alignment boundary [-Wpadded]
typedef struct {
        ^
MT-12864Av6.c(343): warning: no previous extern declaration for non-static variable 'Logo128' [-Wmissing-variable-declarations]
const char Logo128[8][128] = //128x64 pixel, <EA><E0><E6><E4><FB><E5> 8 <E2><E5><F0><F2><E8><EA><E0><EB><FC><ED><FB><F5> <F2><EE><F7><E5><EA> <F1><EE><E1><F0><E0><ED><FB> <E2> <E1><E0><E9><F2>
           ^
MT-12864Av6.c(343): note: declare 'static' if the variable is not intended to be used outside of this translation unit
const char Logo128[8][128] = //128x64 pixel, <EA><E0><E6><E4><FB><E5> 8 <E2><E5><F0><F2><E8><EA><E0><EB><FC><ED><FB><F5> <F2><EE><F7><E5><EA> <F1><EE><E1><F0><E0><ED><FB> <E2> <E1><E0><E9><F2>
      ^
MT-12864Av6.c(6): warning: no previous extern declaration for non-static variable 'GPIOInitStruct' [-Wmissing-variable-declarations]
PORT_InitTypeDef GPIOInitStruct;
                 ^
MT-12864Av6.c(6): note: declare 'static' if the variable is not intended to be used outside of this translation unit
PORT_InitTypeDef GPIOInitStruct;
^
6 warnings generated.
compiling MT-12864Av6.c...
leds.c(6): warning: In file included from...
./leds.h(9): warning: In file included from...
./MDR32_Drivers.h(41): warning: no newline at end of file [-Wnewline-eof]
#endif /*__MDR32_Drivers_H */
                             ^
leds.c(6): warning: In file included from...
./leds.h(34): warning: no newline at end of file [-Wnewline-eof]
#endif /*__LEDS_H */
                    ^
leds.c(6): warning: In file included from...
./leds.h(9): warning: In file included from...
./MDR32_Drivers.h(12): warning: In file included from...
C:/Users/shishov/AppData/Local/Arm/Packs/Milandr/MDR32FxQI/1.0/Libraries/SPL/MDR32FxQI/inc\MDR32FxQI_port.h(200): warning: padding size of 'PORT_InitTypeDef' with 1 byte to alignment boundary [-Wpadded]
typedef struct
        ^
leds.c(17): warning: mixing declarations and code is incompatible with standards before C99 [-Wdeclaration-after-statement]
        PORT_InitTypeDef gpio_init_struct_leds;
                         ^
4 warnings generated.
compiling leds.c...
assembling startup_MDR32F1QI.S...
compiling system_MDR32F1QI.c...
C:/Users/shishov/AppData/Local/Arm/Packs/Milandr/MDR32FxQI/1.0/Libraries/SPL/MDR32FxQI/src/MDR32FxQI_bkp.c(508): warning: implicit conversion changes signedness: 'int' to 'unsigned int' [-Wsign-conversion]
    tmpreg = MDR_BKP->REG_0E & (~(3 << BKP_REG_0E_TRIM_34_Pos));
                             ~  ^~~~~~~~~~~~~~~~~~~~~~~~~~~~~~
C:/Users/shishov/AppData/Local/Arm/Packs/Milandr/MDR32FxQI/1.0/Libraries/SPL/MDR32FxQI/src/MDR32FxQI_bkp.c(527): warning: implicit conversion changes signedness: 'int' to 'unsigned int' [-Wsign-conversion]
        MDR_BKP->REG_0E &= ~(1 << BKP_REG_0E_ILIMEN_Pos);
                        ~~ ^~~~~~~~~~~~~~~~~~~~~~~~~~~~~
2 warnings generated.
compiling MDR32FxQI_bkp.c...
C:/Users/shishov/AppData/Local/Arm/Packs/Milandr/MDR32FxQI/1.0/Libraries/SPL/MDR32FxQI/src/MDR32FxQI_dma.c(23): warning: In file included from...
C:/Users/shishov/AppData/Local/Arm/Packs/Milandr/MDR32FxQI/1.0/Libraries/SPL/MDR32FxQI/inc\MDR32FxQI_dma.h(467): warning: padding struct 'DMA_CtrlDataInitTypeDef' with 2 bytes to align 'DMA_MemoryDataSize' [-Wpadded]
    DMA_Mem_Data_Size               DMA_MemoryDataSize;  /*!< Specifies the Memory data width.
                                    ^
C:/Users/shishov/AppData/Local/Arm/Packs/Milandr/MDR32FxQI/1.0/Libraries/SPL/MDR32FxQI/inc\MDR32FxQI_dma.h(471): warning: padding struct 'DMA_CtrlDataInitTypeDef' with 3 bytes to align 'DMA_CycleSize' [-Wpadded]
    uint32_t                        DMA_CycleSize;       /*!< Specifies the  total number of DMA transfers that the DMA cycle contains.
                                    ^
C:/Users/shishov/AppData/Local/Arm/Packs/Milandr/MDR32FxQI/1.0/Libraries/SPL/MDR32FxQI/inc\MDR32FxQI_dma.h(514): warning: padding size of 'DMA_Channel_SG_InitTypeDef' with 2 bytes to alignment boundary [-Wpadded]
typedef struct
        ^
C:/Users/shishov/AppData/Local/Arm/Packs/Milandr/MDR32FxQI/1.0/Libraries/SPL/MDR32FxQI/inc\MDR32FxQI_dma.h(495): warning: padding size of 'DMA_ChannelInitTypeDef' with 1 byte to alignment boundary [-Wpadded]
typedef struct
        ^
C:/Users/shishov/AppData/Local/Arm/Packs/Milandr/MDR32FxQI/1.0/Libraries/SPL/MDR32FxQI/src/MDR32FxQI_dma.c(509): warning: default label in switch which covers all enumeration values [-Wcovered-switch-default]
        default:
        ^
C:/Users/shishov/AppData/Local/Arm/Packs/Milandr/MDR32FxQI/1.0/Libraries/SPL/MDR32FxQI/src/MDR32FxQI_dma.c(70): warning: no previous extern declaration for non-static variable 'DMA_ControlTable' [-Wmissing-variable-declarations]
        DMA_CtrlDataTypeDef DMA_ControlTable[DMA_Channels_Number * (1 + DMA_AlternateData)] __attribute__((section("EXECUTABLE_MEMORY_SECTION"))) __attribute__ ((aligned (DATA_ALIGN)));
                            ^
C:/Users/shishov/AppData/Local/Arm/Packs/Milandr/MDR32FxQI/1.0/Libraries/SPL/MDR32FxQI/src/MDR32FxQI_dma.c(70): note: declare 'static' if the variable is not intended to be used outside of this translation unit
        DMA_CtrlDataTypeDef DMA_ControlTable[DMA_Channels_Number * (1 + DMA_AlternateData)] __attribute__((section("EXECUTABLE_MEMORY_SECTION"))) __attribute__ ((aligned (DATA_ALIGN)));
        ^
6 warnings generated.
compiling MDR32FxQI_dma.c...
C:/Users/shishov/AppData/Local/Arm/Packs/Milandr/MDR32FxQI/1.0/Libraries/SPL/MDR32FxQI/src/MDR32FxQI_ebc.c(95): warning: bitwise operation between different enumeration types ('const EBC_Mode_Sel' and 'const EBC_Clk_Polarity') [-Wenum-enum-conversion]
                   | (EBC_InitStruct->EBC_Cpol)
                   ^ ~~~~~~~~~~~~~~~~~~~~~~~~~~
C:/Users/shishov/AppData/Local/Arm/Packs/Milandr/MDR32FxQI/1.0/Libraries/SPL/MDR32FxQI/src/MDR32FxQI_ebc.c(96): warning: implicit conversion changes signedness: 'int' to 'uint32_t' (aka 'unsigned int') [-Wsign-conversion]
                   | (EBC_InitStruct->EBC_WaitState << EBC_CONTROL_WAIT_STATE_Pos);
                   ^~~~~~~~~~~~~~~~~~~~~~~~~~~~~~~~~~~~~~~~~~~~~~~~~~~~~~~~~~~~~~~
C:/Users/shishov/AppData/Local/Arm/Packs/Milandr/MDR32FxQI/1.0/Libraries/SPL/MDR32FxQI/src/MDR32FxQI_ebc.c(110): warning: implicit conversion changes signedness: 'int' to 'uint32_t' (aka 'unsigned int') [-Wsign-conversion]
                   | (EBC_InitStruct->EBC_NandTrr   << EBC_NAND_CYCLES_TRR_Pos);
                   ^~~~~~~~~~~~~~~~~~~~~~~~~~~~~~~~~~~~~~~~~~~~~~~~~~~~~~~~~~~~
C:/Users/shishov/AppData/Local/Arm/Packs/Milandr/MDR32FxQI/1.0/Libraries/SPL/MDR32FxQI/src/MDR32FxQI_ebc.c(278): warning: implicit conversion changes signedness: 'int' to 'uint32_t' (aka 'unsigned int') [-Wsign-conversion]
                      | (EBC_MemRegionInitStruct->Enable_Tune << EBC_RAM_CYCLES_ENABLE_TUNE_Pos);
                      ^~~~~~~~~~~~~~~~~~~~~~~~~~~~~~~~~~~~~~~~~~~~~~~~~~~~~~~~~~~~~~~~~~~~~~~~~~
4 warnings generated.
compiling MDR32FxQI_ebc.c...
C:/Users/shishov/AppData/Local/Arm/Packs/Milandr/MDR32FxQI/1.0/Libraries/SPL/MDR32FxQI/src/MDR32FxQI_eeprom.c(374): warning: implicit conversion changes signedness: 'int' to 'uint32_t' (aka 'unsigned int') [-Wsign-conversion]
    Mask = 0xFF << Shift;
         ~ ~~~~~^~~~~~~~
C:/Users/shishov/AppData/Local/Arm/Packs/Milandr/MDR32FxQI/1.0/Libraries/SPL/MDR32FxQI/src/MDR32FxQI_eeprom.c(403): warning: implicit conversion changes signedness: 'int' to 'uint32_t' (aka 'unsigned int') [-Wsign-conversion]
    Mask = 0xFFFF << Shift;
         ~ ~~~~~~~^~~~~~~~
2 warnings generated.
compiling MDR32FxQI_eeprom.c...
assembling MDR32FxQI_eeprom_cache.S...
C:/Users/shishov/AppData/Local/Arm/Packs/Milandr/MDR32FxQI/1.0/Libraries/SPL/MDR32FxQI/src/MDR32FxQI_port.c(122): warning: implicit conversion changes signedness: 'int' to 'unsigned int' [-Wsign-conversion]
            tmpreg_OE     = (tmpreg_OE     & ~mask_s) | (PORT_InitStruct->PORT_OE        <<  pos);
                                                      ~  ~~~~~~~~~~~~~~~~~~~~~~~~~~~~~~~~^~~~~~~
C:/Users/shishov/AppData/Local/Arm/Packs/Milandr/MDR32FxQI/1.0/Libraries/SPL/MDR32FxQI/src/MDR32FxQI_port.c(123): warning: implicit conversion changes signedness: 'int' to 'unsigned int' [-Wsign-conversion]
            tmpreg_FUNC   = (tmpreg_FUNC   & ~mask_l) | (PORT_InitStruct->PORT_FUNC      << (pos * 2));
                                                      ~  ~~~~~~~~~~~~~~~~~~~~~~~~~~~~~~~~^~~~~~~~~~~~
C:/Users/shishov/AppData/Local/Arm/Packs/Milandr/MDR32FxQI/1.0/Libraries/SPL/MDR32FxQI/src/MDR32FxQI_port.c(124): warning: implicit conversion changes signedness: 'int' to 'unsigned int' [-Wsign-conversion]
            tmpreg_ANALOG = (tmpreg_ANALOG & ~mask_s) | (PORT_InitStruct->PORT_MODE      <<  pos);
                                                      ~  ~~~~~~~~~~~~~~~~~~~~~~~~~~~~~~~~^~~~~~~
C:/Users/shishov/AppData/Local/Arm/Packs/Milandr/MDR32FxQI/1.0/Libraries/SPL/MDR32FxQI/src/MDR32FxQI_port.c(126): warning: implicit conversion changes signedness: 'int' to 'unsigned int' [-Wsign-conversion]
                                                      | (PORT_InitStruct->PORT_PULL_DOWN <<  pos);
                                                      ~  ~~~~~~~~~~~~~~~~~~~~~~~~~~~~~~~~^~~~~~~
C:/Users/shishov/AppData/Local/Arm/Packs/Milandr/MDR32FxQI/1.0/Libraries/SPL/MDR32FxQI/src/MDR32FxQI_port.c(125): warning: implicit conversion changes signedness: 'int' to 'unsigned int' [-Wsign-conversion]
            tmpreg_PULL   = (tmpreg_PULL   & ~mask_d) | (PORT_InitStruct->PORT_PULL_UP   << (pos + 16))
                                                      ~  ~~~~~~~~~~~~~~~~~~~~~~~~~~~~~~~~^~~~~~~~~~~~~
C:/Users/shishov/AppData/Local/Arm/Packs/Milandr/MDR32FxQI/1.0/Libraries/SPL/MDR32FxQI/src/MDR32FxQI_port.c(128): warning: implicit conversion changes signedness: 'int' to 'unsigned int' [-Wsign-conversion]
                                                      | (PORT_InitStruct->PORT_PD        <<  pos);
                                                      ~  ~~~~~~~~~~~~~~~~~~~~~~~~~~~~~~~~^~~~~~~
C:/Users/shishov/AppData/Local/Arm/Packs/Milandr/MDR32FxQI/1.0/Libraries/SPL/MDR32FxQI/src/MDR32FxQI_port.c(127): warning: implicit conversion changes signedness: 'int' to 'unsigned int' [-Wsign-conversion]
            tmpreg_PD     = (tmpreg_PD     & ~mask_d) | (PORT_InitStruct->PORT_PD_SHM    << (pos + 16))
                                                      ~  ~~~~~~~~~~~~~~~~~~~~~~~~~~~~~~~~^~~~~~~~~~~~~
C:/Users/shishov/AppData/Local/Arm/Packs/Milandr/MDR32FxQI/1.0/Libraries/SPL/MDR32FxQI/src/MDR32FxQI_port.c(129): warning: implicit conversion changes signedness: 'int' to 'unsigned int' [-Wsign-conversion]
            tmpreg_PWR    = (tmpreg_PWR    & ~mask_l) | (PORT_InitStruct->PORT_SPEED     << (pos * 2));
                                                      ~  ~~~~~~~~~~~~~~~~~~~~~~~~~~~~~~~~^~~~~~~~~~~~
C:/Users/shishov/AppData/Local/Arm/Packs/Milandr/MDR32FxQI/1.0/Libraries/SPL/MDR32FxQI/src/MDR32FxQI_port.c(130): warning: implicit conversion changes signedness: 'int' to 'unsigned int' [-Wsign-conversion]
            tmpreg_GFEN   = (tmpreg_GFEN   & ~mask_s) | (PORT_InitStruct->PORT_GFEN      <<  pos);
                                                      ~  ~~~~~~~~~~~~~~~~~~~~~~~~~~~~~~~~^~~~~~~
C:/Users/shishov/AppData/Local/Arm/Packs/Milandr/MDR32FxQI/1.0/Libraries/SPL/MDR32FxQI/src/MDR32FxQI_port.c(23): warning: In file included from...
C:/Users/shishov/AppData/Local/Arm/Packs/Milandr/MDR32FxQI/1.0/Libraries/SPL/MDR32FxQI/inc\MDR32FxQI_port.h(200): warning: padding size of 'PORT_InitTypeDef' with 1 byte to alignment boundary [-Wpadded]
typedef struct
        ^
C:/Users/shishov/AppData/Local/Arm/Packs/Milandr/MDR32FxQI/1.0/Libraries/SPL/MDR32FxQI/src/MDR32FxQI_port.c(320): warning: implicit conversion changes signedness: 'int' to 'unsigned int' [-Wsign-conversion]
    MDR_PORTx->RXTX = PortVal & (~JTAG_PINS(MDR_PORTx));
                              ~  ^~~~~~~~~~~~~~~~~~~~~
11 warnings generated.
compiling MDR32FxQI_port.c...
C:/Users/shishov/AppData/Local/Arm/Packs/Milandr/MDR32FxQI/1.0/Libraries/SPL/MDR32FxQI/src/MDR32FxQI_rst_clk.c(192): warning: enumeration value 'RST_CLK_HSE_OFF' not explicitly handled in switch [-Wswitch-enum]
    switch (RST_CLK_HSE)
            ^~~~~~~~~~~
C:/Users/shishov/AppData/Local/Arm/Packs/Milandr/MDR32FxQI/1.0/Libraries/SPL/MDR32FxQI/src/MDR32FxQI_rst_clk.c(256): warning: enumeration value 'RST_CLK_HSE2_OFF' not explicitly handled in switch [-Wswitch-enum]
    switch (RST_CLK_HSE2)
            ^~~~~~~~~~~~
C:/Users/shishov/AppData/Local/Arm/Packs/Milandr/MDR32FxQI/1.0/Libraries/SPL/MDR32FxQI/src/MDR32FxQI_rst_clk.c(317): warning: enumeration value 'RST_CLK_LSE_OFF' not explicitly handled in switch [-Wswitch-enum]
    switch (RST_CLK_LSE)
            ^~~~~~~~~~~
C:/Users/shishov/AppData/Local/Arm/Packs/Milandr/MDR32FxQI/1.0/Libraries/SPL/MDR32FxQI/src/MDR32FxQI_rst_clk.c(623): warning: implicit conversion changes signedness: 'int' to 'unsigned int' [-Wsign-conversion]
        temp &= ~(1 << RST_CLK_CPU_CLOCK_CPU_C2_SEL_Pos);
             ~~ ^~~~~~~~~~~~~~~~~~~~~~~~~~~~~~~~~~~~~~~~
C:/Users/shishov/AppData/Local/Arm/Packs/Milandr/MDR32FxQI/1.0/Libraries/SPL/MDR32FxQI/src/MDR32FxQI_rst_clk.c(818): warning: implicit conversion changes signedness: 'int' to 'unsigned int' [-Wsign-conversion]
        temp &= ~(1 << RST_CLK_USB_CLOCK_USB_C2_SEL_Pos);
             ~~ ^~~~~~~~~~~~~~~~~~~~~~~~~~~~~~~~~~~~~~~~
C:/Users/shishov/AppData/Local/Arm/Packs/Milandr/MDR32FxQI/1.0/Libraries/SPL/MDR32FxQI/src/MDR32FxQI_rst_clk.c(919): warning: implicit conversion changes signedness: 'int' to 'unsigned int' [-Wsign-conversion]
        temp &= ~(1 << RST_CLK_USB_CLOCK_USB_C3_SEL_Pos);
             ~~ ^~~~~~~~~~~~~~~~~~~~~~~~~~~~~~~~~~~~~~~~
C:/Users/shishov/AppData/Local/Arm/Packs/Milandr/MDR32FxQI/1.0/Libraries/SPL/MDR32FxQI/src/MDR32FxQI_rst_clk.c(956): warning: implicit conversion changes signedness: 'int' to 'unsigned int' [-Wsign-conversion]
        temp &= ~(1 << RST_CLK_USB_CLOCK_USB_CLK_EN_Pos);
             ~~ ^~~~~~~~~~~~~~~~~~~~~~~~~~~~~~~~~~~~~~~~
7 warnings generated.
compiling MDR32FxQI_rst_clk.c...
C:/Users/shishov/AppData/Local/Arm/Packs/Milandr/MDR32FxQI/1.0/Libraries/SPL/MDR32FxQI/src/MDR32FxQI_ssp.c(127): warning: implicit conversion changes signedness: 'int' to 'uint32_t' (aka 'unsigned int') [-Wsign-conversion]
            + SSP_InitStruct->SSP_WordLength;
            ^~~~~~~~~~~~~~~~~~~~~~~~~~~~~~~~
C:/Users/shishov/AppData/Local/Arm/Packs/Milandr/MDR32FxQI/1.0/Libraries/SPL/MDR32FxQI/src/MDR32FxQI_ssp.c(131): warning: arithmetic between different enumeration types ('const SSP_Hardware_Flow_Control_TypeDef' and 'const SSP_Mode_TypeDef') [-Wenum-enum-conversion]
    tmpreg = SSP_InitStruct->SSP_HardwareFlowControl + SSP_InitStruct->SSP_Mode;
             ~~~~~~~~~~~~~~~~~~~~~~~~~~~~~~~~~~~~~~~ ^ ~~~~~~~~~~~~~~~~~~~~~~~~
2 warnings generated.
compiling MDR32FxQI_ssp.c...
C:/Users/shishov/AppData/Local/Arm/Packs/Milandr/MDR32FxQI/1.0/Libraries/SPL/MDR32FxQI/src/MDR32FxQI_timer.c(153): warning: implicit conversion changes signedness: 'int' to 'uint32_t' (aka 'unsigned int') [-Wsign-conversion]
                         + TIMER_CntInitStruct->TIMER_BRK_Polarity;
                         ^~~~~~~~~~~~~~~~~~~~~~~~~~~~~~~~~~~~~~~~~
C:/Users/shishov/AppData/Local/Arm/Packs/Milandr/MDR32FxQI/1.0/Libraries/SPL/MDR32FxQI/src/MDR32FxQI_timer.c(23): warning: In file included from...
C:/Users/shishov/AppData/Local/Arm/Packs/Milandr/MDR32FxQI/1.0/Libraries/SPL/MDR32FxQI/inc\MDR32FxQI_timer.h(543): warning: padding struct 'TIMER_CntInitTypeDef' with 2 bytes to align 'TIMER_Period' [-Wpadded]
    uint32_t TIMER_Period;           /*!< Specifies the period = ARR + 1 value to be loaded into the
             ^
C:/Users/shishov/AppData/Local/Arm/Packs/Milandr/MDR32FxQI/1.0/Libraries/SPL/MDR32FxQI/inc\MDR32FxQI_timer.h(526): warning: padding size of 'TIMER_CntInitTypeDef' with 2 bytes to alignment boundary [-Wpadded]
typedef struct
        ^
C:/Users/shishov/AppData/Local/Arm/Packs/Milandr/MDR32FxQI/1.0/Libraries/SPL/MDR32FxQI/src/MDR32FxQI_timer.c(288): warning: implicit conversion loses integer precision: 'volatile uint32_t' (aka 'volatile unsigned int') to 'uint16_t' (aka 'unsigned short') [-Wimplicit-int-conversion]
    return (TIMERx->PSG);
    ~~~~~~  ~~~~~~~~^~~
C:/Users/shishov/AppData/Local/Arm/Packs/Milandr/MDR32FxQI/1.0/Libraries/SPL/MDR32FxQI/src/MDR32FxQI_timer.c(676): warning: implicit conversion changes signedness: 'int' to 'uint32_t' (aka 'unsigned int') [-Wsign-conversion]
                    + (TIMER_ChnInitStruct->TIMER_CH_FilterConf << TIMER_CH_CNTRL_CHFLTR_Pos);
                    ^~~~~~~~~~~~~~~~~~~~~~~~~~~~~~~~~~~~~~~~~~~~~~~~~~~~~~~~~~~~~~~~~~~~~~~~~
C:/Users/shishov/AppData/Local/Arm/Packs/Milandr/MDR32FxQI/1.0/Libraries/SPL/MDR32FxQI/src/MDR32FxQI_timer.c(1248): warning: implicit conversion changes signedness: 'int' to 'uint32_t' (aka 'unsigned int') [-Wsign-conversion]
                     + (TIMER_ChnOutInitStruct->TIMER_CH_NegOut_Mode     << TIMER_CH_CNTRL1_NSELOE_Pos);
                     ^~~~~~~~~~~~~~~~~~~~~~~~~~~~~~~~~~~~~~~~~~~~~~~~~~~~~~~~~~~~~~~~~~~~~~~~~~~~~~~~~~
C:/Users/shishov/AppData/Local/Arm/Packs/Milandr/MDR32FxQI/1.0/Libraries/SPL/MDR32FxQI/src/MDR32FxQI_timer.c(1256): warning: implicit conversion changes signedness: 'int' to 'uint32_t' (aka 'unsigned int') [-Wsign-conversion]
                  +  TIMER_ChnOutInitStruct->TIMER_CH_DTG_ClockSource;
                  ^~~~~~~~~~~~~~~~~~~~~~~~~~~~~~~~~~~~~~~~~~~~~~~~~~~
C:/Users/shishov/AppData/Local/Arm/Packs/Milandr/MDR32FxQI/1.0/Libraries/SPL/MDR32FxQI/src/MDR32FxQI_timer.c(1784): warning: implicit conversion changes signedness: 'int' to 'unsigned int' [-Wsign-conversion]
        tmpreg |= TIMER_BRG << RST_CLK_TIM_CLOCK_TIM1_BRG_Pos;
               ~~ ~~~~~~~~~~^~~~~~~~~~~~~~~~~~~~~~~~~~~~~~~~~
C:/Users/shishov/AppData/Local/Arm/Packs/Milandr/MDR32FxQI/1.0/Libraries/SPL/MDR32FxQI/src/MDR32FxQI_timer.c(1790): warning: implicit conversion changes signedness: 'int' to 'unsigned int' [-Wsign-conversion]
        tmpreg |= TIMER_BRG << RST_CLK_TIM_CLOCK_TIM2_BRG_Pos;
               ~~ ~~~~~~~~~~^~~~~~~~~~~~~~~~~~~~~~~~~~~~~~~~~
C:/Users/shishov/AppData/Local/Arm/Packs/Milandr/MDR32FxQI/1.0/Libraries/SPL/MDR32FxQI/src/MDR32FxQI_timer.c(1796): warning: implicit conversion changes signedness: 'int' to 'unsigned int' [-Wsign-conversion]
        tmpreg |= TIMER_BRG << RST_CLK_TIM_CLOCK_TIM3_BRG_Pos;
               ~~ ~~~~~~~~~~^~~~~~~~~~~~~~~~~~~~~~~~~~~~~~~~~
C:/Users/shishov/AppData/Local/Arm/Packs/Milandr/MDR32FxQI/1.0/Libraries/SPL/MDR32FxQI/src/MDR32FxQI_timer.c(1803): warning: implicit conversion changes signedness: 'int' to 'unsigned int' [-Wsign-conversion]
        tmpreg |= TIMER_BRG << RST_CLK_UART_CLOCK_TIM4_BRG_Pos;
               ~~ ~~~~~~~~~~^~~~~~~~~~~~~~~~~~~~~~~~~~~~~~~~~~
11 warnings generated.
compiling MDR32FxQI_timer.c...
C:/Users/shishov/AppData/Local/Arm/Packs/Milandr/MDR32FxQI/1.0/Libraries/SPL/MDR32FxQI/src/MDR32FxQI_uart.c(167): warning: implicit conversion changes signedness: 'unsigned int' to 'int32_t' (aka 'int') [-Wsign-conversion]
                / UART_InitStruct->UART_BaudRate;
                ^~~~~~~~~~~~~~~~~~~~~~~~~~~~~~~~
C:/Users/shishov/AppData/Local/Arm/Packs/Milandr/MDR32FxQI/1.0/Libraries/SPL/MDR32FxQI/src/MDR32FxQI_uart.c(191): warning: implicit conversion changes signedness: 'int' to 'unsigned int' [-Wsign-conversion]
    tmpreg &= ~CR_FC_Mask;
           ~~ ^~~~~~~~~~~
C:/Users/shishov/AppData/Local/Arm/Packs/Milandr/MDR32FxQI/1.0/Libraries/SPL/MDR32FxQI/src/MDR32FxQI_uart.c(23): warning: In file included from...
C:/Users/shishov/AppData/Local/Arm/Packs/Milandr/MDR32FxQI/1.0/Libraries/SPL/MDR32FxQI/inc\MDR32FxQI_uart.h(243): warning: padding size of 'UART_InitTypeDef' with 2 bytes to alignment boundary [-Wpadded]
typedef struct
        ^
3 warnings generated.
compiling MDR32FxQI_uart.c...
linking...
Program Size: Code=18288 RO-data=244 RW-data=2052 ZI-data=8780  
".\Objects\1986VE1T_MPA.axf" - 0 Error(s), 210 Warning(s).

<h2>Software Packages used:</h2>

Package Vendor: ARM
                http://www.keil.com/pack/ARM.CMSIS.5.9.0.pack
                ARM.CMSIS.5.9.0
                CMSIS (Common Microcontroller Software Interface Standard)
   * Component: CORE Version: 5.6.0

Package Vendor: Milandr
                https://ic.milandr.ru/soft/Milandr.MDR32FxQI.1.0.pack
                Milandr.MDR32FxQI.1.0
                Milandr MDR32FxQI Series Device Support, Drivers and Examples
   * Component: Startup Variant: 1. Rev.6+ Version: 2.0.2i
   * Component: BKP Version: 2.0.2i
   * Component: DMA Version: 2.0.2i
   * Component: EBC Version: 2.0.2i
   * Component: EEPROM Version: 2.0.2i
   * Component: PORT Version: 2.0.2i
   * Component: RST_CLK Version: 2.0.2i
   * Component: SSP Version: 2.0.2i
   * Component: TIMER Version: 2.0.2i
   * Component: UART Version: 2.0.2i

<h2>Collection of Component include folders:</h2>
  ./RTE/Device/MDR32F1QI
  ./RTE/_Target_1
  C:/Users/shishov/AppData/Local/Arm/Packs/ARM/CMSIS/5.9.0/CMSIS/Core/Include
  C:/Users/shishov/AppData/Local/Arm/Packs/Milandr/MDR32FxQI/1.0/Libraries/CMSIS/MDR32FxQI/CoreSupport/CM1
  C:/Users/shishov/AppData/Local/Arm/Packs/Milandr/MDR32FxQI/1.0/Libraries/CMSIS/MDR32FxQI/DeviceSupport/MDR32F1QI/inc
  C:/Users/shishov/AppData/Local/Arm/Packs/Milandr/MDR32FxQI/1.0/Libraries/SPL/MDR32FxQI/inc

<h2>Collection of Component Files used:</h2>

   * Component: ARM::CMSIS:CORE:5.6.0

   * Component: Milandr::Device:Startup:1. Rev.6+:2.0.2i
      Source file:   Libraries/CMSIS/MDR32FxQI/DeviceSupport/MDR32F1QI/startup/system_MDR32F1QI.c
      Include file:  Libraries/CMSIS/MDR32FxQI/CoreSupport/CM1/core_cm1.h
      Include file:  Libraries/CMSIS/MDR32FxQI/DeviceSupport/MDR32F1QI/startup/system_MDR32F1QI.h
      Include file:  Libraries/SPL/MDR32FxQI/MDR32FxQI_config.h
      Include file:  Libraries/SPL/MDR32FxQI/inc/IRQ_Handler_Template/MDR32F1QI_IT.h
      Source file:   Libraries/SPL/MDR32FxQI/src/IRQ_Handler_Template/MDR32F1QI_IT.c
      Source file:   Libraries/CMSIS/MDR32FxQI/DeviceSupport/MDR32F1QI/startup/arm/startup_MDR32F1QI.S
      Include file:  Libraries/CMSIS/MDR32FxQI/DeviceSupport/MDR32F1QI/inc/MDR32F1QI.h

   * Component: Milandr::Drivers:BKP:2.0.2i
      Include file:  Libraries/SPL/MDR32FxQI/inc/MDR32FxQI_bkp.h
      Source file:   Libraries/SPL/MDR32FxQI/src/MDR32FxQI_bkp.c

   * Component: Milandr::Drivers:DMA:2.0.2i
      Include file:  Libraries/SPL/MDR32FxQI/inc/MDR32FxQI_dma.h
      Source file:   Libraries/SPL/MDR32FxQI/src/MDR32FxQI_dma.c

   * Component: Milandr::Drivers:EBC:2.0.2i
      Source file:   Libraries/SPL/MDR32FxQI/src/MDR32FxQI_ebc.c
      Include file:  Libraries/SPL/MDR32FxQI/inc/MDR32FxQI_ebc.h

   * Component: Milandr::Drivers:EEPROM:2.0.2i
      Include file:  Libraries/SPL/MDR32FxQI/inc/MDR32FxQI_eeprom.h
      Source file:   Libraries/SPL/MDR32FxQI/src/MDR32FxQI_eeprom.c
      Source file:   Libraries/SPL/MDR32FxQI/src/MDR32FxQI_eeprom_cache.S

   * Component: Milandr::Drivers:PORT:2.0.2i
      Include file:  Libraries/SPL/MDR32FxQI/inc/MDR32FxQI_port.h
      Source file:   Libraries/SPL/MDR32FxQI/src/MDR32FxQI_port.c

   * Component: Milandr::Drivers:RST_CLK:2.0.2i
      Include file:  Libraries/SPL/MDR32FxQI/inc/MDR32FxQI_rst_clk.h
      Source file:   Libraries/SPL/MDR32FxQI/src/MDR32FxQI_rst_clk.c

   * Component: Milandr::Drivers:SSP:2.0.2i
      Source file:   Libraries/SPL/MDR32FxQI/src/MDR32FxQI_ssp.c
      Include file:  Libraries/SPL/MDR32FxQI/inc/MDR32FxQI_ssp.h

   * Component: Milandr::Drivers:TIMER:2.0.2i
      Include file:  Libraries/SPL/MDR32FxQI/inc/MDR32FxQI_timer.h
      Source file:   Libraries/SPL/MDR32FxQI/src/MDR32FxQI_timer.c

   * Component: Milandr::Drivers:UART:2.0.2i
      Include file:  Libraries/SPL/MDR32FxQI/inc/MDR32FxQI_uart.h
      Source file:   Libraries/SPL/MDR32FxQI/src/MDR32FxQI_uart.c
Build Time Elapsed:  00:00:04
</pre>
</body>
</html>
