Component: Arm Compiler for Embedded 6.18 Tool: armlink [5e4cc100]

==============================================================================

Section Cross References

    clock.o(.text.CLOCK_Init) refers to mdr32fxqi_rst_clk.o(.text.RST_CLK_HSEconfig) for RST_CLK_HSEconfig
    clock.o(.text.CLOCK_Init) refers to mdr32fxqi_rst_clk.o(.text.RST_CLK_HSEstatus) for RST_CLK_HSEstatus
    clock.o(.text.CLOCK_Init) refers to mdr32fxqi_rst_clk.o(.text.RST_CLK_CPU_PLLconfig) for RST_CLK_CPU_PLLconfig
    clock.o(.text.CLOCK_Init) refers to mdr32fxqi_rst_clk.o(.text.RST_CLK_CPU_PLLcmd) for RST_CLK_CPU_PLLcmd
    clock.o(.text.CLOCK_Init) refers to mdr32fxqi_rst_clk.o(.text.RST_CLK_CPU_PLLstatus) for RST_CLK_CPU_PLLstatus
    clock.o(.text.CLOCK_Init) refers to mdr32fxqi_rst_clk.o(.text.RST_CLK_CPUclkPrescaler) for RST_CLK_CPUclkPrescaler
    clock.o(.text.CLOCK_Init) refers to mdr32fxqi_rst_clk.o(.text.RST_CLK_CPU_PLLuse) for RST_CLK_CPU_PLLuse
    clock.o(.text.CLOCK_Init) refers to mdr32fxqi_rst_clk.o(.text.RST_CLK_CPUclkSelection) for RST_CLK_CPUclkSelection
    clock.o(.text.CLOCK_Init) refers to mdr32fxqi_rst_clk.o(.text.RST_CLK_PCLKcmd) for RST_CLK_PCLKcmd
    clock.o(.text.CLOCK_Init) refers to mdr32fxqi_bkp.o(.text.BKP_DUccMode) for BKP_DUccMode
    clock.o(.text.CLOCK_Init) refers to system_mdr32f1qi.o(.text.SystemCoreClockUpdate) for SystemCoreClockUpdate
    clock.o(.ARM.exidx.text.CLOCK_Init) refers to clock.o(.text.CLOCK_Init) for [Anonymous Symbol]
    dma.o(.text.DMA_common_init) refers to mdr32fxqi_rst_clk.o(.text.RST_CLK_PCLKcmd) for RST_CLK_PCLKcmd
    dma.o(.text.DMA_common_init) refers to mdr32fxqi_dma.o(.text.DMA_DeInit) for DMA_DeInit
    dma.o(.ARM.exidx.text.DMA_common_init) refers to dma.o(.text.DMA_common_init) for [Anonymous Symbol]
    dma.o(.text.DMA_IRQHandler) refers to mdr32fxqi_dma.o(.text.DMA_GetFlagStatus) for DMA_GetFlagStatus
    dma.o(.text.DMA_IRQHandler) refers to uart.o(.text.DMA_UART_RX_init) for DMA_UART_RX_init
    dma.o(.text.DMA_IRQHandler) refers to uart.o(EXECUTABLE_MEMORY_SECTION) for UART1
    dma.o(.ARM.exidx.text.DMA_IRQHandler) refers to dma.o(.text.DMA_IRQHandler) for [Anonymous Symbol]
    main.o(.text.main) refers to uart.o(.text.uart_set_read_timeout) for uart_set_read_timeout
    main.o(.text.main) refers to uart.o(.text.uart_set_write_timeout) for uart_set_write_timeout
    main.o(.text.main) refers to clock.o(.text.CLOCK_Init) for CLOCK_Init
    main.o(.text.main) refers to ports.o(.text.PortsInit) for PortsInit
    main.o(.text.main) refers to timer.o(.text.TIMER1_init) for TIMER1_init
    main.o(.text.main) refers to timer.o(.text.TIMER2_init) for TIMER2_init
    main.o(.text.main) refers to dma.o(.text.DMA_common_init) for DMA_common_init
    main.o(.text.main) refers to uart.o(.text.uart_init) for uart_init
    main.o(.text.main) refers to uart.o(.text.DMA_UART_RX_init) for DMA_UART_RX_init
    main.o(.text.main) refers to ebc.o(.text.ebc_ports_config) for ebc_ports_config
    main.o(.text.main) refers to ebc.o(.text.ebc_config) for ebc_config
    main.o(.text.main) refers to external_ram.o(.text.init_external_ram_space) for init_external_ram_space
    main.o(.text.main) refers to main.o(.text.request_data) for request_data
    main.o(.text.main) refers to uart.o(EXECUTABLE_MEMORY_SECTION) for UART1
    main.o(.ARM.exidx.text.main) refers to main.o(.text.main) for [Anonymous Symbol]
    main.o(.text.request_data) refers to rs422_protocol.o(.text.receive_packet) for receive_packet
    main.o(.text.request_data) refers to rs422_protocol.o(.text.protocol_do_cmds) for protocol_do_cmds
    main.o(.text.request_data) refers to rs422_protocol.o(.text.transmit_packet) for transmit_packet
    main.o(.ARM.exidx.text.request_data) refers to main.o(.text.request_data) for [Anonymous Symbol]
    ports.o(.text.PortsInit) refers to mdr32fxqi_rst_clk.o(.text.RST_CLK_PCLKcmd) for RST_CLK_PCLKcmd
    ports.o(.text.PortsInit) refers to mdr32fxqi_port.o(.text.PORT_StructInit) for PORT_StructInit
    ports.o(.text.PortsInit) refers to mdr32fxqi_port.o(.text.PORT_Init) for PORT_Init
    ports.o(.ARM.exidx.text.PortsInit) refers to ports.o(.text.PortsInit) for [Anonymous Symbol]
    rs422_protocol.o(.text.transmit_packet) refers to rt_memcpy.o(.text) for __aeabi_memcpy
    rs422_protocol.o(.text.transmit_packet) refers to uart.o(.text.uart_write) for uart_write
    rs422_protocol.o(.text.transmit_packet) refers to main.o(.bss.ram_space_pointer) for ram_space_pointer
    rs422_protocol.o(.ARM.exidx.text.transmit_packet) refers to rs422_protocol.o(.text.transmit_packet) for [Anonymous Symbol]
    rs422_protocol.o(.text.receive_packet) refers to rt_memclr.o(.text) for __aeabi_memclr
    rs422_protocol.o(.text.receive_packet) refers to uart.o(.text.uart_read) for uart_read
    rs422_protocol.o(.text.receive_packet) refers to rt_memcpy.o(.text) for __aeabi_memcpy
    rs422_protocol.o(.text.receive_packet) refers to uart.o(.text.uart_read_pos) for uart_read_pos
[...]
    Removing mdr32fxqi_timer.o(.text.TIMER_GetCounterDirection), (40 bytes).
    Removing mdr32fxqi_timer.o(.ARM.exidx.text.TIMER_GetCounterDirection), (8 bytes).
    Removing mdr32fxqi_timer.o(.text.TIMER_GetCntWriteComplete), (40 bytes).
    Removing mdr32fxqi_timer.o(.ARM.exidx.text.TIMER_GetCntWriteComplete), (8 bytes).
    Removing mdr32fxqi_timer.o(.text.TIMER_ChnInit), (122 bytes).
    Removing mdr32fxqi_timer.o(.ARM.exidx.text.TIMER_ChnInit), (8 bytes).
    Removing mdr32fxqi_timer.o(.text.TIMER_ChnStructInit), (58 bytes).
    Removing mdr32fxqi_timer.o(.ARM.exidx.text.TIMER_ChnStructInit), (8 bytes).
    Removing mdr32fxqi_timer.o(.text.TIMER_SetChnCompare), (38 bytes).
    Removing mdr32fxqi_timer.o(.ARM.exidx.text.TIMER_SetChnCompare), (8 bytes).
    Removing mdr32fxqi_timer.o(.text.TIMER_ChnCompareConfig), (84 bytes).
    Removing mdr32fxqi_timer.o(.ARM.exidx.text.TIMER_ChnCompareConfig), (8 bytes).
    Removing mdr32fxqi_timer.o(.text.TIMER_GetChnCapture), (38 bytes).
    Removing mdr32fxqi_timer.o(.ARM.exidx.text.TIMER_GetChnCapture), (8 bytes).
    Removing mdr32fxqi_timer.o(.text.TIMER_SetChnCompare1), (38 bytes).
    Removing mdr32fxqi_timer.o(.ARM.exidx.text.TIMER_SetChnCompare1), (8 bytes).
    Removing mdr32fxqi_timer.o(.text.TIMER_ChnCompare1Config), (84 bytes).
    Removing mdr32fxqi_timer.o(.ARM.exidx.text.TIMER_ChnCompare1Config), (8 bytes).
    Removing mdr32fxqi_timer.o(.text.TIMER_GetChnCapture1), (38 bytes).
    Removing mdr32fxqi_timer.o(.ARM.exidx.text.TIMER_GetChnCapture1), (8 bytes).
    Removing mdr32fxqi_timer.o(.text.TIMER_ChnETR_Cmd), (84 bytes).
    Removing mdr32fxqi_timer.o(.ARM.exidx.text.TIMER_ChnETR_Cmd), (8 bytes).
    Removing mdr32fxqi_timer.o(.text.TIMER_ChnETRResetConfig), (70 bytes).
    Removing mdr32fxqi_timer.o(.ARM.exidx.text.TIMER_ChnETRResetConfig), (8 bytes).
    Removing mdr32fxqi_timer.o(.text.TIMER_ChnBRKResetConfig), (70 bytes).
    Removing mdr32fxqi_timer.o(.ARM.exidx.text.TIMER_ChnBRKResetConfig), (8 bytes).
    Removing mdr32fxqi_timer.o(.text.TIMER_ChnREFFormatConfig), (70 bytes).
    Removing mdr32fxqi_timer.o(.ARM.exidx.text.TIMER_ChnREFFormatConfig), (8 bytes).
    Removing mdr32fxqi_timer.o(.text.TIMER_ChnCapturePrescalerConfig), (70 bytes).
    Removing mdr32fxqi_timer.o(.ARM.exidx.text.TIMER_ChnCapturePrescalerConfig), (8 bytes).
    Removing mdr32fxqi_timer.o(.text.TIMER_ChnEventSourceConfig), (68 bytes).
    Removing mdr32fxqi_timer.o(.ARM.exidx.text.TIMER_ChnEventSourceConfig), (8 bytes).
    Removing mdr32fxqi_timer.o(.text.TIMER_ChnFilterConfig), (68 bytes).
    Removing mdr32fxqi_timer.o(.ARM.exidx.text.TIMER_ChnFilterConfig), (8 bytes).
    Removing mdr32fxqi_timer.o(.text.TIMER_GetChnWriteComplete), (62 bytes).
    Removing mdr32fxqi_timer.o(.ARM.exidx.text.TIMER_GetChnWriteComplete), (8 bytes).
    Removing mdr32fxqi_timer.o(.text.TIMER_ChnCCR1_EventSourceConfig), (68 bytes).
    Removing mdr32fxqi_timer.o(.ARM.exidx.text.TIMER_ChnCCR1_EventSourceConfig), (8 bytes).
    Removing mdr32fxqi_timer.o(.text.TIMER_ChnCCR1_Cmd), (80 bytes).
    Removing mdr32fxqi_timer.o(.ARM.exidx.text.TIMER_ChnCCR1_Cmd), (8 bytes).
    Removing mdr32fxqi_timer.o(.text.TIMER_ChnOutInit), (92 bytes).
    Removing mdr32fxqi_timer.o(.ARM.exidx.text.TIMER_ChnOutInit), (8 bytes).
    Removing mdr32fxqi_timer.o(.text.TIMER_ChnOutStructInit), (46 bytes).
    Removing mdr32fxqi_timer.o(.ARM.exidx.text.TIMER_ChnOutStructInit), (8 bytes).
    Removing mdr32fxqi_timer.o(.text.TIMER_ChnOutConfig), (92 bytes).
    Removing mdr32fxqi_timer.o(.ARM.exidx.text.TIMER_ChnOutConfig), (8 bytes).
    Removing mdr32fxqi_timer.o(.text.TIMER_ChnOutSourceConfig), (70 bytes).
    Removing mdr32fxqi_timer.o(.ARM.exidx.text.TIMER_ChnOutSourceConfig), (8 bytes).
    Removing mdr32fxqi_timer.o(.text.TIMER_ChnOutModeConfig), (68 bytes).
    Removing mdr32fxqi_timer.o(.ARM.exidx.text.TIMER_ChnOutModeConfig), (8 bytes).
    Removing mdr32fxqi_timer.o(.text.TIMER_ChnOutPolarityConfig), (70 bytes).
    Removing mdr32fxqi_timer.o(.ARM.exidx.text.TIMER_ChnOutPolarityConfig), (8 bytes).
    Removing mdr32fxqi_timer.o(.text.TIMER_ChnNOutConfig), (96 bytes).
    Removing mdr32fxqi_timer.o(.ARM.exidx.text.TIMER_ChnNOutConfig), (8 bytes).
    Removing mdr32fxqi_timer.o(.text.TIMER_ChnNOutSourceConfig), (72 bytes).
    Removing mdr32fxqi_timer.o(.ARM.exidx.text.TIMER_ChnNOutSourceConfig), (8 bytes).
    Removing mdr32fxqi_timer.o(.text.TIMER_ChnNOutModeConfig), (72 bytes).
    Removing mdr32fxqi_timer.o(.ARM.exidx.text.TIMER_ChnNOutModeConfig), (8 bytes).
    Removing mdr32fxqi_timer.o(.text.TIMER_ChnNOutPolarityConfig), (72 bytes).
    Removing mdr32fxqi_timer.o(.ARM.exidx.text.TIMER_ChnNOutPolarityConfig), (8 bytes).
    Removing mdr32fxqi_timer.o(.text.TIMER_ChnOutDTGConfig), (58 bytes).
    Removing mdr32fxqi_timer.o(.ARM.exidx.text.TIMER_ChnOutDTGConfig), (8 bytes).
    Removing mdr32fxqi_timer.o(.text.TIMER_GetStatus), (12 bytes).
    Removing mdr32fxqi_timer.o(.ARM.exidx.text.TIMER_GetStatus), (8 bytes).
    Removing mdr32fxqi_timer.o(.text.TIMER_GetFlagStatus), (42 bytes).
    Removing mdr32fxqi_timer.o(.ARM.exidx.text.TIMER_GetFlagStatus), (8 bytes).
    Removing mdr32fxqi_timer.o(.text.TIMER_ClearFlag), (18 bytes).
    Removing mdr32fxqi_timer.o(.ARM.exidx.text.TIMER_ClearFlag), (8 bytes).
    Removing mdr32fxqi_timer.o(.text.TIMER_DMACmd), (136 bytes).
    Removing mdr32fxqi_timer.o(.ARM.exidx.text.TIMER_DMACmd), (8 bytes).
    Removing mdr32fxqi_timer.o(.text.TIMER_ITConfig), (54 bytes).
    Removing mdr32fxqi_timer.o(.ARM.exidx.text.TIMER_ITConfig), (8 bytes).
    Removing mdr32fxqi_timer.o(.text.TIMER_GetITStatus), (58 bytes).
    Removing mdr32fxqi_timer.o(.ARM.exidx.text.TIMER_GetITStatus), (8 bytes).
    Removing mdr32fxqi_timer.o(.ARM.exidx.text.TIMER_BRGInit), (8 bytes).
    Removing mdr32fxqi_uart.o(.text), (0 bytes).
    Removing mdr32fxqi_uart.o(.text.UART_DeInit), (62 bytes).
    Removing mdr32fxqi_uart.o(.ARM.exidx.text.UART_DeInit), (8 bytes).
    Removing mdr32fxqi_uart.o(.ARM.exidx.text.UART_Init), (8 bytes).
    Removing mdr32fxqi_uart.o(.text.UART_StructInit), (42 bytes).
    Removing mdr32fxqi_uart.o(.ARM.exidx.text.UART_StructInit), (8 bytes).
    Removing mdr32fxqi_uart.o(.ARM.exidx.text.UART_Cmd), (8 bytes).
    Removing mdr32fxqi_uart.o(.ARM.exidx.text.UART_ITConfig), (8 bytes).
    Removing mdr32fxqi_uart.o(.text.UART_GetITStatus), (52 bytes).
    Removing mdr32fxqi_uart.o(.ARM.exidx.text.UART_GetITStatus), (8 bytes).
    Removing mdr32fxqi_uart.o(.text.UART_GetITStatusMasked), (50 bytes).
    Removing mdr32fxqi_uart.o(.ARM.exidx.text.UART_GetITStatusMasked), (8 bytes).
    Removing mdr32fxqi_uart.o(.ARM.exidx.text.UART_ClearITPendingBit), (8 bytes).
    Removing mdr32fxqi_uart.o(.text.UART_DMAConfig), (28 bytes).
    Removing mdr32fxqi_uart.o(.ARM.exidx.text.UART_DMAConfig), (8 bytes).
    Removing mdr32fxqi_uart.o(.ARM.exidx.text.UART_DMACmd), (8 bytes).
    Removing mdr32fxqi_uart.o(.ARM.exidx.text.UART_SendData), (8 bytes).
    Removing mdr32fxqi_uart.o(.ARM.exidx.text.UART_ReceiveData), (8 bytes).
    Removing mdr32fxqi_uart.o(.text.UART_BreakLine), (48 bytes).
    Removing mdr32fxqi_uart.o(.ARM.exidx.text.UART_BreakLine), (8 bytes).
    Removing mdr32fxqi_uart.o(.text.UART_IrDAConfig), (60 bytes).
    Removing mdr32fxqi_uart.o(.ARM.exidx.text.UART_IrDAConfig), (8 bytes).
    Removing mdr32fxqi_uart.o(.text.UART_IrDACmd), (48 bytes).
    Removing mdr32fxqi_uart.o(.ARM.exidx.text.UART_IrDACmd), (8 bytes).
    Removing mdr32fxqi_uart.o(.ARM.exidx.text.UART_GetFlagStatus), (8 bytes).
    Removing mdr32fxqi_uart.o(.ARM.exidx.text.UART_BRGInit), (8 bytes).

467 unused section(s) (total 16316 bytes) removed from the image.

==============================================================================

Image Symbol Table

    Local Symbols

    Symbol Name                              Value     Ov Type        Size  Object(Section)

    ../clib/../cmprslib/zerorunl.c           0x00000000   Number         0  __dczerorl.o ABSOLUTE
    ../clib/angel/boardlib.s                 0x00000000   Number         0  boardinit1.o ABSOLUTE
    ../clib/angel/boardlib.s                 0x00000000   Number         0  boardinit2.o ABSOLUTE
    ../clib/angel/boardlib.s                 0x00000000   Number         0  boardinit3.o ABSOLUTE
    ../clib/angel/boardlib.s                 0x00000000   Number         0  boardshut.o ABSOLUTE
    ../clib/angel/handlers.s                 0x00000000   Number         0  __scatter_copy.o ABSOLUTE
    ../clib/angel/handlers.s                 0x00000000   Number         0  __scatter_zi.o ABSOLUTE
    ../clib/angel/kernel.s                   0x00000000   Number         0  __rtentry.o ABSOLUTE
    ../clib/angel/kernel.s                   0x00000000   Number         0  __rtentry2.o ABSOLUTE
    ../clib/angel/kernel.s                   0x00000000   Number         0  __rtentry4.o ABSOLUTE
    ../clib/angel/kernel.s                   0x00000000   Number         0  rtexit.o ABSOLUTE
    ../clib/angel/kernel.s                   0x00000000   Number         0  rtexit2.o ABSOLUTE
    ../clib/angel/rt.s                       0x00000000   Number         0  aeabi_idiv0.o ABSOLUTE
    ../clib/angel/rt.s                       0x00000000   Number         0  aeabi_idiv0_sigfpe.o ABSOLUTE
    ../clib/angel/rt.s                       0x00000000   Number         0  rt_div0.o ABSOLUTE
    ../clib/angel/rt.s                       0x00000000   Number         0  rt_raise.o ABSOLUTE
    ../clib/angel/scatterp.s                 0x00000000   Number         0  __scatter.o ABSOLUTE
    ../clib/angel/startup.s                  0x00000000   Number         0  __main.o ABSOLUTE
    ../clib/angel/sys.s                      0x00000000   Number         0  sys_stackheap_outer.o ABSOLUTE
    ../clib/angel/sys.s                      0x00000000   Number         0  libspace.o ABSOLUTE
    ../clib/angel/sys.s                      0x00000000   Number         0  tempstk.o ABSOLUTE
    ../clib/angel/sys.s                      0x00000000   Number         0  use_no_semi.o ABSOLUTE
    ../clib/angel/sys.s                      0x00000000   Number         0  indicate_semi.o ABSOLUTE
    ../clib/angel/sysapp.c                   0x00000000   Number         0  sys_exit.o ABSOLUTE
    ../clib/angel/sysapp.c                   0x00000000   Number         0  sys_exit_hlt.o ABSOLUTE
    ../clib/angel/sysapp.c                   0x00000000   Number         0  sys_wrch.o ABSOLUTE
    ../clib/angel/sysapp.c                   0x00000000   Number         0  sys_wrch_hlt.o ABSOLUTE
    ../clib/angel/sysapp.c                   0x00000000   Number         0  sys_command.o ABSOLUTE
    ../clib/angel/sysapp.c                   0x00000000   Number         0  sys_command_hlt.o ABSOLUTE
    ../clib/armsys.c                         0x00000000   Number         0  argv_veneer.o ABSOLUTE
    ../clib/armsys.c                         0x00000000   Number         0  _get_argv_nomalloc.o ABSOLUTE
    ../clib/armsys.c                         0x00000000   Number         0  no_argv.o ABSOLUTE
    ../clib/division.s                       0x00000000   Number         0  aeabi_sdiv.o ABSOLUTE
    ../clib/division.s                       0x00000000   Number         0  aeabi_sdiv_div0.o ABSOLUTE
    ../clib/heapalloc.c                      0x00000000   Number         0  hrguard.o ABSOLUTE
    ../clib/heapaux.c                        0x00000000   Number         0  heapauxi.o ABSOLUTE
    ../clib/libinit.s                        0x00000000   Number         0  libinit.o ABSOLUTE
    ../clib/libinit.s                        0x00000000   Number         0  libinit2.o ABSOLUTE
    ../clib/libinit.s                        0x00000000   Number         0  libshutdown.o ABSOLUTE
    ../clib/libinit.s                        0x00000000   Number         0  libshutdown2.o ABSOLUTE
    ../clib/memcpset.c                       0x00000000   Number         0  rt_memcpy.o ABSOLUTE
    ../clib/memcpset.c                       0x00000000   Number         0  rt_memcpy.o ABSOLUTE
    ../clib/memcpset.c                       0x00000000   Number         0  rt_memclr.o ABSOLUTE
    ../clib/signal.c                         0x00000000   Number         0  defsig_fpe_outer.o ABSOLUTE
    ../clib/signal.c                         0x00000000   Number         0  defsig_fpe_formal.o ABSOLUTE
    ../clib/signal.c                         0x00000000   Number         0  defsig_exit.o ABSOLUTE
    ../clib/signal.c                         0x00000000   Number         0  defsig_fpe_inner.o ABSOLUTE
    ../clib/signal.c                         0x00000000   Number         0  __raise.o ABSOLUTE
    ../clib/signal.c                         0x00000000   Number         0  defsig_general.o ABSOLUTE
    ../clib/signal.c                         0x00000000   Number         0  defsig_abrt_inner.o ABSOLUTE
    ../clib/signal.c                         0x00000000   Number         0  defsig_rtred_inner.o ABSOLUTE
    ../clib/signal.c                         0x00000000   Number         0  defsig_rtmem_inner.o ABSOLUTE
    ../clib/signal.c                         0x00000000   Number         0  defsig_rtmem_outer.o ABSOLUTE
    ../clib/signal.c                         0x00000000   Number         0  defsig_rtmem_formal.o ABSOLUTE
    ../clib/signal.c                         0x00000000   Number         0  defsig_stak_inner.o ABSOLUTE
    ../clib/signal.c                         0x00000000   Number         0  defsig_pvfn_inner.o ABSOLUTE
    ../clib/signal.c                         0x00000000   Number         0  defsig_cppl_inner.o ABSOLUTE
    ../clib/signal.c                         0x00000000   Number         0  defsig_segv_inner.o ABSOLUTE
    ../clib/signal.c                         0x00000000   Number         0  defsig_other.o ABSOLUTE
    ../clib/signal.s                         0x00000000   Number         0  defsig.o ABSOLUTE
    ../clib/stdlib.c                         0x00000000   Number         0  exit.o ABSOLUTE
    ../clib/string.c                         0x00000000   Number         0  strncpy.o ABSOLUTE
    ../fplib/cfplib/fpinit.c                 0x00000000   Number         0  fpinit.o ABSOLUTE
    ADC.c                                    0x00000000   Number         0  adc.o ABSOLUTE
    C:\Users\shishov\AppData\Local\Arm\Packs\Milandr\MDR32FxQI\1.0\Libraries\SPL\MDR32FxQI\src\MDR32FxQI_eeprom_cache.S 0x00000000   Number         0  mdr32fxqi_eeprom_cache.o ABSOLUTE
    CLOCK.c                                  0x00000000   Number         0  clock.o ABSOLUTE
    DMA.c                                    0x00000000   Number         0  dma.o ABSOLUTE
    EBC.c                                    0x00000000   Number         0  ebc.o ABSOLUTE
    MDR32FxQI_adc.c                          0x00000000   Number         0  mdr32fxqi_adc.o ABSOLUTE
    MDR32FxQI_bkp.c                          0x00000000   Number         0  mdr32fxqi_bkp.o ABSOLUTE
    MDR32FxQI_dma.c                          0x00000000   Number         0  mdr32fxqi_dma.o ABSOLUTE
    MDR32FxQI_ebc.c                          0x00000000   Number         0  mdr32fxqi_ebc.o ABSOLUTE
    MDR32FxQI_eeprom.c                       0x00000000   Number         0  mdr32fxqi_eeprom.o ABSOLUTE
    MDR32FxQI_port.c                         0x00000000   Number         0  mdr32fxqi_port.o ABSOLUTE
    MDR32FxQI_rst_clk.c                      0x00000000   Number         0  mdr32fxqi_rst_clk.o ABSOLUTE
    MDR32FxQI_timer.c                        0x00000000   Number         0  mdr32fxqi_timer.o ABSOLUTE
    MDR32FxQI_uart.c                         0x00000000   Number         0  mdr32fxqi_uart.o ABSOLUTE
    MT-12864Av6.c                            0x00000000   Number         0  mt-12864av6.o ABSOLUTE
    PORTS.c                                  0x00000000   Number         0  ports.o ABSOLUTE
    RTE\Device\MDR32F1QI\startup_MDR32F1QI.S 0x00000000   Number         0  startup_mdr32f1qi.o ABSOLUTE
    SystemFont5x7R.c                         0x00000000   Number         0  systemfont5x7r.o ABSOLUTE
    TIMER.c                                  0x00000000   Number         0  timer.o ABSOLUTE
    UART.c                                   0x00000000   Number         0  uart.o ABSOLUTE
    dc.s                                     0x00000000   Number         0  dc.o ABSOLUTE
    external_ram.c                           0x00000000   Number         0  external_ram.o ABSOLUTE
    main.c                                   0x00000000   Number         0  main.o ABSOLUTE
    rs422_protocol.c                         0x00000000   Number         0  rs422_protocol.o ABSOLUTE
    system_MDR32F1QI.c                       0x00000000   Number         0  system_mdr32f1qi.o ABSOLUTE
    RESET                                    0x00000000   Section      192  startup_mdr32f1qi.o(RESET)
    !!!main                                  0x000000c0   Section        8  __main.o(!!!main)
    !!!scatter                               0x000000c8   Section       60  __scatter.o(!!!scatter)
    !!handler_copy                           0x00000104   Section       26  __scatter_copy.o(!!handler_copy)
    !!handler_zi                             0x00000120   Section       28  __scatter_zi.o(!!handler_zi)
    .ARM.Collect$$libinit$$00000000          0x0000013c   Section        2  libinit.o(.ARM.Collect$$libinit$$00000000)
    .ARM.Collect$$libinit$$00000002          0x0000013e   Section        0  libinit2.o(.ARM.Collect$$libinit$$00000002)
    .ARM.Collect$$libinit$$00000004          0x0000013e   Section        0  libinit2.o(.ARM.Collect$$libinit$$00000004)
    .ARM.Collect$$libinit$$00000006          0x0000013e   Section        0  libinit2.o(.ARM.Collect$$libinit$$00000006)
    .ARM.Collect$$libinit$$0000000C          0x0000013e   Section        0  libinit2.o(.ARM.Collect$$libinit$$0000000C)
    .ARM.Collect$$libinit$$0000000E          0x0000013e   Section        0  libinit2.o(.ARM.Collect$$libinit$$0000000E)
    .ARM.Collect$$libinit$$00000010          0x0000013e   Section        0  libinit2.o(.ARM.Collect$$libinit$$00000010)
    .ARM.Collect$$libinit$$00000013          0x0000013e   Section        0  libinit2.o(.ARM.Collect$$libinit$$00000013)
    .ARM.Collect$$libinit$$00000015          0x0000013e   Section        0  libinit2.o(.ARM.Collect$$libinit$$00000015)
    .ARM.Collect$$libinit$$00000017          0x0000013e   Section        0  libinit2.o(.ARM.Collect$$libinit$$00000017)
    .ARM.Collect$$libinit$$00000019          0x0000013e   Section        0  libinit2.o(.ARM.Collect$$libinit$$00000019)
    .ARM.Collect$$libinit$$0000001B          0x0000013e   Section        0  libinit2.o(.ARM.Collect$$libinit$$0000001B)
    .ARM.Collect$$libinit$$0000001D          0x0000013e   Section        0  libinit2.o(.ARM.Collect$$libinit$$0000001D)
    .ARM.Collect$$libinit$$0000001F          0x0000013e   Section        0  libinit2.o(.ARM.Collect$$libinit$$0000001F)
    .ARM.Collect$$libinit$$00000021          0x0000013e   Section        0  libinit2.o(.ARM.Collect$$libinit$$00000021)
    .ARM.Collect$$libinit$$00000023          0x0000013e   Section        0  libinit2.o(.ARM.Collect$$libinit$$00000023)
    .ARM.Collect$$libinit$$00000025          0x0000013e   Section        0  libinit2.o(.ARM.Collect$$libinit$$00000025)
    .ARM.Collect$$libinit$$00000027          0x0000013e   Section        0  libinit2.o(.ARM.Collect$$libinit$$00000027)
    .ARM.Collect$$libinit$$0000002E          0x0000013e   Section        0  libinit2.o(.ARM.Collect$$libinit$$0000002E)
    .ARM.Collect$$libinit$$00000030          0x0000013e   Section        0  libinit2.o(.ARM.Collect$$libinit$$00000030)
    .ARM.Collect$$libinit$$00000032          0x0000013e   Section        0  libinit2.o(.ARM.Collect$$libinit$$00000032)
    .ARM.Collect$$libinit$$00000034          0x0000013e   Section        0  libinit2.o(.ARM.Collect$$libinit$$00000034)
    .ARM.Collect$$libinit$$00000035          0x0000013e   Section        2  libinit2.o(.ARM.Collect$$libinit$$00000035)
    .ARM.Collect$$libshutdown$$00000000      0x00000140   Section        2  libshutdown.o(.ARM.Collect$$libshutdown$$00000000)
    .ARM.Collect$$libshutdown$$00000002      0x00000142   Section        0  libshutdown2.o(.ARM.Collect$$libshutdown$$00000002)
    .ARM.Collect$$libshutdown$$00000004      0x00000142   Section        0  libshutdown2.o(.ARM.Collect$$libshutdown$$00000004)
    .ARM.Collect$$libshutdown$$00000007      0x00000142   Section        0  libshutdown2.o(.ARM.Collect$$libshutdown$$00000007)
    .ARM.Collect$$libshutdown$$0000000A      0x00000142   Section        0  libshutdown2.o(.ARM.Collect$$libshutdown$$0000000A)
    .ARM.Collect$$libshutdown$$0000000C      0x00000142   Section        0  libshutdown2.o(.ARM.Collect$$libshutdown$$0000000C)
    .ARM.Collect$$libshutdown$$0000000F      0x00000142   Section        0  libshutdown2.o(.ARM.Collect$$libshutdown$$0000000F)
    .ARM.Collect$$libshutdown$$00000010      0x00000142   Section        2  libshutdown2.o(.ARM.Collect$$libshutdown$$00000010)
    .ARM.Collect$$rtentry$$00000000          0x00000144   Section        0  __rtentry.o(.ARM.Collect$$rtentry$$00000000)
    .ARM.Collect$$rtentry$$00000002          0x00000144   Section        0  __rtentry2.o(.ARM.Collect$$rtentry$$00000002)
    .ARM.Collect$$rtentry$$00000004          0x00000144   Section        6  __rtentry4.o(.ARM.Collect$$rtentry$$00000004)
    .ARM.Collect$$rtentry$$00000009          0x0000014a   Section        0  __rtentry2.o(.ARM.Collect$$rtentry$$00000009)
    .ARM.Collect$$rtentry$$0000000A          0x0000014a   Section        4  __rtentry2.o(.ARM.Collect$$rtentry$$0000000A)
    .ARM.Collect$$rtentry$$0000000C          0x0000014e   Section        0  __rtentry2.o(.ARM.Collect$$rtentry$$0000000C)
    .ARM.Collect$$rtentry$$0000000D          0x0000014e   Section        8  __rtentry2.o(.ARM.Collect$$rtentry$$0000000D)
    .ARM.Collect$$rtexit$$00000000           0x00000156   Section        2  rtexit.o(.ARM.Collect$$rtexit$$00000000)
    .ARM.Collect$$rtexit$$00000002           0x00000158   Section        0  rtexit2.o(.ARM.Collect$$rtexit$$00000002)
    .ARM.Collect$$rtexit$$00000003           0x00000158   Section        4  rtexit2.o(.ARM.Collect$$rtexit$$00000003)
    .ARM.Collect$$rtexit$$00000004           0x0000015c   Section        6  rtexit2.o(.ARM.Collect$$rtexit$$00000004)
    .emb_text                                0x00000164   Section       56  rt_memcpy.o(.emb_text)
    .text                                    0x0000019c   Section      116  startup_mdr32f1qi.o(.text)
    .text                                    0x00000210   Section        0  rt_memcpy.o(.text)
    .text                                    0x00000292   Section        0  rt_memclr.o(.text)
    .text                                    0x000002d4   Section        0  strncpy.o(.text)
    .text                                    0x00000340   Section      364  aeabi_sdiv.o(.text)
    .text                                    0x000004ac   Section        0  heapauxi.o(.text)
    .text                                    0x000004b2   Section       62  sys_stackheap_outer.o(.text)
    .text                                    0x000004f0   Section        0  exit.o(.text)
    .text                                    0x00000500   Section        8  libspace.o(.text)
    .text                                    0x00000508   Section        0  sys_exit.o(.text)
    .text                                    0x00000514   Section        2  use_no_semi.o(.text)
    .text                                    0x00000516   Section        0  indicate_semi.o(.text)
    .text                                    0x00000516   Section        0  __dczerorl.o(.text)
    [Anonymous Symbol]                       0x00000550   Section        0  mdr32fxqi_bkp.o(.text.BKP_DUccMode)
    __arm_cp.14_0                            0x00000574   Number         4  mdr32fxqi_bkp.o(.text.BKP_DUccMode)
    [Anonymous Symbol]                       0x00000578   Section        0  clock.o(.text.CLOCK_Init)
    [Anonymous Symbol]                       0x000005d8   Section        0  mdr32fxqi_dma.o(.text.DMA_Cmd)
    [Anonymous Symbol]                       0x0000060c   Section        0  mdr32fxqi_dma.o(.text.DMA_CtrlDataInit)
    [Anonymous Symbol]                       0x000006ac   Section        0  mdr32fxqi_dma.o(.text.DMA_DeInit)
    __arm_cp.0_2                             0x000006e8   Number         4  mdr32fxqi_dma.o(.text.DMA_DeInit)
    __arm_cp.0_5                             0x000006ec   Number         4  mdr32fxqi_dma.o(.text.DMA_DeInit)
    [Anonymous Symbol]                       0x000006f0   Section        0  mdr32fxqi_dma.o(.text.DMA_GetFlagStatus)
    __arm_cp.13_3                            0x000007d8   Number         4  mdr32fxqi_dma.o(.text.DMA_GetFlagStatus)
    __arm_cp.13_4                            0x000007dc   Number         4  mdr32fxqi_dma.o(.text.DMA_GetFlagStatus)
    __arm_cp.13_6                            0x000007e0   Number         4  mdr32fxqi_dma.o(.text.DMA_GetFlagStatus)
    __arm_cp.13_7                            0x000007e4   Number         4  mdr32fxqi_dma.o(.text.DMA_GetFlagStatus)
    [Anonymous Symbol]                       0x000007e8   Section        0  dma.o(.text.DMA_IRQHandler)
    __arm_cp.1_0                             0x00000818   Number         4  dma.o(.text.DMA_IRQHandler)
    __arm_cp.1_1                             0x0000081c   Number         4  dma.o(.text.DMA_IRQHandler)
    [Anonymous Symbol]                       0x00000820   Section        0  mdr32fxqi_dma.o(.text.DMA_Init)
    __arm_cp.6_0                             0x0000090c   Number         4  mdr32fxqi_dma.o(.text.DMA_Init)
    __arm_cp.6_1                             0x00000910   Number         4  mdr32fxqi_dma.o(.text.DMA_Init)
    __arm_cp.6_2                             0x00000914   Number         4  mdr32fxqi_dma.o(.text.DMA_Init)
    __arm_cp.6_3                             0x00000918   Number         4  mdr32fxqi_dma.o(.text.DMA_Init)
    __arm_cp.6_5                             0x0000091c   Number         4  mdr32fxqi_dma.o(.text.DMA_Init)
    __arm_cp.6_7                             0x00000920   Number         4  mdr32fxqi_dma.o(.text.DMA_Init)
    __arm_cp.6_8                             0x00000924   Number         4  mdr32fxqi_dma.o(.text.DMA_Init)
    __arm_cp.6_9                             0x00000928   Number         4  mdr32fxqi_dma.o(.text.DMA_Init)
    __arm_cp.6_10                            0x0000092c   Number         4  mdr32fxqi_dma.o(.text.DMA_Init)
    __arm_cp.6_11                            0x00000930   Number         4  mdr32fxqi_dma.o(.text.DMA_Init)
    [Anonymous Symbol]                       0x00000934   Section        0  mdr32fxqi_dma.o(.text.DMA_StructInit)
    [Anonymous Symbol]                       0x00000958   Section        0  uart.o(.text.DMA_UART_RX_init)
    __arm_cp.10_0                            0x000009dc   Number         4  uart.o(.text.DMA_UART_RX_init)
    __arm_cp.10_1                            0x000009e0   Number         4  uart.o(.text.DMA_UART_RX_init)
    [Anonymous Symbol]                       0x000009e4   Section        0  dma.o(.text.DMA_common_init)
    __arm_cp.0_0                             0x00000a0c   Number         4  dma.o(.text.DMA_common_init)
    __arm_cp.0_1                             0x00000a10   Number         4  dma.o(.text.DMA_common_init)
    __arm_cp.0_2                             0x00000a14   Number         4  dma.o(.text.DMA_common_init)
    __arm_cp.0_3                             0x00000a18   Number         4  dma.o(.text.DMA_common_init)
    __arm_cp.0_4                             0x00000a1c   Number         4  dma.o(.text.DMA_common_init)
    __arm_cp.0_5                             0x00000a20   Number         4  dma.o(.text.DMA_common_init)
    [Anonymous Symbol]                       0x00000a24   Section        0  mdr32fxqi_ebc.o(.text.EBC_Init)
    __arm_cp.1_0                             0x00000a7c   Number         4  mdr32fxqi_ebc.o(.text.EBC_Init)
    __arm_cp.1_1                             0x00000a80   Number         4  mdr32fxqi_ebc.o(.text.EBC_Init)
    [Anonymous Symbol]                       0x00000a84   Section        0  mdr32fxqi_ebc.o(.text.EBC_MemRegionInit)
    __arm_cp.7_0                             0x00000ac0   Number         4  mdr32fxqi_ebc.o(.text.EBC_MemRegionInit)
    [Anonymous Symbol]                       0x00000ac4   Section        0  mdr32fxqi_ebc.o(.text.EBC_MemRegionStructInit)
    [Anonymous Symbol]                       0x00000ae2   Section        0  mdr32fxqi_ebc.o(.text.EBC_StructInit)
    [Anonymous Symbol]                       0x00000b1c   Section        0  mdr32fxqi_port.o(.text.PORT_Init)
    __arm_cp.1_0                             0x00000c64   Number         4  mdr32fxqi_port.o(.text.PORT_Init)
    [Anonymous Symbol]                       0x00000c68   Section        0  mdr32fxqi_port.o(.text.PORT_StructInit)
    __arm_cp.2_0                             0x00000c9c   Number         4  mdr32fxqi_port.o(.text.PORT_StructInit)
    [Anonymous Symbol]                       0x00000ca0   Section        0  ports.o(.text.PortsInit)
    __arm_cp.0_0                             0x00000d38   Number         4  ports.o(.text.PortsInit)
    __arm_cp.0_1                             0x00000d3c   Number         4  ports.o(.text.PortsInit)
    [Anonymous Symbol]                       0x00000d40   Section        0  mdr32fxqi_rst_clk.o(.text.RST_CLK_CPU_PLLcmd)
    [Anonymous Symbol]                       0x00000d74   Section        0  mdr32fxqi_rst_clk.o(.text.RST_CLK_CPU_PLLconfig)
    [Anonymous Symbol]                       0x00000de4   Section        0  mdr32fxqi_rst_clk.o(.text.RST_CLK_CPU_PLLstatus)
    [Anonymous Symbol]                       0x00000e48   Section        0  mdr32fxqi_rst_clk.o(.text.RST_CLK_CPU_PLLuse)
    [Anonymous Symbol]                       0x00000e80   Section        0  mdr32fxqi_rst_clk.o(.text.RST_CLK_CPUclkPrescaler)
    [Anonymous Symbol]                       0x00000ea8   Section        0  mdr32fxqi_rst_clk.o(.text.RST_CLK_CPUclkSelection)
    [Anonymous Symbol]                       0x00000ed0   Section        0  mdr32fxqi_rst_clk.o(.text.RST_CLK_GetClocksFreq)
    __arm_cp.36_0                            0x00001124   Number         4  mdr32fxqi_rst_clk.o(.text.RST_CLK_GetClocksFreq)
    __arm_cp.36_1                            0x00001128   Number         4  mdr32fxqi_rst_clk.o(.text.RST_CLK_GetClocksFreq)
    __arm_cp.36_2                            0x0000112c   Number         4  mdr32fxqi_rst_clk.o(.text.RST_CLK_GetClocksFreq)
    [Anonymous Symbol]                       0x00001130   Section        0  mdr32fxqi_rst_clk.o(.text.RST_CLK_GetFlagStatus)
    __arm_cp.8_0                             0x00001180   Number         4  mdr32fxqi_rst_clk.o(.text.RST_CLK_GetFlagStatus)
    __arm_cp.8_1                             0x00001184   Number         4  mdr32fxqi_rst_clk.o(.text.RST_CLK_GetFlagStatus)
    [Anonymous Symbol]                       0x00001188   Section        0  mdr32fxqi_rst_clk.o(.text.RST_CLK_HSEconfig)
    [Anonymous Symbol]                       0x000011cc   Section        0  mdr32fxqi_rst_clk.o(.text.RST_CLK_HSEstatus)
    [Anonymous Symbol]                       0x00001230   Section        0  mdr32fxqi_rst_clk.o(.text.RST_CLK_PCLKcmd)
    [Anonymous Symbol]                       0x0000125c   Section        0  system_mdr32f1qi.o(.text.SystemCoreClockUpdate)
    __arm_cp.0_0                             0x0000130c   Number         4  system_mdr32f1qi.o(.text.SystemCoreClockUpdate)
    __arm_cp.0_1                             0x00001310   Number         4  system_mdr32f1qi.o(.text.SystemCoreClockUpdate)
    __arm_cp.0_3                             0x00001314   Number         4  system_mdr32f1qi.o(.text.SystemCoreClockUpdate)
    __arm_cp.0_4                             0x00001318   Number         4  system_mdr32f1qi.o(.text.SystemCoreClockUpdate)
    [Anonymous Symbol]                       0x0000131c   Section        0  system_mdr32f1qi.o(.text.SystemInit)
    __arm_cp.1_0                             0x00001358   Number         4  system_mdr32f1qi.o(.text.SystemInit)
    __arm_cp.1_1                             0x0000135c   Number         4  system_mdr32f1qi.o(.text.SystemInit)
    __arm_cp.1_2                             0x00001360   Number         4  system_mdr32f1qi.o(.text.SystemInit)
    __arm_cp.1_3                             0x00001364   Number         4  system_mdr32f1qi.o(.text.SystemInit)
    __arm_cp.1_4                             0x00001368   Number         4  system_mdr32f1qi.o(.text.SystemInit)
    __arm_cp.1_5                             0x0000136c   Number         4  system_mdr32f1qi.o(.text.SystemInit)
    __arm_cp.1_6                             0x00001370   Number         4  system_mdr32f1qi.o(.text.SystemInit)
    __arm_cp.1_7                             0x00001374   Number         4  system_mdr32f1qi.o(.text.SystemInit)
    __arm_cp.1_10                            0x00001378   Number         4  system_mdr32f1qi.o(.text.SystemInit)
    __arm_cp.1_11                            0x0000137c   Number         4  system_mdr32f1qi.o(.text.SystemInit)
    [Anonymous Symbol]                       0x00001380   Section        0  timer.o(.text.TIMER1_init)
    __arm_cp.0_0                             0x000013bc   Number         4  timer.o(.text.TIMER1_init)
    __arm_cp.0_1                             0x000013c0   Number         4  timer.o(.text.TIMER1_init)
    __arm_cp.0_2                             0x000013c4   Number         4  timer.o(.text.TIMER1_init)
    [Anonymous Symbol]                       0x000013c8   Section        0  timer.o(.text.TIMER2_init)
    __arm_cp.1_0                             0x00001404   Number         4  timer.o(.text.TIMER2_init)
    __arm_cp.1_1                             0x00001408   Number         4  timer.o(.text.TIMER2_init)
    [Anonymous Symbol]                       0x0000140c   Section        0  mdr32fxqi_timer.o(.text.TIMER_BRGInit)
    __arm_cp.57_0                            0x00001500   Number         4  mdr32fxqi_timer.o(.text.TIMER_BRGInit)
    __arm_cp.57_1                            0x00001504   Number         4  mdr32fxqi_timer.o(.text.TIMER_BRGInit)
    __arm_cp.57_3                            0x00001508   Number         4  mdr32fxqi_timer.o(.text.TIMER_BRGInit)
    __arm_cp.57_4                            0x0000150c   Number         4  mdr32fxqi_timer.o(.text.TIMER_BRGInit)
    __arm_cp.57_5                            0x00001510   Number         4  mdr32fxqi_timer.o(.text.TIMER_BRGInit)
    [Anonymous Symbol]                       0x00001514   Section        0  mdr32fxqi_timer.o(.text.TIMER_Cmd)
    [Anonymous Symbol]                       0x00001548   Section        0  mdr32fxqi_timer.o(.text.TIMER_CntInit)
    [Anonymous Symbol]                       0x000015a0   Section        0  mdr32fxqi_timer.o(.text.TIMER_CntStructInit)
    [Anonymous Symbol]                       0x000015da   Section        0  mdr32fxqi_timer.o(.text.TIMER_GetCounter)
    [Anonymous Symbol]                       0x000015e8   Section        0  uart.o(.text.UART1_IRQHandler)
    __arm_cp.0_0                             0x0000162c   Number         4  uart.o(.text.UART1_IRQHandler)
    [Anonymous Symbol]                       0x00001630   Section        0  uart.o(.text.UART2_IRQHandler)
    __arm_cp.1_0                             0x00001674   Number         4  uart.o(.text.UART2_IRQHandler)
    [Anonymous Symbol]                       0x00001678   Section        0  mdr32fxqi_uart.o(.text.UART_BRGInit)
    __arm_cp.16_0                            0x000016e8   Number         4  mdr32fxqi_uart.o(.text.UART_BRGInit)
    [Anonymous Symbol]                       0x000016ec   Section        0  mdr32fxqi_uart.o(.text.UART_ClearITPendingBit)
    [Anonymous Symbol]                       0x00001700   Section        0  mdr32fxqi_uart.o(.text.UART_Cmd)
    __arm_cp.3_0                             0x0000172c   Number         4  mdr32fxqi_uart.o(.text.UART_Cmd)
    [Anonymous Symbol]                       0x00001730   Section        0  mdr32fxqi_uart.o(.text.UART_DMACmd)
    [Anonymous Symbol]                       0x00001760   Section        0  mdr32fxqi_uart.o(.text.UART_GetFlagStatus)
    [Anonymous Symbol]                       0x00001792   Section        0  mdr32fxqi_uart.o(.text.UART_ITConfig)
    [Anonymous Symbol]                       0x000017c0   Section        0  mdr32fxqi_uart.o(.text.UART_Init)
    __arm_cp.1_0                             0x000018c4   Number         4  mdr32fxqi_uart.o(.text.UART_Init)
    __arm_cp.1_1                             0x000018c8   Number         4  mdr32fxqi_uart.o(.text.UART_Init)
    __arm_cp.1_2                             0x000018cc   Number         4  mdr32fxqi_uart.o(.text.UART_Init)
    __arm_cp.1_3                             0x000018d0   Number         4  mdr32fxqi_uart.o(.text.UART_Init)
    [Anonymous Symbol]                       0x000018d4   Section        0  mdr32fxqi_uart.o(.text.UART_ReceiveData)
    [Anonymous Symbol]                       0x000018e2   Section        0  mdr32fxqi_uart.o(.text.UART_SendData)
    __NVIC_ClearPendingIRQ                   0x000018f5   Thumb Code    40  mdr32fxqi_dma.o(.text.__NVIC_ClearPendingIRQ)
    [Anonymous Symbol]                       0x000018f4   Section        0  mdr32fxqi_dma.o(.text.__NVIC_ClearPendingIRQ)
    __arm_cp.1_0                             0x0000191c   Number         4  mdr32fxqi_dma.o(.text.__NVIC_ClearPendingIRQ)
    __NVIC_EnableIRQ                         0x00001921   Thumb Code    40  uart.o(.text.__NVIC_EnableIRQ)
    [Anonymous Symbol]                       0x00001920   Section        0  uart.o(.text.__NVIC_EnableIRQ)
    __arm_cp.3_0                             0x00001948   Number         4  uart.o(.text.__NVIC_EnableIRQ)
    [Anonymous Symbol]                       0x0000194c   Section        0  rs422_protocol.o(.text.crc32)
    __arm_cp.2_0                             0x00001a08   Number         4  rs422_protocol.o(.text.crc32)
    [Anonymous Symbol]                       0x00001a0c   Section        0  ebc.o(.text.ebc_config)
    [Anonymous Symbol]                       0x00001a4c   Section        0  ebc.o(.text.ebc_ports_config)
    __arm_cp.0_0                             0x00001b44   Number         4  ebc.o(.text.ebc_ports_config)
    __arm_cp.0_1                             0x00001b48   Number         4  ebc.o(.text.ebc_ports_config)
    __arm_cp.0_2                             0x00001b4c   Number         4  ebc.o(.text.ebc_ports_config)
    __arm_cp.0_3                             0x00001b50   Number         4  ebc.o(.text.ebc_ports_config)
    __arm_cp.0_4                             0x00001b54   Number         4  ebc.o(.text.ebc_ports_config)
    __arm_cp.0_5                             0x00001b58   Number         4  ebc.o(.text.ebc_ports_config)
    __arm_cp.0_6                             0x00001b5c   Number         4  ebc.o(.text.ebc_ports_config)
    __arm_cp.0_7                             0x00001b60   Number         4  ebc.o(.text.ebc_ports_config)
    [Anonymous Symbol]                       0x00001b64   Section        0  external_ram.o(.text.init_external_ram_space)
    __arm_cp.0_0                             0x00001e24   Number         4  external_ram.o(.text.init_external_ram_space)
    __arm_cp.0_1                             0x00001e28   Number         4  external_ram.o(.text.init_external_ram_space)
    __arm_cp.0_2                             0x00001e2c   Number         4  external_ram.o(.text.init_external_ram_space)
    __arm_cp.0_3                             0x00001e30   Number         4  external_ram.o(.text.init_external_ram_space)
    __arm_cp.0_4                             0x00001e34   Number         4  external_ram.o(.text.init_external_ram_space)
    __arm_cp.0_5                             0x00001e38   Number         4  external_ram.o(.text.init_external_ram_space)
    __arm_cp.0_6                             0x00001e3c   Number         4  external_ram.o(.text.init_external_ram_space)
    __arm_cp.0_7                             0x00001e40   Number         4  external_ram.o(.text.init_external_ram_space)
    __arm_cp.0_8                             0x00001e44   Number         4  external_ram.o(.text.init_external_ram_space)
    __arm_cp.0_9                             0x00001e48   Number         4  external_ram.o(.text.init_external_ram_space)
    __arm_cp.0_10                            0x00001e4c   Number         4  external_ram.o(.text.init_external_ram_space)
    __arm_cp.0_11                            0x00001e50   Number         4  external_ram.o(.text.init_external_ram_space)
    __arm_cp.0_12                            0x00001e54   Number         4  external_ram.o(.text.init_external_ram_space)
    [Anonymous Symbol]                       0x00001e58   Section        0  main.o(.text.main)
    __arm_cp.0_0                             0x00001f10   Number         4  main.o(.text.main)
    __arm_cp.0_1                             0x00001f14   Number         4  main.o(.text.main)
    __arm_cp.0_2                             0x00001f18   Number         4  main.o(.text.main)
    __arm_cp.0_3                             0x00001f1c   Number         4  main.o(.text.main)
    [Anonymous Symbol]                       0x00001f20   Section        0  rs422_protocol.o(.text.protocol_do_cmds)
    __arm_cp.3_34                            0x00001f84   Number         4  rs422_protocol.o(.text.protocol_do_cmds)
    __arm_cp.3_37                            0x0000237c   Number         4  rs422_protocol.o(.text.protocol_do_cmds)
    __arm_cp.3_38                            0x00002380   Number         4  rs422_protocol.o(.text.protocol_do_cmds)
    __arm_cp.3_39                            0x00002384   Number         4  rs422_protocol.o(.text.protocol_do_cmds)
    __arm_cp.3_40                            0x00002388   Number         4  rs422_protocol.o(.text.protocol_do_cmds)
    __arm_cp.3_41                            0x0000238c   Number         4  rs422_protocol.o(.text.protocol_do_cmds)
    __arm_cp.3_42                            0x00002390   Number         4  rs422_protocol.o(.text.protocol_do_cmds)
    __arm_cp.3_43                            0x00002394   Number         4  rs422_protocol.o(.text.protocol_do_cmds)
    __arm_cp.3_44                            0x00002398   Number         4  rs422_protocol.o(.text.protocol_do_cmds)
    __arm_cp.3_45                            0x0000239c   Number         4  rs422_protocol.o(.text.protocol_do_cmds)
    __arm_cp.3_46                            0x000023a0   Number         4  rs422_protocol.o(.text.protocol_do_cmds)
    __arm_cp.3_47                            0x000023a4   Number         4  rs422_protocol.o(.text.protocol_do_cmds)
    __arm_cp.3_53                            0x000023bc   Number         4  rs422_protocol.o(.text.protocol_do_cmds)
    __arm_cp.3_0                             0x0000262c   Number         4  rs422_protocol.o(.text.protocol_do_cmds)
    __arm_cp.3_1                             0x00002630   Number         4  rs422_protocol.o(.text.protocol_do_cmds)
    __arm_cp.3_2                             0x00002634   Number         4  rs422_protocol.o(.text.protocol_do_cmds)
    __arm_cp.3_3                             0x00002638   Number         4  rs422_protocol.o(.text.protocol_do_cmds)
    __arm_cp.3_4                             0x0000263c   Number         4  rs422_protocol.o(.text.protocol_do_cmds)
    __arm_cp.3_5                             0x00002640   Number         4  rs422_protocol.o(.text.protocol_do_cmds)
    __arm_cp.3_6                             0x00002644   Number         4  rs422_protocol.o(.text.protocol_do_cmds)
    __arm_cp.3_7                             0x00002648   Number         4  rs422_protocol.o(.text.protocol_do_cmds)
    __arm_cp.3_8                             0x0000264c   Number         4  rs422_protocol.o(.text.protocol_do_cmds)
    __arm_cp.3_9                             0x00002650   Number         4  rs422_protocol.o(.text.protocol_do_cmds)
    __arm_cp.3_10                            0x00002654   Number         4  rs422_protocol.o(.text.protocol_do_cmds)
    __arm_cp.3_11                            0x00002658   Number         4  rs422_protocol.o(.text.protocol_do_cmds)
    __arm_cp.3_12                            0x0000265c   Number         4  rs422_protocol.o(.text.protocol_do_cmds)
    __arm_cp.3_13                            0x00002660   Number         4  rs422_protocol.o(.text.protocol_do_cmds)
    __arm_cp.3_14                            0x00002664   Number         4  rs422_protocol.o(.text.protocol_do_cmds)
    __arm_cp.3_16                            0x00002668   Number         4  rs422_protocol.o(.text.protocol_do_cmds)
    __arm_cp.3_17                            0x0000266c   Number         4  rs422_protocol.o(.text.protocol_do_cmds)
    __arm_cp.3_18                            0x00002670   Number         4  rs422_protocol.o(.text.protocol_do_cmds)
    [Anonymous Symbol]                       0x00002674   Section        0  rs422_protocol.o(.text.receive_packet)
    __arm_cp.1_0                             0x000028fc   Number         4  rs422_protocol.o(.text.receive_packet)
    __arm_cp.1_1                             0x00002900   Number         4  rs422_protocol.o(.text.receive_packet)
    __arm_cp.1_2                             0x00002904   Number         4  rs422_protocol.o(.text.receive_packet)
    __arm_cp.1_3                             0x00002908   Number         4  rs422_protocol.o(.text.receive_packet)
    __arm_cp.1_4                             0x0000290c   Number         4  rs422_protocol.o(.text.receive_packet)
    __arm_cp.1_5                             0x00002910   Number         4  rs422_protocol.o(.text.receive_packet)
    __arm_cp.1_6                             0x00002914   Number         4  rs422_protocol.o(.text.receive_packet)
    __arm_cp.1_7                             0x00002918   Number         4  rs422_protocol.o(.text.receive_packet)
    __arm_cp.1_8                             0x0000291c   Number         4  rs422_protocol.o(.text.receive_packet)
    __arm_cp.1_9                             0x00002920   Number         4  rs422_protocol.o(.text.receive_packet)
    [Anonymous Symbol]                       0x00002924   Section        0  main.o(.text.request_data)
    [Anonymous Symbol]                       0x00002974   Section        0  rs422_protocol.o(.text.transmit_packet)
    __arm_cp.0_0                             0x00002a90   Number         4  rs422_protocol.o(.text.transmit_packet)
    __arm_cp.0_1                             0x00002a94   Number         4  rs422_protocol.o(.text.transmit_packet)
    __arm_cp.0_2                             0x00002a98   Number         4  rs422_protocol.o(.text.transmit_packet)
    __arm_cp.0_3                             0x00002a9c   Number         4  rs422_protocol.o(.text.transmit_packet)
    __arm_cp.0_4                             0x00002aa0   Number         4  rs422_protocol.o(.text.transmit_packet)
    __arm_cp.0_5                             0x00002aa4   Number         4  rs422_protocol.o(.text.transmit_packet)
    __arm_cp.0_6                             0x00002aa8   Number         4  rs422_protocol.o(.text.transmit_packet)
    __arm_cp.0_7                             0x00002aac   Number         4  rs422_protocol.o(.text.transmit_packet)
    __arm_cp.0_8                             0x00002ab0   Number         4  rs422_protocol.o(.text.transmit_packet)
    [Anonymous Symbol]                       0x00002ab4   Section        0  uart.o(.text.uart_init)
    [Anonymous Symbol]                       0x00002b50   Section        0  uart.o(.text.uart_read)
    [Anonymous Symbol]                       0x00002d48   Section        0  uart.o(.text.uart_read_pos)
    [Anonymous Symbol]                       0x00002d58   Section        0  uart.o(.text.uart_set_pos)
    [Anonymous Symbol]                       0x00002d8c   Section        0  uart.o(.text.uart_set_read_timeout)
    [Anonymous Symbol]                       0x00002da6   Section        0  uart.o(.text.uart_set_write_timeout)
    [Anonymous Symbol]                       0x00002dc0   Section        0  uart.o(.text.uart_write)
    __arm_cp.4_0                             0x00002e6c   Number         4  uart.o(.text.uart_write)
    [Anonymous Symbol]                       0x00002e70   Section        0  external_ram.o(.rodata.str1.1)
    .bss                                     0x20000008   Section       96  libspace.o(.bss)
    Heap_Mem                                 0x200000b0   Data        4096  startup_mdr32f1qi.o(HEAP)
    HEAP                                     0x200000b0   Section     4096  startup_mdr32f1qi.o(HEAP)
    Stack_Mem                                0x200010b0   Data        4096  startup_mdr32f1qi.o(STACK)
    STACK                                    0x200010b0   Section     4096  startup_mdr32f1qi.o(STACK)
    __initial_sp                             0x200020b0   Data           0  startup_mdr32f1qi.o(STACK)

    Global Symbols

    Symbol Name                              Value     Ov Type        Size  Object(Section)

    BuildAttributes$$THM_ISAv3M$S$PE$A:L22$X:L11$S22$IEEE1$IW$~IW$USESV6$~STKCKD$USESV7$~SHL$OSPACE$ROPI$EBA8$UX$STANDARDLIB$REQ8$PRES8$EABIv2 0x00000000   Number         0  anon$$obj.o ABSOLUTE
    __Vectors                                0x00000000   Data           4  startup_mdr32f1qi.o(RESET)
    __ARM_exceptions_init                     - Undefined Weak Reference
    __alloca_initialize                       - Undefined Weak Reference
    __arm_preinit_                            - Undefined Weak Reference
    __arm_relocate_pie_                       - Undefined Weak Reference
    __cpp_initialize__aeabi_                  - Undefined Weak Reference
    __cxa_finalize                            - Undefined Weak Reference
    __rt_locale                               - Undefined Weak Reference
    __sigvec_lookup                           - Undefined Weak Reference
    _atexit_init                              - Undefined Weak Reference
    _call_atexit_fns                          - Undefined Weak Reference
    _clock_init                               - Undefined Weak Reference
    _fp_trap_init                             - Undefined Weak Reference
    _fp_trap_shutdown                         - Undefined Weak Reference
    _get_lc_collate                           - Undefined Weak Reference
    _get_lc_ctype                             - Undefined Weak Reference
    _get_lc_monetary                          - Undefined Weak Reference
    _get_lc_numeric                           - Undefined Weak Reference
    _get_lc_time                              - Undefined Weak Reference
    _getenv_init                              - Undefined Weak Reference
    _handle_redirection                       - Undefined Weak Reference
    _init_alloc                               - Undefined Weak Reference
    _init_user_alloc                          - Undefined Weak Reference
    _initio                                   - Undefined Weak Reference
    _rand_init                                - Undefined Weak Reference
    _signal_finish                            - Undefined Weak Reference
    _signal_init                              - Undefined Weak Reference
    _terminate_alloc                          - Undefined Weak Reference
    _terminate_user_alloc                     - Undefined Weak Reference
    _terminateio                              - Undefined Weak Reference
    __main                                   0x000000c1   Thumb Code     8  __main.o(!!!main)
    __scatterload                            0x000000c9   Thumb Code     0  __scatter.o(!!!scatter)
    __scatterload_rt2                        0x000000c9   Thumb Code    52  __scatter.o(!!!scatter)
    __scatterload_rt2_thumb_only             0x000000c9   Thumb Code     0  __scatter.o(!!!scatter)
    __scatterload_null                       0x000000d9   Thumb Code     0  __scatter.o(!!!scatter)
    __scatterload_copy                       0x00000105   Thumb Code    26  __scatter_copy.o(!!handler_copy)
    __scatterload_zeroinit                   0x00000121   Thumb Code    28  __scatter_zi.o(!!handler_zi)
    __rt_lib_init                            0x0000013d   Thumb Code     0  libinit.o(.ARM.Collect$$libinit$$00000000)
    __rt_lib_init_alloca_1                   0x0000013f   Thumb Code     0  libinit2.o(.ARM.Collect$$libinit$$00000030)
    __rt_lib_init_argv_1                     0x0000013f   Thumb Code     0  libinit2.o(.ARM.Collect$$libinit$$0000002E)
    __rt_lib_init_atexit_1                   0x0000013f   Thumb Code     0  libinit2.o(.ARM.Collect$$libinit$$0000001D)
    __rt_lib_init_clock_1                    0x0000013f   Thumb Code     0  libinit2.o(.ARM.Collect$$libinit$$00000023)
    __rt_lib_init_cpp_1                      0x0000013f   Thumb Code     0  libinit2.o(.ARM.Collect$$libinit$$00000034)
    __rt_lib_init_exceptions_1               0x0000013f   Thumb Code     0  libinit2.o(.ARM.Collect$$libinit$$00000032)
    __rt_lib_init_fp_1                       0x0000013f   Thumb Code     0  libinit2.o(.ARM.Collect$$libinit$$00000002)
    __rt_lib_init_fp_trap_1                  0x0000013f   Thumb Code     0  libinit2.o(.ARM.Collect$$libinit$$00000021)
    __rt_lib_init_getenv_1                   0x0000013f   Thumb Code     0  libinit2.o(.ARM.Collect$$libinit$$00000025)
    __rt_lib_init_heap_1                     0x0000013f   Thumb Code     0  libinit2.o(.ARM.Collect$$libinit$$0000000C)
    __rt_lib_init_lc_collate_1               0x0000013f   Thumb Code     0  libinit2.o(.ARM.Collect$$libinit$$00000013)
    __rt_lib_init_lc_ctype_1                 0x0000013f   Thumb Code     0  libinit2.o(.ARM.Collect$$libinit$$00000015)
    __rt_lib_init_lc_monetary_1              0x0000013f   Thumb Code     0  libinit2.o(.ARM.Collect$$libinit$$00000017)
    __rt_lib_init_lc_numeric_1               0x0000013f   Thumb Code     0  libinit2.o(.ARM.Collect$$libinit$$00000019)
    __rt_lib_init_lc_time_1                  0x0000013f   Thumb Code     0  libinit2.o(.ARM.Collect$$libinit$$0000001B)
    __rt_lib_init_preinit_1                  0x0000013f   Thumb Code     0  libinit2.o(.ARM.Collect$$libinit$$00000006)
    __rt_lib_init_rand_1                     0x0000013f   Thumb Code     0  libinit2.o(.ARM.Collect$$libinit$$00000010)
    __rt_lib_init_relocate_pie_1             0x0000013f   Thumb Code     0  libinit2.o(.ARM.Collect$$libinit$$00000004)
    __rt_lib_init_return                     0x0000013f   Thumb Code     0  libinit2.o(.ARM.Collect$$libinit$$00000035)
    __rt_lib_init_signal_1                   0x0000013f   Thumb Code     0  libinit2.o(.ARM.Collect$$libinit$$0000001F)
    __rt_lib_init_stdio_1                    0x0000013f   Thumb Code     0  libinit2.o(.ARM.Collect$$libinit$$00000027)
    __rt_lib_init_user_alloc_1               0x0000013f   Thumb Code     0  libinit2.o(.ARM.Collect$$libinit$$0000000E)
    __rt_lib_shutdown                        0x00000141   Thumb Code     0  libshutdown.o(.ARM.Collect$$libshutdown$$00000000)
    __rt_lib_shutdown_cpp_1                  0x00000143   Thumb Code     0  libshutdown2.o(.ARM.Collect$$libshutdown$$00000002)
    __rt_lib_shutdown_fp_trap_1              0x00000143   Thumb Code     0  libshutdown2.o(.ARM.Collect$$libshutdown$$00000007)
    __rt_lib_shutdown_heap_1                 0x00000143   Thumb Code     0  libshutdown2.o(.ARM.Collect$$libshutdown$$0000000F)
    __rt_lib_shutdown_return                 0x00000143   Thumb Code     0  libshutdown2.o(.ARM.Collect$$libshutdown$$00000010)
    __rt_lib_shutdown_signal_1               0x00000143   Thumb Code     0  libshutdown2.o(.ARM.Collect$$libshutdown$$0000000A)
    __rt_lib_shutdown_stdio_1                0x00000143   Thumb Code     0  libshutdown2.o(.ARM.Collect$$libshutdown$$00000004)
    __rt_lib_shutdown_user_alloc_1           0x00000143   Thumb Code     0  libshutdown2.o(.ARM.Collect$$libshutdown$$0000000C)
    __rt_entry                               0x00000145   Thumb Code     0  __rtentry.o(.ARM.Collect$$rtentry$$00000000)
    __rt_entry_presh_1                       0x00000145   Thumb Code     0  __rtentry2.o(.ARM.Collect$$rtentry$$00000002)
    __rt_entry_sh                            0x00000145   Thumb Code     0  __rtentry4.o(.ARM.Collect$$rtentry$$00000004)
    __rt_entry_li                            0x0000014b   Thumb Code     0  __rtentry2.o(.ARM.Collect$$rtentry$$0000000A)
    __rt_entry_postsh_1                      0x0000014b   Thumb Code     0  __rtentry2.o(.ARM.Collect$$rtentry$$00000009)
    __rt_entry_main                          0x0000014f   Thumb Code     0  __rtentry2.o(.ARM.Collect$$rtentry$$0000000D)
    __rt_entry_postli_1                      0x0000014f   Thumb Code     0  __rtentry2.o(.ARM.Collect$$rtentry$$0000000C)
    __rt_exit                                0x00000157   Thumb Code     0  rtexit.o(.ARM.Collect$$rtexit$$00000000)
    __rt_exit_ls                             0x00000159   Thumb Code     0  rtexit2.o(.ARM.Collect$$rtexit$$00000003)
    __rt_exit_prels_1                        0x00000159   Thumb Code     0  rtexit2.o(.ARM.Collect$$rtexit$$00000002)
    __rt_exit_exit                           0x0000015d   Thumb Code     0  rtexit2.o(.ARM.Collect$$rtexit$$00000004)
    __aeabi_memcpy4                          0x00000165   Thumb Code    56  rt_memcpy.o(.emb_text)
    __aeabi_memcpy8                          0x00000165   Thumb Code     0  rt_memcpy.o(.emb_text)
    Reset_Handler                            0x0000019d   Thumb Code     8  startup_mdr32f1qi.o(.text)
    NMI_Handler                              0x000001a5   Thumb Code     2  startup_mdr32f1qi.o(.text)
    HardFault_Handler                        0x000001a7   Thumb Code     2  startup_mdr32f1qi.o(.text)
    SVC_Handler                              0x000001a9   Thumb Code     2  startup_mdr32f1qi.o(.text)
    PendSV_Handler                           0x000001ab   Thumb Code     2  startup_mdr32f1qi.o(.text)
    SysTick_Handler                          0x000001ad   Thumb Code     2  startup_mdr32f1qi.o(.text)
    MIL_STD_1553B2_IRQHandler                0x000001af   Thumb Code     2  startup_mdr32f1qi.o(.text)
    MIL_STD_1553B1_IRQHandler                0x000001b1   Thumb Code     2  startup_mdr32f1qi.o(.text)
    USB_IRQHandler                           0x000001b3   Thumb Code     2  startup_mdr32f1qi.o(.text)
    CAN1_IRQHandler                          0x000001b5   Thumb Code     2  startup_mdr32f1qi.o(.text)
    CAN2_IRQHandler                          0x000001b7   Thumb Code     2  startup_mdr32f1qi.o(.text)
    SSP1_IRQHandler                          0x000001bf   Thumb Code     2  startup_mdr32f1qi.o(.text)
    BUSY_IRQHandler                          0x000001c1   Thumb Code     2  startup_mdr32f1qi.o(.text)
    ARINC429R_IRQHandler                     0x000001c3   Thumb Code     2  startup_mdr32f1qi.o(.text)
    POWER_IRQHandler                         0x000001c5   Thumb Code     2  startup_mdr32f1qi.o(.text)
    WWDG_IRQHandler                          0x000001c7   Thumb Code     2  startup_mdr32f1qi.o(.text)
    TIMER4_IRQHandler                        0x000001c9   Thumb Code     2  startup_mdr32f1qi.o(.text)
    TIMER1_IRQHandler                        0x000001cb   Thumb Code     2  startup_mdr32f1qi.o(.text)
    TIMER2_IRQHandler                        0x000001cd   Thumb Code     2  startup_mdr32f1qi.o(.text)
    TIMER3_IRQHandler                        0x000001cf   Thumb Code     2  startup_mdr32f1qi.o(.text)
    ADC_IRQHandler                           0x000001d1   Thumb Code     2  startup_mdr32f1qi.o(.text)
    ETHERNET_IRQHandler                      0x000001d3   Thumb Code     2  startup_mdr32f1qi.o(.text)
    SSP3_IRQHandler                          0x000001d5   Thumb Code     2  startup_mdr32f1qi.o(.text)
    SSP2_IRQHandler                          0x000001d7   Thumb Code     2  startup_mdr32f1qi.o(.text)
    ARINC429T1_IRQHandler                    0x000001d9   Thumb Code     2  startup_mdr32f1qi.o(.text)
    ARINC429T2_IRQHandler                    0x000001db   Thumb Code     2  startup_mdr32f1qi.o(.text)
    ARINC429T3_IRQHandler                    0x000001dd   Thumb Code     2  startup_mdr32f1qi.o(.text)
    ARINC429T4_IRQHandler                    0x000001df   Thumb Code     2  startup_mdr32f1qi.o(.text)
    BKP_IRQHandler                           0x000001e1   Thumb Code     2  startup_mdr32f1qi.o(.text)
    EXT_INT1_IRQHandler                      0x000001e3   Thumb Code     2  startup_mdr32f1qi.o(.text)
    EXT_INT2_IRQHandler                      0x000001e5   Thumb Code     2  startup_mdr32f1qi.o(.text)
    EXT_INT3_IRQHandler                      0x000001e7   Thumb Code     2  startup_mdr32f1qi.o(.text)
    EXT_INT4_IRQHandler                      0x000001e9   Thumb Code     2  startup_mdr32f1qi.o(.text)
    __user_initial_stackheap                 0x000001ed   Thumb Code     0  startup_mdr32f1qi.o(.text)
    __aeabi_memcpy                           0x00000211   Thumb Code   130  rt_memcpy.o(.text)
    __rt_memcpy                              0x00000211   Thumb Code     0  rt_memcpy.o(.text)
    _memset_w                                0x00000293   Thumb Code    26  rt_memclr.o(.text)
    _memset                                  0x000002ad   Thumb Code    30  rt_memclr.o(.text)
    __aeabi_memclr                           0x000002cb   Thumb Code     4  rt_memclr.o(.text)
    __rt_memclr                              0x000002cb   Thumb Code     0  rt_memclr.o(.text)
    __aeabi_memclr4                          0x000002cf   Thumb Code     0  rt_memclr.o(.text)
    __aeabi_memclr8                          0x000002cf   Thumb Code     0  rt_memclr.o(.text)
    __rt_memclr_w                            0x000002cf   Thumb Code     4  rt_memclr.o(.text)
    strncpy                                  0x000002d5   Thumb Code   104  strncpy.o(.text)
    __aeabi_uidiv                            0x00000341   Thumb Code     0  aeabi_sdiv.o(.text)
    __aeabi_uidivmod                         0x00000341   Thumb Code    20  aeabi_sdiv.o(.text)
    __aeabi_idiv                             0x00000355   Thumb Code     0  aeabi_sdiv.o(.text)
    __aeabi_idivmod                          0x00000355   Thumb Code   338  aeabi_sdiv.o(.text)
    __use_two_region_memory                  0x000004ad   Thumb Code     2  heapauxi.o(.text)
    __rt_heap_escrow$2region                 0x000004af   Thumb Code     2  heapauxi.o(.text)
    __rt_heap_expand$2region                 0x000004b1   Thumb Code     2  heapauxi.o(.text)
    __user_setup_stackheap                   0x000004b3   Thumb Code    62  sys_stackheap_outer.o(.text)
    exit                                     0x000004f1   Thumb Code    16  exit.o(.text)
    __user_libspace                          0x00000501   Thumb Code     8  libspace.o(.text)
    __user_perproc_libspace                  0x00000501   Thumb Code     0  libspace.o(.text)
    __user_perthread_libspace                0x00000501   Thumb Code     0  libspace.o(.text)
    _sys_exit                                0x00000509   Thumb Code     8  sys_exit.o(.text)
    __I$use$semihosting                      0x00000515   Thumb Code     0  use_no_semi.o(.text)
    __use_no_semihosting_swi                 0x00000515   Thumb Code     2  use_no_semi.o(.text)
    __decompress                             0x00000517   Thumb Code     0  __dczerorl.o(.text)
    __decompress0                            0x00000517   Thumb Code    58  __dczerorl.o(.text)
    __semihosting_library_function           0x00000517   Thumb Code     0  indicate_semi.o(.text)
    BKP_DUccMode                             0x00000551   Thumb Code    36  mdr32fxqi_bkp.o(.text.BKP_DUccMode)
    CLOCK_Init                               0x00000579   Thumb Code    96  clock.o(.text.CLOCK_Init)
    DMA_Cmd                                  0x000005d9   Thumb Code    52  mdr32fxqi_dma.o(.text.DMA_Cmd)
    DMA_CtrlDataInit                         0x0000060d   Thumb Code   158  mdr32fxqi_dma.o(.text.DMA_CtrlDataInit)
    DMA_DeInit                               0x000006ad   Thumb Code    60  mdr32fxqi_dma.o(.text.DMA_DeInit)
    DMA_GetFlagStatus                        0x000006f1   Thumb Code   232  mdr32fxqi_dma.o(.text.DMA_GetFlagStatus)
    DMA_IRQHandler                           0x000007e9   Thumb Code    48  dma.o(.text.DMA_IRQHandler)
    DMA_Init                                 0x00000821   Thumb Code   236  mdr32fxqi_dma.o(.text.DMA_Init)
    DMA_StructInit                           0x00000935   Thumb Code    34  mdr32fxqi_dma.o(.text.DMA_StructInit)
    DMA_UART_RX_init                         0x00000959   Thumb Code   132  uart.o(.text.DMA_UART_RX_init)
    DMA_common_init                          0x000009e5   Thumb Code    40  dma.o(.text.DMA_common_init)
    EBC_Init                                 0x00000a25   Thumb Code    88  mdr32fxqi_ebc.o(.text.EBC_Init)
    EBC_MemRegionInit                        0x00000a85   Thumb Code    60  mdr32fxqi_ebc.o(.text.EBC_MemRegionInit)
    EBC_MemRegionStructInit                  0x00000ac5   Thumb Code    30  mdr32fxqi_ebc.o(.text.EBC_MemRegionStructInit)
    EBC_StructInit                           0x00000ae3   Thumb Code    58  mdr32fxqi_ebc.o(.text.EBC_StructInit)
    PORT_Init                                0x00000b1d   Thumb Code   328  mdr32fxqi_port.o(.text.PORT_Init)
    PORT_StructInit                          0x00000c69   Thumb Code    52  mdr32fxqi_port.o(.text.PORT_StructInit)
    PortsInit                                0x00000ca1   Thumb Code   152  ports.o(.text.PortsInit)
    RST_CLK_CPU_PLLcmd                       0x00000d41   Thumb Code    52  mdr32fxqi_rst_clk.o(.text.RST_CLK_CPU_PLLcmd)
    RST_CLK_CPU_PLLconfig                    0x00000d75   Thumb Code   112  mdr32fxqi_rst_clk.o(.text.RST_CLK_CPU_PLLconfig)
    RST_CLK_CPU_PLLstatus                    0x00000de5   Thumb Code   100  mdr32fxqi_rst_clk.o(.text.RST_CLK_CPU_PLLstatus)
    RST_CLK_CPU_PLLuse                       0x00000e49   Thumb Code    56  mdr32fxqi_rst_clk.o(.text.RST_CLK_CPU_PLLuse)
    RST_CLK_CPUclkPrescaler                  0x00000e81   Thumb Code    40  mdr32fxqi_rst_clk.o(.text.RST_CLK_CPUclkPrescaler)
    RST_CLK_CPUclkSelection                  0x00000ea9   Thumb Code    40  mdr32fxqi_rst_clk.o(.text.RST_CLK_CPUclkSelection)
    RST_CLK_GetClocksFreq                    0x00000ed1   Thumb Code   596  mdr32fxqi_rst_clk.o(.text.RST_CLK_GetClocksFreq)
    RST_CLK_GetFlagStatus                    0x00001131   Thumb Code    80  mdr32fxqi_rst_clk.o(.text.RST_CLK_GetFlagStatus)
    RST_CLK_HSEconfig                        0x00001189   Thumb Code    68  mdr32fxqi_rst_clk.o(.text.RST_CLK_HSEconfig)
    RST_CLK_HSEstatus                        0x000011cd   Thumb Code   100  mdr32fxqi_rst_clk.o(.text.RST_CLK_HSEstatus)
    RST_CLK_PCLKcmd                          0x00001231   Thumb Code    44  mdr32fxqi_rst_clk.o(.text.RST_CLK_PCLKcmd)
    SystemCoreClockUpdate                    0x0000125d   Thumb Code   176  system_mdr32f1qi.o(.text.SystemCoreClockUpdate)
    SystemInit                               0x0000131d   Thumb Code    60  system_mdr32f1qi.o(.text.SystemInit)
    TIMER1_init                              0x00001381   Thumb Code    60  timer.o(.text.TIMER1_init)
    TIMER2_init                              0x000013c9   Thumb Code    60  timer.o(.text.TIMER2_init)
    TIMER_BRGInit                            0x0000140d   Thumb Code   244  mdr32fxqi_timer.o(.text.TIMER_BRGInit)
    TIMER_Cmd                                0x00001515   Thumb Code    52  mdr32fxqi_timer.o(.text.TIMER_Cmd)
    TIMER_CntInit                            0x00001549   Thumb Code    88  mdr32fxqi_timer.o(.text.TIMER_CntInit)
    TIMER_CntStructInit                      0x000015a1   Thumb Code    58  mdr32fxqi_timer.o(.text.TIMER_CntStructInit)
    TIMER_GetCounter                         0x000015db   Thumb Code    12  mdr32fxqi_timer.o(.text.TIMER_GetCounter)
    UART1_IRQHandler                         0x000015e9   Thumb Code    68  uart.o(.text.UART1_IRQHandler)
    UART2_IRQHandler                         0x00001631   Thumb Code    68  uart.o(.text.UART2_IRQHandler)
    UART_BRGInit                             0x00001679   Thumb Code   112  mdr32fxqi_uart.o(.text.UART_BRGInit)
    UART_ClearITPendingBit                   0x000016ed   Thumb Code    20  mdr32fxqi_uart.o(.text.UART_ClearITPendingBit)
    UART_Cmd                                 0x00001701   Thumb Code    44  mdr32fxqi_uart.o(.text.UART_Cmd)
    UART_DMACmd                              0x00001731   Thumb Code    48  mdr32fxqi_uart.o(.text.UART_DMACmd)
    UART_GetFlagStatus                       0x00001761   Thumb Code    50  mdr32fxqi_uart.o(.text.UART_GetFlagStatus)
    UART_ITConfig                            0x00001793   Thumb Code    46  mdr32fxqi_uart.o(.text.UART_ITConfig)
    UART_Init                                0x000017c1   Thumb Code   260  mdr32fxqi_uart.o(.text.UART_Init)
    UART_ReceiveData                         0x000018d5   Thumb Code    14  mdr32fxqi_uart.o(.text.UART_ReceiveData)
    UART_SendData                            0x000018e3   Thumb Code    18  mdr32fxqi_uart.o(.text.UART_SendData)
    crc32                                    0x0000194d   Thumb Code   188  rs422_protocol.o(.text.crc32)
    ebc_config                               0x00001a0d   Thumb Code    64  ebc.o(.text.ebc_config)
    ebc_ports_config                         0x00001a4d   Thumb Code   248  ebc.o(.text.ebc_ports_config)
    init_external_ram_space                  0x00001b65   Thumb Code   704  external_ram.o(.text.init_external_ram_space)
    main                                     0x00001e59   Thumb Code   184  main.o(.text.main)
    protocol_do_cmds                         0x00001f21   Thumb Code  1804  rs422_protocol.o(.text.protocol_do_cmds)
    receive_packet                           0x00002675   Thumb Code   648  rs422_protocol.o(.text.receive_packet)
    request_data                             0x00002925   Thumb Code    80  main.o(.text.request_data)
    transmit_packet                          0x00002975   Thumb Code   284  rs422_protocol.o(.text.transmit_packet)
    uart_init                                0x00002ab5   Thumb Code   154  uart.o(.text.uart_init)
    uart_read                                0x00002b51   Thumb Code   504  uart.o(.text.uart_read)
    uart_read_pos                            0x00002d49   Thumb Code    16  uart.o(.text.uart_read_pos)
    uart_set_pos                             0x00002d59   Thumb Code    52  uart.o(.text.uart_set_pos)
    uart_set_read_timeout                    0x00002d8d   Thumb Code    26  uart.o(.text.uart_set_read_timeout)
    uart_set_write_timeout                   0x00002da7   Thumb Code    26  uart.o(.text.uart_set_write_timeout)
    uart_write                               0x00002dc1   Thumb Code   172  uart.o(.text.uart_write)
    Region$$Table$$Base                      0x00002e74   Number         0  anon$$obj.o(Region$$Table)
    Region$$Table$$Limit                     0x00002ea4   Number         0  anon$$obj.o(Region$$Table)
    SystemCoreClock                          0x20000000   Data           4  system_mdr32f1qi.o(.data.SystemCoreClock)
    __libspace_start                         0x20000008   Data          96  libspace.o(.bss)
    TIMER1InitStruct                         0x20000068   Data          32  timer.o(.bss.TIMER1InitStruct)
    __temporary_stack_top$libspace           0x20000068   Data           0  libspace.o(.bss)
    TIMER2InitStruct                         0x20000088   Data          32  timer.o(.bss.TIMER2InitStruct)
    ram_space_pointer                        0x200000a8   Data           4  main.o(.bss.ram_space_pointer)
    UART1                                    0x20100000   Data         300  uart.o(EXECUTABLE_MEMORY_SECTION)
    UART2                                    0x2010012c   Data         300  uart.o(EXECUTABLE_MEMORY_SECTION)
    DMA_ControlTable                         0x20100400   Data        1024  mdr32fxqi_dma.o(EXECUTABLE_MEMORY_SECTION)



==============================================================================

Memory Map of the image

  Image Entry point : 0x000000c1

  Load Region LR_IROM1 (Base: 0x00000000, Size: 0x00003800, Max: 0x00020000, ABSOLUTE, COMPRESSED[0x00003014])

    Execution Region ER_IROM1 (Exec base: 0x00000000, Load base: 0x00000000, Size: 0x00002ea4, Max: 0x00020000, ABSOLUTE)

    Exec Addr    Load Addr    Size         Type   Attr      Idx    E Section Name        Object

    0x00000000   0x00000000   0x000000c0   Data   RO          194    RESET               startup_mdr32f1qi.o
    0x000000c0   0x000000c0   0x00000008   Code   RO          691  * !!!main             c_p.l(__main.o)
    0x000000c8   0x000000c8   0x0000003c   Code   RO          870    !!!scatter          c_p.l(__scatter.o)
    0x00000104   0x00000104   0x0000001a   Code   RO          872    !!handler_copy      c_p.l(__scatter_copy.o)
    0x0000011e   0x0000011e   0x00000002   PAD
    0x00000120   0x00000120   0x0000001c   Code   RO          874    !!handler_zi        c_p.l(__scatter_zi.o)
    0x0000013c   0x0000013c   0x00000002   Code   RO          729    .ARM.Collect$$libinit$$00000000  c_p.l(libinit.o)
    0x0000013e   0x0000013e   0x00000000   Code   RO          743    .ARM.Collect$$libinit$$00000002  c_p.l(libinit2.o)
    0x0000013e   0x0000013e   0x00000000   Code   RO          745    .ARM.Collect$$libinit$$00000004  c_p.l(libinit2.o)
    0x0000013e   0x0000013e   0x00000000   Code   RO          747    .ARM.Collect$$libinit$$00000006  c_p.l(libinit2.o)
    0x0000013e   0x0000013e   0x00000000   Code   RO          750    .ARM.Collect$$libinit$$0000000C  c_p.l(libinit2.o)
    0x0000013e   0x0000013e   0x00000000   Code   RO          752    .ARM.Collect$$libinit$$0000000E  c_p.l(libinit2.o)
    0x0000013e   0x0000013e   0x00000000   Code   RO          754    .ARM.Collect$$libinit$$00000010  c_p.l(libinit2.o)
    0x0000013e   0x0000013e   0x00000000   Code   RO          757    .ARM.Collect$$libinit$$00000013  c_p.l(libinit2.o)
    0x0000013e   0x0000013e   0x00000000   Code   RO          759    .ARM.Collect$$libinit$$00000015  c_p.l(libinit2.o)
    0x0000013e   0x0000013e   0x00000000   Code   RO          761    .ARM.Collect$$libinit$$00000017  c_p.l(libinit2.o)
    0x0000013e   0x0000013e   0x00000000   Code   RO          763    .ARM.Collect$$libinit$$00000019  c_p.l(libinit2.o)
    0x0000013e   0x0000013e   0x00000000   Code   RO          765    .ARM.Collect$$libinit$$0000001B  c_p.l(libinit2.o)
    0x0000013e   0x0000013e   0x00000000   Code   RO          767    .ARM.Collect$$libinit$$0000001D  c_p.l(libinit2.o)
    0x0000013e   0x0000013e   0x00000000   Code   RO          769    .ARM.Collect$$libinit$$0000001F  c_p.l(libinit2.o)
    0x0000013e   0x0000013e   0x00000000   Code   RO          771    .ARM.Collect$$libinit$$00000021  c_p.l(libinit2.o)
    0x0000013e   0x0000013e   0x00000000   Code   RO          773    .ARM.Collect$$libinit$$00000023  c_p.l(libinit2.o)
    0x0000013e   0x0000013e   0x00000000   Code   RO          775    .ARM.Collect$$libinit$$00000025  c_p.l(libinit2.o)
    0x0000013e   0x0000013e   0x00000000   Code   RO          777    .ARM.Collect$$libinit$$00000027  c_p.l(libinit2.o)
    0x0000013e   0x0000013e   0x00000000   Code   RO          781    .ARM.Collect$$libinit$$0000002E  c_p.l(libinit2.o)
    0x0000013e   0x0000013e   0x00000000   Code   RO          783    .ARM.Collect$$libinit$$00000030  c_p.l(libinit2.o)
    0x0000013e   0x0000013e   0x00000000   Code   RO          785    .ARM.Collect$$libinit$$00000032  c_p.l(libinit2.o)
    0x0000013e   0x0000013e   0x00000000   Code   RO          787    .ARM.Collect$$libinit$$00000034  c_p.l(libinit2.o)
    0x0000013e   0x0000013e   0x00000002   Code   RO          788    .ARM.Collect$$libinit$$00000035  c_p.l(libinit2.o)
    0x00000140   0x00000140   0x00000002   Code   RO          823    .ARM.Collect$$libshutdown$$00000000  c_p.l(libshutdown.o)
    0x00000142   0x00000142   0x00000000   Code   RO          851    .ARM.Collect$$libshutdown$$00000002  c_p.l(libshutdown2.o)
    0x00000142   0x00000142   0x00000000   Code   RO          853    .ARM.Collect$$libshutdown$$00000004  c_p.l(libshutdown2.o)
    0x00000142   0x00000142   0x00000000   Code   RO          856    .ARM.Collect$$libshutdown$$00000007  c_p.l(libshutdown2.o)
    0x00000142   0x00000142   0x00000000   Code   RO          859    .ARM.Collect$$libshutdown$$0000000A  c_p.l(libshutdown2.o)
    0x00000142   0x00000142   0x00000000   Code   RO          861    .ARM.Collect$$libshutdown$$0000000C  c_p.l(libshutdown2.o)
    0x00000142   0x00000142   0x00000000   Code   RO          864    .ARM.Collect$$libshutdown$$0000000F  c_p.l(libshutdown2.o)
    0x00000142   0x00000142   0x00000002   Code   RO          865    .ARM.Collect$$libshutdown$$00000010  c_p.l(libshutdown2.o)
    0x00000144   0x00000144   0x00000000   Code   RO          693    .ARM.Collect$$rtentry$$00000000  c_p.l(__rtentry.o)
    0x00000144   0x00000144   0x00000000   Code   RO          699    .ARM.Collect$$rtentry$$00000002  c_p.l(__rtentry2.o)
    0x00000144   0x00000144   0x00000006   Code   RO          711    .ARM.Collect$$rtentry$$00000004  c_p.l(__rtentry4.o)
    0x0000014a   0x0000014a   0x00000000   Code   RO          701    .ARM.Collect$$rtentry$$00000009  c_p.l(__rtentry2.o)
    0x0000014a   0x0000014a   0x00000004   Code   RO          702    .ARM.Collect$$rtentry$$0000000A  c_p.l(__rtentry2.o)
    0x0000014e   0x0000014e   0x00000000   Code   RO          704    .ARM.Collect$$rtentry$$0000000C  c_p.l(__rtentry2.o)
    0x0000014e   0x0000014e   0x00000008   Code   RO          705    .ARM.Collect$$rtentry$$0000000D  c_p.l(__rtentry2.o)
    0x00000156   0x00000156   0x00000002   Code   RO          734    .ARM.Collect$$rtexit$$00000000  c_p.l(rtexit.o)
    0x00000158   0x00000158   0x00000000   Code   RO          794    .ARM.Collect$$rtexit$$00000002  c_p.l(rtexit2.o)
    0x00000158   0x00000158   0x00000004   Code   RO          795    .ARM.Collect$$rtexit$$00000003  c_p.l(rtexit2.o)
    0x0000015c   0x0000015c   0x00000006   Code   RO          796    .ARM.Collect$$rtexit$$00000004  c_p.l(rtexit2.o)
    0x00000162   0x00000162   0x00000002   PAD
    0x00000164   0x00000164   0x00000038   Code   RO          677    .emb_text           c_p.l(rt_memcpy.o)
    0x0000019c   0x0000019c   0x00000074   Code   RO          195    .text               startup_mdr32f1qi.o
    0x00000210   0x00000210   0x00000082   Code   RO          678    .text               c_p.l(rt_memcpy.o)
    0x00000292   0x00000292   0x00000040   Code   RO          681    .text               c_p.l(rt_memclr.o)
    0x000002d2   0x000002d2   0x00000002   PAD
    0x000002d4   0x000002d4   0x0000006c   Code   RO          683    .text               c_p.l(strncpy.o)
    0x00000340   0x00000340   0x0000016c   Code   RO          685    .text               c_p.l(aeabi_sdiv.o)
    0x000004ac   0x000004ac   0x00000006   Code   RO          689    .text               c_p.l(heapauxi.o)
    0x000004b2   0x000004b2   0x0000003e   Code   RO          715    .text               c_p.l(sys_stackheap_outer.o)
    0x000004f0   0x000004f0   0x00000010   Code   RO          718    .text               c_p.l(exit.o)
    0x00000500   0x00000500   0x00000008   Code   RO          730    .text               c_p.l(libspace.o)
    0x00000508   0x00000508   0x0000000c   Code   RO          789    .text               c_p.l(sys_exit.o)
    0x00000514   0x00000514   0x00000002   Code   RO          812    .text               c_p.l(use_no_semi.o)
    0x00000516   0x00000516   0x00000000   Code   RO          814    .text               c_p.l(indicate_semi.o)
    0x00000516   0x00000516   0x0000003a   Code   RO          868    .text               c_p.l(__dczerorl.o)
    0x00000550   0x00000550   0x00000028   Code   RO          303    .text.BKP_DUccMode  mdr32fxqi_bkp.o
    0x00000578   0x00000578   0x00000060   Code   RO            3    .text.CLOCK_Init    clock.o
    0x000005d8   0x000005d8   0x00000034   Code   RO          346    .text.DMA_Cmd       mdr32fxqi_dma.o
    0x0000060c   0x0000060c   0x0000009e   Code   RO          332    .text.DMA_CtrlDataInit  mdr32fxqi_dma.o
    0x000006aa   0x000006aa   0x00000002   PAD
    0x000006ac   0x000006ac   0x00000044   Code   RO          328    .text.DMA_DeInit    mdr32fxqi_dma.o
    0x000006f0   0x000006f0   0x000000f8   Code   RO          354    .text.DMA_GetFlagStatus  mdr32fxqi_dma.o
    0x000007e8   0x000007e8   0x00000038   Code   RO           13    .text.DMA_IRQHandler  dma.o
    0x00000820   0x00000820   0x00000114   Code   RO          340    .text.DMA_Init      mdr32fxqi_dma.o
    0x00000934   0x00000934   0x00000022   Code   RO          342    .text.DMA_StructInit  mdr32fxqi_dma.o
    0x00000956   0x00000956   0x00000002   PAD
    0x00000958   0x00000958   0x0000008c   Code   RO          101    .text.DMA_UART_RX_init  uart.o
    0x000009e4   0x000009e4   0x00000040   Code   RO           11    .text.DMA_common_init  dma.o
    0x00000a24   0x00000a24   0x00000060   Code   RO          366    .text.EBC_Init      mdr32fxqi_ebc.o
    0x00000a84   0x00000a84   0x00000040   Code   RO          378    .text.EBC_MemRegionInit  mdr32fxqi_ebc.o
    0x00000ac4   0x00000ac4   0x0000001e   Code   RO          376    .text.EBC_MemRegionStructInit  mdr32fxqi_ebc.o
    0x00000ae2   0x00000ae2   0x0000003a   Code   RO          368    .text.EBC_StructInit  mdr32fxqi_ebc.o
    0x00000b1c   0x00000b1c   0x0000014c   Code   RO          408    .text.PORT_Init     mdr32fxqi_port.o
    0x00000c68   0x00000c68   0x00000038   Code   RO          410    .text.PORT_StructInit  mdr32fxqi_port.o
    0x00000ca0   0x00000ca0   0x000000a0   Code   RO           35    .text.PortsInit     ports.o
    0x00000d40   0x00000d40   0x00000034   Code   RO          469    .text.RST_CLK_CPU_PLLcmd  mdr32fxqi_rst_clk.o
    0x00000d74   0x00000d74   0x00000070   Code   RO          465    .text.RST_CLK_CPU_PLLconfig  mdr32fxqi_rst_clk.o
    0x00000de4   0x00000de4   0x00000064   Code   RO          471    .text.RST_CLK_CPU_PLLstatus  mdr32fxqi_rst_clk.o
    0x00000e48   0x00000e48   0x00000038   Code   RO          467    .text.RST_CLK_CPU_PLLuse  mdr32fxqi_rst_clk.o
    0x00000e80   0x00000e80   0x00000028   Code   RO          473    .text.RST_CLK_CPUclkPrescaler  mdr32fxqi_rst_clk.o
    0x00000ea8   0x00000ea8   0x00000028   Code   RO          441    .text.RST_CLK_CPUclkSelection  mdr32fxqi_rst_clk.o
    0x00000ed0   0x00000ed0   0x00000260   Code   RO          503    .text.RST_CLK_GetClocksFreq  mdr32fxqi_rst_clk.o
    0x00001130   0x00001130   0x00000058   Code   RO          447    .text.RST_CLK_GetFlagStatus  mdr32fxqi_rst_clk.o
    0x00001188   0x00001188   0x00000044   Code   RO          443    .text.RST_CLK_HSEconfig  mdr32fxqi_rst_clk.o
    0x000011cc   0x000011cc   0x00000064   Code   RO          445    .text.RST_CLK_HSEstatus  mdr32fxqi_rst_clk.o
    0x00001230   0x00001230   0x0000002c   Code   RO          435    .text.RST_CLK_PCLKcmd  mdr32fxqi_rst_clk.o
    0x0000125c   0x0000125c   0x000000c0   Code   RO          202    .text.SystemCoreClockUpdate  system_mdr32f1qi.o
    0x0000131c   0x0000131c   0x00000064   Code   RO          204    .text.SystemInit    system_mdr32f1qi.o
    0x00001380   0x00001380   0x00000048   Code   RO           62    .text.TIMER1_init   timer.o
    0x000013c8   0x000013c8   0x00000044   Code   RO           64    .text.TIMER2_init   timer.o
    0x0000140c   0x0000140c   0x00000108   Code   RO          626    .text.TIMER_BRGInit  mdr32fxqi_timer.o
    0x00001514   0x00001514   0x00000034   Code   RO          518    .text.TIMER_Cmd     mdr32fxqi_timer.o
    0x00001548   0x00001548   0x00000058   Code   RO          514    .text.TIMER_CntInit  mdr32fxqi_timer.o
    0x000015a0   0x000015a0   0x0000003a   Code   RO          516    .text.TIMER_CntStructInit  mdr32fxqi_timer.o
    0x000015da   0x000015da   0x0000000c   Code   RO          522    .text.TIMER_GetCounter  mdr32fxqi_timer.o
    0x000015e6   0x000015e6   0x00000002   PAD
    0x000015e8   0x000015e8   0x00000048   Code   RO           81    .text.UART1_IRQHandler  uart.o
    0x00001630   0x00001630   0x00000048   Code   RO           83    .text.UART2_IRQHandler  uart.o
    0x00001678   0x00001678   0x00000074   Code   RO          667    .text.UART_BRGInit  mdr32fxqi_uart.o
    0x000016ec   0x000016ec   0x00000014   Code   RO          649    .text.UART_ClearITPendingBit  mdr32fxqi_uart.o
    0x00001700   0x00001700   0x00000030   Code   RO          641    .text.UART_Cmd      mdr32fxqi_uart.o
    0x00001730   0x00001730   0x00000030   Code   RO          653    .text.UART_DMACmd   mdr32fxqi_uart.o
    0x00001760   0x00001760   0x00000032   Code   RO          665    .text.UART_GetFlagStatus  mdr32fxqi_uart.o
    0x00001792   0x00001792   0x0000002e   Code   RO          643    .text.UART_ITConfig  mdr32fxqi_uart.o
    0x000017c0   0x000017c0   0x00000114   Code   RO          637    .text.UART_Init     mdr32fxqi_uart.o
    0x000018d4   0x000018d4   0x0000000e   Code   RO          657    .text.UART_ReceiveData  mdr32fxqi_uart.o
    0x000018e2   0x000018e2   0x00000012   Code   RO          655    .text.UART_SendData  mdr32fxqi_uart.o
    0x000018f4   0x000018f4   0x0000002c   Code   RO          330    .text.__NVIC_ClearPendingIRQ  mdr32fxqi_dma.o
    0x00001920   0x00001920   0x0000002c   Code   RO           87    .text.__NVIC_EnableIRQ  uart.o
    0x0000194c   0x0000194c   0x000000c0   Code   RO           47    .text.crc32         rs422_protocol.o
    0x00001a0c   0x00001a0c   0x00000040   Code   RO          117    .text.ebc_config    ebc.o
    0x00001a4c   0x00001a4c   0x00000118   Code   RO          115    .text.ebc_ports_config  ebc.o
    0x00001b64   0x00001b64   0x000002f4   Code   RO          184    .text.init_external_ram_space  external_ram.o
    0x00001e58   0x00001e58   0x000000c8   Code   RO           22    .text.main          main.o
    0x00001f20   0x00001f20   0x00000754   Code   RO           49    .text.protocol_do_cmds  rs422_protocol.o
    0x00002674   0x00002674   0x000002b0   Code   RO           45    .text.receive_packet  rs422_protocol.o
    0x00002924   0x00002924   0x00000050   Code   RO           24    .text.request_data  main.o
    0x00002974   0x00002974   0x00000140   Code   RO           43    .text.transmit_packet  rs422_protocol.o
    0x00002ab4   0x00002ab4   0x0000009a   Code   RO           85    .text.uart_init     uart.o
    0x00002b4e   0x00002b4e   0x00000002   PAD
    0x00002b50   0x00002b50   0x000001f8   Code   RO           91    .text.uart_read     uart.o
    0x00002d48   0x00002d48   0x00000010   Code   RO           95    .text.uart_read_pos  uart.o
    0x00002d58   0x00002d58   0x00000034   Code   RO           93    .text.uart_set_pos  uart.o
    0x00002d8c   0x00002d8c   0x0000001a   Code   RO          103    .text.uart_set_read_timeout  uart.o
    0x00002da6   0x00002da6   0x0000001a   Code   RO          105    .text.uart_set_write_timeout  uart.o
    0x00002dc0   0x00002dc0   0x000000b0   Code   RO           89    .text.uart_write    uart.o
    0x00002e70   0x00002e70   0x00000004   Data   RO          186    .rodata.str1.1      external_ram.o
    0x00002e74   0x00002e74   0x00000030   Data   RO          867    Region$$Table       anon$$obj.o


    Execution Region RW_IRAM1 (Exec base: 0x20000000, Load base: 0x00002ea8, Size: 0x000020b0, Max: 0x00008000, ABSOLUTE)

    Exec Addr    Load Addr    Size         Type   Attr      Idx    E Section Name        Object

    0x20000000   0x00002ea8   0x00000004   Data   RW          206    .data.SystemCoreClock  system_mdr32f1qi.o
    0x20000004   0x00002eac   0x00000004   PAD
    0x20000008        -       0x00000060   Zero   RW          731    .bss                c_p.l(libspace.o)
    0x20000068        -       0x00000020   Zero   RW           70    .bss.TIMER1InitStruct  timer.o
    0x20000088        -       0x00000020   Zero   RW           71    .bss.TIMER2InitStruct  timer.o
    0x200000a8        -       0x00000004   Zero   RW           26    .bss.ram_space_pointer  main.o
    0x200000ac   0x00002eac   0x00000004   PAD
    0x200000b0        -       0x00001000   Zero   RW          193    HEAP                startup_mdr32f1qi.o
    0x200010b0        -       0x00001000   Zero   RW          192    STACK               startup_mdr32f1qi.o


    Execution Region RW_IRAM2 (Exec base: 0x20100000, Load base: 0x00003000, Size: 0x00000800, Max: 0x00004000, ABSOLUTE, COMPRESSED[0x00000014])

    Exec Addr    Load Addr    Size         Type   Attr      Idx    E Section Name        Object

    0x20100000   COMPRESSED   0x00000258   Data   RW          107    EXECUTABLE_MEMORY_SECTION  uart.o
    0x20100258   COMPRESSED   0x000001a8   PAD
    0x20100400   COMPRESSED   0x00000400   Data   RW          356    EXECUTABLE_MEMORY_SECTION  mdr32fxqi_dma.o


==============================================================================

Image component sizes


      Code (inc. data)   RO Data    RW Data    ZI Data      Debug   Object Name

        96          0          0          0          0       1664   clock.o
       120         32          0          0          0       3732   dma.o
       344         32          0          0          0       5581   ebc.o
       756         52          4          0          0       4356   external_ram.o
       280         16          0          0          4       9010   main.o
        40          4          0          0          0       6187   mdr32fxqi_bkp.o
       880        100          0       1024          0       8613   mdr32fxqi_dma.o
       248         12          0          0          0       5994   mdr32fxqi_ebc.o
       388          8          0          0          0       4906   mdr32fxqi_port.o
      1308         20          0          0          0      12829   mdr32fxqi_rst_clk.o
       474         20          0          0          0      21062   mdr32fxqi_timer.o
       636         24          0          0          0       7536   mdr32fxqi_uart.o
       160          8          0          0          0       2703   ports.o
      3076        264          0          0          0       6360   rs422_protocol.o
       116         28        192          0       8192       1944   startup_mdr32f1qi.o
       292         56          0          4          0       1557   system_mdr32f1qi.o
       140         20          0          0         64       3304   timer.o
      1282         24          0        600          0      10075   uart.o

    ----------------------------------------------------------------------
     10644        720        244       2052       8268     117413   Object Totals
         0          0         48          0          0          0   (incl. Generated)
         8          0          0        424          8          0   (incl. Padding)

    ----------------------------------------------------------------------

      Code (inc. data)   RO Data    RW Data    ZI Data      Debug   Library Member Name

        58          0          0          0          0          0   __dczerorl.o
         8          0          0          0          0         68   __main.o
         0          0          0          0          0          0   __rtentry.o
        12          0          0          0          0          0   __rtentry2.o
         6          0          0          0          0          0   __rtentry4.o
        60          8          0          0          0          0   __scatter.o
        26          0          0          0          0          0   __scatter_copy.o
        28          0          0          0          0          0   __scatter_zi.o
       364          4          0          0          0         92   aeabi_sdiv.o
        16          0          0          0          0         68   exit.o
         6          0          0          0          0        136   heapauxi.o
         0          0          0          0          0          0   indicate_semi.o
         2          0          0          0          0          0   libinit.o
         2          0          0          0          0          0   libinit2.o
         2          0          0          0          0          0   libshutdown.o
         2          0          0          0          0          0   libshutdown2.o
         8          4          0          0         96         68   libspace.o
        64          0          0          0          0        108   rt_memclr.o
       186          0          0          0          0        144   rt_memcpy.o
         2          0          0          0          0          0   rtexit.o
        10          0          0          0          0          0   rtexit2.o
       108          4          0          0          0         76   strncpy.o
        12          4          0          0          0         60   sys_exit.o
        62          0          0          0          0         80   sys_stackheap_outer.o
         2          0          0          0          0         68   use_no_semi.o

    ----------------------------------------------------------------------
      1052         24          0          0         96        968   Library Totals
         6          0          0          0          0          0   (incl. Padding)

    ----------------------------------------------------------------------

      Code (inc. data)   RO Data    RW Data    ZI Data      Debug   Library Name

      1046         24          0          0         96        968   c_p.l

    ----------------------------------------------------------------------
      1052         24          0          0         96        968   Library Totals

    ----------------------------------------------------------------------

==============================================================================


      Code (inc. data)   RO Data    RW Data    ZI Data      Debug   

     11696        744        244       2052       8364     117805   Grand Totals
     11696        744        244         24       8364     117805   ELF Image Totals (compressed)
     11696        744        244         24          0          0   ROM Totals

==============================================================================

    Total RO  Size (Code + RO Data)                11940 (  11.66kB)
    Total RW  Size (RW Data + ZI Data)             10416 (  10.17kB)
    Total ROM Size (Code + RO Data + RW Data)      11964 (  11.68kB)

==============================================================================

