Component: ARM Compiler 6.16 Tool: armlink [5dfeaa00]

==============================================================================

Section Cross References

    main.o(.text.main) refers to clock.o(.text.clock_init) for clock_init
    main.o(.text.main) refers to dma.o(.text.dma_common_init) for dma_common_init
    main.o(.text.main) refers to ebc.o(.text.ebc_init) for ebc_init
    main.o(.text.main) refers to external_ram.o(.text.init_external_ram_space) for init_external_ram_space
    main.o(.text.main) refers to leds.o(.text.leds_gpio_config) for leds_gpio_config
    main.o(.text.main) refers to timers.o(.text.list_tmr_handler_init) for list_tmr_handler_init
    main.o(.text.main) refers to timers.o(.text.list_tmr_handler_add_tail) for list_tmr_handler_add_tail
    main.o(.text.main) refers to spi.o(.text.spi_init) for spi_init
    main.o(.text.main) refers to timers.o(.text.timer_init) for timer_init
    main.o(.text.main) refers to external_ram.o(.text.find_max_halfword) for find_max_halfword
    main.o(.text.main) refers to 1273pv19t.o(.text.adc_init) for adc_init
    main.o(.text.main) refers to uart.o(.text.uart_set_read_timeout) for uart_set_read_timeout
    main.o(.text.main) refers to uart.o(.text.uart_init) for uart_init
    main.o(.text.main) refers to uart.o(.text.DMA_UART_RX_init) for DMA_UART_RX_init
    main.o(.text.main) refers to main.o(.text.request_data) for request_data
    main.o(.text.main) refers to main.o(.text.sync_adc_chanels) for sync_adc_chanels
    main.o(.text.main) refers to main.o(.text.receive_adc_chanel_pack) for receive_adc_chanel_pack
    main.o(.text.main) refers to spi.o(.bss.spi_1) for spi_1
    main.o(.text.main) refers to main.o(.bss.ram_space_pointer) for ram_space_pointer
    main.o(.text.main) refers to timers.o(.bss.timer_1) for timer_1
    main.o(.text.main) refers to timers.o(.bss.timer_3) for timer_3
    main.o(.text.main) refers to timers.o(.bss.timer_2) for timer_2
    main.o(.text.main) refers to 1273pv19t.o(.bss.adc_1) for adc_1
    main.o(.text.main) refers to uart.o(.bss.uart_1) for uart_1
    main.o(.text.main) refers to uart.o(.bss.uart_2) for uart_2
    main.o(.ARM.exidx.text.main) refers to main.o(.text.main) for [Anonymous Symbol]
    main.o(.text.sync_adc_chanels) refers to mdr32fxqi_timer.o(.text.TIMER_ITConfig) for TIMER_ITConfig
    main.o(.text.sync_adc_chanels) refers to rt_memcpy.o(.text) for __aeabi_memcpy
    main.o(.text.sync_adc_chanels) refers to mdr32fxqi_timer.o(.text.TIMER_ClearFlag) for TIMER_ClearFlag
    main.o(.text.sync_adc_chanels) refers to 1273pv19t.o(.bss.adc_1) for adc_1
    main.o(.text.sync_adc_chanels) refers to main.o(.bss.ram_space_pointer) for ram_space_pointer
    main.o(.text.sync_adc_chanels) refers to spi.o(.bss.spi_1) for spi_1
    main.o(.ARM.exidx.text.sync_adc_chanels) refers to main.o(.text.sync_adc_chanels) for [Anonymous Symbol]
    main.o(.text.receive_adc_chanel_pack) refers to mdr32fxqi_timer.o(.text.TIMER_ITConfig) for TIMER_ITConfig
    main.o(.text.receive_adc_chanel_pack) refers to mdr32fxqi_timer.o(.text.TIMER_SetCounter) for TIMER_SetCounter
    main.o(.text.receive_adc_chanel_pack) refers to mdr32fxqi_timer.o(.text.TIMER_ClearFlag) for TIMER_ClearFlag
    main.o(.text.receive_adc_chanel_pack) refers to 1273pv19t.o(.bss.adc_1) for adc_1
    main.o(.ARM.exidx.text.receive_adc_chanel_pack) refers to main.o(.text.receive_adc_chanel_pack) for [Anonymous Symbol]
    main.o(.text.request_data) refers to rs422_protocol.o(.text.receive_packet) for receive_packet
    main.o(.text.request_data) refers to main.o(.text.do_mpa_task) for do_mpa_task
    main.o(.text.request_data) refers to rs422_protocol.o(.text.protocol_do_cmds) for protocol_do_cmds
    main.o(.text.request_data) refers to rs422_protocol.o(.text.transmit_packet) for transmit_packet
    main.o(.text.request_data) refers to 1273pv19t.o(.bss.adc_1) for adc_1
    main.o(.ARM.exidx.text.request_data) refers to main.o(.text.request_data) for [Anonymous Symbol]
    main.o(.text.do_mpa_task) refers to external_ram.o(.text.find_max_halfword) for find_max_halfword
    main.o(.text.do_mpa_task) refers to aeabi_sdiv.o(.text) for __aeabi_idiv
    main.o(.text.do_mpa_task) refers to fflti.o(.text) for __aeabi_i2f
    main.o(.text.do_mpa_task) refers to fmul.o(x$fpl$fmul) for __aeabi_fmul
    main.o(.text.do_mpa_task) refers to faddsub.o(x$fpl$fadd) for __aeabi_fadd
    main.o(.text.do_mpa_task) refers to main.o(.bss.ram_space_pointer) for ram_space_pointer
    main.o(.text.do_mpa_task) refers to 1273pv19t.o(.bss.adc_1) for adc_1
    main.o(.ARM.exidx.text.do_mpa_task) refers to main.o(.text.do_mpa_task) for [Anonymous Symbol]
    main.o(.data.heap_ptr) refers to main.o(.bss.heap) for heap
    rs422_protocol.o(.text.transmit_packet) refers to rt_memcpy.o(.text) for __aeabi_memcpy
    rs422_protocol.o(.text.transmit_packet) refers to rs422_protocol.o(.text.crc32) for crc32
[...]
    [Anonymous Symbol]                       0x00000b1e   Section        0  mdr32fxqi_ebc.o(.text.EBC_StructInit)
    [Anonymous Symbol]                       0x00000b58   Section        0  mdr32fxqi_port.o(.text.PORT_Init)
    __arm_cp.1_0                             0x00000ca0   Number         4  mdr32fxqi_port.o(.text.PORT_Init)
    [Anonymous Symbol]                       0x00000ca4   Section        0  mdr32fxqi_port.o(.text.PORT_ResetBits)
    [Anonymous Symbol]                       0x00000cb4   Section        0  mdr32fxqi_port.o(.text.PORT_SetBits)
    [Anonymous Symbol]                       0x00000cc4   Section        0  mdr32fxqi_port.o(.text.PORT_StructInit)
    __arm_cp.2_0                             0x00000cf8   Number         4  mdr32fxqi_port.o(.text.PORT_StructInit)
    [Anonymous Symbol]                       0x00000cfc   Section        0  mdr32fxqi_port.o(.text.PORT_WriteBit)
    [Anonymous Symbol]                       0x00000d24   Section        0  mdr32fxqi_rst_clk.o(.text.RST_CLK_CPU_PLLcmd)
    [Anonymous Symbol]                       0x00000d58   Section        0  mdr32fxqi_rst_clk.o(.text.RST_CLK_CPU_PLLconfig)
    __arm_cp.15_1                            0x00000dc8   Number         4  mdr32fxqi_rst_clk.o(.text.RST_CLK_CPU_PLLconfig)
    [Anonymous Symbol]                       0x00000dcc   Section        0  mdr32fxqi_rst_clk.o(.text.RST_CLK_CPU_PLLstatus)
    [Anonymous Symbol]                       0x00000e30   Section        0  mdr32fxqi_rst_clk.o(.text.RST_CLK_CPU_PLLuse)
    [Anonymous Symbol]                       0x00000e68   Section        0  mdr32fxqi_rst_clk.o(.text.RST_CLK_CPUclkPrescaler)
    [Anonymous Symbol]                       0x00000e90   Section        0  mdr32fxqi_rst_clk.o(.text.RST_CLK_CPUclkSelection)
    [Anonymous Symbol]                       0x00000eb8   Section        0  mdr32fxqi_rst_clk.o(.text.RST_CLK_DeInit)
    __arm_cp.0_0                             0x00000ed0   Number         4  mdr32fxqi_rst_clk.o(.text.RST_CLK_DeInit)
    __arm_cp.0_2                             0x00000ed4   Number         4  mdr32fxqi_rst_clk.o(.text.RST_CLK_DeInit)
    [Anonymous Symbol]                       0x00000ed8   Section        0  mdr32fxqi_rst_clk.o(.text.RST_CLK_GetClocksFreq)
    __arm_cp.36_0                            0x0000112c   Number         4  mdr32fxqi_rst_clk.o(.text.RST_CLK_GetClocksFreq)
    __arm_cp.36_1                            0x00001130   Number         4  mdr32fxqi_rst_clk.o(.text.RST_CLK_GetClocksFreq)
    __arm_cp.36_2                            0x00001134   Number         4  mdr32fxqi_rst_clk.o(.text.RST_CLK_GetClocksFreq)
    __arm_cp.36_3                            0x00001138   Number         4  mdr32fxqi_rst_clk.o(.text.RST_CLK_GetClocksFreq)
    [Anonymous Symbol]                       0x0000113c   Section        0  mdr32fxqi_rst_clk.o(.text.RST_CLK_GetFlagStatus)
    __arm_cp.6_1                             0x0000118c   Number         4  mdr32fxqi_rst_clk.o(.text.RST_CLK_GetFlagStatus)
    [Anonymous Symbol]                       0x00001190   Section        0  mdr32fxqi_rst_clk.o(.text.RST_CLK_HSEconfig)
    [Anonymous Symbol]                       0x000011d4   Section        0  mdr32fxqi_rst_clk.o(.text.RST_CLK_HSEstatus)
    [Anonymous Symbol]                       0x00001238   Section        0  mdr32fxqi_rst_clk.o(.text.RST_CLK_HSIcmd)
    __arm_cp.2_0                             0x00001274   Number         4  mdr32fxqi_rst_clk.o(.text.RST_CLK_HSIcmd)
    [Anonymous Symbol]                       0x00001278   Section        0  mdr32fxqi_rst_clk.o(.text.RST_CLK_HSIstatus)
    [Anonymous Symbol]                       0x000012dc   Section        0  mdr32fxqi_rst_clk.o(.text.RST_CLK_PCLKcmd)
    [Anonymous Symbol]                       0x00001308   Section        0  mdr32fxqi_rst_clk.o(.text.RST_CLK_WarmDeInit)
    __arm_cp.1_1                             0x0000134c   Number         4  mdr32fxqi_rst_clk.o(.text.RST_CLK_WarmDeInit)
    __arm_cp.1_2                             0x00001350   Number         4  mdr32fxqi_rst_clk.o(.text.RST_CLK_WarmDeInit)
    __arm_cp.1_3                             0x00001354   Number         4  mdr32fxqi_rst_clk.o(.text.RST_CLK_WarmDeInit)
    __arm_cp.1_4                             0x00001358   Number         4  mdr32fxqi_rst_clk.o(.text.RST_CLK_WarmDeInit)
    __arm_cp.1_5                             0x0000135c   Number         4  mdr32fxqi_rst_clk.o(.text.RST_CLK_WarmDeInit)
    __arm_cp.1_6                             0x00001360   Number         4  mdr32fxqi_rst_clk.o(.text.RST_CLK_WarmDeInit)
    __arm_cp.1_7                             0x00001364   Number         4  mdr32fxqi_rst_clk.o(.text.RST_CLK_WarmDeInit)
    [Anonymous Symbol]                       0x00001368   Section        0  mdr32fxqi_ssp.o(.text.SSP_BRGInit)
    __arm_cp.12_1                            0x00001404   Number         4  mdr32fxqi_ssp.o(.text.SSP_BRGInit)
    __arm_cp.12_2                            0x00001408   Number         4  mdr32fxqi_ssp.o(.text.SSP_BRGInit)
    __arm_cp.12_3                            0x0000140c   Number         4  mdr32fxqi_ssp.o(.text.SSP_BRGInit)
    [Anonymous Symbol]                       0x00001410   Section        0  mdr32fxqi_ssp.o(.text.SSP_Cmd)
    __arm_cp.3_0                             0x0000143c   Number         4  mdr32fxqi_ssp.o(.text.SSP_Cmd)
    [Anonymous Symbol]                       0x00001440   Section        0  mdr32fxqi_ssp.o(.text.SSP_GetFlagStatus)
    [Anonymous Symbol]                       0x00001472   Section        0  mdr32fxqi_ssp.o(.text.SSP_ITConfig)
    [Anonymous Symbol]                       0x000014a0   Section        0  mdr32fxqi_ssp.o(.text.SSP_Init)
    [Anonymous Symbol]                       0x000014e0   Section        0  mdr32fxqi_ssp.o(.text.SSP_SendData)
    [Anonymous Symbol]                       0x000014f2   Section        0  mdr32fxqi_ssp.o(.text.SSP_StructInit)
    [Anonymous Symbol]                       0x00001520   Section        0  system_mdr32f1qi.o(.text.SystemCoreClockUpdate)
    __arm_cp.0_1                             0x000015d0   Number         4  system_mdr32f1qi.o(.text.SystemCoreClockUpdate)
    __arm_cp.0_3                             0x000015d4   Number         4  system_mdr32f1qi.o(.text.SystemCoreClockUpdate)
    __arm_cp.0_4                             0x000015d8   Number         4  system_mdr32f1qi.o(.text.SystemCoreClockUpdate)
    [Anonymous Symbol]                       0x000015dc   Section        0  system_mdr32f1qi.o(.text.SystemInit)
    __arm_cp.1_0                             0x00001618   Number         4  system_mdr32f1qi.o(.text.SystemInit)
    __arm_cp.1_1                             0x0000161c   Number         4  system_mdr32f1qi.o(.text.SystemInit)
    __arm_cp.1_2                             0x00001620   Number         4  system_mdr32f1qi.o(.text.SystemInit)
    __arm_cp.1_3                             0x00001624   Number         4  system_mdr32f1qi.o(.text.SystemInit)
    __arm_cp.1_4                             0x00001628   Number         4  system_mdr32f1qi.o(.text.SystemInit)
    __arm_cp.1_5                             0x0000162c   Number         4  system_mdr32f1qi.o(.text.SystemInit)
    __arm_cp.1_6                             0x00001630   Number         4  system_mdr32f1qi.o(.text.SystemInit)
    __arm_cp.1_7                             0x00001634   Number         4  system_mdr32f1qi.o(.text.SystemInit)
    __arm_cp.1_8                             0x00001638   Number         4  system_mdr32f1qi.o(.text.SystemInit)
    __arm_cp.1_9                             0x0000163c   Number         4  system_mdr32f1qi.o(.text.SystemInit)
    __arm_cp.1_10                            0x00001640   Number         4  system_mdr32f1qi.o(.text.SystemInit)
    __arm_cp.1_11                            0x00001644   Number         4  system_mdr32f1qi.o(.text.SystemInit)
    [Anonymous Symbol]                       0x00001648   Section        0  timers.o(.text.TIMER2_IRQHandler)
    __arm_cp.5_0                             0x00001710   Number         4  timers.o(.text.TIMER2_IRQHandler)
    __arm_cp.5_1                             0x00001714   Number         4  timers.o(.text.TIMER2_IRQHandler)
    [Anonymous Symbol]                       0x00001718   Section        0  mdr32fxqi_timer.o(.text.TIMER_BRGInit)
    __arm_cp.59_0                            0x0000180c   Number         4  mdr32fxqi_timer.o(.text.TIMER_BRGInit)
    __arm_cp.59_1                            0x00001810   Number         4  mdr32fxqi_timer.o(.text.TIMER_BRGInit)
    __arm_cp.59_2                            0x00001814   Number         4  mdr32fxqi_timer.o(.text.TIMER_BRGInit)
    __arm_cp.59_3                            0x00001818   Number         4  mdr32fxqi_timer.o(.text.TIMER_BRGInit)
    __arm_cp.59_4                            0x0000181c   Number         4  mdr32fxqi_timer.o(.text.TIMER_BRGInit)
    __arm_cp.59_5                            0x00001820   Number         4  mdr32fxqi_timer.o(.text.TIMER_BRGInit)
    [Anonymous Symbol]                       0x00001824   Section        0  mdr32fxqi_timer.o(.text.TIMER_ChnCCR1_Cmd)
    [Anonymous Symbol]                       0x00001874   Section        0  mdr32fxqi_timer.o(.text.TIMER_ChnInit)
    [Anonymous Symbol]                       0x00001904   Section        0  mdr32fxqi_timer.o(.text.TIMER_ChnStructInit)
    [Anonymous Symbol]                       0x00001944   Section        0  mdr32fxqi_timer.o(.text.TIMER_ClearFlag)
    [Anonymous Symbol]                       0x00001956   Section        0  mdr32fxqi_timer.o(.text.TIMER_Cmd)
    [Anonymous Symbol]                       0x0000198a   Section        0  mdr32fxqi_timer.o(.text.TIMER_CntInit)
    [Anonymous Symbol]                       0x000019e2   Section        0  mdr32fxqi_timer.o(.text.TIMER_CntStructInit)
    [Anonymous Symbol]                       0x00001a1c   Section        0  mdr32fxqi_timer.o(.text.TIMER_GetCounter)
    [Anonymous Symbol]                       0x00001a28   Section        0  mdr32fxqi_timer.o(.text.TIMER_GetITStatus)
    [Anonymous Symbol]                       0x00001a62   Section        0  mdr32fxqi_timer.o(.text.TIMER_ITConfig)
    [Anonymous Symbol]                       0x00001a98   Section        0  mdr32fxqi_timer.o(.text.TIMER_SetCounter)
    [Anonymous Symbol]                       0x00001aa8   Section        0  uart.o(.text.UART1_IRQHandler)
    __arm_cp.0_0                             0x00001ae8   Number         4  uart.o(.text.UART1_IRQHandler)
    [Anonymous Symbol]                       0x00001aec   Section        0  uart.o(.text.UART2_IRQHandler)
    __arm_cp.1_0                             0x00001b2c   Number         4  uart.o(.text.UART2_IRQHandler)
    __arm_cp.1_1                             0x00001b30   Number         4  uart.o(.text.UART2_IRQHandler)
    [Anonymous Symbol]                       0x00001b34   Section        0  mdr32fxqi_uart.o(.text.UART_BRGInit)
    __arm_cp.16_0                            0x00001ba4   Number         4  mdr32fxqi_uart.o(.text.UART_BRGInit)
    [Anonymous Symbol]                       0x00001ba8   Section        0  mdr32fxqi_uart.o(.text.UART_ClearITPendingBit)
    [Anonymous Symbol]                       0x00001bb8   Section        0  mdr32fxqi_uart.o(.text.UART_Cmd)
    __arm_cp.3_0                             0x00001be4   Number         4  mdr32fxqi_uart.o(.text.UART_Cmd)
    [Anonymous Symbol]                       0x00001be8   Section        0  mdr32fxqi_uart.o(.text.UART_DMACmd)
    [Anonymous Symbol]                       0x00001c18   Section        0  mdr32fxqi_uart.o(.text.UART_GetFlagStatus)
    [Anonymous Symbol]                       0x00001c4a   Section        0  mdr32fxqi_uart.o(.text.UART_ITConfig)
    [Anonymous Symbol]                       0x00001c78   Section        0  mdr32fxqi_uart.o(.text.UART_Init)
    __arm_cp.1_0                             0x00001d5c   Number         4  mdr32fxqi_uart.o(.text.UART_Init)
    __arm_cp.1_1                             0x00001d60   Number         4  mdr32fxqi_uart.o(.text.UART_Init)
    __arm_cp.1_2                             0x00001d64   Number         4  mdr32fxqi_uart.o(.text.UART_Init)
    [Anonymous Symbol]                       0x00001d68   Section        0  mdr32fxqi_uart.o(.text.UART_ReceiveData)
    [Anonymous Symbol]                       0x00001d76   Section        0  mdr32fxqi_uart.o(.text.UART_SendData)
    __NVIC_ClearPendingIRQ                   0x00001d89   Thumb Code    40  mdr32fxqi_dma.o(.text.__NVIC_ClearPendingIRQ)
    [Anonymous Symbol]                       0x00001d88   Section        0  mdr32fxqi_dma.o(.text.__NVIC_ClearPendingIRQ)
    __arm_cp.1_0                             0x00001db0   Number         4  mdr32fxqi_dma.o(.text.__NVIC_ClearPendingIRQ)
    __NVIC_DisableIRQ                        0x00001db5   Thumb Code    48  spi.o(.text.__NVIC_DisableIRQ)
    [Anonymous Symbol]                       0x00001db4   Section        0  spi.o(.text.__NVIC_DisableIRQ)
    __arm_cp.2_0                             0x00001de4   Number         4  spi.o(.text.__NVIC_DisableIRQ)
    __NVIC_EnableIRQ                         0x00001de9   Thumb Code    40  uart.o(.text.__NVIC_EnableIRQ)
    [Anonymous Symbol]                       0x00001de8   Section        0  uart.o(.text.__NVIC_EnableIRQ)
    __NVIC_EnableIRQ                         0x00001e11   Thumb Code    40  timers.o(.text.__NVIC_EnableIRQ)
    [Anonymous Symbol]                       0x00001e10   Section        0  timers.o(.text.__NVIC_EnableIRQ)
    __arm_cp.3_0                             0x00001e38   Number         4  timers.o(.text.__NVIC_EnableIRQ)
    __NVIC_SetPriority                       0x00001e3d   Thumb Code   128  uart.o(.text.__NVIC_SetPriority)
    [Anonymous Symbol]                       0x00001e3c   Section        0  uart.o(.text.__NVIC_SetPriority)
    __arm_cp.5_0                             0x00001ebc   Number         4  uart.o(.text.__NVIC_SetPriority)
    __arm_cp.5_1                             0x00001ec0   Number         4  uart.o(.text.__NVIC_SetPriority)
    [Anonymous Symbol]                       0x00001ec4   Section        0  list.o(.text.__list_add)
    [Anonymous Symbol]                       0x00001f18   Section        0  1273pv19t.o(.text.adc_gpio_config)
    __arm_cp.0_0                             0x00001fc8   Number         4  1273pv19t.o(.text.adc_gpio_config)
    __arm_cp.0_2                             0x00001fcc   Number         4  1273pv19t.o(.text.adc_gpio_config)
    [Anonymous Symbol]                       0x00001fd0   Section        0  1273pv19t.o(.text.adc_init)
    __arm_cp.1_1                             0x00002060   Number         4  1273pv19t.o(.text.adc_init)
    __arm_cp.1_2                             0x00002064   Number         4  1273pv19t.o(.text.adc_init)
    __arm_cp.1_3                             0x00002068   Number         4  1273pv19t.o(.text.adc_init)
    __arm_cp.1_4                             0x0000206c   Number         4  1273pv19t.o(.text.adc_init)
    __arm_cp.1_5                             0x00002070   Number         4  1273pv19t.o(.text.adc_init)
    [Anonymous Symbol]                       0x00002074   Section        0  1273pv19t.o(.text.adc_reset)
    __arm_cp.2_0                             0x00002098   Number         4  1273pv19t.o(.text.adc_reset)
    [Anonymous Symbol]                       0x0000209c   Section        0  clock.o(.text.clock_init)
    [Anonymous Symbol]                       0x000020f4   Section        0  rs422_protocol.o(.text.crc32)
    __arm_cp.1_1                             0x00002150   Number         4  rs422_protocol.o(.text.crc32)
    [Anonymous Symbol]                       0x00002154   Section        0  timers.o(.text.delay_micro)
    __arm_cp.7_0                             0x00002178   Number         4  timers.o(.text.delay_micro)
    [Anonymous Symbol]                       0x0000217c   Section        0  timers.o(.text.delay_milli)
    __arm_cp.6_0                             0x000021a4   Number         4  timers.o(.text.delay_milli)
    [Anonymous Symbol]                       0x000021a8   Section        0  dma.o(.text.dma_common_init)
    __arm_cp.0_0                             0x000021d0   Number         4  dma.o(.text.dma_common_init)
    __arm_cp.0_1                             0x000021d4   Number         4  dma.o(.text.dma_common_init)
    __arm_cp.0_2                             0x000021d8   Number         4  dma.o(.text.dma_common_init)
    __arm_cp.0_3                             0x000021dc   Number         4  dma.o(.text.dma_common_init)
    __arm_cp.0_4                             0x000021e0   Number         4  dma.o(.text.dma_common_init)
    __arm_cp.0_5                             0x000021e4   Number         4  dma.o(.text.dma_common_init)
    [Anonymous Symbol]                       0x000021e8   Section        0  main.o(.text.do_mpa_task)
    __arm_cp.4_0                             0x00002414   Number         4  main.o(.text.do_mpa_task)
    __arm_cp.4_1                             0x00002418   Number         4  main.o(.text.do_mpa_task)
    __arm_cp.4_2                             0x0000241c   Number         4  main.o(.text.do_mpa_task)
    __arm_cp.4_3                             0x00002420   Number         4  main.o(.text.do_mpa_task)
    [Anonymous Symbol]                       0x00002424   Section        0  ebc.o(.text.ebc_gpio_config)
    __arm_cp.0_0                             0x000025b4   Number         4  ebc.o(.text.ebc_gpio_config)
    __arm_cp.0_1                             0x000025b8   Number         4  ebc.o(.text.ebc_gpio_config)
    __arm_cp.0_2                             0x000025bc   Number         4  ebc.o(.text.ebc_gpio_config)
    __arm_cp.0_3                             0x000025c0   Number         4  ebc.o(.text.ebc_gpio_config)
    __arm_cp.0_4                             0x000025c4   Number         4  ebc.o(.text.ebc_gpio_config)
    __arm_cp.0_5                             0x000025c8   Number         4  ebc.o(.text.ebc_gpio_config)
    __arm_cp.0_6                             0x000025cc   Number         4  ebc.o(.text.ebc_gpio_config)
    __arm_cp.0_7                             0x000025d0   Number         4  ebc.o(.text.ebc_gpio_config)
    __arm_cp.0_8                             0x000025d4   Number         4  ebc.o(.text.ebc_gpio_config)
    [Anonymous Symbol]                       0x000025d8   Section        0  ebc.o(.text.ebc_init)
    __arm_cp.1_0                             0x00002678   Number         4  ebc.o(.text.ebc_init)
    __arm_cp.1_1                             0x0000267c   Number         4  ebc.o(.text.ebc_init)
    [Anonymous Symbol]                       0x00002680   Section        0  rs422_protocol.o(.text.fill_crc32_table)
    __arm_cp.6_1                             0x000026fc   Number         4  rs422_protocol.o(.text.fill_crc32_table)
    __arm_cp.6_2                             0x00002700   Number         4  rs422_protocol.o(.text.fill_crc32_table)
    [Anonymous Symbol]                       0x00002704   Section        0  external_ram.o(.text.find_max_halfword)
    [Anonymous Symbol]                       0x00002750   Section        0  external_ram.o(.text.init_external_ram_space)
    __arm_cp.0_18                            0x000029f8   Number         4  external_ram.o(.text.init_external_ram_space)
    __arm_cp.0_19                            0x000029fc   Number         4  external_ram.o(.text.init_external_ram_space)
    __arm_cp.0_22                            0x00002a00   Number         4  external_ram.o(.text.init_external_ram_space)
    __arm_cp.0_20                            0x00002b5c   Number         4  external_ram.o(.text.init_external_ram_space)
    __arm_cp.0_21                            0x00002b60   Number         4  external_ram.o(.text.init_external_ram_space)
    __arm_cp.0_5                             0x00002b98   Number         4  external_ram.o(.text.init_external_ram_space)
    __arm_cp.0_6                             0x00002b9c   Number         4  external_ram.o(.text.init_external_ram_space)
    __arm_cp.0_7                             0x00002ba0   Number         4  external_ram.o(.text.init_external_ram_space)
    __arm_cp.0_8                             0x00002ba4   Number         4  external_ram.o(.text.init_external_ram_space)
    __arm_cp.0_9                             0x00002ba8   Number         4  external_ram.o(.text.init_external_ram_space)
    __arm_cp.0_10                            0x00002bac   Number         4  external_ram.o(.text.init_external_ram_space)
    __arm_cp.0_11                            0x00002bb0   Number         4  external_ram.o(.text.init_external_ram_space)
    __arm_cp.0_12                            0x00002bb4   Number         4  external_ram.o(.text.init_external_ram_space)
    __arm_cp.0_13                            0x00002bb8   Number         4  external_ram.o(.text.init_external_ram_space)
    __arm_cp.0_14                            0x00002bbc   Number         4  external_ram.o(.text.init_external_ram_space)
    __arm_cp.0_15                            0x00002bc0   Number         4  external_ram.o(.text.init_external_ram_space)
    __arm_cp.0_16                            0x00002bc4   Number         4  external_ram.o(.text.init_external_ram_space)
    [Anonymous Symbol]                       0x00002bc8   Section        0  list.o(.text.init_list_head)
    [Anonymous Symbol]                       0x00002bf0   Section        0  leds.o(.text.leds_gpio_config)
    __arm_cp.0_0                             0x00002c40   Number         4  leds.o(.text.leds_gpio_config)
    __arm_cp.0_1                             0x00002c44   Number         4  leds.o(.text.leds_gpio_config)
    [Anonymous Symbol]                       0x00002c48   Section        0  list.o(.text.list_add_tail)
    [Anonymous Symbol]                       0x00002c70   Section        0  timers.o(.text.list_tmr_handler_add_tail)
    [Anonymous Symbol]                       0x00002cd4   Section        0  timers.o(.text.list_tmr_handler_init)
    __arm_cp.9_0                             0x00002cf0   Number         4  timers.o(.text.list_tmr_handler_init)
    [Anonymous Symbol]                       0x00002cf4   Section        0  main.o(.text.main)
    __arm_cp.0_0                             0x00002f18   Number         4  main.o(.text.main)
    __arm_cp.0_1                             0x00002f1c   Number         4  main.o(.text.main)
    __arm_cp.0_2                             0x00002f20   Number         4  main.o(.text.main)
    __arm_cp.0_3                             0x00002f24   Number         4  main.o(.text.main)
    __arm_cp.0_4                             0x00002f28   Number         4  main.o(.text.main)
    __arm_cp.0_5                             0x00002f2c   Number         4  main.o(.text.main)
    __arm_cp.0_6                             0x00002f30   Number         4  main.o(.text.main)
    __arm_cp.0_7                             0x00002f34   Number         4  main.o(.text.main)
    __arm_cp.0_8                             0x00002f38   Number         4  main.o(.text.main)
    __arm_cp.0_9                             0x00002f3c   Number         4  main.o(.text.main)
    __arm_cp.0_10                            0x00002f40   Number         4  main.o(.text.main)
    __arm_cp.0_11                            0x00002f44   Number         4  main.o(.text.main)
    __arm_cp.0_12                            0x00002f48   Number         4  main.o(.text.main)
    __arm_cp.0_13                            0x00002f4c   Number         4  main.o(.text.main)
    __arm_cp.0_14                            0x00002f50   Number         4  main.o(.text.main)
    __arm_cp.0_15                            0x00002f54   Number         4  main.o(.text.main)
    [Anonymous Symbol]                       0x00002f58   Section        0  internal_ram.o(.text.malloc_ram_pages)
    __arm_cp.0_0                             0x00003008   Number         4  internal_ram.o(.text.malloc_ram_pages)
    [Anonymous Symbol]                       0x0000300c   Section        0  rs422_protocol.o(.text.protocol_do_cmds)
    __arm_cp.5_15                            0x00003198   Number         4  rs422_protocol.o(.text.protocol_do_cmds)
    __arm_cp.5_16                            0x0000319c   Number         4  rs422_protocol.o(.text.protocol_do_cmds)
    __arm_cp.5_19                            0x000031a8   Number         4  rs422_protocol.o(.text.protocol_do_cmds)
    __arm_cp.5_20                            0x000031ac   Number         4  rs422_protocol.o(.text.protocol_do_cmds)
    __arm_cp.5_21                            0x000031b0   Number         4  rs422_protocol.o(.text.protocol_do_cmds)
    __arm_cp.5_22                            0x000031b4   Number         4  rs422_protocol.o(.text.protocol_do_cmds)
    __arm_cp.5_23                            0x000031b8   Number         4  rs422_protocol.o(.text.protocol_do_cmds)
    __arm_cp.5_25                            0x000031c0   Number         4  rs422_protocol.o(.text.protocol_do_cmds)
    __arm_cp.5_28                            0x000035c0   Number         4  rs422_protocol.o(.text.protocol_do_cmds)
    __arm_cp.5_0                             0x000037e4   Number         4  rs422_protocol.o(.text.protocol_do_cmds)
    __arm_cp.5_6                             0x000037e8   Number         4  rs422_protocol.o(.text.protocol_do_cmds)
    __arm_cp.5_7                             0x000037ec   Number         4  rs422_protocol.o(.text.protocol_do_cmds)
    __arm_cp.5_11                            0x000037f0   Number         4  rs422_protocol.o(.text.protocol_do_cmds)
    __arm_cp.5_13                            0x000037f4   Number         4  rs422_protocol.o(.text.protocol_do_cmds)
    [Anonymous Symbol]                       0x000037f8   Section        0  main.o(.text.receive_adc_chanel_pack)
    __arm_cp.2_0                             0x000038c8   Number         4  main.o(.text.receive_adc_chanel_pack)
    [Anonymous Symbol]                       0x000038cc   Section        0  rs422_protocol.o(.text.receive_packet)
    __arm_cp.2_0                             0x00003c04   Number         4  rs422_protocol.o(.text.receive_packet)
    __arm_cp.2_1                             0x00003c08   Number         4  rs422_protocol.o(.text.receive_packet)
    __arm_cp.2_2                             0x00003c0c   Number         4  rs422_protocol.o(.text.receive_packet)
    __arm_cp.2_3                             0x00003c10   Number         4  rs422_protocol.o(.text.receive_packet)
    __arm_cp.2_4                             0x00003c14   Number         4  rs422_protocol.o(.text.receive_packet)
    __arm_cp.2_5                             0x00003c18   Number         4  rs422_protocol.o(.text.receive_packet)
    __arm_cp.2_6                             0x00003c1c   Number         4  rs422_protocol.o(.text.receive_packet)
    __arm_cp.2_7                             0x00003c20   Number         4  rs422_protocol.o(.text.receive_packet)
    __arm_cp.2_8                             0x00003c24   Number         4  rs422_protocol.o(.text.receive_packet)
    __arm_cp.2_9                             0x00003c28   Number         4  rs422_protocol.o(.text.receive_packet)
    __arm_cp.2_10                            0x00003c2c   Number         4  rs422_protocol.o(.text.receive_packet)
    __arm_cp.2_11                            0x00003c30   Number         4  rs422_protocol.o(.text.receive_packet)
    __arm_cp.2_12                            0x00003c34   Number         4  rs422_protocol.o(.text.receive_packet)
    __arm_cp.2_13                            0x00003c38   Number         4  rs422_protocol.o(.text.receive_packet)
    [Anonymous Symbol]                       0x00003c3c   Section        0  main.o(.text.request_data)
    __arm_cp.3_0                             0x00003cc8   Number         4  main.o(.text.request_data)
    __arm_cp.3_1                             0x00003ccc   Number         4  main.o(.text.request_data)
    __arm_cp.3_2                             0x00003cd0   Number         4  main.o(.text.request_data)
    [Anonymous Symbol]                       0x00003cd4   Section        0  rs422_protocol.o(.text.rx_error_handler)
    __arm_cp.3_0                             0x00003fe0   Number         4  rs422_protocol.o(.text.rx_error_handler)
    __arm_cp.3_1                             0x00003fe4   Number         4  rs422_protocol.o(.text.rx_error_handler)
    __arm_cp.3_2                             0x00003fe8   Number         4  rs422_protocol.o(.text.rx_error_handler)
    __arm_cp.3_3                             0x00003fec   Number         4  rs422_protocol.o(.text.rx_error_handler)
    __arm_cp.3_4                             0x00003ff0   Number         4  rs422_protocol.o(.text.rx_error_handler)
    __arm_cp.3_5                             0x00003ff4   Number         4  rs422_protocol.o(.text.rx_error_handler)
    [Anonymous Symbol]                       0x00003ff8   Section        0  spi.o(.text.spi_clean_fifo_rx_buf)
    [Anonymous Symbol]                       0x00004020   Section        0  spi.o(.text.spi_gpio_config)
    __arm_cp.0_0                             0x0000409c   Number         4  spi.o(.text.spi_gpio_config)
    __arm_cp.0_1                             0x000040a0   Number         4  spi.o(.text.spi_gpio_config)
    [Anonymous Symbol]                       0x000040a4   Section        0  spi.o(.text.spi_init)
    [Anonymous Symbol]                       0x0000412c   Section        0  main.o(.text.sync_adc_chanels)
    __arm_cp.1_0                             0x0000420c   Number         4  main.o(.text.sync_adc_chanels)
    __arm_cp.1_1                             0x00004210   Number         4  main.o(.text.sync_adc_chanels)
    __arm_cp.1_2                             0x00004214   Number         4  main.o(.text.sync_adc_chanels)
    __arm_cp.1_3                             0x00004218   Number         4  main.o(.text.sync_adc_chanels)
    [Anonymous Symbol]                       0x0000421c   Section        0  timers.o(.text.timer1_init)
    [Anonymous Symbol]                       0x0000428c   Section        0  timers.o(.text.timer2_init)
    [Anonymous Symbol]                       0x00004400   Section        0  timers.o(.text.timer3_init)
    [Anonymous Symbol]                       0x00004470   Section        0  timers.o(.text.timer_init)
    __arm_cp.4_0                             0x000044f0   Number         4  timers.o(.text.timer_init)
    __arm_cp.4_1                             0x000044f4   Number         4  timers.o(.text.timer_init)
    __arm_cp.4_2                             0x000044f8   Number         4  timers.o(.text.timer_init)
    [Anonymous Symbol]                       0x000044fc   Section        0  rs422_protocol.o(.text.transmit_packet)
    __arm_cp.0_0                             0x00004658   Number         4  rs422_protocol.o(.text.transmit_packet)
    __arm_cp.0_1                             0x0000465c   Number         4  rs422_protocol.o(.text.transmit_packet)
    __arm_cp.0_2                             0x00004660   Number         4  rs422_protocol.o(.text.transmit_packet)
    __arm_cp.0_3                             0x00004664   Number         4  rs422_protocol.o(.text.transmit_packet)
    __arm_cp.0_4                             0x00004668   Number         4  rs422_protocol.o(.text.transmit_packet)
    __arm_cp.0_5                             0x0000466c   Number         4  rs422_protocol.o(.text.transmit_packet)
    __arm_cp.0_6                             0x00004670   Number         4  rs422_protocol.o(.text.transmit_packet)
    __arm_cp.0_7                             0x00004674   Number         4  rs422_protocol.o(.text.transmit_packet)
    [Anonymous Symbol]                       0x00004678   Section        0  uart.o(.text.uart_clean)
    [Anonymous Symbol]                       0x00004690   Section        0  uart.o(.text.uart_gpio_config)
    __arm_cp.2_0                             0x00004760   Number         4  uart.o(.text.uart_gpio_config)
    __arm_cp.2_1                             0x00004764   Number         4  uart.o(.text.uart_gpio_config)
    __arm_cp.2_2                             0x00004768   Number         4  uart.o(.text.uart_gpio_config)
    [Anonymous Symbol]                       0x0000476c   Section        0  uart.o(.text.uart_init)
    __arm_cp.3_0                             0x00004858   Number         4  uart.o(.text.uart_init)
    __arm_cp.3_1                             0x0000485c   Number         4  uart.o(.text.uart_init)
    [Anonymous Symbol]                       0x00004860   Section        0  uart.o(.text.uart_read)
    __arm_cp.7_1                             0x00004ab4   Number         4  uart.o(.text.uart_read)
    [Anonymous Symbol]                       0x00004ab8   Section        0  uart.o(.text.uart_read_pos)
    [Anonymous Symbol]                       0x00004ac4   Section        0  uart.o(.text.uart_set_read_timeout)
    [Anonymous Symbol]                       0x00004adc   Section        0  uart.o(.text.uart_write)
    __arm_cp.6_0                             0x00004c30   Number         4  uart.o(.text.uart_write)
    __arm_cp.6_1                             0x00004c34   Number         4  uart.o(.text.uart_write)
    __arm_cp.6_2                             0x00004c38   Number         4  uart.o(.text.uart_write)
    __arm_cp.6_3                             0x00004c3c   Number         4  uart.o(.text.uart_write)
    [Anonymous Symbol]                       0x00004c40   Section        0  rs422_protocol.o(.text.um_service_byte_handler)
    __arm_cp.4_0                             0x00004e7c   Number         4  rs422_protocol.o(.text.um_service_byte_handler)
    __arm_cp.4_1                             0x00004e80   Number         4  rs422_protocol.o(.text.um_service_byte_handler)
    __arm_cp.4_2                             0x00004e84   Number         4  rs422_protocol.o(.text.um_service_byte_handler)
    x$fpl$fadd                               0x00004e88   Section      140  faddsub.o(x$fpl$fadd)
    _fadd1                                   0x00004e95   Thumb Code     0  faddsub.o(x$fpl$fadd)
    x$fpl$fmul                               0x00004f14   Section      176  fmul.o(x$fpl$fmul)
    x$fpl$fsub                               0x00004fc4   Section      208  faddsub.o(x$fpl$fsub)
    _fsub1                                   0x00004fd1   Thumb Code     0  faddsub.o(x$fpl$fsub)
    [Anonymous Symbol]                       0x00005094   Section        0  external_ram.o(.rodata.str1.1)
    x$fpl$usenofp                            0x00005094   Section        0  usenofp.o(x$fpl$usenofp)
    .bss                                     0x200000e8   Section       96  libspace.o(.bss)
    Stack_Mem                                0x20004450   Data        4096  startup_mdr32f1qi.o(STACK)
    STACK                                    0x20004450   Section     4096  startup_mdr32f1qi.o(STACK)
    __initial_sp                             0x20005450   Data           0  startup_mdr32f1qi.o(STACK)
    Heap_Mem                                 0x20100450   Data        4096  startup_mdr32f1qi.o(HEAP)
    HEAP                                     0x20100450   Section     4096  startup_mdr32f1qi.o(HEAP)

    Global Symbols

    Symbol Name                              Value     Ov Type        Size  Object(Section)

    BuildAttributes$$THM_ISAv3M$S$PE$A:L22$X:L11$S22$IEEE1$IW$~IW$USESV6$~STKCKD$USESV7$~SHL$OSPACE$ROPI$EBA8$UX$STANDARDLIB$REQ8$PRES8$EABIv2 0x00000000   Number         0  anon$$obj.o ABSOLUTE
    __Vectors                                0x00000000   Data           4  startup_mdr32f1qi.o(RESET)
    __ARM_exceptions_init                     - Undefined Weak Reference
    __alloca_initialize                       - Undefined Weak Reference
    __arm_preinit_                            - Undefined Weak Reference
    __cpp_initialize__aeabi_                  - Undefined Weak Reference
    __cxa_finalize                            - Undefined Weak Reference
    __rt_locale                               - Undefined Weak Reference
    __sigvec_lookup                           - Undefined Weak Reference
    _atexit_init                              - Undefined Weak Reference
    _call_atexit_fns                          - Undefined Weak Reference
    _clock_init                               - Undefined Weak Reference
    _fp_trap_init                             - Undefined Weak Reference
    _fp_trap_shutdown                         - Undefined Weak Reference
    _get_lc_collate                           - Undefined Weak Reference
    _get_lc_ctype                             - Undefined Weak Reference
    _get_lc_monetary                          - Undefined Weak Reference
    _get_lc_numeric                           - Undefined Weak Reference
    _get_lc_time                              - Undefined Weak Reference
    _getenv_init                              - Undefined Weak Reference
    _handle_redirection                       - Undefined Weak Reference
    _init_alloc                               - Undefined Weak Reference
    _init_user_alloc                          - Undefined Weak Reference
    _initio                                   - Undefined Weak Reference
    _rand_init                                - Undefined Weak Reference
    _signal_finish                            - Undefined Weak Reference
    _signal_init                              - Undefined Weak Reference
    _terminate_alloc                          - Undefined Weak Reference
    _terminate_user_alloc                     - Undefined Weak Reference
    _terminateio                              - Undefined Weak Reference
    __Vectors_End                            0x000000c0   Data           0  startup_mdr32f1qi.o(RESET)
    __Vectors_Size                           0x000000c0   Number         0  startup_mdr32f1qi.o ABSOLUTE
    __main                                   0x000000c1   Thumb Code     8  __main.o(!!!main)
    __scatterload                            0x000000c9   Thumb Code     0  __scatter.o(!!!scatter)
    __scatterload_rt2                        0x000000c9   Thumb Code    52  __scatter.o(!!!scatter)
    __scatterload_rt2_thumb_only             0x000000c9   Thumb Code     0  __scatter.o(!!!scatter)
    __scatterload_null                       0x000000d9   Thumb Code     0  __scatter.o(!!!scatter)
    __scatterload_copy                       0x00000105   Thumb Code    26  __scatter_copy.o(!!handler_copy)
    __scatterload_zeroinit                   0x00000121   Thumb Code    28  __scatter_zi.o(!!handler_zi)
    __rt_lib_init                            0x0000013d   Thumb Code     0  libinit.o(.ARM.Collect$$libinit$$00000000)
    __rt_lib_init_alloca_1                   0x0000013f   Thumb Code     0  libinit2.o(.ARM.Collect$$libinit$$0000002E)
    __rt_lib_init_argv_1                     0x0000013f   Thumb Code     0  libinit2.o(.ARM.Collect$$libinit$$0000002C)
    __rt_lib_init_atexit_1                   0x0000013f   Thumb Code     0  libinit2.o(.ARM.Collect$$libinit$$0000001B)
    __rt_lib_init_clock_1                    0x0000013f   Thumb Code     0  libinit2.o(.ARM.Collect$$libinit$$00000021)
    __rt_lib_init_cpp_1                      0x0000013f   Thumb Code     0  libinit2.o(.ARM.Collect$$libinit$$00000032)
    __rt_lib_init_exceptions_1               0x0000013f   Thumb Code     0  libinit2.o(.ARM.Collect$$libinit$$00000030)
    __rt_lib_init_fp_1                       0x0000013f   Thumb Code     0  libinit2.o(.ARM.Collect$$libinit$$00000002)
    __rt_lib_init_fp_trap_1                  0x0000013f   Thumb Code     0  libinit2.o(.ARM.Collect$$libinit$$0000001F)
    __rt_lib_init_getenv_1                   0x0000013f   Thumb Code     0  libinit2.o(.ARM.Collect$$libinit$$00000023)
    __rt_lib_init_heap_1                     0x0000013f   Thumb Code     0  libinit2.o(.ARM.Collect$$libinit$$0000000A)
    __rt_lib_init_lc_collate_1               0x0000013f   Thumb Code     0  libinit2.o(.ARM.Collect$$libinit$$00000011)
    __rt_lib_init_lc_ctype_1                 0x0000013f   Thumb Code     0  libinit2.o(.ARM.Collect$$libinit$$00000013)
    __rt_lib_init_lc_monetary_1              0x0000013f   Thumb Code     0  libinit2.o(.ARM.Collect$$libinit$$00000015)
    __rt_lib_init_lc_numeric_1               0x0000013f   Thumb Code     0  libinit2.o(.ARM.Collect$$libinit$$00000017)
    __rt_lib_init_lc_time_1                  0x0000013f   Thumb Code     0  libinit2.o(.ARM.Collect$$libinit$$00000019)
    __rt_lib_init_preinit_1                  0x0000013f   Thumb Code     0  libinit2.o(.ARM.Collect$$libinit$$00000004)
    __rt_lib_init_rand_1                     0x0000013f   Thumb Code     0  libinit2.o(.ARM.Collect$$libinit$$0000000E)
    __rt_lib_init_return                     0x0000013f   Thumb Code     0  libinit2.o(.ARM.Collect$$libinit$$00000033)
    __rt_lib_init_signal_1                   0x0000013f   Thumb Code     0  libinit2.o(.ARM.Collect$$libinit$$0000001D)
    __rt_lib_init_stdio_1                    0x0000013f   Thumb Code     0  libinit2.o(.ARM.Collect$$libinit$$00000025)
    __rt_lib_init_user_alloc_1               0x0000013f   Thumb Code     0  libinit2.o(.ARM.Collect$$libinit$$0000000C)
    __rt_lib_shutdown                        0x00000141   Thumb Code     0  libshutdown.o(.ARM.Collect$$libshutdown$$00000000)
    __rt_lib_shutdown_cpp_1                  0x00000143   Thumb Code     0  libshutdown2.o(.ARM.Collect$$libshutdown$$00000002)
    __rt_lib_shutdown_fp_trap_1              0x00000143   Thumb Code     0  libshutdown2.o(.ARM.Collect$$libshutdown$$00000007)
    __rt_lib_shutdown_heap_1                 0x00000143   Thumb Code     0  libshutdown2.o(.ARM.Collect$$libshutdown$$0000000F)
    __rt_lib_shutdown_return                 0x00000143   Thumb Code     0  libshutdown2.o(.ARM.Collect$$libshutdown$$00000010)
    __rt_lib_shutdown_signal_1               0x00000143   Thumb Code     0  libshutdown2.o(.ARM.Collect$$libshutdown$$0000000A)
    __rt_lib_shutdown_stdio_1                0x00000143   Thumb Code     0  libshutdown2.o(.ARM.Collect$$libshutdown$$00000004)
    __rt_lib_shutdown_user_alloc_1           0x00000143   Thumb Code     0  libshutdown2.o(.ARM.Collect$$libshutdown$$0000000C)
    __rt_entry                               0x00000145   Thumb Code     0  __rtentry.o(.ARM.Collect$$rtentry$$00000000)
    __rt_entry_presh_1                       0x00000145   Thumb Code     0  __rtentry2.o(.ARM.Collect$$rtentry$$00000002)
    __rt_entry_sh                            0x00000145   Thumb Code     0  __rtentry4.o(.ARM.Collect$$rtentry$$00000004)
    __rt_entry_li                            0x0000014b   Thumb Code     0  __rtentry2.o(.ARM.Collect$$rtentry$$0000000A)
    __rt_entry_postsh_1                      0x0000014b   Thumb Code     0  __rtentry2.o(.ARM.Collect$$rtentry$$00000009)
    __rt_entry_main                          0x0000014f   Thumb Code     0  __rtentry2.o(.ARM.Collect$$rtentry$$0000000D)
    __rt_entry_postli_1                      0x0000014f   Thumb Code     0  __rtentry2.o(.ARM.Collect$$rtentry$$0000000C)
    __rt_exit                                0x00000157   Thumb Code     0  rtexit.o(.ARM.Collect$$rtexit$$00000000)
    __rt_exit_ls                             0x00000159   Thumb Code     0  rtexit2.o(.ARM.Collect$$rtexit$$00000003)
    __rt_exit_prels_1                        0x00000159   Thumb Code     0  rtexit2.o(.ARM.Collect$$rtexit$$00000002)
    __rt_exit_exit                           0x0000015d   Thumb Code     0  rtexit2.o(.ARM.Collect$$rtexit$$00000004)
    __aeabi_memcpy4                          0x00000165   Thumb Code    56  rt_memcpy.o(.emb_text)
    __aeabi_memcpy8                          0x00000165   Thumb Code     0  rt_memcpy.o(.emb_text)
    Reset_Handler                            0x0000019d   Thumb Code     8  startup_mdr32f1qi.o(.text)
    NMI_Handler                              0x000001a5   Thumb Code     2  startup_mdr32f1qi.o(.text)
    HardFault_Handler                        0x000001a7   Thumb Code     2  startup_mdr32f1qi.o(.text)
    SVC_Handler                              0x000001a9   Thumb Code     2  startup_mdr32f1qi.o(.text)
    PendSV_Handler                           0x000001ab   Thumb Code     2  startup_mdr32f1qi.o(.text)
    SysTick_Handler                          0x000001ad   Thumb Code     2  startup_mdr32f1qi.o(.text)
    MIL_STD_1553B2_IRQHandler                0x000001af   Thumb Code     2  startup_mdr32f1qi.o(.text)
    MIL_STD_1553B1_IRQHandler                0x000001b1   Thumb Code     2  startup_mdr32f1qi.o(.text)
    USB_IRQHandler                           0x000001b3   Thumb Code     2  startup_mdr32f1qi.o(.text)
    CAN1_IRQHandler                          0x000001b5   Thumb Code     2  startup_mdr32f1qi.o(.text)
    CAN2_IRQHandler                          0x000001b7   Thumb Code     2  startup_mdr32f1qi.o(.text)
    SSP1_IRQHandler                          0x000001bf   Thumb Code     2  startup_mdr32f1qi.o(.text)
    BUSY_IRQHandler                          0x000001c1   Thumb Code     2  startup_mdr32f1qi.o(.text)
    ARINC429R_IRQHandler                     0x000001c3   Thumb Code     2  startup_mdr32f1qi.o(.text)
    POWER_IRQHandler                         0x000001c5   Thumb Code     2  startup_mdr32f1qi.o(.text)
    WWDG_IRQHandler                          0x000001c7   Thumb Code     2  startup_mdr32f1qi.o(.text)
    TIMER4_IRQHandler                        0x000001c9   Thumb Code     2  startup_mdr32f1qi.o(.text)
    TIMER1_IRQHandler                        0x000001cb   Thumb Code     2  startup_mdr32f1qi.o(.text)
    TIMER3_IRQHandler                        0x000001cf   Thumb Code     2  startup_mdr32f1qi.o(.text)
    ADC_IRQHandler                           0x000001d1   Thumb Code     2  startup_mdr32f1qi.o(.text)
    ETHERNET_IRQHandler                      0x000001d3   Thumb Code     2  startup_mdr32f1qi.o(.text)
    SSP3_IRQHandler                          0x000001d5   Thumb Code     2  startup_mdr32f1qi.o(.text)
    SSP2_IRQHandler                          0x000001d7   Thumb Code     2  startup_mdr32f1qi.o(.text)
    ARINC429T1_IRQHandler                    0x000001d9   Thumb Code     2  startup_mdr32f1qi.o(.text)
    ARINC429T2_IRQHandler                    0x000001db   Thumb Code     2  startup_mdr32f1qi.o(.text)
    ARINC429T3_IRQHandler                    0x000001dd   Thumb Code     2  startup_mdr32f1qi.o(.text)
    ARINC429T4_IRQHandler                    0x000001df   Thumb Code     2  startup_mdr32f1qi.o(.text)
    BKP_IRQHandler                           0x000001e1   Thumb Code     2  startup_mdr32f1qi.o(.text)
    EXT_INT1_IRQHandler                      0x000001e3   Thumb Code     2  startup_mdr32f1qi.o(.text)
    EXT_INT2_IRQHandler                      0x000001e5   Thumb Code     2  startup_mdr32f1qi.o(.text)
    EXT_INT3_IRQHandler                      0x000001e7   Thumb Code     2  startup_mdr32f1qi.o(.text)
    EXT_INT4_IRQHandler                      0x000001e9   Thumb Code     2  startup_mdr32f1qi.o(.text)
    __user_initial_stackheap                 0x000001ed   Thumb Code     0  startup_mdr32f1qi.o(.text)
    __aeabi_memcpy                           0x00000211   Thumb Code   130  rt_memcpy.o(.text)
    __rt_memcpy                              0x00000211   Thumb Code     0  rt_memcpy.o(.text)
    _memset_w                                0x00000293   Thumb Code    26  rt_memclr.o(.text)
    _memset                                  0x000002ad   Thumb Code    30  rt_memclr.o(.text)
    __aeabi_memclr                           0x000002cb   Thumb Code     4  rt_memclr.o(.text)
    __rt_memclr                              0x000002cb   Thumb Code     0  rt_memclr.o(.text)
    __aeabi_memclr4                          0x000002cf   Thumb Code     0  rt_memclr.o(.text)
    __aeabi_memclr8                          0x000002cf   Thumb Code     0  rt_memclr.o(.text)
    __rt_memclr_w                            0x000002cf   Thumb Code     4  rt_memclr.o(.text)
    strncpy                                  0x000002d5   Thumb Code   104  strncpy.o(.text)
    __aeabi_uidiv                            0x00000341   Thumb Code     0  aeabi_sdiv.o(.text)
    __aeabi_uidivmod                         0x00000341   Thumb Code    20  aeabi_sdiv.o(.text)
    __aeabi_idiv                             0x00000355   Thumb Code     0  aeabi_sdiv.o(.text)
    __aeabi_idivmod                          0x00000355   Thumb Code   338  aeabi_sdiv.o(.text)
    __use_two_region_memory                  0x000004ad   Thumb Code     2  heapauxi.o(.text)
    __rt_heap_escrow$2region                 0x000004af   Thumb Code     2  heapauxi.o(.text)
    __rt_heap_expand$2region                 0x000004b1   Thumb Code     2  heapauxi.o(.text)
    __aeabi_i2f_normalise                    0x000004b3   Thumb Code    72  fflti.o(.text)
    __aeabi_i2f                              0x000004fb   Thumb Code    16  fflti.o(.text)
    _fflt                                    0x000004fb   Thumb Code     0  fflti.o(.text)
    __aeabi_ui2f                             0x0000050b   Thumb Code     6  fflti.o(.text)
    _ffltu                                   0x0000050b   Thumb Code     0  fflti.o(.text)
    __user_setup_stackheap                   0x00000511   Thumb Code    62  sys_stackheap_outer.o(.text)
    exit                                     0x0000054f   Thumb Code    16  exit.o(.text)
    __user_libspace                          0x00000561   Thumb Code     8  libspace.o(.text)
    __user_perproc_libspace                  0x00000561   Thumb Code     0  libspace.o(.text)
    __user_perthread_libspace                0x00000561   Thumb Code     0  libspace.o(.text)
    _sys_exit                                0x00000569   Thumb Code     8  sys_exit.o(.text)
    __I$use$semihosting                      0x00000575   Thumb Code     0  use_no_semi.o(.text)
    __use_no_semihosting_swi                 0x00000575   Thumb Code     2  use_no_semi.o(.text)
    __decompress                             0x00000577   Thumb Code     0  __dczerorl.o(.text)
    __decompress0                            0x00000577   Thumb Code    58  __dczerorl.o(.text)
    __semihosting_library_function           0x00000577   Thumb Code     0  indicate_semi.o(.text)
    DMA_Cmd                                  0x000005b1   Thumb Code    52  mdr32fxqi_dma.o(.text.DMA_Cmd)
    DMA_CtrlDataInit                         0x000005e5   Thumb Code   158  mdr32fxqi_dma.o(.text.DMA_CtrlDataInit)
    DMA_DeInit                               0x00000685   Thumb Code    60  mdr32fxqi_dma.o(.text.DMA_DeInit)
    DMA_GetFlagStatus                        0x000006c9   Thumb Code   232  mdr32fxqi_dma.o(.text.DMA_GetFlagStatus)
    DMA_IRQHandler                           0x000007c1   Thumb Code   164  dma.o(.text.DMA_IRQHandler)
    DMA_Init                                 0x0000086d   Thumb Code   236  mdr32fxqi_dma.o(.text.DMA_Init)
    DMA_StructInit                           0x00000981   Thumb Code    34  mdr32fxqi_dma.o(.text.DMA_StructInit)
    DMA_UART_RX_init                         0x000009a5   Thumb Code   180  uart.o(.text.DMA_UART_RX_init)
    EBC_Init                                 0x00000a61   Thumb Code    88  mdr32fxqi_ebc.o(.text.EBC_Init)
    EBC_MemRegionInit                        0x00000ac1   Thumb Code    60  mdr32fxqi_ebc.o(.text.EBC_MemRegionInit)
    EBC_MemRegionStructInit                  0x00000b01   Thumb Code    30  mdr32fxqi_ebc.o(.text.EBC_MemRegionStructInit)
    EBC_StructInit                           0x00000b1f   Thumb Code    58  mdr32fxqi_ebc.o(.text.EBC_StructInit)
    PORT_Init                                0x00000b59   Thumb Code   328  mdr32fxqi_port.o(.text.PORT_Init)
    PORT_ResetBits                           0x00000ca5   Thumb Code    16  mdr32fxqi_port.o(.text.PORT_ResetBits)
    PORT_SetBits                             0x00000cb5   Thumb Code    16  mdr32fxqi_port.o(.text.PORT_SetBits)
    PORT_StructInit                          0x00000cc5   Thumb Code    52  mdr32fxqi_port.o(.text.PORT_StructInit)
    PORT_WriteBit                            0x00000cfd   Thumb Code    38  mdr32fxqi_port.o(.text.PORT_WriteBit)
    RST_CLK_CPU_PLLcmd                       0x00000d25   Thumb Code    52  mdr32fxqi_rst_clk.o(.text.RST_CLK_CPU_PLLcmd)
    RST_CLK_CPU_PLLconfig                    0x00000d59   Thumb Code   112  mdr32fxqi_rst_clk.o(.text.RST_CLK_CPU_PLLconfig)
    RST_CLK_CPU_PLLstatus                    0x00000dcd   Thumb Code   100  mdr32fxqi_rst_clk.o(.text.RST_CLK_CPU_PLLstatus)
    RST_CLK_CPU_PLLuse                       0x00000e31   Thumb Code    56  mdr32fxqi_rst_clk.o(.text.RST_CLK_CPU_PLLuse)
    RST_CLK_CPUclkPrescaler                  0x00000e69   Thumb Code    40  mdr32fxqi_rst_clk.o(.text.RST_CLK_CPUclkPrescaler)
    RST_CLK_CPUclkSelection                  0x00000e91   Thumb Code    40  mdr32fxqi_rst_clk.o(.text.RST_CLK_CPUclkSelection)
    RST_CLK_DeInit                           0x00000eb9   Thumb Code    24  mdr32fxqi_rst_clk.o(.text.RST_CLK_DeInit)
    RST_CLK_GetClocksFreq                    0x00000ed9   Thumb Code   596  mdr32fxqi_rst_clk.o(.text.RST_CLK_GetClocksFreq)
    RST_CLK_GetFlagStatus                    0x0000113d   Thumb Code    80  mdr32fxqi_rst_clk.o(.text.RST_CLK_GetFlagStatus)
    RST_CLK_HSEconfig                        0x00001191   Thumb Code    68  mdr32fxqi_rst_clk.o(.text.RST_CLK_HSEconfig)
    RST_CLK_HSEstatus                        0x000011d5   Thumb Code   100  mdr32fxqi_rst_clk.o(.text.RST_CLK_HSEstatus)
    RST_CLK_HSIcmd                           0x00001239   Thumb Code    60  mdr32fxqi_rst_clk.o(.text.RST_CLK_HSIcmd)
    RST_CLK_HSIstatus                        0x00001279   Thumb Code   100  mdr32fxqi_rst_clk.o(.text.RST_CLK_HSIstatus)
    RST_CLK_PCLKcmd                          0x000012dd   Thumb Code    44  mdr32fxqi_rst_clk.o(.text.RST_CLK_PCLKcmd)
    RST_CLK_WarmDeInit                       0x00001309   Thumb Code    68  mdr32fxqi_rst_clk.o(.text.RST_CLK_WarmDeInit)
    SSP_BRGInit                              0x00001369   Thumb Code   156  mdr32fxqi_ssp.o(.text.SSP_BRGInit)
    SSP_Cmd                                  0x00001411   Thumb Code    44  mdr32fxqi_ssp.o(.text.SSP_Cmd)
    SSP_GetFlagStatus                        0x00001441   Thumb Code    50  mdr32fxqi_ssp.o(.text.SSP_GetFlagStatus)
    SSP_ITConfig                             0x00001473   Thumb Code    46  mdr32fxqi_ssp.o(.text.SSP_ITConfig)
    SSP_Init                                 0x000014a1   Thumb Code    64  mdr32fxqi_ssp.o(.text.SSP_Init)
    SSP_SendData                             0x000014e1   Thumb Code    18  mdr32fxqi_ssp.o(.text.SSP_SendData)
    SSP_StructInit                           0x000014f3   Thumb Code    46  mdr32fxqi_ssp.o(.text.SSP_StructInit)
    SystemCoreClockUpdate                    0x00001521   Thumb Code   176  system_mdr32f1qi.o(.text.SystemCoreClockUpdate)
    SystemInit                               0x000015dd   Thumb Code    60  system_mdr32f1qi.o(.text.SystemInit)
    TIMER2_IRQHandler                        0x00001649   Thumb Code   200  timers.o(.text.TIMER2_IRQHandler)
    TIMER_BRGInit                            0x00001719   Thumb Code   244  mdr32fxqi_timer.o(.text.TIMER_BRGInit)
    TIMER_ChnCCR1_Cmd                        0x00001825   Thumb Code    80  mdr32fxqi_timer.o(.text.TIMER_ChnCCR1_Cmd)
    TIMER_ChnInit                            0x00001875   Thumb Code   144  mdr32fxqi_timer.o(.text.TIMER_ChnInit)
    TIMER_ChnStructInit                      0x00001905   Thumb Code    64  mdr32fxqi_timer.o(.text.TIMER_ChnStructInit)
    TIMER_ClearFlag                          0x00001945   Thumb Code    18  mdr32fxqi_timer.o(.text.TIMER_ClearFlag)
    TIMER_Cmd                                0x00001957   Thumb Code    52  mdr32fxqi_timer.o(.text.TIMER_Cmd)
    TIMER_CntInit                            0x0000198b   Thumb Code    88  mdr32fxqi_timer.o(.text.TIMER_CntInit)
    TIMER_CntStructInit                      0x000019e3   Thumb Code    58  mdr32fxqi_timer.o(.text.TIMER_CntStructInit)
    TIMER_GetCounter                         0x00001a1d   Thumb Code    12  mdr32fxqi_timer.o(.text.TIMER_GetCounter)
    TIMER_GetITStatus                        0x00001a29   Thumb Code    58  mdr32fxqi_timer.o(.text.TIMER_GetITStatus)
    TIMER_ITConfig                           0x00001a63   Thumb Code    54  mdr32fxqi_timer.o(.text.TIMER_ITConfig)
    TIMER_SetCounter                         0x00001a99   Thumb Code    16  mdr32fxqi_timer.o(.text.TIMER_SetCounter)
    UART1_IRQHandler                         0x00001aa9   Thumb Code    64  uart.o(.text.UART1_IRQHandler)
    UART2_IRQHandler                         0x00001aed   Thumb Code    64  uart.o(.text.UART2_IRQHandler)
    UART_BRGInit                             0x00001b35   Thumb Code   112  mdr32fxqi_uart.o(.text.UART_BRGInit)
    UART_ClearITPendingBit                   0x00001ba9   Thumb Code    16  mdr32fxqi_uart.o(.text.UART_ClearITPendingBit)
    UART_Cmd                                 0x00001bb9   Thumb Code    44  mdr32fxqi_uart.o(.text.UART_Cmd)
    UART_DMACmd                              0x00001be9   Thumb Code    48  mdr32fxqi_uart.o(.text.UART_DMACmd)
    UART_GetFlagStatus                       0x00001c19   Thumb Code    50  mdr32fxqi_uart.o(.text.UART_GetFlagStatus)
    UART_ITConfig                            0x00001c4b   Thumb Code    46  mdr32fxqi_uart.o(.text.UART_ITConfig)
    UART_Init                                0x00001c79   Thumb Code   228  mdr32fxqi_uart.o(.text.UART_Init)
    UART_ReceiveData                         0x00001d69   Thumb Code    14  mdr32fxqi_uart.o(.text.UART_ReceiveData)
    UART_SendData                            0x00001d77   Thumb Code    18  mdr32fxqi_uart.o(.text.UART_SendData)
    __list_add                               0x00001ec5   Thumb Code    84  list.o(.text.__list_add)
    adc_gpio_config                          0x00001f19   Thumb Code   176  1273pv19t.o(.text.adc_gpio_config)
    adc_init                                 0x00001fd1   Thumb Code   144  1273pv19t.o(.text.adc_init)
    adc_reset                                0x00002075   Thumb Code    36  1273pv19t.o(.text.adc_reset)
    clock_init                               0x0000209d   Thumb Code    86  clock.o(.text.clock_init)
    crc32                                    0x000020f5   Thumb Code    92  rs422_protocol.o(.text.crc32)
    delay_micro                              0x00002155   Thumb Code    36  timers.o(.text.delay_micro)
    delay_milli                              0x0000217d   Thumb Code    40  timers.o(.text.delay_milli)
    dma_common_init                          0x000021a9   Thumb Code    40  dma.o(.text.dma_common_init)
    do_mpa_task                              0x000021e9   Thumb Code   556  main.o(.text.do_mpa_task)
    ebc_gpio_config                          0x00002425   Thumb Code   400  ebc.o(.text.ebc_gpio_config)
    ebc_init                                 0x000025d9   Thumb Code   160  ebc.o(.text.ebc_init)
    fill_crc32_table                         0x00002681   Thumb Code   124  rs422_protocol.o(.text.fill_crc32_table)
    find_max_halfword                        0x00002705   Thumb Code    76  external_ram.o(.text.find_max_halfword)
    init_external_ram_space                  0x00002751   Thumb Code  1096  external_ram.o(.text.init_external_ram_space)
    init_list_head                           0x00002bc9   Thumb Code    40  list.o(.text.init_list_head)
    leds_gpio_config                         0x00002bf1   Thumb Code    80  leds.o(.text.leds_gpio_config)
    list_add_tail                            0x00002c49   Thumb Code    40  list.o(.text.list_add_tail)
    list_tmr_handler_add_tail                0x00002c71   Thumb Code   100  timers.o(.text.list_tmr_handler_add_tail)
    list_tmr_handler_init                    0x00002cd5   Thumb Code    28  timers.o(.text.list_tmr_handler_init)
    main                                     0x00002cf5   Thumb Code   548  main.o(.text.main)
    malloc_ram_pages                         0x00002f59   Thumb Code   176  internal_ram.o(.text.malloc_ram_pages)
    protocol_do_cmds                         0x0000300d   Thumb Code  2008  rs422_protocol.o(.text.protocol_do_cmds)
    receive_adc_chanel_pack                  0x000037f9   Thumb Code   208  main.o(.text.receive_adc_chanel_pack)
    receive_packet                           0x000038cd   Thumb Code   824  rs422_protocol.o(.text.receive_packet)
    request_data                             0x00003c3d   Thumb Code   140  main.o(.text.request_data)
    rx_error_handler                         0x00003cd5   Thumb Code   780  rs422_protocol.o(.text.rx_error_handler)
    spi_clean_fifo_rx_buf                    0x00003ff9   Thumb Code    40  spi.o(.text.spi_clean_fifo_rx_buf)
    spi_gpio_config                          0x00004021   Thumb Code   124  spi.o(.text.spi_gpio_config)
    spi_init                                 0x000040a5   Thumb Code   136  spi.o(.text.spi_init)
    sync_adc_chanels                         0x0000412d   Thumb Code   224  main.o(.text.sync_adc_chanels)
    timer1_init                              0x0000421d   Thumb Code   112  timers.o(.text.timer1_init)
    timer2_init                              0x0000428d   Thumb Code   372  timers.o(.text.timer2_init)
    timer3_init                              0x00004401   Thumb Code   112  timers.o(.text.timer3_init)
    timer_init                               0x00004471   Thumb Code   128  timers.o(.text.timer_init)
    transmit_packet                          0x000044fd   Thumb Code   348  rs422_protocol.o(.text.transmit_packet)
    uart_clean                               0x00004679   Thumb Code    22  uart.o(.text.uart_clean)
    uart_gpio_config                         0x00004691   Thumb Code   208  uart.o(.text.uart_gpio_config)
    uart_init                                0x0000476d   Thumb Code   236  uart.o(.text.uart_init)
    uart_read                                0x00004861   Thumb Code   596  uart.o(.text.uart_read)
    uart_read_pos                            0x00004ab9   Thumb Code    12  uart.o(.text.uart_read_pos)
    uart_set_read_timeout                    0x00004ac5   Thumb Code    22  uart.o(.text.uart_set_read_timeout)
    uart_write                               0x00004add   Thumb Code   340  uart.o(.text.uart_write)
    um_service_byte_handler                  0x00004c41   Thumb Code   572  rs422_protocol.o(.text.um_service_byte_handler)
    __aeabi_fadd                             0x00004e89   Thumb Code     0  faddsub.o(x$fpl$fadd)
    _fadd                                    0x00004e89   Thumb Code   134  faddsub.o(x$fpl$fadd)
    __aeabi_fmul                             0x00004f15   Thumb Code     0  fmul.o(x$fpl$fmul)
    _fmul                                    0x00004f15   Thumb Code   172  fmul.o(x$fpl$fmul)
    __aeabi_fsub                             0x00004fc5   Thumb Code     0  faddsub.o(x$fpl$fsub)
    _fsub                                    0x00004fc5   Thumb Code   204  faddsub.o(x$fpl$fsub)
    __I$use$fp                               0x00005094   Number         0  usenofp.o(x$fpl$usenofp)
    Region$$Table$$Base                      0x00005098   Number         0  anon$$obj.o(Region$$Table)
    Region$$Table$$Limit                     0x000050d8   Number         0  anon$$obj.o(Region$$Table)
    SystemCoreClock                          0x20000000   Data           4  system_mdr32f1qi.o(.data.SystemCoreClock)
    heap_ptr                                 0x20000004   Data           4  main.o(.data.heap_ptr)
    polyn_ch_consts                          0x20000008   Data         224  external_ram.o(.data.polyn_ch_consts)
    __libspace_start                         0x200000e8   Data          96  libspace.o(.bss)
    __temporary_stack_top$libspace           0x20000148   Data           0  libspace.o(.bss)
    adc_1                                    0x20000148   Data          16  1273pv19t.o(.bss.adc_1)
    heap                                     0x20000158   Data       16640  main.o(.bss.heap)
    ram_space_pointer                        0x20004258   Data           4  main.o(.bss.ram_space_pointer)
    spi_1                                    0x2000425c   Data          84  spi.o(.bss.spi_1)
    timer_1                                  0x200042b0   Data          70  timers.o(.bss.timer_1)
    timer_2                                  0x200042f6   Data          70  timers.o(.bss.timer_2)
    tmr_handler_head                         0x2000433c   Data          32  timers.o(.bss.tmr_handler_head)
    uart_1                                   0x2000435c   Data         120  uart.o(.bss.uart_1)
    uart_2                                   0x200043d4   Data         120  uart.o(.bss.uart_2)
    DMA_ControlTable                         0x20100000   Data        1024  mdr32fxqi_dma.o(EXECUTABLE_MEMORY_SECTION)
    rom_space_pointer                        0x20100400   Data           4  main.o(.bss.rom_space_pointer)
    timer_3                                  0x20100404   Data          70  timers.o(.bss.timer_3)



==============================================================================

Memory Map of the image

  Image Entry point : 0x000000c1

  Load Region LR_IROM1 (Base: 0x00000000, Size: 0x00005800, Max: 0x00020000, ABSOLUTE, COMPRESSED[0x00005410])

    Execution Region ER_IROM1 (Exec base: 0x00000000, Load base: 0x00000000, Size: 0x000050d8, Max: 0x00020000, ABSOLUTE)

    Exec Addr    Load Addr    Size         Type   Attr      Idx    E Section Name        Object

    0x00000000   0x00000000   0x000000c0   Data   RO          262    RESET               startup_mdr32f1qi.o
    0x000000c0   0x000000c0   0x00000008   Code   RO          764  * !!!main             c_p.l(__main.o)
    0x000000c8   0x000000c8   0x0000003c   Code   RO          952    !!!scatter          c_p.l(__scatter.o)
    0x00000104   0x00000104   0x0000001a   Code   RO          954    !!handler_copy      c_p.l(__scatter_copy.o)
    0x0000011e   0x0000011e   0x00000002   PAD
    0x00000120   0x00000120   0x0000001c   Code   RO          956    !!handler_zi        c_p.l(__scatter_zi.o)
    0x0000013c   0x0000013c   0x00000002   Code   RO          813    .ARM.Collect$$libinit$$00000000  c_p.l(libinit.o)
    0x0000013e   0x0000013e   0x00000000   Code   RO          827    .ARM.Collect$$libinit$$00000002  c_p.l(libinit2.o)
    0x0000013e   0x0000013e   0x00000000   Code   RO          829    .ARM.Collect$$libinit$$00000004  c_p.l(libinit2.o)
    0x0000013e   0x0000013e   0x00000000   Code   RO          832    .ARM.Collect$$libinit$$0000000A  c_p.l(libinit2.o)
    0x0000013e   0x0000013e   0x00000000   Code   RO          834    .ARM.Collect$$libinit$$0000000C  c_p.l(libinit2.o)
    0x0000013e   0x0000013e   0x00000000   Code   RO          836    .ARM.Collect$$libinit$$0000000E  c_p.l(libinit2.o)
    0x0000013e   0x0000013e   0x00000000   Code   RO          839    .ARM.Collect$$libinit$$00000011  c_p.l(libinit2.o)
    0x0000013e   0x0000013e   0x00000000   Code   RO          841    .ARM.Collect$$libinit$$00000013  c_p.l(libinit2.o)
    0x0000013e   0x0000013e   0x00000000   Code   RO          843    .ARM.Collect$$libinit$$00000015  c_p.l(libinit2.o)
    0x0000013e   0x0000013e   0x00000000   Code   RO          845    .ARM.Collect$$libinit$$00000017  c_p.l(libinit2.o)
    0x0000013e   0x0000013e   0x00000000   Code   RO          847    .ARM.Collect$$libinit$$00000019  c_p.l(libinit2.o)
    0x0000013e   0x0000013e   0x00000000   Code   RO          849    .ARM.Collect$$libinit$$0000001B  c_p.l(libinit2.o)
    0x0000013e   0x0000013e   0x00000000   Code   RO          851    .ARM.Collect$$libinit$$0000001D  c_p.l(libinit2.o)
    0x0000013e   0x0000013e   0x00000000   Code   RO          853    .ARM.Collect$$libinit$$0000001F  c_p.l(libinit2.o)
    0x0000013e   0x0000013e   0x00000000   Code   RO          855    .ARM.Collect$$libinit$$00000021  c_p.l(libinit2.o)
    0x0000013e   0x0000013e   0x00000000   Code   RO          857    .ARM.Collect$$libinit$$00000023  c_p.l(libinit2.o)
    0x0000013e   0x0000013e   0x00000000   Code   RO          859    .ARM.Collect$$libinit$$00000025  c_p.l(libinit2.o)
    0x0000013e   0x0000013e   0x00000000   Code   RO          863    .ARM.Collect$$libinit$$0000002C  c_p.l(libinit2.o)
    0x0000013e   0x0000013e   0x00000000   Code   RO          865    .ARM.Collect$$libinit$$0000002E  c_p.l(libinit2.o)
    0x0000013e   0x0000013e   0x00000000   Code   RO          867    .ARM.Collect$$libinit$$00000030  c_p.l(libinit2.o)
    0x0000013e   0x0000013e   0x00000000   Code   RO          869    .ARM.Collect$$libinit$$00000032  c_p.l(libinit2.o)
    0x0000013e   0x0000013e   0x00000002   Code   RO          870    .ARM.Collect$$libinit$$00000033  c_p.l(libinit2.o)
    0x00000140   0x00000140   0x00000002   Code   RO          905    .ARM.Collect$$libshutdown$$00000000  c_p.l(libshutdown.o)
    0x00000142   0x00000142   0x00000000   Code   RO          933    .ARM.Collect$$libshutdown$$00000002  c_p.l(libshutdown2.o)
    0x00000142   0x00000142   0x00000000   Code   RO          935    .ARM.Collect$$libshutdown$$00000004  c_p.l(libshutdown2.o)
    0x00000142   0x00000142   0x00000000   Code   RO          938    .ARM.Collect$$libshutdown$$00000007  c_p.l(libshutdown2.o)
    0x00000142   0x00000142   0x00000000   Code   RO          941    .ARM.Collect$$libshutdown$$0000000A  c_p.l(libshutdown2.o)
    0x00000142   0x00000142   0x00000000   Code   RO          943    .ARM.Collect$$libshutdown$$0000000C  c_p.l(libshutdown2.o)
    0x00000142   0x00000142   0x00000000   Code   RO          946    .ARM.Collect$$libshutdown$$0000000F  c_p.l(libshutdown2.o)
    0x00000142   0x00000142   0x00000002   Code   RO          947    .ARM.Collect$$libshutdown$$00000010  c_p.l(libshutdown2.o)
    0x00000144   0x00000144   0x00000000   Code   RO          776    .ARM.Collect$$rtentry$$00000000  c_p.l(__rtentry.o)
    0x00000144   0x00000144   0x00000000   Code   RO          783    .ARM.Collect$$rtentry$$00000002  c_p.l(__rtentry2.o)
    0x00000144   0x00000144   0x00000006   Code   RO          795    .ARM.Collect$$rtentry$$00000004  c_p.l(__rtentry4.o)
    0x0000014a   0x0000014a   0x00000000   Code   RO          785    .ARM.Collect$$rtentry$$00000009  c_p.l(__rtentry2.o)
    0x0000014a   0x0000014a   0x00000004   Code   RO          786    .ARM.Collect$$rtentry$$0000000A  c_p.l(__rtentry2.o)
    0x0000014e   0x0000014e   0x00000000   Code   RO          788    .ARM.Collect$$rtentry$$0000000C  c_p.l(__rtentry2.o)
    0x0000014e   0x0000014e   0x00000008   Code   RO          789    .ARM.Collect$$rtentry$$0000000D  c_p.l(__rtentry2.o)
    0x00000156   0x00000156   0x00000002   Code   RO          818    .ARM.Collect$$rtexit$$00000000  c_p.l(rtexit.o)
    0x00000158   0x00000158   0x00000000   Code   RO          876    .ARM.Collect$$rtexit$$00000002  c_p.l(rtexit2.o)
    0x00000158   0x00000158   0x00000004   Code   RO          877    .ARM.Collect$$rtexit$$00000003  c_p.l(rtexit2.o)
    0x0000015c   0x0000015c   0x00000006   Code   RO          878    .ARM.Collect$$rtexit$$00000004  c_p.l(rtexit2.o)
    0x00000162   0x00000162   0x00000002   PAD
    0x00000164   0x00000164   0x00000038   Code   RO          750    .emb_text           c_p.l(rt_memcpy.o)
    0x0000019c   0x0000019c   0x00000074   Code   RO          263    .text               startup_mdr32f1qi.o
    0x00000210   0x00000210   0x00000082   Code   RO          751    .text               c_p.l(rt_memcpy.o)
    0x00000292   0x00000292   0x00000040   Code   RO          754    .text               c_p.l(rt_memclr.o)
    0x000002d2   0x000002d2   0x00000002   PAD
    0x000002d4   0x000002d4   0x0000006c   Code   RO          756    .text               c_p.l(strncpy.o)
    0x00000340   0x00000340   0x0000016c   Code   RO          758    .text               c_p.l(aeabi_sdiv.o)
    0x000004ac   0x000004ac   0x00000006   Code   RO          762    .text               c_p.l(heapauxi.o)
    0x000004b2   0x000004b2   0x0000005e   Code   RO          772    .text               fz_ps.l(fflti.o)
    0x00000510   0x00000510   0x0000003e   Code   RO          799    .text               c_p.l(sys_stackheap_outer.o)
    0x0000054e   0x0000054e   0x00000010   Code   RO          802    .text               c_p.l(exit.o)
    0x0000055e   0x0000055e   0x00000002   PAD
    0x00000560   0x00000560   0x00000008   Code   RO          814    .text               c_p.l(libspace.o)
    0x00000568   0x00000568   0x0000000c   Code   RO          871    .text               c_p.l(sys_exit.o)
    0x00000574   0x00000574   0x00000002   Code   RO          894    .text               c_p.l(use_no_semi.o)
    0x00000576   0x00000576   0x00000000   Code   RO          896    .text               c_p.l(indicate_semi.o)
    0x00000576   0x00000576   0x0000003a   Code   RO          950    .text               c_p.l(__dczerorl.o)
    0x000005b0   0x000005b0   0x00000034   Code   RO          357    .text.DMA_Cmd       mdr32fxqi_dma.o
    0x000005e4   0x000005e4   0x0000009e   Code   RO          343    .text.DMA_CtrlDataInit  mdr32fxqi_dma.o
    0x00000682   0x00000682   0x00000002   PAD
    0x00000684   0x00000684   0x00000044   Code   RO          339    .text.DMA_DeInit    mdr32fxqi_dma.o
    0x000006c8   0x000006c8   0x000000f8   Code   RO          367    .text.DMA_GetFlagStatus  mdr32fxqi_dma.o
    0x000007c0   0x000007c0   0x000000ac   Code   RO          168    .text.DMA_IRQHandler  dma.o
    0x0000086c   0x0000086c   0x00000114   Code   RO          351    .text.DMA_Init      mdr32fxqi_dma.o
    0x00000980   0x00000980   0x00000022   Code   RO          353    .text.DMA_StructInit  mdr32fxqi_dma.o
    0x000009a2   0x000009a2   0x00000002   PAD
    0x000009a4   0x000009a4   0x000000bc   Code   RO          151    .text.DMA_UART_RX_init  uart.o
    0x00000a60   0x00000a60   0x00000060   Code   RO          379    .text.EBC_Init      mdr32fxqi_ebc.o
    0x00000ac0   0x00000ac0   0x00000040   Code   RO          391    .text.EBC_MemRegionInit  mdr32fxqi_ebc.o
    0x00000b00   0x00000b00   0x0000001e   Code   RO          389    .text.EBC_MemRegionStructInit  mdr32fxqi_ebc.o
    0x00000b1e   0x00000b1e   0x0000003a   Code   RO          381    .text.EBC_StructInit  mdr32fxqi_ebc.o
    0x00000b58   0x00000b58   0x0000014c   Code   RO          417    .text.PORT_Init     mdr32fxqi_port.o
    0x00000ca4   0x00000ca4   0x00000010   Code   RO          427    .text.PORT_ResetBits  mdr32fxqi_port.o
    0x00000cb4   0x00000cb4   0x00000010   Code   RO          425    .text.PORT_SetBits  mdr32fxqi_port.o
    0x00000cc4   0x00000cc4   0x00000038   Code   RO          419    .text.PORT_StructInit  mdr32fxqi_port.o
    0x00000cfc   0x00000cfc   0x00000026   Code   RO          429    .text.PORT_WriteBit  mdr32fxqi_port.o
    0x00000d22   0x00000d22   0x00000002   PAD
    0x00000d24   0x00000d24   0x00000034   Code   RO          474    .text.RST_CLK_CPU_PLLcmd  mdr32fxqi_rst_clk.o
    0x00000d58   0x00000d58   0x00000074   Code   RO          470    .text.RST_CLK_CPU_PLLconfig  mdr32fxqi_rst_clk.o
    0x00000dcc   0x00000dcc   0x00000064   Code   RO          476    .text.RST_CLK_CPU_PLLstatus  mdr32fxqi_rst_clk.o
    0x00000e30   0x00000e30   0x00000038   Code   RO          472    .text.RST_CLK_CPU_PLLuse  mdr32fxqi_rst_clk.o
    0x00000e68   0x00000e68   0x00000028   Code   RO          478    .text.RST_CLK_CPUclkPrescaler  mdr32fxqi_rst_clk.o
    0x00000e90   0x00000e90   0x00000028   Code   RO          480    .text.RST_CLK_CPUclkSelection  mdr32fxqi_rst_clk.o
    0x00000eb8   0x00000eb8   0x00000020   Code   RO          440    .text.RST_CLK_DeInit  mdr32fxqi_rst_clk.o
    0x00000ed8   0x00000ed8   0x00000264   Code   RO          512    .text.RST_CLK_GetClocksFreq  mdr32fxqi_rst_clk.o
    0x0000113c   0x0000113c   0x00000054   Code   RO          452    .text.RST_CLK_GetFlagStatus  mdr32fxqi_rst_clk.o
    0x00001190   0x00001190   0x00000044   Code   RO          448    .text.RST_CLK_HSEconfig  mdr32fxqi_rst_clk.o
    0x000011d4   0x000011d4   0x00000064   Code   RO          450    .text.RST_CLK_HSEstatus  mdr32fxqi_rst_clk.o
    0x00001238   0x00001238   0x00000040   Code   RO          444    .text.RST_CLK_HSIcmd  mdr32fxqi_rst_clk.o
    0x00001278   0x00001278   0x00000064   Code   RO          446    .text.RST_CLK_HSIstatus  mdr32fxqi_rst_clk.o
    0x000012dc   0x000012dc   0x0000002c   Code   RO          510    .text.RST_CLK_PCLKcmd  mdr32fxqi_rst_clk.o
    0x00001308   0x00001308   0x00000060   Code   RO          442    .text.RST_CLK_WarmDeInit  mdr32fxqi_rst_clk.o
    0x00001368   0x00001368   0x000000a8   Code   RO          545    .text.SSP_BRGInit   mdr32fxqi_ssp.o
    0x00001410   0x00001410   0x00000030   Code   RO          527    .text.SSP_Cmd       mdr32fxqi_ssp.o
    0x00001440   0x00001440   0x00000032   Code   RO          543    .text.SSP_GetFlagStatus  mdr32fxqi_ssp.o
    0x00001472   0x00001472   0x0000002e   Code   RO          529    .text.SSP_ITConfig  mdr32fxqi_ssp.o
    0x000014a0   0x000014a0   0x00000040   Code   RO          523    .text.SSP_Init      mdr32fxqi_ssp.o
    0x000014e0   0x000014e0   0x00000012   Code   RO          539    .text.SSP_SendData  mdr32fxqi_ssp.o
    0x000014f2   0x000014f2   0x0000002e   Code   RO          525    .text.SSP_StructInit  mdr32fxqi_ssp.o
    0x00001520   0x00001520   0x000000bc   Code   RO          270    .text.SystemCoreClockUpdate  system_mdr32f1qi.o
    0x000015dc   0x000015dc   0x0000006c   Code   RO          272    .text.SystemInit    system_mdr32f1qi.o
    0x00001648   0x00001648   0x000000d0   Code   RO          206    .text.TIMER2_IRQHandler  timers.o
    0x00001718   0x00001718   0x0000010c   Code   RO          672    .text.TIMER_BRGInit  mdr32fxqi_timer.o
    0x00001824   0x00001824   0x00000050   Code   RO          636    .text.TIMER_ChnCCR1_Cmd  mdr32fxqi_timer.o
    0x00001874   0x00001874   0x00000090   Code   RO          598    .text.TIMER_ChnInit  mdr32fxqi_timer.o
    0x00001904   0x00001904   0x00000040   Code   RO          600    .text.TIMER_ChnStructInit  mdr32fxqi_timer.o
    0x00001944   0x00001944   0x00000012   Code   RO          664    .text.TIMER_ClearFlag  mdr32fxqi_timer.o
    0x00001956   0x00001956   0x00000034   Code   RO          560    .text.TIMER_Cmd     mdr32fxqi_timer.o
    0x0000198a   0x0000198a   0x00000058   Code   RO          556    .text.TIMER_CntInit  mdr32fxqi_timer.o
    0x000019e2   0x000019e2   0x0000003a   Code   RO          558    .text.TIMER_CntStructInit  mdr32fxqi_timer.o
    0x00001a1c   0x00001a1c   0x0000000c   Code   RO          564    .text.TIMER_GetCounter  mdr32fxqi_timer.o
    0x00001a28   0x00001a28   0x0000003a   Code   RO          670    .text.TIMER_GetITStatus  mdr32fxqi_timer.o
    0x00001a62   0x00001a62   0x00000036   Code   RO          668    .text.TIMER_ITConfig  mdr32fxqi_timer.o
    0x00001a98   0x00001a98   0x00000010   Code   RO          562    .text.TIMER_SetCounter  mdr32fxqi_timer.o
    0x00001aa8   0x00001aa8   0x00000044   Code   RO          127    .text.UART1_IRQHandler  uart.o
    0x00001aec   0x00001aec   0x00000048   Code   RO          129    .text.UART2_IRQHandler  uart.o
    0x00001b34   0x00001b34   0x00000074   Code   RO          713    .text.UART_BRGInit  mdr32fxqi_uart.o
    0x00001ba8   0x00001ba8   0x00000010   Code   RO          695    .text.UART_ClearITPendingBit  mdr32fxqi_uart.o
    0x00001bb8   0x00001bb8   0x00000030   Code   RO          687    .text.UART_Cmd      mdr32fxqi_uart.o
    0x00001be8   0x00001be8   0x00000030   Code   RO          699    .text.UART_DMACmd   mdr32fxqi_uart.o
    0x00001c18   0x00001c18   0x00000032   Code   RO          711    .text.UART_GetFlagStatus  mdr32fxqi_uart.o
    0x00001c4a   0x00001c4a   0x0000002e   Code   RO          689    .text.UART_ITConfig  mdr32fxqi_uart.o
    0x00001c78   0x00001c78   0x000000f0   Code   RO          683    .text.UART_Init     mdr32fxqi_uart.o
    0x00001d68   0x00001d68   0x0000000e   Code   RO          703    .text.UART_ReceiveData  mdr32fxqi_uart.o
    0x00001d76   0x00001d76   0x00000012   Code   RO          701    .text.UART_SendData  mdr32fxqi_uart.o
    0x00001d88   0x00001d88   0x0000002c   Code   RO          341    .text.__NVIC_ClearPendingIRQ  mdr32fxqi_dma.o
    0x00001db4   0x00001db4   0x00000034   Code   RO          106    .text.__NVIC_DisableIRQ  spi.o
    0x00001de8   0x00001de8   0x00000028   Code   RO          135    .text.__NVIC_EnableIRQ  uart.o
    0x00001e10   0x00001e10   0x0000002c   Code   RO          202    .text.__NVIC_EnableIRQ  timers.o
    0x00001e3c   0x00001e3c   0x00000088   Code   RO          137    .text.__NVIC_SetPriority  uart.o
    0x00001ec4   0x00001ec4   0x00000054   Code   RO          240    .text.__list_add    list.o
    0x00001f18   0x00001f18   0x000000b8   Code   RO           62    .text.adc_gpio_config  1273pv19t.o
    0x00001fd0   0x00001fd0   0x000000a4   Code   RO           64    .text.adc_init      1273pv19t.o
    0x00002074   0x00002074   0x00000028   Code   RO           66    .text.adc_reset     1273pv19t.o
    0x0000209c   0x0000209c   0x00000056   Code   RO          188    .text.clock_init    clock.o
    0x000020f2   0x000020f2   0x00000002   PAD
    0x000020f4   0x000020f4   0x00000060   Code   RO           26    .text.crc32         rs422_protocol.o
    0x00002154   0x00002154   0x00000028   Code   RO          210    .text.delay_micro   timers.o
    0x0000217c   0x0000217c   0x0000002c   Code   RO          208    .text.delay_milli   timers.o
    0x000021a8   0x000021a8   0x00000040   Code   RO          166    .text.dma_common_init  dma.o
    0x000021e8   0x000021e8   0x0000023c   Code   RO           10    .text.do_mpa_task   main.o
    0x00002424   0x00002424   0x000001b4   Code   RO          177    .text.ebc_gpio_config  ebc.o
    0x000025d8   0x000025d8   0x000000a8   Code   RO          179    .text.ebc_init      ebc.o
    0x00002680   0x00002680   0x00000084   Code   RO           36    .text.fill_crc32_table  rs422_protocol.o
    0x00002704   0x00002704   0x0000004c   Code   RO           51    .text.find_max_halfword  external_ram.o
    0x00002750   0x00002750   0x00000478   Code   RO           49    .text.init_external_ram_space  external_ram.o
    0x00002bc8   0x00002bc8   0x00000028   Code   RO          238    .text.init_list_head  list.o
    0x00002bf0   0x00002bf0   0x00000058   Code   RO           76    .text.leds_gpio_config  leds.o
    0x00002c48   0x00002c48   0x00000028   Code   RO          244    .text.list_add_tail  list.o
    0x00002c70   0x00002c70   0x00000064   Code   RO          212    .text.list_tmr_handler_add_tail  timers.o
    0x00002cd4   0x00002cd4   0x00000020   Code   RO          214    .text.list_tmr_handler_init  timers.o
    0x00002cf4   0x00002cf4   0x00000264   Code   RO            2    .text.main          main.o
    0x00002f58   0x00002f58   0x000000b4   Code   RO          227    .text.malloc_ram_pages  internal_ram.o
    0x0000300c   0x0000300c   0x000007ec   Code   RO           34    .text.protocol_do_cmds  rs422_protocol.o
    0x000037f8   0x000037f8   0x000000d4   Code   RO            6    .text.receive_adc_chanel_pack  main.o
    0x000038cc   0x000038cc   0x00000370   Code   RO           28    .text.receive_packet  rs422_protocol.o
    0x00003c3c   0x00003c3c   0x00000098   Code   RO            8    .text.request_data  main.o
    0x00003cd4   0x00003cd4   0x00000324   Code   RO           30    .text.rx_error_handler  rs422_protocol.o
    0x00003ff8   0x00003ff8   0x00000028   Code   RO          114    .text.spi_clean_fifo_rx_buf  spi.o
    0x00004020   0x00004020   0x00000084   Code   RO          102    .text.spi_gpio_config  spi.o
    0x000040a4   0x000040a4   0x00000088   Code   RO          104    .text.spi_init      spi.o
    0x0000412c   0x0000412c   0x000000f0   Code   RO            4    .text.sync_adc_chanels  main.o
    0x0000421c   0x0000421c   0x00000070   Code   RO          196    .text.timer1_init   timers.o
    0x0000428c   0x0000428c   0x00000174   Code   RO          200    .text.timer2_init   timers.o
    0x00004400   0x00004400   0x00000070   Code   RO          198    .text.timer3_init   timers.o
    0x00004470   0x00004470   0x0000008c   Code   RO          204    .text.timer_init    timers.o
    0x000044fc   0x000044fc   0x0000017c   Code   RO           24    .text.transmit_packet  rs422_protocol.o
    0x00004678   0x00004678   0x00000016   Code   RO          149    .text.uart_clean    uart.o
    0x0000468e   0x0000468e   0x00000002   PAD
    0x00004690   0x00004690   0x000000dc   Code   RO          131    .text.uart_gpio_config  uart.o
    0x0000476c   0x0000476c   0x000000f4   Code   RO          133    .text.uart_init     uart.o
    0x00004860   0x00004860   0x00000258   Code   RO          141    .text.uart_read     uart.o
    0x00004ab8   0x00004ab8   0x0000000c   Code   RO          145    .text.uart_read_pos  uart.o
    0x00004ac4   0x00004ac4   0x00000016   Code   RO          153    .text.uart_set_read_timeout  uart.o
    0x00004ada   0x00004ada   0x00000002   PAD
    0x00004adc   0x00004adc   0x00000164   Code   RO          139    .text.uart_write    uart.o
    0x00004c40   0x00004c40   0x00000248   Code   RO           32    .text.um_service_byte_handler  rs422_protocol.o
    0x00004e88   0x00004e88   0x0000008c   Code   RO          766    x$fpl$fadd          fz_ps.l(faddsub.o)
    0x00004f14   0x00004f14   0x000000b0   Code   RO          774    x$fpl$fmul          fz_ps.l(fmul.o)
    0x00004fc4   0x00004fc4   0x000000d0   Code   RO          768    x$fpl$fsub          fz_ps.l(faddsub.o)
    0x00005094   0x00005094   0x00000000   Code   RO          781    x$fpl$usenofp       fz_ps.l(usenofp.o)
    0x00005094   0x00005094   0x00000004   Data   RO           54    .rodata.str1.1      external_ram.o
    0x00005098   0x00005098   0x00000040   Data   RO          949    Region$$Table       anon$$obj.o


    Execution Region RW_IRAM1 (Exec base: 0x20000000, Load base: 0x000050d8, Size: 0x00005450, Max: 0x00008000, ABSOLUTE)

    Exec Addr    Load Addr    Size         Type   Attr      Idx    E Section Name        Object

    0x20000000   0x000050d8   0x00000004   Data   RW          274    .data.SystemCoreClock  system_mdr32f1qi.o
    0x20000004   0x000050dc   0x00000004   Data   RW           13    .data.heap_ptr      main.o
    0x20000008   0x000050e0   0x000000e0   Data   RW           53    .data.polyn_ch_consts  external_ram.o
    0x200000e8        -       0x00000060   Zero   RW          815    .bss                c_p.l(libspace.o)
    0x20000148        -       0x00000010   Zero   RW           68    .bss.adc_1          1273pv19t.o
    0x20000158        -       0x00004100   Zero   RW           12    .bss.heap           main.o
    0x20004258        -       0x00000004   Zero   RW           14    .bss.ram_space_pointer  main.o
    0x2000425c        -       0x00000054   Zero   RW          118    .bss.spi_1          spi.o
    0x200042b0        -       0x00000046   Zero   RW          218    .bss.timer_1        timers.o
    0x200042f6        -       0x00000046   Zero   RW          217    .bss.timer_2        timers.o
    0x2000433c        -       0x00000020   Zero   RW          216    .bss.tmr_handler_head  timers.o
    0x2000435c        -       0x00000078   Zero   RW          157    .bss.uart_1         uart.o
    0x200043d4        -       0x00000078   Zero   RW          158    .bss.uart_2         uart.o
    0x2000444c   0x000051c0   0x00000004   PAD
    0x20004450        -       0x00001000   Zero   RW          260    STACK               startup_mdr32f1qi.o


    Execution Region RW_IRAM2 (Exec base: 0x20100000, Load base: 0x00005400, Size: 0x00001450, Max: 0x00004000, ABSOLUTE, COMPRESSED[0x00000010])

    Exec Addr    Load Addr    Size         Type   Attr      Idx    E Section Name        Object

    0x20100000   COMPRESSED   0x00000400   Data   RW          369    EXECUTABLE_MEMORY_SECTION  mdr32fxqi_dma.o
    0x20100400        -       0x00000004   Zero   RW           15    .bss.rom_space_pointer  main.o
    0x20100404        -       0x00000046   Zero   RW          219    .bss.timer_3        timers.o
    0x2010044a   COMPRESSED   0x00000006   PAD
    0x20100450        -       0x00001000   Zero   RW          261    HEAP                startup_mdr32f1qi.o


==============================================================================

Image component sizes


      Code (inc. data)   RO Data    RW Data    ZI Data      Debug   Object Name

       388         32          0          0         16      10093   1273pv19t.o
        86          0          0          0          0       1299   clock.o
       236         32          0          0          0       3748   dma.o
       604         44          0          0          0       6231   ebc.o
      1220         68          4        224          0       7644   external_ram.o
       180          4          0          0          0       1168   internal_ram.o
        88          8          0          0          0       2605   leds.o
       164          0          0          0          0       1488   list.o
      1788        112          0          4      16648      19570   main.o
       880        100          0       1024          0       8976   mdr32fxqi_dma.o
       248         12          0          0          0       5973   mdr32fxqi_ebc.o
       458          8          0          0          0       4875   mdr32fxqi_port.o
      1604         64          0          0          0      12846   mdr32fxqi_rst_clk.o
       440         16          0          0          0       5585   mdr32fxqi_ssp.o
       912         24          0          0          0      21546   mdr32fxqi_timer.o
       596         20          0          0          0       7583   mdr32fxqi_uart.o
      4904        264          0          0          0      17604   rs422_protocol.o
       360         12          0          0         84      10280   spi.o
       116         28        192          0       8192       1924   startup_mdr32f1qi.o
       296         60          0          4          0       1535   system_mdr32f1qi.o
      1204         36          0          0        242       7141   timers.o
      1980         68          0          0        240      15086   uart.o

    ----------------------------------------------------------------------
     18764       1012        260       1256      25432     174800   Object Totals
         0          0         64          0          0          0   (incl. Generated)
        12          0          0          0         10          0   (incl. Padding)

    ----------------------------------------------------------------------

      Code (inc. data)   RO Data    RW Data    ZI Data      Debug   Library Member Name

        58          0          0          0          0          0   __dczerorl.o
         8          0          0          0          0         68   __main.o
         0          0          0          0          0          0   __rtentry.o
        12          0          0          0          0          0   __rtentry2.o
         6          0          0          0          0          0   __rtentry4.o
        60          8          0          0          0          0   __scatter.o
        26          0          0          0          0          0   __scatter_copy.o
        28          0          0          0          0          0   __scatter_zi.o
       364          4          0          0          0         92   aeabi_sdiv.o
        16          0          0          0          0         68   exit.o
         6          0          0          0          0        136   heapauxi.o
         0          0          0          0          0          0   indicate_semi.o
         2          0          0          0          0          0   libinit.o
         2          0          0          0          0          0   libinit2.o
         2          0          0          0          0          0   libshutdown.o
         2          0          0          0          0          0   libshutdown2.o
         8          4          0          0         96         68   libspace.o
        64          0          0          0          0        108   rt_memclr.o
       186          0          0          0          0        144   rt_memcpy.o
         2          0          0          0          0          0   rtexit.o
        10          0          0          0          0          0   rtexit2.o
       108          4          0          0          0         76   strncpy.o
        12          4          0          0          0         60   sys_exit.o
        62          0          0          0          0         80   sys_stackheap_outer.o
         2          0          0          0          0         68   use_no_semi.o
       348          8          0          0          0        160   faddsub.o
        94          0          0          0          0         92   fflti.o
       176          4          0          0          0         80   fmul.o
         0          0          0          0          0          0   usenofp.o

    ----------------------------------------------------------------------
      1672         36          0          0         96       1300   Library Totals
         8          0          0          0          0          0   (incl. Padding)

    ----------------------------------------------------------------------

      Code (inc. data)   RO Data    RW Data    ZI Data      Debug   Library Name

      1046         24          0          0         96        968   c_p.l
       618         12          0          0          0        332   fz_ps.l

    ----------------------------------------------------------------------
      1672         36          0          0         96       1300   Library Totals

    ----------------------------------------------------------------------

==============================================================================


      Code (inc. data)   RO Data    RW Data    ZI Data      Debug   

     20436       1048        260       1256      25528     175244   Grand Totals
     20436       1048        260        248      25528     175244   ELF Image Totals (compressed)
     20436       1048        260        248          0          0   ROM Totals

==============================================================================

    Total RO  Size (Code + RO Data)                20696 (  20.21kB)
    Total RW  Size (RW Data + ZI Data)             26784 (  26.16kB)
    Total ROM Size (Code + RO Data + RW Data)      20944 (  20.45kB)

==============================================================================

