Component: Arm Compiler for Embedded 6.18 Tool: armlink [5e4cc100]

==============================================================================

Section Cross References

    clock.o(.text.CLOCK_Init) refers to mdr32fxqi_rst_clk.o(.text.RST_CLK_DeInit) for RST_CLK_DeInit
    clock.o(.text.CLOCK_Init) refers to mdr32fxqi_rst_clk.o(.text.RST_CLK_HSEconfig) for RST_CLK_HSEconfig
    clock.o(.text.CLOCK_Init) refers to mdr32fxqi_rst_clk.o(.text.RST_CLK_HSEstatus) for RST_CLK_HSEstatus
    clock.o(.text.CLOCK_Init) refers to mdr32fxqi_rst_clk.o(.text.RST_CLK_CPU_PLLconfig) for RST_CLK_CPU_PLLconfig
    clock.o(.text.CLOCK_Init) refers to mdr32fxqi_rst_clk.o(.text.RST_CLK_CPU_PLLcmd) for RST_CLK_CPU_PLLcmd
    clock.o(.text.CLOCK_Init) refers to mdr32fxqi_rst_clk.o(.text.RST_CLK_CPU_PLLstatus) for RST_CLK_CPU_PLLstatus
    clock.o(.text.CLOCK_Init) refers to mdr32fxqi_rst_clk.o(.text.RST_CLK_CPUclkPrescaler) for RST_CLK_CPUclkPrescaler
    clock.o(.text.CLOCK_Init) refers to mdr32fxqi_rst_clk.o(.text.RST_CLK_CPU_PLLuse) for RST_CLK_CPU_PLLuse
    clock.o(.text.CLOCK_Init) refers to mdr32fxqi_rst_clk.o(.text.RST_CLK_CPUclkSelection) for RST_CLK_CPUclkSelection
    clock.o(.text.CLOCK_Init) refers to system_mdr32f1qi.o(.text.SystemCoreClockUpdate) for SystemCoreClockUpdate
    clock.o(.ARM.exidx.text.CLOCK_Init) refers to clock.o(.text.CLOCK_Init) for [Anonymous Symbol]
    dma.o(.text.DMA_common_init) refers to mdr32fxqi_rst_clk.o(.text.RST_CLK_PCLKcmd) for RST_CLK_PCLKcmd
    dma.o(.text.DMA_common_init) refers to mdr32fxqi_dma.o(.text.DMA_DeInit) for DMA_DeInit
    dma.o(.ARM.exidx.text.DMA_common_init) refers to dma.o(.text.DMA_common_init) for [Anonymous Symbol]
    dma.o(.text.DMA_IRQHandler) refers to mdr32fxqi_dma.o(.text.DMA_GetFlagStatus) for DMA_GetFlagStatus
    dma.o(.text.DMA_IRQHandler) refers to uart.o(.text.DMA_UART_RX_init) for DMA_UART_RX_init
    dma.o(.text.DMA_IRQHandler) refers to mdr32fxqi_dma.o(.text.DMA_Init) for DMA_Init
    dma.o(.text.DMA_IRQHandler) refers to uart.o(.bss.UART1) for UART1
    dma.o(.text.DMA_IRQHandler) refers to uart.o(.bss.UART2) for UART2
    dma.o(.ARM.exidx.text.DMA_IRQHandler) refers to dma.o(.text.DMA_IRQHandler) for [Anonymous Symbol]
    main.o(.text.main) refers to clock.o(.text.CLOCK_Init) for CLOCK_Init
    main.o(.text.main) refers to dma.o(.text.DMA_common_init) for DMA_common_init
    main.o(.text.main) refers to ebc.o(.text.ebc_init) for ebc_init
    main.o(.text.main) refers to external_ram.o(.text.init_external_ram_space) for init_external_ram_space
    main.o(.text.main) refers to spi.o(.text.spi_init) for spi_init
    main.o(.text.main) refers to timer.o(.text.timer_init) for timer_init
    main.o(.text.main) refers to 1273pv19t.o(.text.adc_init) for adc_init
    main.o(.text.main) refers to uart.o(.text.uart_set_read_timeout) for uart_set_read_timeout
    main.o(.text.main) refers to uart.o(.text.uart_init) for uart_init
    main.o(.text.main) refers to uart.o(.text.DMA_UART_RX_init) for DMA_UART_RX_init
    main.o(.text.main) refers to main.o(.text.do_mpa_task) for do_mpa_task
    main.o(.text.main) refers to spi.o(.bss.spi_1) for spi_1
    main.o(.text.main) refers to timer.o(.bss.timer_1) for timer_1
    main.o(.text.main) refers to timer.o(.bss.timer_3) for timer_3
    main.o(.text.main) refers to timer.o(.bss.timer_2) for timer_2
    main.o(.text.main) refers to 1273pv19t.o(.bss.adc_1) for adc_1
    main.o(.text.main) refers to uart.o(.bss.UART1) for UART1
    main.o(.text.main) refers to main.o(.bss.ram_space_pointer) for ram_space_pointer
    main.o(.text.main) refers to uart.o(.bss.UART2) for UART2
    main.o(.ARM.exidx.text.main) refers to main.o(.text.main) for [Anonymous Symbol]
    main.o(.text.do_mpa_task) refers to 1273pv19t.o(.text.adc_read) for adc_read
    main.o(.text.do_mpa_task) refers to fflti.o(.text) for __aeabi_i2f
    main.o(.text.do_mpa_task) refers to fmul.o(x$fpl$fmul) for __aeabi_fmul
    main.o(.text.do_mpa_task) refers to faddsub.o(x$fpl$fadd) for __aeabi_fadd
    main.o(.text.do_mpa_task) refers to main.o(.bss.ram_space_pointer) for ram_space_pointer
    main.o(.ARM.exidx.text.do_mpa_task) refers to main.o(.text.do_mpa_task) for [Anonymous Symbol]
    main.o(.text.request_data) refers to rs422_protocol.o(.text.receive_packet) for receive_packet
    main.o(.text.request_data) refers to main.o(.text.do_mpa_task) for do_mpa_task
    main.o(.text.request_data) refers to rs422_protocol.o(.text.protocol_do_cmds) for protocol_do_cmds
    main.o(.text.request_data) refers to rs422_protocol.o(.text.transmit_packet) for transmit_packet
    main.o(.text.request_data) refers to 1273pv19t.o(.bss.adc_1) for adc_1
    main.o(.ARM.exidx.text.request_data) refers to main.o(.text.request_data) for [Anonymous Symbol]
    rs422_protocol.o(.text.transmit_packet) refers to rt_memcpy.o(.text) for __aeabi_memcpy
    rs422_protocol.o(.text.transmit_packet) refers to rs422_protocol.o(.text.crc32) for crc32
[...]
    ../clib/angel/kernel.s                   0x00000000   Number         0  rtexit.o ABSOLUTE
    ../clib/angel/kernel.s                   0x00000000   Number         0  rtexit2.o ABSOLUTE
    ../clib/angel/rt.s                       0x00000000   Number         0  aeabi_idiv0.o ABSOLUTE
    ../clib/angel/rt.s                       0x00000000   Number         0  aeabi_idiv0_sigfpe.o ABSOLUTE
    ../clib/angel/rt.s                       0x00000000   Number         0  rt_div0.o ABSOLUTE
    ../clib/angel/rt.s                       0x00000000   Number         0  rt_raise.o ABSOLUTE
    ../clib/angel/scatterp.s                 0x00000000   Number         0  __scatter.o ABSOLUTE
    ../clib/angel/startup.s                  0x00000000   Number         0  __main.o ABSOLUTE
    ../clib/angel/sys.s                      0x00000000   Number         0  sys_stackheap_outer.o ABSOLUTE
    ../clib/angel/sys.s                      0x00000000   Number         0  libspace.o ABSOLUTE
    ../clib/angel/sys.s                      0x00000000   Number         0  tempstk.o ABSOLUTE
    ../clib/angel/sys.s                      0x00000000   Number         0  use_no_semi.o ABSOLUTE
    ../clib/angel/sys.s                      0x00000000   Number         0  indicate_semi.o ABSOLUTE
    ../clib/angel/sysapp.c                   0x00000000   Number         0  sys_exit.o ABSOLUTE
    ../clib/angel/sysapp.c                   0x00000000   Number         0  sys_exit_hlt.o ABSOLUTE
    ../clib/angel/sysapp.c                   0x00000000   Number         0  sys_wrch.o ABSOLUTE
    ../clib/angel/sysapp.c                   0x00000000   Number         0  sys_wrch_hlt.o ABSOLUTE
    ../clib/angel/sysapp.c                   0x00000000   Number         0  sys_command.o ABSOLUTE
    ../clib/angel/sysapp.c                   0x00000000   Number         0  sys_command_hlt.o ABSOLUTE
    ../clib/armsys.c                         0x00000000   Number         0  argv_veneer.o ABSOLUTE
    ../clib/armsys.c                         0x00000000   Number         0  _get_argv_nomalloc.o ABSOLUTE
    ../clib/armsys.c                         0x00000000   Number         0  no_argv.o ABSOLUTE
    ../clib/division.s                       0x00000000   Number         0  aeabi_sdiv.o ABSOLUTE
    ../clib/division.s                       0x00000000   Number         0  aeabi_sdiv_div0.o ABSOLUTE
    ../clib/heapalloc.c                      0x00000000   Number         0  hrguard.o ABSOLUTE
    ../clib/heapaux.c                        0x00000000   Number         0  heapauxi.o ABSOLUTE
    ../clib/libinit.s                        0x00000000   Number         0  libinit.o ABSOLUTE
    ../clib/libinit.s                        0x00000000   Number         0  libinit2.o ABSOLUTE
    ../clib/libinit.s                        0x00000000   Number         0  libshutdown.o ABSOLUTE
    ../clib/libinit.s                        0x00000000   Number         0  libshutdown2.o ABSOLUTE
    ../clib/memcpset.c                       0x00000000   Number         0  rt_memcpy.o ABSOLUTE
    ../clib/memcpset.c                       0x00000000   Number         0  rt_memcpy.o ABSOLUTE
    ../clib/memcpset.c                       0x00000000   Number         0  rt_memclr.o ABSOLUTE
    ../clib/signal.c                         0x00000000   Number         0  defsig_fpe_outer.o ABSOLUTE
    ../clib/signal.c                         0x00000000   Number         0  defsig_fpe_formal.o ABSOLUTE
    ../clib/signal.c                         0x00000000   Number         0  defsig_exit.o ABSOLUTE
    ../clib/signal.c                         0x00000000   Number         0  defsig_fpe_inner.o ABSOLUTE
    ../clib/signal.c                         0x00000000   Number         0  __raise.o ABSOLUTE
    ../clib/signal.c                         0x00000000   Number         0  defsig_general.o ABSOLUTE
    ../clib/signal.c                         0x00000000   Number         0  defsig_abrt_inner.o ABSOLUTE
    ../clib/signal.c                         0x00000000   Number         0  defsig_rtred_inner.o ABSOLUTE
    ../clib/signal.c                         0x00000000   Number         0  defsig_rtmem_inner.o ABSOLUTE
    ../clib/signal.c                         0x00000000   Number         0  defsig_rtmem_outer.o ABSOLUTE
    ../clib/signal.c                         0x00000000   Number         0  defsig_rtmem_formal.o ABSOLUTE
    ../clib/signal.c                         0x00000000   Number         0  defsig_stak_inner.o ABSOLUTE
    ../clib/signal.c                         0x00000000   Number         0  defsig_pvfn_inner.o ABSOLUTE
    ../clib/signal.c                         0x00000000   Number         0  defsig_cppl_inner.o ABSOLUTE
    ../clib/signal.c                         0x00000000   Number         0  defsig_segv_inner.o ABSOLUTE
    ../clib/signal.c                         0x00000000   Number         0  defsig_other.o ABSOLUTE
    ../clib/signal.s                         0x00000000   Number         0  defsig.o ABSOLUTE
    ../clib/stdlib.c                         0x00000000   Number         0  exit.o ABSOLUTE
    ../clib/string.c                         0x00000000   Number         0  strncpy.o ABSOLUTE
    ../fplib/cfplib/fflt.c                   0x00000000   Number         0  fflti.o ABSOLUTE
    ../fplib/cfplib/fpinit.c                 0x00000000   Number         0  fpinit.o ABSOLUTE
    ../fplib/faddsub6m.s                     0x00000000   Number         0  faddsub.o ABSOLUTE
    ../fplib/fmul6m.s                        0x00000000   Number         0  fmul.o ABSOLUTE
    ../fplib/usenofp.s                       0x00000000   Number         0  usenofp.o ABSOLUTE
    1273pv19t.c                              0x00000000   Number         0  1273pv19t.o ABSOLUTE
    C:\Users\shishov\AppData\Local\Arm\Packs\Milandr\MDR32FxQI\1.0\Libraries\SPL\MDR32FxQI\src\MDR32FxQI_eeprom_cache.S 0x00000000   Number         0  mdr32fxqi_eeprom_cache.o ABSOLUTE
    CLOCK.c                                  0x00000000   Number         0  clock.o ABSOLUTE
    DMA.c                                    0x00000000   Number         0  dma.o ABSOLUTE
    EBC.c                                    0x00000000   Number         0  ebc.o ABSOLUTE
    MDR32FxQI_bkp.c                          0x00000000   Number         0  mdr32fxqi_bkp.o ABSOLUTE
    MDR32FxQI_dma.c                          0x00000000   Number         0  mdr32fxqi_dma.o ABSOLUTE
    MDR32FxQI_ebc.c                          0x00000000   Number         0  mdr32fxqi_ebc.o ABSOLUTE
    MDR32FxQI_eeprom.c                       0x00000000   Number         0  mdr32fxqi_eeprom.o ABSOLUTE
    MDR32FxQI_port.c                         0x00000000   Number         0  mdr32fxqi_port.o ABSOLUTE
    MDR32FxQI_rst_clk.c                      0x00000000   Number         0  mdr32fxqi_rst_clk.o ABSOLUTE
    MDR32FxQI_ssp.c                          0x00000000   Number         0  mdr32fxqi_ssp.o ABSOLUTE
    MDR32FxQI_timer.c                        0x00000000   Number         0  mdr32fxqi_timer.o ABSOLUTE
    MDR32FxQI_uart.c                         0x00000000   Number         0  mdr32fxqi_uart.o ABSOLUTE
    RTE\Device\MDR32F1QI\startup_MDR32F1QI.S 0x00000000   Number         0  startup_mdr32f1qi.o ABSOLUTE
    SPI.c                                    0x00000000   Number         0  spi.o ABSOLUTE
    TIMER.c                                  0x00000000   Number         0  timer.o ABSOLUTE
    UART.c                                   0x00000000   Number         0  uart.o ABSOLUTE
    dc.s                                     0x00000000   Number         0  dc.o ABSOLUTE
    external_ram.c                           0x00000000   Number         0  external_ram.o ABSOLUTE
    main.c                                   0x00000000   Number         0  main.o ABSOLUTE
    rs422_protocol.c                         0x00000000   Number         0  rs422_protocol.o ABSOLUTE
    system_MDR32F1QI.c                       0x00000000   Number         0  system_mdr32f1qi.o ABSOLUTE
    RESET                                    0x00000000   Section      192  startup_mdr32f1qi.o(RESET)
    !!!main                                  0x000000c0   Section        8  __main.o(!!!main)
    !!!scatter                               0x000000c8   Section       60  __scatter.o(!!!scatter)
    !!handler_copy                           0x00000104   Section       26  __scatter_copy.o(!!handler_copy)
    !!handler_zi                             0x00000120   Section       28  __scatter_zi.o(!!handler_zi)
    .ARM.Collect$$libinit$$00000000          0x0000013c   Section        2  libinit.o(.ARM.Collect$$libinit$$00000000)
    .ARM.Collect$$libinit$$00000002          0x0000013e   Section        0  libinit2.o(.ARM.Collect$$libinit$$00000002)
    .ARM.Collect$$libinit$$00000004          0x0000013e   Section        0  libinit2.o(.ARM.Collect$$libinit$$00000004)
    .ARM.Collect$$libinit$$00000006          0x0000013e   Section        0  libinit2.o(.ARM.Collect$$libinit$$00000006)
    .ARM.Collect$$libinit$$0000000C          0x0000013e   Section        0  libinit2.o(.ARM.Collect$$libinit$$0000000C)
    .ARM.Collect$$libinit$$0000000E          0x0000013e   Section        0  libinit2.o(.ARM.Collect$$libinit$$0000000E)
    .ARM.Collect$$libinit$$00000010          0x0000013e   Section        0  libinit2.o(.ARM.Collect$$libinit$$00000010)
    .ARM.Collect$$libinit$$00000013          0x0000013e   Section        0  libinit2.o(.ARM.Collect$$libinit$$00000013)
    .ARM.Collect$$libinit$$00000015          0x0000013e   Section        0  libinit2.o(.ARM.Collect$$libinit$$00000015)
    .ARM.Collect$$libinit$$00000017          0x0000013e   Section        0  libinit2.o(.ARM.Collect$$libinit$$00000017)
    .ARM.Collect$$libinit$$00000019          0x0000013e   Section        0  libinit2.o(.ARM.Collect$$libinit$$00000019)
    .ARM.Collect$$libinit$$0000001B          0x0000013e   Section        0  libinit2.o(.ARM.Collect$$libinit$$0000001B)
    .ARM.Collect$$libinit$$0000001D          0x0000013e   Section        0  libinit2.o(.ARM.Collect$$libinit$$0000001D)
    .ARM.Collect$$libinit$$0000001F          0x0000013e   Section        0  libinit2.o(.ARM.Collect$$libinit$$0000001F)
    .ARM.Collect$$libinit$$00000021          0x0000013e   Section        0  libinit2.o(.ARM.Collect$$libinit$$00000021)
    .ARM.Collect$$libinit$$00000023          0x0000013e   Section        0  libinit2.o(.ARM.Collect$$libinit$$00000023)
    .ARM.Collect$$libinit$$00000025          0x0000013e   Section        0  libinit2.o(.ARM.Collect$$libinit$$00000025)
    .ARM.Collect$$libinit$$00000027          0x0000013e   Section        0  libinit2.o(.ARM.Collect$$libinit$$00000027)
    .ARM.Collect$$libinit$$0000002E          0x0000013e   Section        0  libinit2.o(.ARM.Collect$$libinit$$0000002E)
    .ARM.Collect$$libinit$$00000030          0x0000013e   Section        0  libinit2.o(.ARM.Collect$$libinit$$00000030)
    .ARM.Collect$$libinit$$00000032          0x0000013e   Section        0  libinit2.o(.ARM.Collect$$libinit$$00000032)
    .ARM.Collect$$libinit$$00000034          0x0000013e   Section        0  libinit2.o(.ARM.Collect$$libinit$$00000034)
    .ARM.Collect$$libinit$$00000035          0x0000013e   Section        2  libinit2.o(.ARM.Collect$$libinit$$00000035)
    .ARM.Collect$$libshutdown$$00000000      0x00000140   Section        2  libshutdown.o(.ARM.Collect$$libshutdown$$00000000)
    .ARM.Collect$$libshutdown$$00000002      0x00000142   Section        0  libshutdown2.o(.ARM.Collect$$libshutdown$$00000002)
    .ARM.Collect$$libshutdown$$00000004      0x00000142   Section        0  libshutdown2.o(.ARM.Collect$$libshutdown$$00000004)
    .ARM.Collect$$libshutdown$$00000007      0x00000142   Section        0  libshutdown2.o(.ARM.Collect$$libshutdown$$00000007)
    .ARM.Collect$$libshutdown$$0000000A      0x00000142   Section        0  libshutdown2.o(.ARM.Collect$$libshutdown$$0000000A)
    .ARM.Collect$$libshutdown$$0000000C      0x00000142   Section        0  libshutdown2.o(.ARM.Collect$$libshutdown$$0000000C)
    .ARM.Collect$$libshutdown$$0000000F      0x00000142   Section        0  libshutdown2.o(.ARM.Collect$$libshutdown$$0000000F)
    .ARM.Collect$$libshutdown$$00000010      0x00000142   Section        2  libshutdown2.o(.ARM.Collect$$libshutdown$$00000010)
    .ARM.Collect$$rtentry$$00000000          0x00000144   Section        0  __rtentry.o(.ARM.Collect$$rtentry$$00000000)
    .ARM.Collect$$rtentry$$00000002          0x00000144   Section        0  __rtentry2.o(.ARM.Collect$$rtentry$$00000002)
    .ARM.Collect$$rtentry$$00000004          0x00000144   Section        6  __rtentry4.o(.ARM.Collect$$rtentry$$00000004)
    .ARM.Collect$$rtentry$$00000009          0x0000014a   Section        0  __rtentry2.o(.ARM.Collect$$rtentry$$00000009)
    .ARM.Collect$$rtentry$$0000000A          0x0000014a   Section        4  __rtentry2.o(.ARM.Collect$$rtentry$$0000000A)
    .ARM.Collect$$rtentry$$0000000C          0x0000014e   Section        0  __rtentry2.o(.ARM.Collect$$rtentry$$0000000C)
    .ARM.Collect$$rtentry$$0000000D          0x0000014e   Section        8  __rtentry2.o(.ARM.Collect$$rtentry$$0000000D)
    .ARM.Collect$$rtexit$$00000000           0x00000156   Section        2  rtexit.o(.ARM.Collect$$rtexit$$00000000)
    .ARM.Collect$$rtexit$$00000002           0x00000158   Section        0  rtexit2.o(.ARM.Collect$$rtexit$$00000002)
    .ARM.Collect$$rtexit$$00000003           0x00000158   Section        4  rtexit2.o(.ARM.Collect$$rtexit$$00000003)
    .ARM.Collect$$rtexit$$00000004           0x0000015c   Section        6  rtexit2.o(.ARM.Collect$$rtexit$$00000004)
    .text                                    0x00000164   Section      116  startup_mdr32f1qi.o(.text)
    .text                                    0x000001d8   Section        0  rt_memclr.o(.text)
    .text                                    0x00000218   Section        0  strncpy.o(.text)
    .text                                    0x00000284   Section      364  aeabi_sdiv.o(.text)
    .text                                    0x000003f0   Section        0  heapauxi.o(.text)
    .text                                    0x000003f6   Section        0  fflti.o(.text)
    .text                                    0x00000454   Section       62  sys_stackheap_outer.o(.text)
    .text                                    0x00000492   Section        0  exit.o(.text)
    .text                                    0x000004a4   Section        8  libspace.o(.text)
    .text                                    0x000004ac   Section        0  sys_exit.o(.text)
    .text                                    0x000004b8   Section        2  use_no_semi.o(.text)
    .text                                    0x000004ba   Section        0  indicate_semi.o(.text)
    .text                                    0x000004ba   Section        0  __dczerorl.o(.text)
    [Anonymous Symbol]                       0x000004f4   Section        0  clock.o(.text.CLOCK_Init)
    [Anonymous Symbol]                       0x0000054c   Section        0  mdr32fxqi_dma.o(.text.DMA_Cmd)
    [Anonymous Symbol]                       0x00000580   Section        0  mdr32fxqi_dma.o(.text.DMA_CtrlDataInit)
    [Anonymous Symbol]                       0x00000620   Section        0  mdr32fxqi_dma.o(.text.DMA_DeInit)
    __arm_cp.0_2                             0x0000065c   Number         4  mdr32fxqi_dma.o(.text.DMA_DeInit)
    __arm_cp.0_5                             0x00000660   Number         4  mdr32fxqi_dma.o(.text.DMA_DeInit)
    [Anonymous Symbol]                       0x00000664   Section        0  mdr32fxqi_dma.o(.text.DMA_GetFlagStatus)
    __arm_cp.13_3                            0x0000074c   Number         4  mdr32fxqi_dma.o(.text.DMA_GetFlagStatus)
    __arm_cp.13_4                            0x00000750   Number         4  mdr32fxqi_dma.o(.text.DMA_GetFlagStatus)
    __arm_cp.13_6                            0x00000754   Number         4  mdr32fxqi_dma.o(.text.DMA_GetFlagStatus)
    __arm_cp.13_7                            0x00000758   Number         4  mdr32fxqi_dma.o(.text.DMA_GetFlagStatus)
    [Anonymous Symbol]                       0x0000075c   Section        0  dma.o(.text.DMA_IRQHandler)
    __arm_cp.1_0                             0x000007fc   Number         4  dma.o(.text.DMA_IRQHandler)
    __arm_cp.1_1                             0x00000800   Number         4  dma.o(.text.DMA_IRQHandler)
    [Anonymous Symbol]                       0x00000804   Section        0  mdr32fxqi_dma.o(.text.DMA_Init)
    __arm_cp.6_0                             0x000008f0   Number         4  mdr32fxqi_dma.o(.text.DMA_Init)
    __arm_cp.6_1                             0x000008f4   Number         4  mdr32fxqi_dma.o(.text.DMA_Init)
    __arm_cp.6_2                             0x000008f8   Number         4  mdr32fxqi_dma.o(.text.DMA_Init)
    __arm_cp.6_3                             0x000008fc   Number         4  mdr32fxqi_dma.o(.text.DMA_Init)
    __arm_cp.6_5                             0x00000900   Number         4  mdr32fxqi_dma.o(.text.DMA_Init)
    __arm_cp.6_7                             0x00000904   Number         4  mdr32fxqi_dma.o(.text.DMA_Init)
    __arm_cp.6_8                             0x00000908   Number         4  mdr32fxqi_dma.o(.text.DMA_Init)
    __arm_cp.6_9                             0x0000090c   Number         4  mdr32fxqi_dma.o(.text.DMA_Init)
    __arm_cp.6_10                            0x00000910   Number         4  mdr32fxqi_dma.o(.text.DMA_Init)
    __arm_cp.6_11                            0x00000914   Number         4  mdr32fxqi_dma.o(.text.DMA_Init)
    [Anonymous Symbol]                       0x00000918   Section        0  mdr32fxqi_dma.o(.text.DMA_StructInit)
    [Anonymous Symbol]                       0x0000093c   Section        0  uart.o(.text.DMA_UART_RX_init)
    __arm_cp.11_0                            0x000009e8   Number         4  uart.o(.text.DMA_UART_RX_init)
    __arm_cp.11_1                            0x000009ec   Number         4  uart.o(.text.DMA_UART_RX_init)
    [Anonymous Symbol]                       0x000009f0   Section        0  dma.o(.text.DMA_common_init)
    __arm_cp.0_0                             0x00000a18   Number         4  dma.o(.text.DMA_common_init)
    __arm_cp.0_1                             0x00000a1c   Number         4  dma.o(.text.DMA_common_init)
    __arm_cp.0_2                             0x00000a20   Number         4  dma.o(.text.DMA_common_init)
    __arm_cp.0_3                             0x00000a24   Number         4  dma.o(.text.DMA_common_init)
    __arm_cp.0_4                             0x00000a28   Number         4  dma.o(.text.DMA_common_init)
    __arm_cp.0_5                             0x00000a2c   Number         4  dma.o(.text.DMA_common_init)
    [Anonymous Symbol]                       0x00000a30   Section        0  mdr32fxqi_ebc.o(.text.EBC_Init)
    __arm_cp.1_0                             0x00000a88   Number         4  mdr32fxqi_ebc.o(.text.EBC_Init)
    __arm_cp.1_1                             0x00000a8c   Number         4  mdr32fxqi_ebc.o(.text.EBC_Init)
    [Anonymous Symbol]                       0x00000a90   Section        0  mdr32fxqi_ebc.o(.text.EBC_MemRegionInit)
    __arm_cp.7_0                             0x00000acc   Number         4  mdr32fxqi_ebc.o(.text.EBC_MemRegionInit)
    [Anonymous Symbol]                       0x00000ad0   Section        0  mdr32fxqi_ebc.o(.text.EBC_MemRegionStructInit)
    [Anonymous Symbol]                       0x00000aee   Section        0  mdr32fxqi_ebc.o(.text.EBC_StructInit)
    [Anonymous Symbol]                       0x00000b28   Section        0  mdr32fxqi_port.o(.text.PORT_Init)
    __arm_cp.1_0                             0x00000c70   Number         4  mdr32fxqi_port.o(.text.PORT_Init)
    [Anonymous Symbol]                       0x00000c74   Section        0  mdr32fxqi_port.o(.text.PORT_ResetBits)
    [Anonymous Symbol]                       0x00000c84   Section        0  mdr32fxqi_port.o(.text.PORT_SetBits)
    [Anonymous Symbol]                       0x00000c94   Section        0  mdr32fxqi_port.o(.text.PORT_StructInit)
    __arm_cp.2_0                             0x00000cc8   Number         4  mdr32fxqi_port.o(.text.PORT_StructInit)
    [Anonymous Symbol]                       0x00000ccc   Section        0  mdr32fxqi_port.o(.text.PORT_WriteBit)
    [Anonymous Symbol]                       0x00000cf4   Section        0  mdr32fxqi_rst_clk.o(.text.RST_CLK_CPU_PLLcmd)
    [Anonymous Symbol]                       0x00000d28   Section        0  mdr32fxqi_rst_clk.o(.text.RST_CLK_CPU_PLLconfig)
    __arm_cp.17_1                            0x00000d98   Number         4  mdr32fxqi_rst_clk.o(.text.RST_CLK_CPU_PLLconfig)
    [Anonymous Symbol]                       0x00000d9c   Section        0  mdr32fxqi_rst_clk.o(.text.RST_CLK_CPU_PLLstatus)
    [Anonymous Symbol]                       0x00000e00   Section        0  mdr32fxqi_rst_clk.o(.text.RST_CLK_CPU_PLLuse)
    [Anonymous Symbol]                       0x00000e38   Section        0  mdr32fxqi_rst_clk.o(.text.RST_CLK_CPUclkPrescaler)
    [Anonymous Symbol]                       0x00000e60   Section        0  mdr32fxqi_rst_clk.o(.text.RST_CLK_CPUclkSelection)
    [Anonymous Symbol]                       0x00000e88   Section        0  mdr32fxqi_rst_clk.o(.text.RST_CLK_DeInit)
    [Anonymous Symbol]                       0x00000eac   Section        0  mdr32fxqi_rst_clk.o(.text.RST_CLK_GetClocksFreq)
    __arm_cp.36_0                            0x00001100   Number         4  mdr32fxqi_rst_clk.o(.text.RST_CLK_GetClocksFreq)
    __arm_cp.36_1                            0x00001104   Number         4  mdr32fxqi_rst_clk.o(.text.RST_CLK_GetClocksFreq)
    __arm_cp.36_2                            0x00001108   Number         4  mdr32fxqi_rst_clk.o(.text.RST_CLK_GetClocksFreq)
    __arm_cp.36_3                            0x0000110c   Number         4  mdr32fxqi_rst_clk.o(.text.RST_CLK_GetClocksFreq)
    [Anonymous Symbol]                       0x00001110   Section        0  mdr32fxqi_rst_clk.o(.text.RST_CLK_GetFlagStatus)
    __arm_cp.8_1                             0x00001160   Number         4  mdr32fxqi_rst_clk.o(.text.RST_CLK_GetFlagStatus)
    [Anonymous Symbol]                       0x00001164   Section        0  mdr32fxqi_rst_clk.o(.text.RST_CLK_HSEconfig)
    [Anonymous Symbol]                       0x000011a8   Section        0  mdr32fxqi_rst_clk.o(.text.RST_CLK_HSEstatus)
    [Anonymous Symbol]                       0x0000120c   Section        0  mdr32fxqi_rst_clk.o(.text.RST_CLK_HSIcmd)
    __arm_cp.3_0                             0x00001248   Number         4  mdr32fxqi_rst_clk.o(.text.RST_CLK_HSIcmd)
    [Anonymous Symbol]                       0x0000124c   Section        0  mdr32fxqi_rst_clk.o(.text.RST_CLK_HSIstatus)
    [Anonymous Symbol]                       0x000012b0   Section        0  mdr32fxqi_rst_clk.o(.text.RST_CLK_PCLKcmd)
    [Anonymous Symbol]                       0x000012dc   Section        0  mdr32fxqi_rst_clk.o(.text.RST_CLK_WarmDeInit)
    __arm_cp.1_1                             0x00001340   Number         4  mdr32fxqi_rst_clk.o(.text.RST_CLK_WarmDeInit)
    __arm_cp.1_2                             0x00001344   Number         4  mdr32fxqi_rst_clk.o(.text.RST_CLK_WarmDeInit)
    __arm_cp.1_3                             0x00001348   Number         4  mdr32fxqi_rst_clk.o(.text.RST_CLK_WarmDeInit)
    __arm_cp.1_4                             0x0000134c   Number         4  mdr32fxqi_rst_clk.o(.text.RST_CLK_WarmDeInit)
    __arm_cp.1_5                             0x00001350   Number         4  mdr32fxqi_rst_clk.o(.text.RST_CLK_WarmDeInit)
    __arm_cp.1_7                             0x00001354   Number         4  mdr32fxqi_rst_clk.o(.text.RST_CLK_WarmDeInit)
    [Anonymous Symbol]                       0x00001358   Section        0  mdr32fxqi_ssp.o(.text.SSP_BRGInit)
    __arm_cp.12_1                            0x000013f4   Number         4  mdr32fxqi_ssp.o(.text.SSP_BRGInit)
    __arm_cp.12_2                            0x000013f8   Number         4  mdr32fxqi_ssp.o(.text.SSP_BRGInit)
    __arm_cp.12_3                            0x000013fc   Number         4  mdr32fxqi_ssp.o(.text.SSP_BRGInit)
    [Anonymous Symbol]                       0x00001400   Section        0  mdr32fxqi_ssp.o(.text.SSP_Cmd)
    [Anonymous Symbol]                       0x0000142c   Section        0  mdr32fxqi_ssp.o(.text.SSP_ITConfig)
    [Anonymous Symbol]                       0x0000145a   Section        0  mdr32fxqi_ssp.o(.text.SSP_Init)
    [Anonymous Symbol]                       0x0000149a   Section        0  mdr32fxqi_ssp.o(.text.SSP_SendData)
    [Anonymous Symbol]                       0x000014ac   Section        0  mdr32fxqi_ssp.o(.text.SSP_StructInit)
    [Anonymous Symbol]                       0x000014dc   Section        0  system_mdr32f1qi.o(.text.SystemCoreClockUpdate)
    __arm_cp.0_1                             0x0000158c   Number         4  system_mdr32f1qi.o(.text.SystemCoreClockUpdate)
    __arm_cp.0_3                             0x00001590   Number         4  system_mdr32f1qi.o(.text.SystemCoreClockUpdate)
    __arm_cp.0_4                             0x00001594   Number         4  system_mdr32f1qi.o(.text.SystemCoreClockUpdate)
    [Anonymous Symbol]                       0x00001598   Section        0  system_mdr32f1qi.o(.text.SystemInit)
    __arm_cp.1_0                             0x000015d4   Number         4  system_mdr32f1qi.o(.text.SystemInit)
    __arm_cp.1_1                             0x000015d8   Number         4  system_mdr32f1qi.o(.text.SystemInit)
    __arm_cp.1_2                             0x000015dc   Number         4  system_mdr32f1qi.o(.text.SystemInit)
    __arm_cp.1_3                             0x000015e0   Number         4  system_mdr32f1qi.o(.text.SystemInit)
    __arm_cp.1_4                             0x000015e4   Number         4  system_mdr32f1qi.o(.text.SystemInit)
    __arm_cp.1_5                             0x000015e8   Number         4  system_mdr32f1qi.o(.text.SystemInit)
    __arm_cp.1_6                             0x000015ec   Number         4  system_mdr32f1qi.o(.text.SystemInit)
    __arm_cp.1_7                             0x000015f0   Number         4  system_mdr32f1qi.o(.text.SystemInit)
    __arm_cp.1_8                             0x000015f4   Number         4  system_mdr32f1qi.o(.text.SystemInit)
    __arm_cp.1_9                             0x000015f8   Number         4  system_mdr32f1qi.o(.text.SystemInit)
    __arm_cp.1_10                            0x000015fc   Number         4  system_mdr32f1qi.o(.text.SystemInit)
    __arm_cp.1_11                            0x00001600   Number         4  system_mdr32f1qi.o(.text.SystemInit)
    [Anonymous Symbol]                       0x00001604   Section        0  timer.o(.text.TIMER2_IRQHandler)
    __arm_cp.6_0                             0x0000163c   Number         4  timer.o(.text.TIMER2_IRQHandler)
    __arm_cp.6_1                             0x00001640   Number         4  timer.o(.text.TIMER2_IRQHandler)
    __arm_cp.6_2                             0x00001644   Number         4  timer.o(.text.TIMER2_IRQHandler)
    [Anonymous Symbol]                       0x00001648   Section        0  mdr32fxqi_timer.o(.text.TIMER_BRGInit)
    __arm_cp.57_0                            0x0000173c   Number         4  mdr32fxqi_timer.o(.text.TIMER_BRGInit)
    __arm_cp.57_1                            0x00001740   Number         4  mdr32fxqi_timer.o(.text.TIMER_BRGInit)
    __arm_cp.57_2                            0x00001744   Number         4  mdr32fxqi_timer.o(.text.TIMER_BRGInit)
    __arm_cp.57_3                            0x00001748   Number         4  mdr32fxqi_timer.o(.text.TIMER_BRGInit)
    __arm_cp.57_4                            0x0000174c   Number         4  mdr32fxqi_timer.o(.text.TIMER_BRGInit)
    __arm_cp.57_5                            0x00001750   Number         4  mdr32fxqi_timer.o(.text.TIMER_BRGInit)
    [Anonymous Symbol]                       0x00001754   Section        0  mdr32fxqi_timer.o(.text.TIMER_ChnCCR1_Cmd)
    [Anonymous Symbol]                       0x000017a4   Section        0  mdr32fxqi_timer.o(.text.TIMER_ChnInit)
    [Anonymous Symbol]                       0x0000181e   Section        0  mdr32fxqi_timer.o(.text.TIMER_ChnStructInit)
    [Anonymous Symbol]                       0x00001858   Section        0  mdr32fxqi_timer.o(.text.TIMER_Cmd)
    [Anonymous Symbol]                       0x0000188c   Section        0  mdr32fxqi_timer.o(.text.TIMER_CntInit)
    [Anonymous Symbol]                       0x000018e4   Section        0  mdr32fxqi_timer.o(.text.TIMER_CntStructInit)
    [Anonymous Symbol]                       0x0000191e   Section        0  mdr32fxqi_timer.o(.text.TIMER_GetCounter)
    [Anonymous Symbol]                       0x0000192a   Section        0  mdr32fxqi_timer.o(.text.TIMER_ITConfig)
    [Anonymous Symbol]                       0x00001960   Section        0  mdr32fxqi_timer.o(.text.TIMER_SetCounter)
    [Anonymous Symbol]                       0x00001970   Section        0  uart.o(.text.UART1_IRQHandler)
    __arm_cp.0_0                             0x000019b0   Number         4  uart.o(.text.UART1_IRQHandler)
    [Anonymous Symbol]                       0x000019b4   Section        0  uart.o(.text.UART2_IRQHandler)
    __arm_cp.1_0                             0x000019f4   Number         4  uart.o(.text.UART2_IRQHandler)
    __arm_cp.1_1                             0x000019f8   Number         4  uart.o(.text.UART2_IRQHandler)
    [Anonymous Symbol]                       0x000019fc   Section        0  mdr32fxqi_uart.o(.text.UART_BRGInit)
    __arm_cp.16_0                            0x00001a6c   Number         4  mdr32fxqi_uart.o(.text.UART_BRGInit)
    [Anonymous Symbol]                       0x00001a70   Section        0  mdr32fxqi_uart.o(.text.UART_ClearITPendingBit)
    [Anonymous Symbol]                       0x00001a84   Section        0  mdr32fxqi_uart.o(.text.UART_Cmd)
    __arm_cp.3_0                             0x00001ab0   Number         4  mdr32fxqi_uart.o(.text.UART_Cmd)
    [Anonymous Symbol]                       0x00001ab4   Section        0  mdr32fxqi_uart.o(.text.UART_DMACmd)
    [Anonymous Symbol]                       0x00001ae4   Section        0  mdr32fxqi_uart.o(.text.UART_GetFlagStatus)
    [Anonymous Symbol]                       0x00001b16   Section        0  mdr32fxqi_uart.o(.text.UART_ITConfig)
    [Anonymous Symbol]                       0x00001b44   Section        0  mdr32fxqi_uart.o(.text.UART_Init)
    __arm_cp.1_0                             0x00001c48   Number         4  mdr32fxqi_uart.o(.text.UART_Init)
    __arm_cp.1_1                             0x00001c4c   Number         4  mdr32fxqi_uart.o(.text.UART_Init)
    __arm_cp.1_2                             0x00001c50   Number         4  mdr32fxqi_uart.o(.text.UART_Init)
    __arm_cp.1_3                             0x00001c54   Number         4  mdr32fxqi_uart.o(.text.UART_Init)
    [Anonymous Symbol]                       0x00001c58   Section        0  mdr32fxqi_uart.o(.text.UART_ReceiveData)
    __NVIC_ClearPendingIRQ                   0x00001c69   Thumb Code    40  mdr32fxqi_dma.o(.text.__NVIC_ClearPendingIRQ)
    [Anonymous Symbol]                       0x00001c68   Section        0  mdr32fxqi_dma.o(.text.__NVIC_ClearPendingIRQ)
    __arm_cp.1_0                             0x00001c90   Number         4  mdr32fxqi_dma.o(.text.__NVIC_ClearPendingIRQ)
    __NVIC_EnableIRQ                         0x00001c95   Thumb Code    40  timer.o(.text.__NVIC_EnableIRQ)
    [Anonymous Symbol]                       0x00001c94   Section        0  timer.o(.text.__NVIC_EnableIRQ)
    __NVIC_EnableIRQ                         0x00001cbd   Thumb Code    40  uart.o(.text.__NVIC_EnableIRQ)
    [Anonymous Symbol]                       0x00001cbc   Section        0  uart.o(.text.__NVIC_EnableIRQ)
    __arm_cp.4_0                             0x00001ce4   Number         4  uart.o(.text.__NVIC_EnableIRQ)
    [Anonymous Symbol]                       0x00001ce8   Section        0  1273pv19t.o(.text.adc_gpio_config)
    __arm_cp.0_0                             0x00001d64   Number         4  1273pv19t.o(.text.adc_gpio_config)
    [Anonymous Symbol]                       0x00001d68   Section        0  1273pv19t.o(.text.adc_init)
    __arm_cp.1_1                             0x00001dec   Number         4  1273pv19t.o(.text.adc_init)
    __arm_cp.1_2                             0x00001df0   Number         4  1273pv19t.o(.text.adc_init)
    __arm_cp.1_3                             0x00001df4   Number         4  1273pv19t.o(.text.adc_init)
    __arm_cp.1_4                             0x00001df8   Number         4  1273pv19t.o(.text.adc_init)
    __arm_cp.1_5                             0x00001dfc   Number         4  1273pv19t.o(.text.adc_init)
    [Anonymous Symbol]                       0x00001e00   Section        0  1273pv19t.o(.text.adc_read)
    __arm_cp.3_0                             0x00001e94   Number         4  1273pv19t.o(.text.adc_read)
    [Anonymous Symbol]                       0x00001e98   Section        0  1273pv19t.o(.text.adc_reset)
    __arm_cp.2_0                             0x00001ebc   Number         4  1273pv19t.o(.text.adc_reset)
    [Anonymous Symbol]                       0x00001ec0   Section        0  timer.o(.text.delay_micro)
    __arm_cp.7_0                             0x00001ee4   Number         4  timer.o(.text.delay_micro)
    [Anonymous Symbol]                       0x00001ee8   Section        0  timer.o(.text.delay_milli)
    __arm_cp.8_0                             0x00001f10   Number         4  timer.o(.text.delay_milli)
    [Anonymous Symbol]                       0x00001f14   Section        0  main.o(.text.do_mpa_task)
    __arm_cp.1_1                             0x00002004   Number         4  main.o(.text.do_mpa_task)
    [Anonymous Symbol]                       0x00002008   Section        0  ebc.o(.text.ebc_gpio_config)
    __arm_cp.0_0                             0x00002100   Number         4  ebc.o(.text.ebc_gpio_config)
    __arm_cp.0_1                             0x00002104   Number         4  ebc.o(.text.ebc_gpio_config)
    __arm_cp.0_2                             0x00002108   Number         4  ebc.o(.text.ebc_gpio_config)
    __arm_cp.0_3                             0x0000210c   Number         4  ebc.o(.text.ebc_gpio_config)
    __arm_cp.0_4                             0x00002110   Number         4  ebc.o(.text.ebc_gpio_config)
    __arm_cp.0_5                             0x00002114   Number         4  ebc.o(.text.ebc_gpio_config)
    __arm_cp.0_6                             0x00002118   Number         4  ebc.o(.text.ebc_gpio_config)
    __arm_cp.0_7                             0x0000211c   Number         4  ebc.o(.text.ebc_gpio_config)
    [Anonymous Symbol]                       0x00002120   Section        0  ebc.o(.text.ebc_init)
    [Anonymous Symbol]                       0x00002164   Section        0  rs422_protocol.o(.text.fill_crc32_table)
    __arm_cp.5_0                             0x000021e0   Number         4  rs422_protocol.o(.text.fill_crc32_table)
    __arm_cp.5_1                             0x000021e4   Number         4  rs422_protocol.o(.text.fill_crc32_table)
    __arm_cp.5_2                             0x000021e8   Number         4  rs422_protocol.o(.text.fill_crc32_table)
    [Anonymous Symbol]                       0x000021ec   Section        0  external_ram.o(.text.init_external_ram_space)
    __arm_cp.0_17                            0x000024f8   Number         4  external_ram.o(.text.init_external_ram_space)
    __arm_cp.0_18                            0x000024fc   Number         4  external_ram.o(.text.init_external_ram_space)
    __arm_cp.0_3                             0x00002654   Number         4  external_ram.o(.text.init_external_ram_space)
    __arm_cp.0_4                             0x00002658   Number         4  external_ram.o(.text.init_external_ram_space)
    __arm_cp.0_5                             0x0000265c   Number         4  external_ram.o(.text.init_external_ram_space)
    __arm_cp.0_6                             0x00002660   Number         4  external_ram.o(.text.init_external_ram_space)
    __arm_cp.0_7                             0x00002664   Number         4  external_ram.o(.text.init_external_ram_space)
    __arm_cp.0_8                             0x00002668   Number         4  external_ram.o(.text.init_external_ram_space)
    __arm_cp.0_9                             0x0000266c   Number         4  external_ram.o(.text.init_external_ram_space)
    __arm_cp.0_10                            0x00002670   Number         4  external_ram.o(.text.init_external_ram_space)
    __arm_cp.0_11                            0x00002674   Number         4  external_ram.o(.text.init_external_ram_space)
    __arm_cp.0_12                            0x00002678   Number         4  external_ram.o(.text.init_external_ram_space)
    __arm_cp.0_13                            0x0000267c   Number         4  external_ram.o(.text.init_external_ram_space)
    __arm_cp.0_14                            0x00002680   Number         4  external_ram.o(.text.init_external_ram_space)
    __arm_cp.0_15                            0x00002684   Number         4  external_ram.o(.text.init_external_ram_space)
    [Anonymous Symbol]                       0x00002688   Section        0  main.o(.text.main)
    __arm_cp.0_0                             0x00002830   Number         4  main.o(.text.main)
    __arm_cp.0_1                             0x00002834   Number         4  main.o(.text.main)
    __arm_cp.0_2                             0x00002838   Number         4  main.o(.text.main)
    __arm_cp.0_3                             0x0000283c   Number         4  main.o(.text.main)
    __arm_cp.0_4                             0x00002840   Number         4  main.o(.text.main)
    __arm_cp.0_5                             0x00002844   Number         4  main.o(.text.main)
    __arm_cp.0_6                             0x00002848   Number         4  main.o(.text.main)
    __arm_cp.0_7                             0x0000284c   Number         4  main.o(.text.main)
    __arm_cp.0_8                             0x00002850   Number         4  main.o(.text.main)
    __arm_cp.0_9                             0x00002854   Number         4  main.o(.text.main)
    __arm_cp.0_10                            0x00002858   Number         4  main.o(.text.main)
    __arm_cp.0_11                            0x0000285c   Number         4  main.o(.text.main)
    __arm_cp.0_12                            0x00002860   Number         4  main.o(.text.main)
    __arm_cp.0_13                            0x00002864   Number         4  main.o(.text.main)
    __arm_cp.0_14                            0x00002868   Number         4  main.o(.text.main)
    __arm_cp.0_15                            0x0000286c   Number         4  main.o(.text.main)
    __arm_cp.0_16                            0x00002870   Number         4  main.o(.text.main)
    __arm_cp.0_17                            0x00002874   Number         4  main.o(.text.main)
    __arm_cp.0_18                            0x00002878   Number         4  main.o(.text.main)
    [Anonymous Symbol]                       0x0000287c   Section        0  spi.o(.text.spi_gpio_config)
    __arm_cp.0_0                             0x00002900   Number         4  spi.o(.text.spi_gpio_config)
    [Anonymous Symbol]                       0x00002904   Section        0  spi.o(.text.spi_init)
    [Anonymous Symbol]                       0x00002974   Section        0  timer.o(.text.timer1_init)
    [Anonymous Symbol]                       0x000029c0   Section        0  timer.o(.text.timer2_gpio_config)
    __arm_cp.0_0                             0x000029f8   Number         4  timer.o(.text.timer2_gpio_config)
    __arm_cp.0_1                             0x000029fc   Number         4  timer.o(.text.timer2_gpio_config)
    [Anonymous Symbol]                       0x00002a00   Section        0  timer.o(.text.timer2_init)
    [Anonymous Symbol]                       0x00002ac8   Section        0  timer.o(.text.timer3_init)
    [Anonymous Symbol]                       0x00002b14   Section        0  timer.o(.text.timer_init)
    __arm_cp.5_0                             0x00002b64   Number         4  timer.o(.text.timer_init)
    __arm_cp.5_1                             0x00002b68   Number         4  timer.o(.text.timer_init)
    __arm_cp.5_2                             0x00002b6c   Number         4  timer.o(.text.timer_init)
    [Anonymous Symbol]                       0x00002b70   Section        0  uart.o(.text.uart_gpio_config)
    __arm_cp.2_0                             0x00002c40   Number         4  uart.o(.text.uart_gpio_config)
    __arm_cp.2_1                             0x00002c44   Number         4  uart.o(.text.uart_gpio_config)
    __arm_cp.2_2                             0x00002c48   Number         4  uart.o(.text.uart_gpio_config)
    [Anonymous Symbol]                       0x00002c4c   Section        0  uart.o(.text.uart_init)
    [Anonymous Symbol]                       0x00002cfa   Section        0  uart.o(.text.uart_set_read_timeout)
    x$fpl$fadd                               0x00002d10   Section      140  faddsub.o(x$fpl$fadd)
    _fadd1                                   0x00002d1d   Thumb Code     0  faddsub.o(x$fpl$fadd)
    x$fpl$fmul                               0x00002d9c   Section      176  fmul.o(x$fpl$fmul)
    x$fpl$fsub                               0x00002e4c   Section      208  faddsub.o(x$fpl$fsub)
    _fsub1                                   0x00002e59   Thumb Code     0  faddsub.o(x$fpl$fsub)
    [Anonymous Symbol]                       0x00002f1c   Section        0  external_ram.o(.rodata.str1.1)
    x$fpl$usenofp                            0x00002f1c   Section        0  usenofp.o(x$fpl$usenofp)
    .bss                                     0x20000008   Section       96  libspace.o(.bss)
    Heap_Mem                                 0x20000260   Data        4096  startup_mdr32f1qi.o(HEAP)
    HEAP                                     0x20000260   Section     4096  startup_mdr32f1qi.o(HEAP)
    Stack_Mem                                0x20001260   Data        4096  startup_mdr32f1qi.o(STACK)
    STACK                                    0x20001260   Section     4096  startup_mdr32f1qi.o(STACK)
    __initial_sp                             0x20002260   Data           0  startup_mdr32f1qi.o(STACK)

    Global Symbols

    Symbol Name                              Value     Ov Type        Size  Object(Section)

    BuildAttributes$$THM_ISAv3M$S$PE$A:L22$X:L11$S22$IEEE1$IW$~IW$USESV6$~STKCKD$USESV7$~SHL$OSPACE$ROPI$EBA8$UX$STANDARDLIB$REQ8$PRES8$EABIv2 0x00000000   Number         0  anon$$obj.o ABSOLUTE
    __Vectors                                0x00000000   Data           4  startup_mdr32f1qi.o(RESET)
    __ARM_exceptions_init                     - Undefined Weak Reference
    __alloca_initialize                       - Undefined Weak Reference
    __arm_preinit_                            - Undefined Weak Reference
    __arm_relocate_pie_                       - Undefined Weak Reference
    __cpp_initialize__aeabi_                  - Undefined Weak Reference
    __cxa_finalize                            - Undefined Weak Reference
    __rt_locale                               - Undefined Weak Reference
    __sigvec_lookup                           - Undefined Weak Reference
    _atexit_init                              - Undefined Weak Reference
    _call_atexit_fns                          - Undefined Weak Reference
    _clock_init                               - Undefined Weak Reference
    _fp_trap_init                             - Undefined Weak Reference
    _fp_trap_shutdown                         - Undefined Weak Reference
    _get_lc_collate                           - Undefined Weak Reference
    _get_lc_ctype                             - Undefined Weak Reference
    _get_lc_monetary                          - Undefined Weak Reference
    _get_lc_numeric                           - Undefined Weak Reference
    _get_lc_time                              - Undefined Weak Reference
    _getenv_init                              - Undefined Weak Reference
    _handle_redirection                       - Undefined Weak Reference
    _init_alloc                               - Undefined Weak Reference
    _init_user_alloc                          - Undefined Weak Reference
    _initio                                   - Undefined Weak Reference
    _rand_init                                - Undefined Weak Reference
    _signal_finish                            - Undefined Weak Reference
    _signal_init                              - Undefined Weak Reference
    _terminate_alloc                          - Undefined Weak Reference
    _terminate_user_alloc                     - Undefined Weak Reference
    _terminateio                              - Undefined Weak Reference
    __main                                   0x000000c1   Thumb Code     8  __main.o(!!!main)
    __scatterload                            0x000000c9   Thumb Code     0  __scatter.o(!!!scatter)
    __scatterload_rt2                        0x000000c9   Thumb Code    52  __scatter.o(!!!scatter)
    __scatterload_rt2_thumb_only             0x000000c9   Thumb Code     0  __scatter.o(!!!scatter)
    __scatterload_null                       0x000000d9   Thumb Code     0  __scatter.o(!!!scatter)
    __scatterload_copy                       0x00000105   Thumb Code    26  __scatter_copy.o(!!handler_copy)
    __scatterload_zeroinit                   0x00000121   Thumb Code    28  __scatter_zi.o(!!handler_zi)
    __rt_lib_init                            0x0000013d   Thumb Code     0  libinit.o(.ARM.Collect$$libinit$$00000000)
    __rt_lib_init_alloca_1                   0x0000013f   Thumb Code     0  libinit2.o(.ARM.Collect$$libinit$$00000030)
    __rt_lib_init_argv_1                     0x0000013f   Thumb Code     0  libinit2.o(.ARM.Collect$$libinit$$0000002E)
    __rt_lib_init_atexit_1                   0x0000013f   Thumb Code     0  libinit2.o(.ARM.Collect$$libinit$$0000001D)
    __rt_lib_init_clock_1                    0x0000013f   Thumb Code     0  libinit2.o(.ARM.Collect$$libinit$$00000023)
    __rt_lib_init_cpp_1                      0x0000013f   Thumb Code     0  libinit2.o(.ARM.Collect$$libinit$$00000034)
    __rt_lib_init_exceptions_1               0x0000013f   Thumb Code     0  libinit2.o(.ARM.Collect$$libinit$$00000032)
    __rt_lib_init_fp_1                       0x0000013f   Thumb Code     0  libinit2.o(.ARM.Collect$$libinit$$00000002)
    __rt_lib_init_fp_trap_1                  0x0000013f   Thumb Code     0  libinit2.o(.ARM.Collect$$libinit$$00000021)
    __rt_lib_init_getenv_1                   0x0000013f   Thumb Code     0  libinit2.o(.ARM.Collect$$libinit$$00000025)
    __rt_lib_init_heap_1                     0x0000013f   Thumb Code     0  libinit2.o(.ARM.Collect$$libinit$$0000000C)
    __rt_lib_init_lc_collate_1               0x0000013f   Thumb Code     0  libinit2.o(.ARM.Collect$$libinit$$00000013)
    __rt_lib_init_lc_ctype_1                 0x0000013f   Thumb Code     0  libinit2.o(.ARM.Collect$$libinit$$00000015)
    __rt_lib_init_lc_monetary_1              0x0000013f   Thumb Code     0  libinit2.o(.ARM.Collect$$libinit$$00000017)
    __rt_lib_init_lc_numeric_1               0x0000013f   Thumb Code     0  libinit2.o(.ARM.Collect$$libinit$$00000019)
    __rt_lib_init_lc_time_1                  0x0000013f   Thumb Code     0  libinit2.o(.ARM.Collect$$libinit$$0000001B)
    __rt_lib_init_preinit_1                  0x0000013f   Thumb Code     0  libinit2.o(.ARM.Collect$$libinit$$00000006)
    __rt_lib_init_rand_1                     0x0000013f   Thumb Code     0  libinit2.o(.ARM.Collect$$libinit$$00000010)
    __rt_lib_init_relocate_pie_1             0x0000013f   Thumb Code     0  libinit2.o(.ARM.Collect$$libinit$$00000004)
    __rt_lib_init_return                     0x0000013f   Thumb Code     0  libinit2.o(.ARM.Collect$$libinit$$00000035)
    __rt_lib_init_signal_1                   0x0000013f   Thumb Code     0  libinit2.o(.ARM.Collect$$libinit$$0000001F)
    __rt_lib_init_stdio_1                    0x0000013f   Thumb Code     0  libinit2.o(.ARM.Collect$$libinit$$00000027)
    __rt_lib_init_user_alloc_1               0x0000013f   Thumb Code     0  libinit2.o(.ARM.Collect$$libinit$$0000000E)
    __rt_lib_shutdown                        0x00000141   Thumb Code     0  libshutdown.o(.ARM.Collect$$libshutdown$$00000000)
    __rt_lib_shutdown_cpp_1                  0x00000143   Thumb Code     0  libshutdown2.o(.ARM.Collect$$libshutdown$$00000002)
    __rt_lib_shutdown_fp_trap_1              0x00000143   Thumb Code     0  libshutdown2.o(.ARM.Collect$$libshutdown$$00000007)
    __rt_lib_shutdown_heap_1                 0x00000143   Thumb Code     0  libshutdown2.o(.ARM.Collect$$libshutdown$$0000000F)
    __rt_lib_shutdown_return                 0x00000143   Thumb Code     0  libshutdown2.o(.ARM.Collect$$libshutdown$$00000010)
    __rt_lib_shutdown_signal_1               0x00000143   Thumb Code     0  libshutdown2.o(.ARM.Collect$$libshutdown$$0000000A)
    __rt_lib_shutdown_stdio_1                0x00000143   Thumb Code     0  libshutdown2.o(.ARM.Collect$$libshutdown$$00000004)
    __rt_lib_shutdown_user_alloc_1           0x00000143   Thumb Code     0  libshutdown2.o(.ARM.Collect$$libshutdown$$0000000C)
    __rt_entry                               0x00000145   Thumb Code     0  __rtentry.o(.ARM.Collect$$rtentry$$00000000)
    __rt_entry_presh_1                       0x00000145   Thumb Code     0  __rtentry2.o(.ARM.Collect$$rtentry$$00000002)
    __rt_entry_sh                            0x00000145   Thumb Code     0  __rtentry4.o(.ARM.Collect$$rtentry$$00000004)
    __rt_entry_li                            0x0000014b   Thumb Code     0  __rtentry2.o(.ARM.Collect$$rtentry$$0000000A)
    __rt_entry_postsh_1                      0x0000014b   Thumb Code     0  __rtentry2.o(.ARM.Collect$$rtentry$$00000009)
    __rt_entry_main                          0x0000014f   Thumb Code     0  __rtentry2.o(.ARM.Collect$$rtentry$$0000000D)
    __rt_entry_postli_1                      0x0000014f   Thumb Code     0  __rtentry2.o(.ARM.Collect$$rtentry$$0000000C)
    __rt_exit                                0x00000157   Thumb Code     0  rtexit.o(.ARM.Collect$$rtexit$$00000000)
    __rt_exit_ls                             0x00000159   Thumb Code     0  rtexit2.o(.ARM.Collect$$rtexit$$00000003)
    __rt_exit_prels_1                        0x00000159   Thumb Code     0  rtexit2.o(.ARM.Collect$$rtexit$$00000002)
    __rt_exit_exit                           0x0000015d   Thumb Code     0  rtexit2.o(.ARM.Collect$$rtexit$$00000004)
    Reset_Handler                            0x00000165   Thumb Code     8  startup_mdr32f1qi.o(.text)
    NMI_Handler                              0x0000016d   Thumb Code     2  startup_mdr32f1qi.o(.text)
    HardFault_Handler                        0x0000016f   Thumb Code     2  startup_mdr32f1qi.o(.text)
    SVC_Handler                              0x00000171   Thumb Code     2  startup_mdr32f1qi.o(.text)
    PendSV_Handler                           0x00000173   Thumb Code     2  startup_mdr32f1qi.o(.text)
    SysTick_Handler                          0x00000175   Thumb Code     2  startup_mdr32f1qi.o(.text)
    MIL_STD_1553B2_IRQHandler                0x00000177   Thumb Code     2  startup_mdr32f1qi.o(.text)
    MIL_STD_1553B1_IRQHandler                0x00000179   Thumb Code     2  startup_mdr32f1qi.o(.text)
    USB_IRQHandler                           0x0000017b   Thumb Code     2  startup_mdr32f1qi.o(.text)
    CAN1_IRQHandler                          0x0000017d   Thumb Code     2  startup_mdr32f1qi.o(.text)
    CAN2_IRQHandler                          0x0000017f   Thumb Code     2  startup_mdr32f1qi.o(.text)
    SSP1_IRQHandler                          0x00000187   Thumb Code     2  startup_mdr32f1qi.o(.text)
    BUSY_IRQHandler                          0x00000189   Thumb Code     2  startup_mdr32f1qi.o(.text)
    ARINC429R_IRQHandler                     0x0000018b   Thumb Code     2  startup_mdr32f1qi.o(.text)
    POWER_IRQHandler                         0x0000018d   Thumb Code     2  startup_mdr32f1qi.o(.text)
    WWDG_IRQHandler                          0x0000018f   Thumb Code     2  startup_mdr32f1qi.o(.text)
    TIMER4_IRQHandler                        0x00000191   Thumb Code     2  startup_mdr32f1qi.o(.text)
    TIMER1_IRQHandler                        0x00000193   Thumb Code     2  startup_mdr32f1qi.o(.text)
    TIMER3_IRQHandler                        0x00000197   Thumb Code     2  startup_mdr32f1qi.o(.text)
    ADC_IRQHandler                           0x00000199   Thumb Code     2  startup_mdr32f1qi.o(.text)
    ETHERNET_IRQHandler                      0x0000019b   Thumb Code     2  startup_mdr32f1qi.o(.text)
    SSP3_IRQHandler                          0x0000019d   Thumb Code     2  startup_mdr32f1qi.o(.text)
    SSP2_IRQHandler                          0x0000019f   Thumb Code     2  startup_mdr32f1qi.o(.text)
    ARINC429T1_IRQHandler                    0x000001a1   Thumb Code     2  startup_mdr32f1qi.o(.text)
    ARINC429T2_IRQHandler                    0x000001a3   Thumb Code     2  startup_mdr32f1qi.o(.text)
    ARINC429T3_IRQHandler                    0x000001a5   Thumb Code     2  startup_mdr32f1qi.o(.text)
    ARINC429T4_IRQHandler                    0x000001a7   Thumb Code     2  startup_mdr32f1qi.o(.text)
    BKP_IRQHandler                           0x000001a9   Thumb Code     2  startup_mdr32f1qi.o(.text)
    EXT_INT1_IRQHandler                      0x000001ab   Thumb Code     2  startup_mdr32f1qi.o(.text)
    EXT_INT2_IRQHandler                      0x000001ad   Thumb Code     2  startup_mdr32f1qi.o(.text)
    EXT_INT3_IRQHandler                      0x000001af   Thumb Code     2  startup_mdr32f1qi.o(.text)
    EXT_INT4_IRQHandler                      0x000001b1   Thumb Code     2  startup_mdr32f1qi.o(.text)
    __user_initial_stackheap                 0x000001b5   Thumb Code     0  startup_mdr32f1qi.o(.text)
    _memset_w                                0x000001d9   Thumb Code    26  rt_memclr.o(.text)
    _memset                                  0x000001f3   Thumb Code    30  rt_memclr.o(.text)
    __aeabi_memclr                           0x00000211   Thumb Code     4  rt_memclr.o(.text)
    __rt_memclr                              0x00000211   Thumb Code     0  rt_memclr.o(.text)
    __aeabi_memclr4                          0x00000215   Thumb Code     0  rt_memclr.o(.text)
    __aeabi_memclr8                          0x00000215   Thumb Code     0  rt_memclr.o(.text)
    __rt_memclr_w                            0x00000215   Thumb Code     4  rt_memclr.o(.text)
    strncpy                                  0x00000219   Thumb Code   104  strncpy.o(.text)
    __aeabi_uidiv                            0x00000285   Thumb Code     0  aeabi_sdiv.o(.text)
    __aeabi_uidivmod                         0x00000285   Thumb Code    20  aeabi_sdiv.o(.text)
    __aeabi_idiv                             0x00000299   Thumb Code     0  aeabi_sdiv.o(.text)
    __aeabi_idivmod                          0x00000299   Thumb Code   338  aeabi_sdiv.o(.text)
    __use_two_region_memory                  0x000003f1   Thumb Code     2  heapauxi.o(.text)
    __rt_heap_escrow$2region                 0x000003f3   Thumb Code     2  heapauxi.o(.text)
    __rt_heap_expand$2region                 0x000003f5   Thumb Code     2  heapauxi.o(.text)
    __aeabi_i2f_normalise                    0x000003f7   Thumb Code    72  fflti.o(.text)
    __aeabi_i2f                              0x0000043f   Thumb Code    16  fflti.o(.text)
    _fflt                                    0x0000043f   Thumb Code     0  fflti.o(.text)
    __aeabi_ui2f                             0x0000044f   Thumb Code     6  fflti.o(.text)
    _ffltu                                   0x0000044f   Thumb Code     0  fflti.o(.text)
    __user_setup_stackheap                   0x00000455   Thumb Code    62  sys_stackheap_outer.o(.text)
    exit                                     0x00000493   Thumb Code    16  exit.o(.text)
    __user_libspace                          0x000004a5   Thumb Code     8  libspace.o(.text)
    __user_perproc_libspace                  0x000004a5   Thumb Code     0  libspace.o(.text)
    __user_perthread_libspace                0x000004a5   Thumb Code     0  libspace.o(.text)
    _sys_exit                                0x000004ad   Thumb Code     8  sys_exit.o(.text)
    __I$use$semihosting                      0x000004b9   Thumb Code     0  use_no_semi.o(.text)
    __use_no_semihosting_swi                 0x000004b9   Thumb Code     2  use_no_semi.o(.text)
    __decompress                             0x000004bb   Thumb Code     0  __dczerorl.o(.text)
    __decompress0                            0x000004bb   Thumb Code    58  __dczerorl.o(.text)
    __semihosting_library_function           0x000004bb   Thumb Code     0  indicate_semi.o(.text)
    CLOCK_Init                               0x000004f5   Thumb Code    86  clock.o(.text.CLOCK_Init)
    DMA_Cmd                                  0x0000054d   Thumb Code    52  mdr32fxqi_dma.o(.text.DMA_Cmd)
    DMA_CtrlDataInit                         0x00000581   Thumb Code   158  mdr32fxqi_dma.o(.text.DMA_CtrlDataInit)
    DMA_DeInit                               0x00000621   Thumb Code    60  mdr32fxqi_dma.o(.text.DMA_DeInit)
    DMA_GetFlagStatus                        0x00000665   Thumb Code   232  mdr32fxqi_dma.o(.text.DMA_GetFlagStatus)
    DMA_IRQHandler                           0x0000075d   Thumb Code   160  dma.o(.text.DMA_IRQHandler)
    DMA_Init                                 0x00000805   Thumb Code   236  mdr32fxqi_dma.o(.text.DMA_Init)
    DMA_StructInit                           0x00000919   Thumb Code    34  mdr32fxqi_dma.o(.text.DMA_StructInit)
    DMA_UART_RX_init                         0x0000093d   Thumb Code   172  uart.o(.text.DMA_UART_RX_init)
    DMA_common_init                          0x000009f1   Thumb Code    40  dma.o(.text.DMA_common_init)
    EBC_Init                                 0x00000a31   Thumb Code    88  mdr32fxqi_ebc.o(.text.EBC_Init)
    EBC_MemRegionInit                        0x00000a91   Thumb Code    60  mdr32fxqi_ebc.o(.text.EBC_MemRegionInit)
    EBC_MemRegionStructInit                  0x00000ad1   Thumb Code    30  mdr32fxqi_ebc.o(.text.EBC_MemRegionStructInit)
    EBC_StructInit                           0x00000aef   Thumb Code    58  mdr32fxqi_ebc.o(.text.EBC_StructInit)
    PORT_Init                                0x00000b29   Thumb Code   328  mdr32fxqi_port.o(.text.PORT_Init)
    PORT_ResetBits                           0x00000c75   Thumb Code    16  mdr32fxqi_port.o(.text.PORT_ResetBits)
    PORT_SetBits                             0x00000c85   Thumb Code    16  mdr32fxqi_port.o(.text.PORT_SetBits)
    PORT_StructInit                          0x00000c95   Thumb Code    52  mdr32fxqi_port.o(.text.PORT_StructInit)
    PORT_WriteBit                            0x00000ccd   Thumb Code    38  mdr32fxqi_port.o(.text.PORT_WriteBit)
    RST_CLK_CPU_PLLcmd                       0x00000cf5   Thumb Code    52  mdr32fxqi_rst_clk.o(.text.RST_CLK_CPU_PLLcmd)
    RST_CLK_CPU_PLLconfig                    0x00000d29   Thumb Code   112  mdr32fxqi_rst_clk.o(.text.RST_CLK_CPU_PLLconfig)
    RST_CLK_CPU_PLLstatus                    0x00000d9d   Thumb Code   100  mdr32fxqi_rst_clk.o(.text.RST_CLK_CPU_PLLstatus)
    RST_CLK_CPU_PLLuse                       0x00000e01   Thumb Code    56  mdr32fxqi_rst_clk.o(.text.RST_CLK_CPU_PLLuse)
    RST_CLK_CPUclkPrescaler                  0x00000e39   Thumb Code    40  mdr32fxqi_rst_clk.o(.text.RST_CLK_CPUclkPrescaler)
    RST_CLK_CPUclkSelection                  0x00000e61   Thumb Code    40  mdr32fxqi_rst_clk.o(.text.RST_CLK_CPUclkSelection)
    RST_CLK_DeInit                           0x00000e89   Thumb Code    36  mdr32fxqi_rst_clk.o(.text.RST_CLK_DeInit)
    RST_CLK_GetClocksFreq                    0x00000ead   Thumb Code   596  mdr32fxqi_rst_clk.o(.text.RST_CLK_GetClocksFreq)
    RST_CLK_GetFlagStatus                    0x00001111   Thumb Code    80  mdr32fxqi_rst_clk.o(.text.RST_CLK_GetFlagStatus)
    RST_CLK_HSEconfig                        0x00001165   Thumb Code    68  mdr32fxqi_rst_clk.o(.text.RST_CLK_HSEconfig)
    RST_CLK_HSEstatus                        0x000011a9   Thumb Code   100  mdr32fxqi_rst_clk.o(.text.RST_CLK_HSEstatus)
    RST_CLK_HSIcmd                           0x0000120d   Thumb Code    60  mdr32fxqi_rst_clk.o(.text.RST_CLK_HSIcmd)
    RST_CLK_HSIstatus                        0x0000124d   Thumb Code   100  mdr32fxqi_rst_clk.o(.text.RST_CLK_HSIstatus)
    RST_CLK_PCLKcmd                          0x000012b1   Thumb Code    44  mdr32fxqi_rst_clk.o(.text.RST_CLK_PCLKcmd)
    RST_CLK_WarmDeInit                       0x000012dd   Thumb Code   100  mdr32fxqi_rst_clk.o(.text.RST_CLK_WarmDeInit)
    SSP_BRGInit                              0x00001359   Thumb Code   156  mdr32fxqi_ssp.o(.text.SSP_BRGInit)
    SSP_Cmd                                  0x00001401   Thumb Code    44  mdr32fxqi_ssp.o(.text.SSP_Cmd)
    SSP_ITConfig                             0x0000142d   Thumb Code    46  mdr32fxqi_ssp.o(.text.SSP_ITConfig)
    SSP_Init                                 0x0000145b   Thumb Code    64  mdr32fxqi_ssp.o(.text.SSP_Init)
    SSP_SendData                             0x0000149b   Thumb Code    18  mdr32fxqi_ssp.o(.text.SSP_SendData)
    SSP_StructInit                           0x000014ad   Thumb Code    46  mdr32fxqi_ssp.o(.text.SSP_StructInit)
    SystemCoreClockUpdate                    0x000014dd   Thumb Code   176  system_mdr32f1qi.o(.text.SystemCoreClockUpdate)
    SystemInit                               0x00001599   Thumb Code    60  system_mdr32f1qi.o(.text.SystemInit)
    TIMER2_IRQHandler                        0x00001605   Thumb Code    56  timer.o(.text.TIMER2_IRQHandler)
    TIMER_BRGInit                            0x00001649   Thumb Code   244  mdr32fxqi_timer.o(.text.TIMER_BRGInit)
    TIMER_ChnCCR1_Cmd                        0x00001755   Thumb Code    80  mdr32fxqi_timer.o(.text.TIMER_ChnCCR1_Cmd)
    TIMER_ChnInit                            0x000017a5   Thumb Code   122  mdr32fxqi_timer.o(.text.TIMER_ChnInit)
    TIMER_ChnStructInit                      0x0000181f   Thumb Code    58  mdr32fxqi_timer.o(.text.TIMER_ChnStructInit)
    TIMER_Cmd                                0x00001859   Thumb Code    52  mdr32fxqi_timer.o(.text.TIMER_Cmd)
    TIMER_CntInit                            0x0000188d   Thumb Code    88  mdr32fxqi_timer.o(.text.TIMER_CntInit)
    TIMER_CntStructInit                      0x000018e5   Thumb Code    58  mdr32fxqi_timer.o(.text.TIMER_CntStructInit)
    TIMER_GetCounter                         0x0000191f   Thumb Code    12  mdr32fxqi_timer.o(.text.TIMER_GetCounter)
    TIMER_ITConfig                           0x0000192b   Thumb Code    54  mdr32fxqi_timer.o(.text.TIMER_ITConfig)
    TIMER_SetCounter                         0x00001961   Thumb Code    16  mdr32fxqi_timer.o(.text.TIMER_SetCounter)
    UART1_IRQHandler                         0x00001971   Thumb Code    64  uart.o(.text.UART1_IRQHandler)
    UART2_IRQHandler                         0x000019b5   Thumb Code    64  uart.o(.text.UART2_IRQHandler)
    UART_BRGInit                             0x000019fd   Thumb Code   112  mdr32fxqi_uart.o(.text.UART_BRGInit)
    UART_ClearITPendingBit                   0x00001a71   Thumb Code    20  mdr32fxqi_uart.o(.text.UART_ClearITPendingBit)
    UART_Cmd                                 0x00001a85   Thumb Code    44  mdr32fxqi_uart.o(.text.UART_Cmd)
    UART_DMACmd                              0x00001ab5   Thumb Code    48  mdr32fxqi_uart.o(.text.UART_DMACmd)
    UART_GetFlagStatus                       0x00001ae5   Thumb Code    50  mdr32fxqi_uart.o(.text.UART_GetFlagStatus)
    UART_ITConfig                            0x00001b17   Thumb Code    46  mdr32fxqi_uart.o(.text.UART_ITConfig)
    UART_Init                                0x00001b45   Thumb Code   260  mdr32fxqi_uart.o(.text.UART_Init)
    UART_ReceiveData                         0x00001c59   Thumb Code    14  mdr32fxqi_uart.o(.text.UART_ReceiveData)
    adc_gpio_config                          0x00001ce9   Thumb Code   124  1273pv19t.o(.text.adc_gpio_config)
    adc_init                                 0x00001d69   Thumb Code   132  1273pv19t.o(.text.adc_init)
    adc_read                                 0x00001e01   Thumb Code   148  1273pv19t.o(.text.adc_read)
    adc_reset                                0x00001e99   Thumb Code    36  1273pv19t.o(.text.adc_reset)
    delay_micro                              0x00001ec1   Thumb Code    36  timer.o(.text.delay_micro)
    delay_milli                              0x00001ee9   Thumb Code    40  timer.o(.text.delay_milli)
    do_mpa_task                              0x00001f15   Thumb Code   240  main.o(.text.do_mpa_task)
    ebc_gpio_config                          0x00002009   Thumb Code   248  ebc.o(.text.ebc_gpio_config)
    ebc_init                                 0x00002121   Thumb Code    68  ebc.o(.text.ebc_init)
    fill_crc32_table                         0x00002165   Thumb Code   124  rs422_protocol.o(.text.fill_crc32_table)
    init_external_ram_space                  0x000021ed   Thumb Code  1128  external_ram.o(.text.init_external_ram_space)
    main                                     0x00002689   Thumb Code   424  main.o(.text.main)
    spi_gpio_config                          0x0000287d   Thumb Code   132  spi.o(.text.spi_gpio_config)
    spi_init                                 0x00002905   Thumb Code   112  spi.o(.text.spi_init)
    timer1_init                              0x00002975   Thumb Code    74  timer.o(.text.timer1_init)
    timer2_gpio_config                       0x000029c1   Thumb Code    56  timer.o(.text.timer2_gpio_config)
    timer2_init                              0x00002a01   Thumb Code   200  timer.o(.text.timer2_init)
    timer3_init                              0x00002ac9   Thumb Code    74  timer.o(.text.timer3_init)
    timer_init                               0x00002b15   Thumb Code    80  timer.o(.text.timer_init)
    uart_gpio_config                         0x00002b71   Thumb Code   208  uart.o(.text.uart_gpio_config)
    uart_init                                0x00002c4d   Thumb Code   174  uart.o(.text.uart_init)
    uart_set_read_timeout                    0x00002cfb   Thumb Code    22  uart.o(.text.uart_set_read_timeout)
    __aeabi_fadd                             0x00002d11   Thumb Code     0  faddsub.o(x$fpl$fadd)
    _fadd                                    0x00002d11   Thumb Code   134  faddsub.o(x$fpl$fadd)
    __aeabi_fmul                             0x00002d9d   Thumb Code     0  fmul.o(x$fpl$fmul)
    _fmul                                    0x00002d9d   Thumb Code   172  fmul.o(x$fpl$fmul)
    __aeabi_fsub                             0x00002e4d   Thumb Code     0  faddsub.o(x$fpl$fsub)
    _fsub                                    0x00002e4d   Thumb Code   204  faddsub.o(x$fpl$fsub)
    __I$use$fp                               0x00002f1c   Number         0  usenofp.o(x$fpl$usenofp)
    Region$$Table$$Base                      0x00002f20   Number         0  anon$$obj.o(Region$$Table)
    Region$$Table$$Limit                     0x00002f50   Number         0  anon$$obj.o(Region$$Table)
    SystemCoreClock                          0x20000000   Data           4  system_mdr32f1qi.o(.data.SystemCoreClock)
    __libspace_start                         0x20000008   Data          96  libspace.o(.bss)
    UART1                                    0x20000068   Data         120  uart.o(.bss.UART1)
    __temporary_stack_top$libspace           0x20000068   Data           0  libspace.o(.bss)
    UART2                                    0x200000e0   Data         120  uart.o(.bss.UART2)
    adc_1                                    0x20000158   Data          20  1273pv19t.o(.bss.adc_1)
    ram_space_pointer                        0x2000016c   Data           4  main.o(.bss.ram_space_pointer)
    spi_1                                    0x20000170   Data          24  spi.o(.bss.spi_1)
    timer_1                                  0x20000188   Data          72  timer.o(.bss.timer_1)
    timer_2                                  0x200001d0   Data          72  timer.o(.bss.timer_2)
    timer_3                                  0x20000218   Data          72  timer.o(.bss.timer_3)
    DMA_ControlTable                         0x20100000   Data        1024  mdr32fxqi_dma.o(EXECUTABLE_MEMORY_SECTION)



==============================================================================

Memory Map of the image

  Image Entry point : 0x000000c1

  Load Region LR_IROM1 (Base: 0x00000000, Size: 0x00003400, Max: 0x00020000, ABSOLUTE, COMPRESSED[0x0000300c])

    Execution Region ER_IROM1 (Exec base: 0x00000000, Load base: 0x00000000, Size: 0x00002f50, Max: 0x00020000, ABSOLUTE)

    Exec Addr    Load Addr    Size         Type   Attr      Idx    E Section Name        Object

    0x00000000   0x00000000   0x000000c0   Data   RO          182    RESET               startup_mdr32f1qi.o
    0x000000c0   0x000000c0   0x00000008   Code   RO          651  * !!!main             c_p.l(__main.o)
    0x000000c8   0x000000c8   0x0000003c   Code   RO          841    !!!scatter          c_p.l(__scatter.o)
    0x00000104   0x00000104   0x0000001a   Code   RO          843    !!handler_copy      c_p.l(__scatter_copy.o)
    0x0000011e   0x0000011e   0x00000002   PAD
    0x00000120   0x00000120   0x0000001c   Code   RO          845    !!handler_zi        c_p.l(__scatter_zi.o)
    0x0000013c   0x0000013c   0x00000002   Code   RO          700    .ARM.Collect$$libinit$$00000000  c_p.l(libinit.o)
    0x0000013e   0x0000013e   0x00000000   Code   RO          714    .ARM.Collect$$libinit$$00000002  c_p.l(libinit2.o)
    0x0000013e   0x0000013e   0x00000000   Code   RO          716    .ARM.Collect$$libinit$$00000004  c_p.l(libinit2.o)
    0x0000013e   0x0000013e   0x00000000   Code   RO          718    .ARM.Collect$$libinit$$00000006  c_p.l(libinit2.o)
    0x0000013e   0x0000013e   0x00000000   Code   RO          721    .ARM.Collect$$libinit$$0000000C  c_p.l(libinit2.o)
    0x0000013e   0x0000013e   0x00000000   Code   RO          723    .ARM.Collect$$libinit$$0000000E  c_p.l(libinit2.o)
    0x0000013e   0x0000013e   0x00000000   Code   RO          725    .ARM.Collect$$libinit$$00000010  c_p.l(libinit2.o)
    0x0000013e   0x0000013e   0x00000000   Code   RO          728    .ARM.Collect$$libinit$$00000013  c_p.l(libinit2.o)
    0x0000013e   0x0000013e   0x00000000   Code   RO          730    .ARM.Collect$$libinit$$00000015  c_p.l(libinit2.o)
    0x0000013e   0x0000013e   0x00000000   Code   RO          732    .ARM.Collect$$libinit$$00000017  c_p.l(libinit2.o)
    0x0000013e   0x0000013e   0x00000000   Code   RO          734    .ARM.Collect$$libinit$$00000019  c_p.l(libinit2.o)
    0x0000013e   0x0000013e   0x00000000   Code   RO          736    .ARM.Collect$$libinit$$0000001B  c_p.l(libinit2.o)
    0x0000013e   0x0000013e   0x00000000   Code   RO          738    .ARM.Collect$$libinit$$0000001D  c_p.l(libinit2.o)
    0x0000013e   0x0000013e   0x00000000   Code   RO          740    .ARM.Collect$$libinit$$0000001F  c_p.l(libinit2.o)
    0x0000013e   0x0000013e   0x00000000   Code   RO          742    .ARM.Collect$$libinit$$00000021  c_p.l(libinit2.o)
    0x0000013e   0x0000013e   0x00000000   Code   RO          744    .ARM.Collect$$libinit$$00000023  c_p.l(libinit2.o)
    0x0000013e   0x0000013e   0x00000000   Code   RO          746    .ARM.Collect$$libinit$$00000025  c_p.l(libinit2.o)
    0x0000013e   0x0000013e   0x00000000   Code   RO          748    .ARM.Collect$$libinit$$00000027  c_p.l(libinit2.o)
    0x0000013e   0x0000013e   0x00000000   Code   RO          752    .ARM.Collect$$libinit$$0000002E  c_p.l(libinit2.o)
    0x0000013e   0x0000013e   0x00000000   Code   RO          754    .ARM.Collect$$libinit$$00000030  c_p.l(libinit2.o)
    0x0000013e   0x0000013e   0x00000000   Code   RO          756    .ARM.Collect$$libinit$$00000032  c_p.l(libinit2.o)
    0x0000013e   0x0000013e   0x00000000   Code   RO          758    .ARM.Collect$$libinit$$00000034  c_p.l(libinit2.o)
    0x0000013e   0x0000013e   0x00000002   Code   RO          759    .ARM.Collect$$libinit$$00000035  c_p.l(libinit2.o)
    0x00000140   0x00000140   0x00000002   Code   RO          794    .ARM.Collect$$libshutdown$$00000000  c_p.l(libshutdown.o)
    0x00000142   0x00000142   0x00000000   Code   RO          822    .ARM.Collect$$libshutdown$$00000002  c_p.l(libshutdown2.o)
    0x00000142   0x00000142   0x00000000   Code   RO          824    .ARM.Collect$$libshutdown$$00000004  c_p.l(libshutdown2.o)
    0x00000142   0x00000142   0x00000000   Code   RO          827    .ARM.Collect$$libshutdown$$00000007  c_p.l(libshutdown2.o)
    0x00000142   0x00000142   0x00000000   Code   RO          830    .ARM.Collect$$libshutdown$$0000000A  c_p.l(libshutdown2.o)
    0x00000142   0x00000142   0x00000000   Code   RO          832    .ARM.Collect$$libshutdown$$0000000C  c_p.l(libshutdown2.o)
    0x00000142   0x00000142   0x00000000   Code   RO          835    .ARM.Collect$$libshutdown$$0000000F  c_p.l(libshutdown2.o)
    0x00000142   0x00000142   0x00000002   Code   RO          836    .ARM.Collect$$libshutdown$$00000010  c_p.l(libshutdown2.o)
    0x00000144   0x00000144   0x00000000   Code   RO          663    .ARM.Collect$$rtentry$$00000000  c_p.l(__rtentry.o)
    0x00000144   0x00000144   0x00000000   Code   RO          670    .ARM.Collect$$rtentry$$00000002  c_p.l(__rtentry2.o)
    0x00000144   0x00000144   0x00000006   Code   RO          682    .ARM.Collect$$rtentry$$00000004  c_p.l(__rtentry4.o)
    0x0000014a   0x0000014a   0x00000000   Code   RO          672    .ARM.Collect$$rtentry$$00000009  c_p.l(__rtentry2.o)
    0x0000014a   0x0000014a   0x00000004   Code   RO          673    .ARM.Collect$$rtentry$$0000000A  c_p.l(__rtentry2.o)
    0x0000014e   0x0000014e   0x00000000   Code   RO          675    .ARM.Collect$$rtentry$$0000000C  c_p.l(__rtentry2.o)
    0x0000014e   0x0000014e   0x00000008   Code   RO          676    .ARM.Collect$$rtentry$$0000000D  c_p.l(__rtentry2.o)
    0x00000156   0x00000156   0x00000002   Code   RO          705    .ARM.Collect$$rtexit$$00000000  c_p.l(rtexit.o)
    0x00000158   0x00000158   0x00000000   Code   RO          765    .ARM.Collect$$rtexit$$00000002  c_p.l(rtexit2.o)
    0x00000158   0x00000158   0x00000004   Code   RO          766    .ARM.Collect$$rtexit$$00000003  c_p.l(rtexit2.o)
    0x0000015c   0x0000015c   0x00000006   Code   RO          767    .ARM.Collect$$rtexit$$00000004  c_p.l(rtexit2.o)
    0x00000162   0x00000162   0x00000002   PAD
    0x00000164   0x00000164   0x00000074   Code   RO          183    .text               startup_mdr32f1qi.o
    0x000001d8   0x000001d8   0x00000040   Code   RO          641    .text               c_p.l(rt_memclr.o)
    0x00000218   0x00000218   0x0000006c   Code   RO          643    .text               c_p.l(strncpy.o)
    0x00000284   0x00000284   0x0000016c   Code   RO          645    .text               c_p.l(aeabi_sdiv.o)
    0x000003f0   0x000003f0   0x00000006   Code   RO          649    .text               c_p.l(heapauxi.o)
    0x000003f6   0x000003f6   0x0000005e   Code   RO          659    .text               fz_ps.l(fflti.o)
    0x00000454   0x00000454   0x0000003e   Code   RO          686    .text               c_p.l(sys_stackheap_outer.o)
    0x00000492   0x00000492   0x00000010   Code   RO          689    .text               c_p.l(exit.o)
    0x000004a2   0x000004a2   0x00000002   PAD
    0x000004a4   0x000004a4   0x00000008   Code   RO          701    .text               c_p.l(libspace.o)
    0x000004ac   0x000004ac   0x0000000c   Code   RO          760    .text               c_p.l(sys_exit.o)
    0x000004b8   0x000004b8   0x00000002   Code   RO          783    .text               c_p.l(use_no_semi.o)
    0x000004ba   0x000004ba   0x00000000   Code   RO          785    .text               c_p.l(indicate_semi.o)
    0x000004ba   0x000004ba   0x0000003a   Code   RO          839    .text               c_p.l(__dczerorl.o)
    0x000004f4   0x000004f4   0x00000056   Code   RO            2    .text.CLOCK_Init    clock.o
    0x0000054a   0x0000054a   0x00000002   PAD
    0x0000054c   0x0000054c   0x00000034   Code   RO          273    .text.DMA_Cmd       mdr32fxqi_dma.o
    0x00000580   0x00000580   0x0000009e   Code   RO          259    .text.DMA_CtrlDataInit  mdr32fxqi_dma.o
    0x0000061e   0x0000061e   0x00000002   PAD
    0x00000620   0x00000620   0x00000044   Code   RO          255    .text.DMA_DeInit    mdr32fxqi_dma.o
    0x00000664   0x00000664   0x000000f8   Code   RO          281    .text.DMA_GetFlagStatus  mdr32fxqi_dma.o
    0x0000075c   0x0000075c   0x000000a8   Code   RO           12    .text.DMA_IRQHandler  dma.o
    0x00000804   0x00000804   0x00000114   Code   RO          267    .text.DMA_Init      mdr32fxqi_dma.o
    0x00000918   0x00000918   0x00000022   Code   RO          269    .text.DMA_StructInit  mdr32fxqi_dma.o
    0x0000093a   0x0000093a   0x00000002   PAD
    0x0000093c   0x0000093c   0x000000b4   Code   RO          109    .text.DMA_UART_RX_init  uart.o
    0x000009f0   0x000009f0   0x00000040   Code   RO           10    .text.DMA_common_init  dma.o
    0x00000a30   0x00000a30   0x00000060   Code   RO          293    .text.EBC_Init      mdr32fxqi_ebc.o
    0x00000a90   0x00000a90   0x00000040   Code   RO          305    .text.EBC_MemRegionInit  mdr32fxqi_ebc.o
    0x00000ad0   0x00000ad0   0x0000001e   Code   RO          303    .text.EBC_MemRegionStructInit  mdr32fxqi_ebc.o
    0x00000aee   0x00000aee   0x0000003a   Code   RO          295    .text.EBC_StructInit  mdr32fxqi_ebc.o
    0x00000b28   0x00000b28   0x0000014c   Code   RO          335    .text.PORT_Init     mdr32fxqi_port.o
    0x00000c74   0x00000c74   0x00000010   Code   RO          345    .text.PORT_ResetBits  mdr32fxqi_port.o
    0x00000c84   0x00000c84   0x00000010   Code   RO          343    .text.PORT_SetBits  mdr32fxqi_port.o
    0x00000c94   0x00000c94   0x00000038   Code   RO          337    .text.PORT_StructInit  mdr32fxqi_port.o
    0x00000ccc   0x00000ccc   0x00000026   Code   RO          347    .text.PORT_WriteBit  mdr32fxqi_port.o
    0x00000cf2   0x00000cf2   0x00000002   PAD
    0x00000cf4   0x00000cf4   0x00000034   Code   RO          396    .text.RST_CLK_CPU_PLLcmd  mdr32fxqi_rst_clk.o
    0x00000d28   0x00000d28   0x00000074   Code   RO          392    .text.RST_CLK_CPU_PLLconfig  mdr32fxqi_rst_clk.o
    0x00000d9c   0x00000d9c   0x00000064   Code   RO          398    .text.RST_CLK_CPU_PLLstatus  mdr32fxqi_rst_clk.o
    0x00000e00   0x00000e00   0x00000038   Code   RO          394    .text.RST_CLK_CPU_PLLuse  mdr32fxqi_rst_clk.o
    0x00000e38   0x00000e38   0x00000028   Code   RO          400    .text.RST_CLK_CPUclkPrescaler  mdr32fxqi_rst_clk.o
    0x00000e60   0x00000e60   0x00000028   Code   RO          368    .text.RST_CLK_CPUclkSelection  mdr32fxqi_rst_clk.o
    0x00000e88   0x00000e88   0x00000024   Code   RO          358    .text.RST_CLK_DeInit  mdr32fxqi_rst_clk.o
    0x00000eac   0x00000eac   0x00000264   Code   RO          430    .text.RST_CLK_GetClocksFreq  mdr32fxqi_rst_clk.o
    0x00001110   0x00001110   0x00000054   Code   RO          374    .text.RST_CLK_GetFlagStatus  mdr32fxqi_rst_clk.o
    0x00001164   0x00001164   0x00000044   Code   RO          370    .text.RST_CLK_HSEconfig  mdr32fxqi_rst_clk.o
    0x000011a8   0x000011a8   0x00000064   Code   RO          372    .text.RST_CLK_HSEstatus  mdr32fxqi_rst_clk.o
    0x0000120c   0x0000120c   0x00000040   Code   RO          364    .text.RST_CLK_HSIcmd  mdr32fxqi_rst_clk.o
    0x0000124c   0x0000124c   0x00000064   Code   RO          366    .text.RST_CLK_HSIstatus  mdr32fxqi_rst_clk.o
    0x000012b0   0x000012b0   0x0000002c   Code   RO          362    .text.RST_CLK_PCLKcmd  mdr32fxqi_rst_clk.o
    0x000012dc   0x000012dc   0x0000007c   Code   RO          360    .text.RST_CLK_WarmDeInit  mdr32fxqi_rst_clk.o
    0x00001358   0x00001358   0x000000a8   Code   RO          463    .text.SSP_BRGInit   mdr32fxqi_ssp.o
    0x00001400   0x00001400   0x0000002c   Code   RO          445    .text.SSP_Cmd       mdr32fxqi_ssp.o
    0x0000142c   0x0000142c   0x0000002e   Code   RO          447    .text.SSP_ITConfig  mdr32fxqi_ssp.o
    0x0000145a   0x0000145a   0x00000040   Code   RO          441    .text.SSP_Init      mdr32fxqi_ssp.o
    0x0000149a   0x0000149a   0x00000012   Code   RO          457    .text.SSP_SendData  mdr32fxqi_ssp.o
    0x000014ac   0x000014ac   0x0000002e   Code   RO          443    .text.SSP_StructInit  mdr32fxqi_ssp.o
    0x000014da   0x000014da   0x00000002   PAD
    0x000014dc   0x000014dc   0x000000bc   Code   RO          190    .text.SystemCoreClockUpdate  system_mdr32f1qi.o
    0x00001598   0x00001598   0x0000006c   Code   RO          192    .text.SystemInit    system_mdr32f1qi.o
    0x00001604   0x00001604   0x00000044   Code   RO           71    .text.TIMER2_IRQHandler  timer.o
    0x00001648   0x00001648   0x0000010c   Code   RO          586    .text.TIMER_BRGInit  mdr32fxqi_timer.o
    0x00001754   0x00001754   0x00000050   Code   RO          550    .text.TIMER_ChnCCR1_Cmd  mdr32fxqi_timer.o
    0x000017a4   0x000017a4   0x0000007a   Code   RO          516    .text.TIMER_ChnInit  mdr32fxqi_timer.o
    0x0000181e   0x0000181e   0x0000003a   Code   RO          518    .text.TIMER_ChnStructInit  mdr32fxqi_timer.o
    0x00001858   0x00001858   0x00000034   Code   RO          478    .text.TIMER_Cmd     mdr32fxqi_timer.o
    0x0000188c   0x0000188c   0x00000058   Code   RO          474    .text.TIMER_CntInit  mdr32fxqi_timer.o
    0x000018e4   0x000018e4   0x0000003a   Code   RO          476    .text.TIMER_CntStructInit  mdr32fxqi_timer.o
    0x0000191e   0x0000191e   0x0000000c   Code   RO          482    .text.TIMER_GetCounter  mdr32fxqi_timer.o
    0x0000192a   0x0000192a   0x00000036   Code   RO          582    .text.TIMER_ITConfig  mdr32fxqi_timer.o
    0x00001960   0x00001960   0x00000010   Code   RO          480    .text.TIMER_SetCounter  mdr32fxqi_timer.o
    0x00001970   0x00001970   0x00000044   Code   RO           87    .text.UART1_IRQHandler  uart.o
    0x000019b4   0x000019b4   0x00000048   Code   RO           89    .text.UART2_IRQHandler  uart.o
    0x000019fc   0x000019fc   0x00000074   Code   RO          627    .text.UART_BRGInit  mdr32fxqi_uart.o
    0x00001a70   0x00001a70   0x00000014   Code   RO          609    .text.UART_ClearITPendingBit  mdr32fxqi_uart.o
    0x00001a84   0x00001a84   0x00000030   Code   RO          601    .text.UART_Cmd      mdr32fxqi_uart.o
    0x00001ab4   0x00001ab4   0x00000030   Code   RO          613    .text.UART_DMACmd   mdr32fxqi_uart.o
    0x00001ae4   0x00001ae4   0x00000032   Code   RO          625    .text.UART_GetFlagStatus  mdr32fxqi_uart.o
    0x00001b16   0x00001b16   0x0000002e   Code   RO          603    .text.UART_ITConfig  mdr32fxqi_uart.o
    0x00001b44   0x00001b44   0x00000114   Code   RO          597    .text.UART_Init     mdr32fxqi_uart.o
    0x00001c58   0x00001c58   0x0000000e   Code   RO          617    .text.UART_ReceiveData  mdr32fxqi_uart.o
    0x00001c66   0x00001c66   0x00000002   PAD
    0x00001c68   0x00001c68   0x0000002c   Code   RO          257    .text.__NVIC_ClearPendingIRQ  mdr32fxqi_dma.o
    0x00001c94   0x00001c94   0x00000028   Code   RO           67    .text.__NVIC_EnableIRQ  timer.o
    0x00001cbc   0x00001cbc   0x0000002c   Code   RO           95    .text.__NVIC_EnableIRQ  uart.o
    0x00001ce8   0x00001ce8   0x00000080   Code   RO          144    .text.adc_gpio_config  1273pv19t.o
    0x00001d68   0x00001d68   0x00000098   Code   RO          146    .text.adc_init      1273pv19t.o
    0x00001e00   0x00001e00   0x00000098   Code   RO          150    .text.adc_read      1273pv19t.o
    0x00001e98   0x00001e98   0x00000028   Code   RO          148    .text.adc_reset     1273pv19t.o
    0x00001ec0   0x00001ec0   0x00000028   Code   RO           73    .text.delay_micro   timer.o
    0x00001ee8   0x00001ee8   0x0000002c   Code   RO           75    .text.delay_milli   timer.o
    0x00001f14   0x00001f14   0x000000f4   Code   RO           23    .text.do_mpa_task   main.o
    0x00002008   0x00002008   0x00000118   Code   RO          124    .text.ebc_gpio_config  ebc.o
    0x00002120   0x00002120   0x00000044   Code   RO          126    .text.ebc_init      ebc.o
    0x00002164   0x00002164   0x00000088   Code   RO           46    .text.fill_crc32_table  rs422_protocol.o
    0x000021ec   0x000021ec   0x0000049c   Code   RO          135    .text.init_external_ram_space  external_ram.o
    0x00002688   0x00002688   0x000001f4   Code   RO           21    .text.main          main.o
    0x0000287c   0x0000287c   0x00000088   Code   RO          162    .text.spi_gpio_config  spi.o
    0x00002904   0x00002904   0x00000070   Code   RO          164    .text.spi_init      spi.o
    0x00002974   0x00002974   0x0000004a   Code   RO           61    .text.timer1_init   timer.o
    0x000029be   0x000029be   0x00000002   PAD
    0x000029c0   0x000029c0   0x00000040   Code   RO           59    .text.timer2_gpio_config  timer.o
    0x00002a00   0x00002a00   0x000000c8   Code   RO           65    .text.timer2_init   timer.o
    0x00002ac8   0x00002ac8   0x0000004a   Code   RO           63    .text.timer3_init   timer.o
    0x00002b12   0x00002b12   0x00000002   PAD
    0x00002b14   0x00002b14   0x0000005c   Code   RO           69    .text.timer_init    timer.o
    0x00002b70   0x00002b70   0x000000dc   Code   RO           91    .text.uart_gpio_config  uart.o
    0x00002c4c   0x00002c4c   0x000000ae   Code   RO           93    .text.uart_init     uart.o
    0x00002cfa   0x00002cfa   0x00000016   Code   RO          111    .text.uart_set_read_timeout  uart.o
    0x00002d10   0x00002d10   0x0000008c   Code   RO          653    x$fpl$fadd          fz_ps.l(faddsub.o)
    0x00002d9c   0x00002d9c   0x000000b0   Code   RO          661    x$fpl$fmul          fz_ps.l(fmul.o)
    0x00002e4c   0x00002e4c   0x000000d0   Code   RO          655    x$fpl$fsub          fz_ps.l(faddsub.o)
    0x00002f1c   0x00002f1c   0x00000000   Code   RO          668    x$fpl$usenofp       fz_ps.l(usenofp.o)
    0x00002f1c   0x00002f1c   0x00000004   Data   RO          137    .rodata.str1.1      external_ram.o
    0x00002f20   0x00002f20   0x00000030   Data   RO          838    Region$$Table       anon$$obj.o


    Execution Region RW_IRAM1 (Exec base: 0x20000000, Load base: 0x00002f50, Size: 0x00002260, Max: 0x00008000, ABSOLUTE)

    Exec Addr    Load Addr    Size         Type   Attr      Idx    E Section Name        Object

    0x20000000   0x00002f50   0x00000004   Data   RW          194    .data.SystemCoreClock  system_mdr32f1qi.o
    0x20000004   0x00002f54   0x00000004   PAD
    0x20000008        -       0x00000060   Zero   RW          702    .bss                c_p.l(libspace.o)
    0x20000068        -       0x00000078   Zero   RW          115    .bss.UART1          uart.o
    0x200000e0        -       0x00000078   Zero   RW          116    .bss.UART2          uart.o
    0x20000158        -       0x00000014   Zero   RW          154    .bss.adc_1          1273pv19t.o
    0x2000016c        -       0x00000004   Zero   RW           27    .bss.ram_space_pointer  main.o
    0x20000170        -       0x00000018   Zero   RW          172    .bss.spi_1          spi.o
    0x20000188        -       0x00000048   Zero   RW           78    .bss.timer_1        timer.o
    0x200001d0        -       0x00000048   Zero   RW           77    .bss.timer_2        timer.o
    0x20000218        -       0x00000048   Zero   RW           79    .bss.timer_3        timer.o
    0x20000260        -       0x00001000   Zero   RW          181    HEAP                startup_mdr32f1qi.o
    0x20001260        -       0x00001000   Zero   RW          180    STACK               startup_mdr32f1qi.o


    Execution Region RW_IRAM2 (Exec base: 0x20100000, Load base: 0x00003000, Size: 0x00000400, Max: 0x00004000, ABSOLUTE, COMPRESSED[0x0000000c])

    Exec Addr    Load Addr    Size         Type   Attr      Idx    E Section Name        Object

    0x20100000   COMPRESSED   0x00000400   Data   RW          283    EXECUTABLE_MEMORY_SECTION  mdr32fxqi_dma.o


==============================================================================

Image component sizes


      Code (inc. data)   RO Data    RW Data    ZI Data      Debug   Object Name

       472         32          0          0         20       8928   1273pv19t.o
        86          0          0          0          0       1323   clock.o
       232         32          0          0          0       3802   dma.o
       348         32          0          0          0       5583   ebc.o
      1180         64          4          0          0       6671   external_ram.o
       744         80          0          0          4      20027   main.o
       880        100          0       1024          0       8613   mdr32fxqi_dma.o
       248         12          0          0          0       5994   mdr32fxqi_ebc.o
       458          8          0          0          0       4906   mdr32fxqi_port.o
      1636         52          0          0          0      12829   mdr32fxqi_rst_clk.o
       386         12          0          0          0       5616   mdr32fxqi_ssp.o
       808         24          0          0          0      21062   mdr32fxqi_timer.o
       618         24          0          0          0       7536   mdr32fxqi_uart.o
       136         12          0          0          0      12994   rs422_protocol.o
       248          4          0          0         24       5607   spi.o
       116         28        192          0       8192       1944   startup_mdr32f1qi.o
       296         60          0          4          0       1557   system_mdr32f1qi.o
       696         40          0          0        216       8278   timer.o
       780         36          0          0        240      14624   uart.o

    ----------------------------------------------------------------------
     10384        652        244       1028       8700     157894   Object Totals
         0          0         48          0          0          0   (incl. Generated)
        16          0          0          0          4          0   (incl. Padding)

    ----------------------------------------------------------------------

      Code (inc. data)   RO Data    RW Data    ZI Data      Debug   Library Member Name

        58          0          0          0          0          0   __dczerorl.o
         8          0          0          0          0         68   __main.o
         0          0          0          0          0          0   __rtentry.o
        12          0          0          0          0          0   __rtentry2.o
         6          0          0          0          0          0   __rtentry4.o
        60          8          0          0          0          0   __scatter.o
        26          0          0          0          0          0   __scatter_copy.o
        28          0          0          0          0          0   __scatter_zi.o
       364          4          0          0          0         92   aeabi_sdiv.o
        16          0          0          0          0         68   exit.o
         6          0          0          0          0        136   heapauxi.o
         0          0          0          0          0          0   indicate_semi.o
         2          0          0          0          0          0   libinit.o
         2          0          0          0          0          0   libinit2.o
         2          0          0          0          0          0   libshutdown.o
         2          0          0          0          0          0   libshutdown2.o
         8          4          0          0         96         68   libspace.o
        64          0          0          0          0        108   rt_memclr.o
         2          0          0          0          0          0   rtexit.o
        10          0          0          0          0          0   rtexit2.o
       108          4          0          0          0         76   strncpy.o
        12          4          0          0          0         60   sys_exit.o
        62          0          0          0          0         80   sys_stackheap_outer.o
         2          0          0          0          0         68   use_no_semi.o
       348          8          0          0          0        160   faddsub.o
        94          0          0          0          0         92   fflti.o
       176          4          0          0          0         80   fmul.o
         0          0          0          0          0          0   usenofp.o

    ----------------------------------------------------------------------
      1484         36          0          0         96       1156   Library Totals
         6          0          0          0          0          0   (incl. Padding)

    ----------------------------------------------------------------------

      Code (inc. data)   RO Data    RW Data    ZI Data      Debug   Library Name

       860         24          0          0         96        824   c_p.l
       618         12          0          0          0        332   fz_ps.l

    ----------------------------------------------------------------------
      1484         36          0          0         96       1156   Library Totals

    ----------------------------------------------------------------------

==============================================================================


      Code (inc. data)   RO Data    RW Data    ZI Data      Debug   

     11868        688        244       1028       8796     158350   Grand Totals
     11868        688        244         16       8796     158350   ELF Image Totals (compressed)
     11868        688        244         16          0          0   ROM Totals

==============================================================================

    Total RO  Size (Code + RO Data)                12112 (  11.83kB)
    Total RW  Size (RW Data + ZI Data)              9824 (   9.59kB)
    Total ROM Size (Code + RO Data + RW Data)      12128 (  11.84kB)

==============================================================================

