Component: Arm Compiler for Embedded 6.18 Tool: armlink [5e4cc100]

==============================================================================

Section Cross References

    clock.o(.text.CLOCK_Init) refers to mdr32fxqi_rst_clk.o(.text.RST_CLK_DeInit) for RST_CLK_DeInit
    clock.o(.text.CLOCK_Init) refers to mdr32fxqi_rst_clk.o(.text.RST_CLK_HSEconfig) for RST_CLK_HSEconfig
    clock.o(.text.CLOCK_Init) refers to mdr32fxqi_rst_clk.o(.text.RST_CLK_HSEstatus) for RST_CLK_HSEstatus
    clock.o(.text.CLOCK_Init) refers to mdr32fxqi_rst_clk.o(.text.RST_CLK_CPU_PLLconfig) for RST_CLK_CPU_PLLconfig
    clock.o(.text.CLOCK_Init) refers to mdr32fxqi_rst_clk.o(.text.RST_CLK_CPU_PLLcmd) for RST_CLK_CPU_PLLcmd
    clock.o(.text.CLOCK_Init) refers to mdr32fxqi_rst_clk.o(.text.RST_CLK_CPU_PLLstatus) for RST_CLK_CPU_PLLstatus
    clock.o(.text.CLOCK_Init) refers to mdr32fxqi_rst_clk.o(.text.RST_CLK_CPUclkPrescaler) for RST_CLK_CPUclkPrescaler
    clock.o(.text.CLOCK_Init) refers to mdr32fxqi_rst_clk.o(.text.RST_CLK_CPU_PLLuse) for RST_CLK_CPU_PLLuse
    clock.o(.text.CLOCK_Init) refers to mdr32fxqi_rst_clk.o(.text.RST_CLK_CPUclkSelection) for RST_CLK_CPUclkSelection
    clock.o(.text.CLOCK_Init) refers to system_mdr32f1qi.o(.text.SystemCoreClockUpdate) for SystemCoreClockUpdate
    clock.o(.ARM.exidx.text.CLOCK_Init) refers to clock.o(.text.CLOCK_Init) for [Anonymous Symbol]
    dma.o(.text.DMA_common_init) refers to mdr32fxqi_rst_clk.o(.text.RST_CLK_PCLKcmd) for RST_CLK_PCLKcmd
    dma.o(.text.DMA_common_init) refers to mdr32fxqi_dma.o(.text.DMA_DeInit) for DMA_DeInit
    dma.o(.ARM.exidx.text.DMA_common_init) refers to dma.o(.text.DMA_common_init) for [Anonymous Symbol]
    dma.o(.text.DMA_IRQHandler) refers to mdr32fxqi_dma.o(.text.DMA_GetFlagStatus) for DMA_GetFlagStatus
    dma.o(.text.DMA_IRQHandler) refers to uart.o(.text.DMA_UART_RX_init) for DMA_UART_RX_init
    dma.o(.text.DMA_IRQHandler) refers to mdr32fxqi_dma.o(.text.DMA_Init) for DMA_Init
    dma.o(.text.DMA_IRQHandler) refers to uart.o(.bss.UART1) for UART1
    dma.o(.text.DMA_IRQHandler) refers to uart.o(.bss.UART2) for UART2
    dma.o(.ARM.exidx.text.DMA_IRQHandler) refers to dma.o(.text.DMA_IRQHandler) for [Anonymous Symbol]
    main.o(.text.main) refers to clock.o(.text.CLOCK_Init) for CLOCK_Init
    main.o(.text.main) refers to timer.o(.text.timer_gpio_config) for timer_gpio_config
    main.o(.text.main) refers to timer.o(.text.timer1_init) for timer1_init
    main.o(.text.main) refers to timer.o(.text.timer2_init) for timer2_init
    main.o(.text.main) refers to timer.o(.text.timer3_init) for timer3_init
    main.o(.text.main) refers to dma.o(.text.DMA_common_init) for DMA_common_init
    main.o(.text.main) refers to ebc.o(.text.ebc_init) for ebc_init
    main.o(.text.main) refers to external_ram.o(.text.init_external_ram_space) for init_external_ram_space
    main.o(.text.main) refers to uart.o(.text.uart_set_read_timeout) for uart_set_read_timeout
    main.o(.text.main) refers to uart.o(.text.uart_init) for uart_init
    main.o(.text.main) refers to uart.o(.text.DMA_UART_RX_init) for DMA_UART_RX_init
    main.o(.text.main) refers to spi.o(.text.spi_init) for spi_init
    main.o(.text.main) refers to 1273pv19t.o(.text.adc_init) for adc_init
    main.o(.text.main) refers to main.o(.text.request_data) for request_data
    main.o(.text.main) refers to uart.o(.bss.UART1) for UART1
    main.o(.text.main) refers to main.o(.bss.ram_space_pointer) for ram_space_pointer
    main.o(.text.main) refers to uart.o(.bss.UART2) for UART2
    main.o(.text.main) refers to spi.o(.bss.SPI1) for SPI1
    main.o(.ARM.exidx.text.main) refers to main.o(.text.main) for [Anonymous Symbol]
    main.o(.text.request_data) refers to rs422_protocol.o(.text.receive_packet) for receive_packet
    main.o(.text.request_data) refers to rs422_protocol.o(.text.protocol_do_cmds) for protocol_do_cmds
    main.o(.text.request_data) refers to rs422_protocol.o(.text.transmit_packet) for transmit_packet
    main.o(.ARM.exidx.text.request_data) refers to main.o(.text.request_data) for [Anonymous Symbol]
    rs422_protocol.o(.text.transmit_packet) refers to rt_memcpy.o(.text) for __aeabi_memcpy
    rs422_protocol.o(.text.transmit_packet) refers to rs422_protocol.o(.text.crc32) for crc32
    rs422_protocol.o(.text.transmit_packet) refers to uart.o(.text.uart_write) for uart_write
    rs422_protocol.o(.text.transmit_packet) refers to main.o(.bss.ram_space_pointer) for ram_space_pointer
    rs422_protocol.o(.ARM.exidx.text.transmit_packet) refers to rs422_protocol.o(.text.transmit_packet) for [Anonymous Symbol]
    rs422_protocol.o(.text.crc32) refers to main.o(.bss.ram_space_pointer) for ram_space_pointer
    rs422_protocol.o(.ARM.exidx.text.crc32) refers to rs422_protocol.o(.text.crc32) for [Anonymous Symbol]
    rs422_protocol.o(.text.receive_packet) refers to rt_memclr.o(.text) for __aeabi_memclr
    rs422_protocol.o(.text.receive_packet) refers to uart.o(.text.uart_read) for uart_read
[...]
    ../fplib/cfplib/retnan.c                 0x00000000   Number         0  retnan.o ABSOLUTE
    ../fplib/cfplib/scalbn.c                 0x00000000   Number         0  dscalbn.o ABSOLUTE
    ../fplib/drleqf6m.s                      0x00000000   Number         0  drlef.o ABSOLUTE
    ../fplib/faddsub6m.s                     0x00000000   Number         0  faddsub.o ABSOLUTE
    ../fplib/usenofp.s                       0x00000000   Number         0  usenofp.o ABSOLUTE
    ../mathlib/dunder.c                      0x00000000   Number         0  dunder.o ABSOLUTE
    ../mathlib/fpclassify.c                  0x00000000   Number         0  fpclassify.o ABSOLUTE
    ../mathlib/poly.c                        0x00000000   Number         0  poly.o ABSOLUTE
    ../mathlib/pow.c                         0x00000000   Number         0  pow.o ABSOLUTE
    ../mathlib/qnan.c                        0x00000000   Number         0  qnan.o ABSOLUTE
    ../mathlib/sqrt.c                        0x00000000   Number         0  sqrt.o ABSOLUTE
    1273pv19t.c                              0x00000000   Number         0  1273pv19t.o ABSOLUTE
    C:\Users\shishov\AppData\Local\Arm\Packs\Milandr\MDR32FxQI\1.0\Libraries\SPL\MDR32FxQI\src\MDR32FxQI_eeprom_cache.S 0x00000000   Number         0  mdr32fxqi_eeprom_cache.o ABSOLUTE
    CLOCK.c                                  0x00000000   Number         0  clock.o ABSOLUTE
    DMA.c                                    0x00000000   Number         0  dma.o ABSOLUTE
    EBC.c                                    0x00000000   Number         0  ebc.o ABSOLUTE
    MDR32FxQI_bkp.c                          0x00000000   Number         0  mdr32fxqi_bkp.o ABSOLUTE
    MDR32FxQI_dma.c                          0x00000000   Number         0  mdr32fxqi_dma.o ABSOLUTE
    MDR32FxQI_ebc.c                          0x00000000   Number         0  mdr32fxqi_ebc.o ABSOLUTE
    MDR32FxQI_eeprom.c                       0x00000000   Number         0  mdr32fxqi_eeprom.o ABSOLUTE
    MDR32FxQI_port.c                         0x00000000   Number         0  mdr32fxqi_port.o ABSOLUTE
    MDR32FxQI_rst_clk.c                      0x00000000   Number         0  mdr32fxqi_rst_clk.o ABSOLUTE
    MDR32FxQI_ssp.c                          0x00000000   Number         0  mdr32fxqi_ssp.o ABSOLUTE
    MDR32FxQI_timer.c                        0x00000000   Number         0  mdr32fxqi_timer.o ABSOLUTE
    MDR32FxQI_uart.c                         0x00000000   Number         0  mdr32fxqi_uart.o ABSOLUTE
    RTE\Device\MDR32F1QI\startup_MDR32F1QI.S 0x00000000   Number         0  startup_mdr32f1qi.o ABSOLUTE
    SPI.c                                    0x00000000   Number         0  spi.o ABSOLUTE
    TIMER.c                                  0x00000000   Number         0  timer.o ABSOLUTE
    UART.c                                   0x00000000   Number         0  uart.o ABSOLUTE
    dc.s                                     0x00000000   Number         0  dc.o ABSOLUTE
    external_ram.c                           0x00000000   Number         0  external_ram.o ABSOLUTE
    main.c                                   0x00000000   Number         0  main.o ABSOLUTE
    rs422_protocol.c                         0x00000000   Number         0  rs422_protocol.o ABSOLUTE
    system_MDR32F1QI.c                       0x00000000   Number         0  system_mdr32f1qi.o ABSOLUTE
    RESET                                    0x00000000   Section      192  startup_mdr32f1qi.o(RESET)
    !!!main                                  0x000000c0   Section        8  __main.o(!!!main)
    !!!scatter                               0x000000c8   Section       60  __scatter.o(!!!scatter)
    !!handler_copy                           0x00000104   Section       26  __scatter_copy.o(!!handler_copy)
    !!handler_zi                             0x00000120   Section       28  __scatter_zi.o(!!handler_zi)
    .ARM.Collect$$libinit$$00000000          0x0000013c   Section        2  libinit.o(.ARM.Collect$$libinit$$00000000)
    .ARM.Collect$$libinit$$00000002          0x0000013e   Section        0  libinit2.o(.ARM.Collect$$libinit$$00000002)
    .ARM.Collect$$libinit$$00000004          0x0000013e   Section        0  libinit2.o(.ARM.Collect$$libinit$$00000004)
    .ARM.Collect$$libinit$$00000006          0x0000013e   Section        0  libinit2.o(.ARM.Collect$$libinit$$00000006)
    .ARM.Collect$$libinit$$0000000C          0x0000013e   Section        0  libinit2.o(.ARM.Collect$$libinit$$0000000C)
    .ARM.Collect$$libinit$$0000000E          0x0000013e   Section        0  libinit2.o(.ARM.Collect$$libinit$$0000000E)
    .ARM.Collect$$libinit$$00000010          0x0000013e   Section        0  libinit2.o(.ARM.Collect$$libinit$$00000010)
    .ARM.Collect$$libinit$$00000013          0x0000013e   Section        0  libinit2.o(.ARM.Collect$$libinit$$00000013)
    .ARM.Collect$$libinit$$00000015          0x0000013e   Section        0  libinit2.o(.ARM.Collect$$libinit$$00000015)
    .ARM.Collect$$libinit$$00000017          0x0000013e   Section        0  libinit2.o(.ARM.Collect$$libinit$$00000017)
    .ARM.Collect$$libinit$$00000019          0x0000013e   Section        0  libinit2.o(.ARM.Collect$$libinit$$00000019)
    .ARM.Collect$$libinit$$0000001B          0x0000013e   Section        0  libinit2.o(.ARM.Collect$$libinit$$0000001B)
    .ARM.Collect$$libinit$$0000001D          0x0000013e   Section        0  libinit2.o(.ARM.Collect$$libinit$$0000001D)
    .ARM.Collect$$libinit$$0000001F          0x0000013e   Section        0  libinit2.o(.ARM.Collect$$libinit$$0000001F)
    .ARM.Collect$$libinit$$00000021          0x0000013e   Section        0  libinit2.o(.ARM.Collect$$libinit$$00000021)
    .ARM.Collect$$libinit$$00000023          0x0000013e   Section        0  libinit2.o(.ARM.Collect$$libinit$$00000023)
    .ARM.Collect$$libinit$$00000025          0x0000013e   Section        0  libinit2.o(.ARM.Collect$$libinit$$00000025)
    .ARM.Collect$$libinit$$00000027          0x0000013e   Section        0  libinit2.o(.ARM.Collect$$libinit$$00000027)
    .ARM.Collect$$libinit$$0000002E          0x0000013e   Section        0  libinit2.o(.ARM.Collect$$libinit$$0000002E)
    .ARM.Collect$$libinit$$00000030          0x0000013e   Section        0  libinit2.o(.ARM.Collect$$libinit$$00000030)
    .ARM.Collect$$libinit$$00000032          0x0000013e   Section        0  libinit2.o(.ARM.Collect$$libinit$$00000032)
    .ARM.Collect$$libinit$$00000034          0x0000013e   Section        0  libinit2.o(.ARM.Collect$$libinit$$00000034)
    .ARM.Collect$$libinit$$00000035          0x0000013e   Section        2  libinit2.o(.ARM.Collect$$libinit$$00000035)
    .ARM.Collect$$libshutdown$$00000000      0x00000140   Section        2  libshutdown.o(.ARM.Collect$$libshutdown$$00000000)
    .ARM.Collect$$libshutdown$$00000002      0x00000142   Section        0  libshutdown2.o(.ARM.Collect$$libshutdown$$00000002)
    .ARM.Collect$$libshutdown$$00000004      0x00000142   Section        0  libshutdown2.o(.ARM.Collect$$libshutdown$$00000004)
    .ARM.Collect$$libshutdown$$00000007      0x00000142   Section        0  libshutdown2.o(.ARM.Collect$$libshutdown$$00000007)
    .ARM.Collect$$libshutdown$$0000000A      0x00000142   Section        0  libshutdown2.o(.ARM.Collect$$libshutdown$$0000000A)
    .ARM.Collect$$libshutdown$$0000000C      0x00000142   Section        0  libshutdown2.o(.ARM.Collect$$libshutdown$$0000000C)
    .ARM.Collect$$libshutdown$$0000000F      0x00000142   Section        0  libshutdown2.o(.ARM.Collect$$libshutdown$$0000000F)
    .ARM.Collect$$libshutdown$$00000010      0x00000142   Section        2  libshutdown2.o(.ARM.Collect$$libshutdown$$00000010)
    .ARM.Collect$$rtentry$$00000000          0x00000144   Section        0  __rtentry.o(.ARM.Collect$$rtentry$$00000000)
    .ARM.Collect$$rtentry$$00000002          0x00000144   Section        0  __rtentry2.o(.ARM.Collect$$rtentry$$00000002)
    .ARM.Collect$$rtentry$$00000004          0x00000144   Section        6  __rtentry4.o(.ARM.Collect$$rtentry$$00000004)
    .ARM.Collect$$rtentry$$00000009          0x0000014a   Section        0  __rtentry2.o(.ARM.Collect$$rtentry$$00000009)
    .ARM.Collect$$rtentry$$0000000A          0x0000014a   Section        4  __rtentry2.o(.ARM.Collect$$rtentry$$0000000A)
    .ARM.Collect$$rtentry$$0000000C          0x0000014e   Section        0  __rtentry2.o(.ARM.Collect$$rtentry$$0000000C)
    .ARM.Collect$$rtentry$$0000000D          0x0000014e   Section        8  __rtentry2.o(.ARM.Collect$$rtentry$$0000000D)
    .ARM.Collect$$rtexit$$00000000           0x00000156   Section        2  rtexit.o(.ARM.Collect$$rtexit$$00000000)
    .ARM.Collect$$rtexit$$00000002           0x00000158   Section        0  rtexit2.o(.ARM.Collect$$rtexit$$00000002)
    .ARM.Collect$$rtexit$$00000003           0x00000158   Section        4  rtexit2.o(.ARM.Collect$$rtexit$$00000003)
    .ARM.Collect$$rtexit$$00000004           0x0000015c   Section        6  rtexit2.o(.ARM.Collect$$rtexit$$00000004)
    .emb_text                                0x00000164   Section       56  rt_memcpy.o(.emb_text)
    .text                                    0x0000019c   Section      116  startup_mdr32f1qi.o(.text)
    .text                                    0x00000210   Section        0  rt_memcpy.o(.text)
    .text                                    0x00000292   Section        0  rt_memclr.o(.text)
    .text                                    0x000002d4   Section        0  strncpy.o(.text)
    .text                                    0x00000340   Section      364  aeabi_sdiv.o(.text)
    .text                                    0x000004ac   Section        0  heapauxi.o(.text)
    .text                                    0x000004b4   Section        8  libspace.o(.text)
    .text                                    0x000004bc   Section       62  sys_stackheap_outer.o(.text)
    .text                                    0x000004fa   Section        0  exit.o(.text)
    .text                                    0x0000050c   Section        0  sys_exit.o(.text)
    .text                                    0x00000518   Section        2  use_no_semi.o(.text)
    .text                                    0x0000051a   Section        0  indicate_semi.o(.text)
    .text                                    0x0000051a   Section        0  __dczerorl.o(.text)
    [Anonymous Symbol]                       0x00000554   Section        0  clock.o(.text.CLOCK_Init)
    [Anonymous Symbol]                       0x000005ac   Section        0  mdr32fxqi_dma.o(.text.DMA_Cmd)
    [Anonymous Symbol]                       0x000005e0   Section        0  mdr32fxqi_dma.o(.text.DMA_CtrlDataInit)
    [Anonymous Symbol]                       0x00000680   Section        0  mdr32fxqi_dma.o(.text.DMA_DeInit)
    __arm_cp.0_2                             0x000006bc   Number         4  mdr32fxqi_dma.o(.text.DMA_DeInit)
    __arm_cp.0_5                             0x000006c0   Number         4  mdr32fxqi_dma.o(.text.DMA_DeInit)
    [Anonymous Symbol]                       0x000006c4   Section        0  mdr32fxqi_dma.o(.text.DMA_GetFlagStatus)
    __arm_cp.13_3                            0x000007ac   Number         4  mdr32fxqi_dma.o(.text.DMA_GetFlagStatus)
    __arm_cp.13_4                            0x000007b0   Number         4  mdr32fxqi_dma.o(.text.DMA_GetFlagStatus)
    __arm_cp.13_6                            0x000007b4   Number         4  mdr32fxqi_dma.o(.text.DMA_GetFlagStatus)
    __arm_cp.13_7                            0x000007b8   Number         4  mdr32fxqi_dma.o(.text.DMA_GetFlagStatus)
    [Anonymous Symbol]                       0x000007bc   Section        0  dma.o(.text.DMA_IRQHandler)
    __arm_cp.1_0                             0x0000085c   Number         4  dma.o(.text.DMA_IRQHandler)
    __arm_cp.1_1                             0x00000860   Number         4  dma.o(.text.DMA_IRQHandler)
    [Anonymous Symbol]                       0x00000864   Section        0  mdr32fxqi_dma.o(.text.DMA_Init)
    __arm_cp.6_0                             0x00000950   Number         4  mdr32fxqi_dma.o(.text.DMA_Init)
    __arm_cp.6_1                             0x00000954   Number         4  mdr32fxqi_dma.o(.text.DMA_Init)
    __arm_cp.6_2                             0x00000958   Number         4  mdr32fxqi_dma.o(.text.DMA_Init)
    __arm_cp.6_3                             0x0000095c   Number         4  mdr32fxqi_dma.o(.text.DMA_Init)
    __arm_cp.6_5                             0x00000960   Number         4  mdr32fxqi_dma.o(.text.DMA_Init)
    __arm_cp.6_7                             0x00000964   Number         4  mdr32fxqi_dma.o(.text.DMA_Init)
    __arm_cp.6_8                             0x00000968   Number         4  mdr32fxqi_dma.o(.text.DMA_Init)
    __arm_cp.6_9                             0x0000096c   Number         4  mdr32fxqi_dma.o(.text.DMA_Init)
    __arm_cp.6_10                            0x00000970   Number         4  mdr32fxqi_dma.o(.text.DMA_Init)
    __arm_cp.6_11                            0x00000974   Number         4  mdr32fxqi_dma.o(.text.DMA_Init)
    [Anonymous Symbol]                       0x00000978   Section        0  mdr32fxqi_dma.o(.text.DMA_StructInit)
    [Anonymous Symbol]                       0x0000099c   Section        0  uart.o(.text.DMA_UART_RX_init)
    __arm_cp.11_0                            0x00000a48   Number         4  uart.o(.text.DMA_UART_RX_init)
    __arm_cp.11_1                            0x00000a4c   Number         4  uart.o(.text.DMA_UART_RX_init)
    [Anonymous Symbol]                       0x00000a50   Section        0  dma.o(.text.DMA_common_init)
    __arm_cp.0_0                             0x00000a78   Number         4  dma.o(.text.DMA_common_init)
    __arm_cp.0_1                             0x00000a7c   Number         4  dma.o(.text.DMA_common_init)
    __arm_cp.0_2                             0x00000a80   Number         4  dma.o(.text.DMA_common_init)
    __arm_cp.0_3                             0x00000a84   Number         4  dma.o(.text.DMA_common_init)
    __arm_cp.0_4                             0x00000a88   Number         4  dma.o(.text.DMA_common_init)
    __arm_cp.0_5                             0x00000a8c   Number         4  dma.o(.text.DMA_common_init)
    [Anonymous Symbol]                       0x00000a90   Section        0  mdr32fxqi_ebc.o(.text.EBC_Init)
    __arm_cp.1_0                             0x00000ae8   Number         4  mdr32fxqi_ebc.o(.text.EBC_Init)
    __arm_cp.1_1                             0x00000aec   Number         4  mdr32fxqi_ebc.o(.text.EBC_Init)
    [Anonymous Symbol]                       0x00000af0   Section        0  mdr32fxqi_ebc.o(.text.EBC_MemRegionInit)
    __arm_cp.7_0                             0x00000b2c   Number         4  mdr32fxqi_ebc.o(.text.EBC_MemRegionInit)
    [Anonymous Symbol]                       0x00000b30   Section        0  mdr32fxqi_ebc.o(.text.EBC_MemRegionStructInit)
    [Anonymous Symbol]                       0x00000b4e   Section        0  mdr32fxqi_ebc.o(.text.EBC_StructInit)
    [Anonymous Symbol]                       0x00000b88   Section        0  mdr32fxqi_port.o(.text.PORT_Init)
    __arm_cp.1_0                             0x00000cd0   Number         4  mdr32fxqi_port.o(.text.PORT_Init)
    [Anonymous Symbol]                       0x00000cd4   Section        0  mdr32fxqi_port.o(.text.PORT_ResetBits)
    [Anonymous Symbol]                       0x00000ce4   Section        0  mdr32fxqi_port.o(.text.PORT_SetBits)
    [Anonymous Symbol]                       0x00000cf4   Section        0  mdr32fxqi_port.o(.text.PORT_StructInit)
    __arm_cp.2_0                             0x00000d28   Number         4  mdr32fxqi_port.o(.text.PORT_StructInit)
    [Anonymous Symbol]                       0x00000d2c   Section        0  mdr32fxqi_port.o(.text.PORT_WriteBit)
    [Anonymous Symbol]                       0x00000d54   Section        0  mdr32fxqi_rst_clk.o(.text.RST_CLK_CPU_PLLcmd)
    [Anonymous Symbol]                       0x00000d88   Section        0  mdr32fxqi_rst_clk.o(.text.RST_CLK_CPU_PLLconfig)
    __arm_cp.17_1                            0x00000df8   Number         4  mdr32fxqi_rst_clk.o(.text.RST_CLK_CPU_PLLconfig)
    [Anonymous Symbol]                       0x00000dfc   Section        0  mdr32fxqi_rst_clk.o(.text.RST_CLK_CPU_PLLstatus)
    [Anonymous Symbol]                       0x00000e60   Section        0  mdr32fxqi_rst_clk.o(.text.RST_CLK_CPU_PLLuse)
    [Anonymous Symbol]                       0x00000e98   Section        0  mdr32fxqi_rst_clk.o(.text.RST_CLK_CPUclkPrescaler)
    [Anonymous Symbol]                       0x00000ec0   Section        0  mdr32fxqi_rst_clk.o(.text.RST_CLK_CPUclkSelection)
    [Anonymous Symbol]                       0x00000ee8   Section        0  mdr32fxqi_rst_clk.o(.text.RST_CLK_DeInit)
    [Anonymous Symbol]                       0x00000f0c   Section        0  mdr32fxqi_rst_clk.o(.text.RST_CLK_GetClocksFreq)
    __arm_cp.36_0                            0x00001160   Number         4  mdr32fxqi_rst_clk.o(.text.RST_CLK_GetClocksFreq)
    __arm_cp.36_1                            0x00001164   Number         4  mdr32fxqi_rst_clk.o(.text.RST_CLK_GetClocksFreq)
    __arm_cp.36_2                            0x00001168   Number         4  mdr32fxqi_rst_clk.o(.text.RST_CLK_GetClocksFreq)
    __arm_cp.36_3                            0x0000116c   Number         4  mdr32fxqi_rst_clk.o(.text.RST_CLK_GetClocksFreq)
    [Anonymous Symbol]                       0x00001170   Section        0  mdr32fxqi_rst_clk.o(.text.RST_CLK_GetFlagStatus)
    __arm_cp.8_1                             0x000011c0   Number         4  mdr32fxqi_rst_clk.o(.text.RST_CLK_GetFlagStatus)
    [Anonymous Symbol]                       0x000011c4   Section        0  mdr32fxqi_rst_clk.o(.text.RST_CLK_HSEconfig)
    [Anonymous Symbol]                       0x00001208   Section        0  mdr32fxqi_rst_clk.o(.text.RST_CLK_HSEstatus)
    [Anonymous Symbol]                       0x0000126c   Section        0  mdr32fxqi_rst_clk.o(.text.RST_CLK_HSIcmd)
    __arm_cp.3_0                             0x000012a8   Number         4  mdr32fxqi_rst_clk.o(.text.RST_CLK_HSIcmd)
    [Anonymous Symbol]                       0x000012ac   Section        0  mdr32fxqi_rst_clk.o(.text.RST_CLK_HSIstatus)
    [Anonymous Symbol]                       0x00001310   Section        0  mdr32fxqi_rst_clk.o(.text.RST_CLK_PCLKcmd)
    [Anonymous Symbol]                       0x0000133c   Section        0  mdr32fxqi_rst_clk.o(.text.RST_CLK_WarmDeInit)
    __arm_cp.1_1                             0x000013a0   Number         4  mdr32fxqi_rst_clk.o(.text.RST_CLK_WarmDeInit)
    __arm_cp.1_2                             0x000013a4   Number         4  mdr32fxqi_rst_clk.o(.text.RST_CLK_WarmDeInit)
    __arm_cp.1_3                             0x000013a8   Number         4  mdr32fxqi_rst_clk.o(.text.RST_CLK_WarmDeInit)
    __arm_cp.1_4                             0x000013ac   Number         4  mdr32fxqi_rst_clk.o(.text.RST_CLK_WarmDeInit)
    __arm_cp.1_5                             0x000013b0   Number         4  mdr32fxqi_rst_clk.o(.text.RST_CLK_WarmDeInit)
    __arm_cp.1_7                             0x000013b4   Number         4  mdr32fxqi_rst_clk.o(.text.RST_CLK_WarmDeInit)
    [Anonymous Symbol]                       0x000013b8   Section        0  mdr32fxqi_ssp.o(.text.SSP_BRGInit)
    __arm_cp.12_2                            0x00001454   Number         4  mdr32fxqi_ssp.o(.text.SSP_BRGInit)
    __arm_cp.12_3                            0x00001458   Number         4  mdr32fxqi_ssp.o(.text.SSP_BRGInit)
    [Anonymous Symbol]                       0x0000145c   Section        0  mdr32fxqi_ssp.o(.text.SSP_Cmd)
    __arm_cp.3_0                             0x00001488   Number         4  mdr32fxqi_ssp.o(.text.SSP_Cmd)
    [Anonymous Symbol]                       0x0000148c   Section        0  mdr32fxqi_ssp.o(.text.SSP_ITConfig)
    [Anonymous Symbol]                       0x000014ba   Section        0  mdr32fxqi_ssp.o(.text.SSP_Init)
    [Anonymous Symbol]                       0x000014fa   Section        0  mdr32fxqi_ssp.o(.text.SSP_SendData)
    [Anonymous Symbol]                       0x0000150c   Section        0  mdr32fxqi_ssp.o(.text.SSP_StructInit)
    [Anonymous Symbol]                       0x0000153c   Section        0  system_mdr32f1qi.o(.text.SystemCoreClockUpdate)
    __arm_cp.0_1                             0x000015ec   Number         4  system_mdr32f1qi.o(.text.SystemCoreClockUpdate)
    __arm_cp.0_3                             0x000015f0   Number         4  system_mdr32f1qi.o(.text.SystemCoreClockUpdate)
    __arm_cp.0_4                             0x000015f4   Number         4  system_mdr32f1qi.o(.text.SystemCoreClockUpdate)
    [Anonymous Symbol]                       0x000015f8   Section        0  system_mdr32f1qi.o(.text.SystemInit)
    __arm_cp.1_0                             0x00001634   Number         4  system_mdr32f1qi.o(.text.SystemInit)
    __arm_cp.1_1                             0x00001638   Number         4  system_mdr32f1qi.o(.text.SystemInit)
    __arm_cp.1_2                             0x0000163c   Number         4  system_mdr32f1qi.o(.text.SystemInit)
    __arm_cp.1_3                             0x00001640   Number         4  system_mdr32f1qi.o(.text.SystemInit)
    __arm_cp.1_4                             0x00001644   Number         4  system_mdr32f1qi.o(.text.SystemInit)
    __arm_cp.1_5                             0x00001648   Number         4  system_mdr32f1qi.o(.text.SystemInit)
    __arm_cp.1_6                             0x0000164c   Number         4  system_mdr32f1qi.o(.text.SystemInit)
    __arm_cp.1_7                             0x00001650   Number         4  system_mdr32f1qi.o(.text.SystemInit)
    __arm_cp.1_8                             0x00001654   Number         4  system_mdr32f1qi.o(.text.SystemInit)
    __arm_cp.1_9                             0x00001658   Number         4  system_mdr32f1qi.o(.text.SystemInit)
    __arm_cp.1_10                            0x0000165c   Number         4  system_mdr32f1qi.o(.text.SystemInit)
    __arm_cp.1_11                            0x00001660   Number         4  system_mdr32f1qi.o(.text.SystemInit)
    [Anonymous Symbol]                       0x00001664   Section        0  timer.o(.text.TIMER2_IRQHandler)
    __arm_cp.6_0                             0x0000168c   Number         4  timer.o(.text.TIMER2_IRQHandler)
    [Anonymous Symbol]                       0x00001690   Section        0  mdr32fxqi_timer.o(.text.TIMER_BRGInit)
    __arm_cp.57_0                            0x00001784   Number         4  mdr32fxqi_timer.o(.text.TIMER_BRGInit)
    __arm_cp.57_1                            0x00001788   Number         4  mdr32fxqi_timer.o(.text.TIMER_BRGInit)
    __arm_cp.57_2                            0x0000178c   Number         4  mdr32fxqi_timer.o(.text.TIMER_BRGInit)
    __arm_cp.57_3                            0x00001790   Number         4  mdr32fxqi_timer.o(.text.TIMER_BRGInit)
    __arm_cp.57_4                            0x00001794   Number         4  mdr32fxqi_timer.o(.text.TIMER_BRGInit)
    __arm_cp.57_5                            0x00001798   Number         4  mdr32fxqi_timer.o(.text.TIMER_BRGInit)
    [Anonymous Symbol]                       0x0000179c   Section        0  mdr32fxqi_timer.o(.text.TIMER_ChnCCR1_Cmd)
    [Anonymous Symbol]                       0x000017ec   Section        0  mdr32fxqi_timer.o(.text.TIMER_ChnInit)
    [Anonymous Symbol]                       0x00001866   Section        0  mdr32fxqi_timer.o(.text.TIMER_ChnStructInit)
    [Anonymous Symbol]                       0x000018a0   Section        0  mdr32fxqi_timer.o(.text.TIMER_ClearFlag)
    [Anonymous Symbol]                       0x000018b2   Section        0  mdr32fxqi_timer.o(.text.TIMER_Cmd)
    [Anonymous Symbol]                       0x000018e6   Section        0  mdr32fxqi_timer.o(.text.TIMER_CntInit)
    [Anonymous Symbol]                       0x0000193e   Section        0  mdr32fxqi_timer.o(.text.TIMER_CntStructInit)
    [Anonymous Symbol]                       0x00001978   Section        0  mdr32fxqi_timer.o(.text.TIMER_GetCounter)
    [Anonymous Symbol]                       0x00001984   Section        0  mdr32fxqi_timer.o(.text.TIMER_ITConfig)
    [Anonymous Symbol]                       0x000019ba   Section        0  mdr32fxqi_timer.o(.text.TIMER_SetCounter)
    [Anonymous Symbol]                       0x000019cc   Section        0  uart.o(.text.UART1_IRQHandler)
    __arm_cp.0_0                             0x00001a0c   Number         4  uart.o(.text.UART1_IRQHandler)
    [Anonymous Symbol]                       0x00001a10   Section        0  uart.o(.text.UART2_IRQHandler)
    __arm_cp.1_0                             0x00001a50   Number         4  uart.o(.text.UART2_IRQHandler)
    __arm_cp.1_1                             0x00001a54   Number         4  uart.o(.text.UART2_IRQHandler)
    [Anonymous Symbol]                       0x00001a58   Section        0  mdr32fxqi_uart.o(.text.UART_BRGInit)
    __arm_cp.16_0                            0x00001ac8   Number         4  mdr32fxqi_uart.o(.text.UART_BRGInit)
    [Anonymous Symbol]                       0x00001acc   Section        0  mdr32fxqi_uart.o(.text.UART_ClearITPendingBit)
    [Anonymous Symbol]                       0x00001ae0   Section        0  mdr32fxqi_uart.o(.text.UART_Cmd)
    __arm_cp.3_0                             0x00001b0c   Number         4  mdr32fxqi_uart.o(.text.UART_Cmd)
    [Anonymous Symbol]                       0x00001b10   Section        0  mdr32fxqi_uart.o(.text.UART_DMACmd)
    [Anonymous Symbol]                       0x00001b40   Section        0  mdr32fxqi_uart.o(.text.UART_GetFlagStatus)
    [Anonymous Symbol]                       0x00001b72   Section        0  mdr32fxqi_uart.o(.text.UART_ITConfig)
    [Anonymous Symbol]                       0x00001ba0   Section        0  mdr32fxqi_uart.o(.text.UART_Init)
    __arm_cp.1_0                             0x00001ca4   Number         4  mdr32fxqi_uart.o(.text.UART_Init)
    __arm_cp.1_1                             0x00001ca8   Number         4  mdr32fxqi_uart.o(.text.UART_Init)
    __arm_cp.1_2                             0x00001cac   Number         4  mdr32fxqi_uart.o(.text.UART_Init)
    __arm_cp.1_3                             0x00001cb0   Number         4  mdr32fxqi_uart.o(.text.UART_Init)
    [Anonymous Symbol]                       0x00001cb4   Section        0  mdr32fxqi_uart.o(.text.UART_ReceiveData)
    [Anonymous Symbol]                       0x00001cc2   Section        0  mdr32fxqi_uart.o(.text.UART_SendData)
    __NVIC_ClearPendingIRQ                   0x00001cd5   Thumb Code    40  mdr32fxqi_dma.o(.text.__NVIC_ClearPendingIRQ)
    [Anonymous Symbol]                       0x00001cd4   Section        0  mdr32fxqi_dma.o(.text.__NVIC_ClearPendingIRQ)
    __arm_cp.1_0                             0x00001cfc   Number         4  mdr32fxqi_dma.o(.text.__NVIC_ClearPendingIRQ)
    __NVIC_EnableIRQ                         0x00001d01   Thumb Code    40  timer.o(.text.__NVIC_EnableIRQ)
    [Anonymous Symbol]                       0x00001d00   Section        0  timer.o(.text.__NVIC_EnableIRQ)
    __NVIC_EnableIRQ                         0x00001d29   Thumb Code    40  uart.o(.text.__NVIC_EnableIRQ)
    [Anonymous Symbol]                       0x00001d28   Section        0  uart.o(.text.__NVIC_EnableIRQ)
    __arm_cp.4_0                             0x00001d50   Number         4  uart.o(.text.__NVIC_EnableIRQ)
    __NVIC_SetPriority                       0x00001d55   Thumb Code   124  timer.o(.text.__NVIC_SetPriority)
    [Anonymous Symbol]                       0x00001d54   Section        0  timer.o(.text.__NVIC_SetPriority)
    __arm_cp.5_0                             0x00001dd0   Number         4  timer.o(.text.__NVIC_SetPriority)
    __arm_cp.5_1                             0x00001dd4   Number         4  timer.o(.text.__NVIC_SetPriority)
    [Anonymous Symbol]                       0x00001dd8   Section        0  1273pv19t.o(.text.adc_gpio_config)
    [Anonymous Symbol]                       0x00001e4c   Section        0  1273pv19t.o(.text.adc_init)
    __arm_cp.1_1                             0x00001eb8   Number         4  1273pv19t.o(.text.adc_init)
    __arm_cp.1_2                             0x00001ebc   Number         4  1273pv19t.o(.text.adc_init)
    __arm_cp.1_3                             0x00001ec0   Number         4  1273pv19t.o(.text.adc_init)
    __arm_cp.1_4                             0x00001ec4   Number         4  1273pv19t.o(.text.adc_init)
    __arm_cp.1_5                             0x00001ec8   Number         4  1273pv19t.o(.text.adc_init)
    __arm_cp.1_6                             0x00001ecc   Number         4  1273pv19t.o(.text.adc_init)
    [Anonymous Symbol]                       0x00001ed0   Section        0  1273pv19t.o(.text.adc_reset)
    [Anonymous Symbol]                       0x00001ef4   Section        0  rs422_protocol.o(.text.crc32)
    __arm_cp.1_0                             0x00001f50   Number         4  rs422_protocol.o(.text.crc32)
    __arm_cp.1_1                             0x00001f54   Number         4  rs422_protocol.o(.text.crc32)
    [Anonymous Symbol]                       0x00001f58   Section        0  timer.o(.text.delay_micro)
    __arm_cp.8_0                             0x00001f7c   Number         4  timer.o(.text.delay_micro)
    [Anonymous Symbol]                       0x00001f80   Section        0  timer.o(.text.delay_milli)
    [Anonymous Symbol]                       0x00001fac   Section        0  ebc.o(.text.ebc_gpio_config)
    __arm_cp.0_0                             0x000020a4   Number         4  ebc.o(.text.ebc_gpio_config)
    __arm_cp.0_1                             0x000020a8   Number         4  ebc.o(.text.ebc_gpio_config)
    __arm_cp.0_2                             0x000020ac   Number         4  ebc.o(.text.ebc_gpio_config)
    __arm_cp.0_3                             0x000020b0   Number         4  ebc.o(.text.ebc_gpio_config)
    __arm_cp.0_4                             0x000020b4   Number         4  ebc.o(.text.ebc_gpio_config)
    __arm_cp.0_5                             0x000020b8   Number         4  ebc.o(.text.ebc_gpio_config)
    __arm_cp.0_6                             0x000020bc   Number         4  ebc.o(.text.ebc_gpio_config)
    __arm_cp.0_7                             0x000020c0   Number         4  ebc.o(.text.ebc_gpio_config)
    [Anonymous Symbol]                       0x000020c4   Section        0  ebc.o(.text.ebc_init)
    [Anonymous Symbol]                       0x00002108   Section        0  rs422_protocol.o(.text.error_handler)
    __arm_cp.3_1                             0x00002400   Number         4  rs422_protocol.o(.text.error_handler)
    __arm_cp.3_2                             0x00002404   Number         4  rs422_protocol.o(.text.error_handler)
    __arm_cp.3_3                             0x00002408   Number         4  rs422_protocol.o(.text.error_handler)
    [Anonymous Symbol]                       0x0000240c   Section        0  rs422_protocol.o(.text.fill_crc32_table)
    __arm_cp.5_0                             0x00002488   Number         4  rs422_protocol.o(.text.fill_crc32_table)
    __arm_cp.5_1                             0x0000248c   Number         4  rs422_protocol.o(.text.fill_crc32_table)
    __arm_cp.5_2                             0x00002490   Number         4  rs422_protocol.o(.text.fill_crc32_table)
    [Anonymous Symbol]                       0x00002494   Section        0  external_ram.o(.text.init_external_ram_space)
    __arm_cp.0_17                            0x000027ac   Number         4  external_ram.o(.text.init_external_ram_space)
    __arm_cp.0_18                            0x000027b0   Number         4  external_ram.o(.text.init_external_ram_space)
    __arm_cp.0_3                             0x000028e8   Number         4  external_ram.o(.text.init_external_ram_space)
    __arm_cp.0_4                             0x000028ec   Number         4  external_ram.o(.text.init_external_ram_space)
    __arm_cp.0_5                             0x000028f0   Number         4  external_ram.o(.text.init_external_ram_space)
    __arm_cp.0_6                             0x000028f4   Number         4  external_ram.o(.text.init_external_ram_space)
    __arm_cp.0_7                             0x000028f8   Number         4  external_ram.o(.text.init_external_ram_space)
    __arm_cp.0_8                             0x000028fc   Number         4  external_ram.o(.text.init_external_ram_space)
    __arm_cp.0_9                             0x00002900   Number         4  external_ram.o(.text.init_external_ram_space)
    __arm_cp.0_10                            0x00002904   Number         4  external_ram.o(.text.init_external_ram_space)
    __arm_cp.0_11                            0x00002908   Number         4  external_ram.o(.text.init_external_ram_space)
    __arm_cp.0_12                            0x0000290c   Number         4  external_ram.o(.text.init_external_ram_space)
    __arm_cp.0_13                            0x00002910   Number         4  external_ram.o(.text.init_external_ram_space)
    __arm_cp.0_14                            0x00002914   Number         4  external_ram.o(.text.init_external_ram_space)
    __arm_cp.0_15                            0x00002918   Number         4  external_ram.o(.text.init_external_ram_space)
    [Anonymous Symbol]                       0x0000291c   Section        0  main.o(.text.main)
    __arm_cp.0_0                             0x00002a40   Number         4  main.o(.text.main)
    __arm_cp.0_1                             0x00002a44   Number         4  main.o(.text.main)
    __arm_cp.0_2                             0x00002a48   Number         4  main.o(.text.main)
    __arm_cp.0_3                             0x00002a4c   Number         4  main.o(.text.main)
    __arm_cp.0_4                             0x00002a50   Number         4  main.o(.text.main)
    __arm_cp.0_5                             0x00002a54   Number         4  main.o(.text.main)
    __arm_cp.0_6                             0x00002a58   Number         4  main.o(.text.main)
    __arm_cp.0_7                             0x00002a5c   Number         4  main.o(.text.main)
    __arm_cp.0_8                             0x00002a60   Number         4  main.o(.text.main)
    __arm_cp.0_9                             0x00002a64   Number         4  main.o(.text.main)
    [Anonymous Symbol]                       0x00002a68   Section        0  rs422_protocol.o(.text.protocol_do_cmds)
    __arm_cp.4_24                            0x00002ad8   Number         4  rs422_protocol.o(.text.protocol_do_cmds)
    __arm_cp.4_28                            0x00002eb0   Number         4  rs422_protocol.o(.text.protocol_do_cmds)
    __arm_cp.4_32                            0x00002ec0   Number         4  rs422_protocol.o(.text.protocol_do_cmds)
    __arm_cp.4_0                             0x0000328c   Number         4  rs422_protocol.o(.text.protocol_do_cmds)
    __arm_cp.4_1                             0x00003290   Number         4  rs422_protocol.o(.text.protocol_do_cmds)
    __arm_cp.4_3                             0x00003294   Number         4  rs422_protocol.o(.text.protocol_do_cmds)
    __arm_cp.4_4                             0x00003298   Number         4  rs422_protocol.o(.text.protocol_do_cmds)
    __arm_cp.4_5                             0x0000329c   Number         4  rs422_protocol.o(.text.protocol_do_cmds)
    __arm_cp.4_6                             0x000032a0   Number         4  rs422_protocol.o(.text.protocol_do_cmds)
    __arm_cp.4_7                             0x000032a4   Number         4  rs422_protocol.o(.text.protocol_do_cmds)
    __arm_cp.4_8                             0x000032a8   Number         4  rs422_protocol.o(.text.protocol_do_cmds)
    __arm_cp.4_9                             0x000032ac   Number         4  rs422_protocol.o(.text.protocol_do_cmds)
    __arm_cp.4_10                            0x000032b0   Number         4  rs422_protocol.o(.text.protocol_do_cmds)
    __arm_cp.4_11                            0x000032b4   Number         4  rs422_protocol.o(.text.protocol_do_cmds)
    __arm_cp.4_12                            0x000032b8   Number         4  rs422_protocol.o(.text.protocol_do_cmds)
    __arm_cp.4_14                            0x000032bc   Number         4  rs422_protocol.o(.text.protocol_do_cmds)
    __arm_cp.4_15                            0x000032c0   Number         4  rs422_protocol.o(.text.protocol_do_cmds)
    __arm_cp.4_16                            0x000032c4   Number         4  rs422_protocol.o(.text.protocol_do_cmds)
    __arm_cp.4_17                            0x000032c8   Number         4  rs422_protocol.o(.text.protocol_do_cmds)
    __arm_cp.4_18                            0x000032cc   Number         4  rs422_protocol.o(.text.protocol_do_cmds)
    [Anonymous Symbol]                       0x000032d0   Section        0  rs422_protocol.o(.text.receive_packet)
    __arm_cp.2_0                             0x0000353c   Number         4  rs422_protocol.o(.text.receive_packet)
    __arm_cp.2_1                             0x00003540   Number         4  rs422_protocol.o(.text.receive_packet)
    __arm_cp.2_2                             0x00003544   Number         4  rs422_protocol.o(.text.receive_packet)
    __arm_cp.2_3                             0x00003548   Number         4  rs422_protocol.o(.text.receive_packet)
    __arm_cp.2_4                             0x0000354c   Number         4  rs422_protocol.o(.text.receive_packet)
    __arm_cp.2_5                             0x00003550   Number         4  rs422_protocol.o(.text.receive_packet)
    __arm_cp.2_6                             0x00003554   Number         4  rs422_protocol.o(.text.receive_packet)
    __arm_cp.2_7                             0x00003558   Number         4  rs422_protocol.o(.text.receive_packet)
    __arm_cp.2_8                             0x0000355c   Number         4  rs422_protocol.o(.text.receive_packet)
    __arm_cp.2_9                             0x00003560   Number         4  rs422_protocol.o(.text.receive_packet)
    __arm_cp.2_10                            0x00003564   Number         4  rs422_protocol.o(.text.receive_packet)
    __arm_cp.2_11                            0x00003568   Number         4  rs422_protocol.o(.text.receive_packet)
    [Anonymous Symbol]                       0x0000356c   Section        0  main.o(.text.request_data)
    __arm_cp.1_0                             0x000035f4   Number         4  main.o(.text.request_data)
    __arm_cp.1_1                             0x000035f8   Number         4  main.o(.text.request_data)
    [Anonymous Symbol]                       0x000035fc   Section        0  spi.o(.text.spi_gpio_config)
    __arm_cp.0_0                             0x00003680   Number         4  spi.o(.text.spi_gpio_config)
    [Anonymous Symbol]                       0x00003684   Section        0  spi.o(.text.spi_init)
    [Anonymous Symbol]                       0x000036d0   Section        0  timer.o(.text.timer1_init)
    __arm_cp.1_0                             0x0000370c   Number         4  timer.o(.text.timer1_init)
    __arm_cp.1_1                             0x00003710   Number         4  timer.o(.text.timer1_init)
    [Anonymous Symbol]                       0x00003714   Section        0  timer.o(.text.timer2_init)
    __arm_cp.3_0                             0x000037ac   Number         4  timer.o(.text.timer2_init)
    [Anonymous Symbol]                       0x000037b0   Section        0  timer.o(.text.timer3_init)
    __arm_cp.2_0                             0x000037ec   Number         4  timer.o(.text.timer3_init)
    __arm_cp.2_1                             0x000037f0   Number         4  timer.o(.text.timer3_init)
    __arm_cp.2_2                             0x000037f4   Number         4  timer.o(.text.timer3_init)
    [Anonymous Symbol]                       0x000037f8   Section        0  timer.o(.text.timer_gpio_config)
    __arm_cp.0_0                             0x00003824   Number         4  timer.o(.text.timer_gpio_config)
    [Anonymous Symbol]                       0x00003828   Section        0  rs422_protocol.o(.text.transmit_packet)
    __arm_cp.0_0                             0x00003974   Number         4  rs422_protocol.o(.text.transmit_packet)
    __arm_cp.0_1                             0x00003978   Number         4  rs422_protocol.o(.text.transmit_packet)
    __arm_cp.0_2                             0x0000397c   Number         4  rs422_protocol.o(.text.transmit_packet)
    __arm_cp.0_3                             0x00003980   Number         4  rs422_protocol.o(.text.transmit_packet)
    __arm_cp.0_4                             0x00003984   Number         4  rs422_protocol.o(.text.transmit_packet)
    __arm_cp.0_5                             0x00003988   Number         4  rs422_protocol.o(.text.transmit_packet)
    [Anonymous Symbol]                       0x0000398c   Section        0  uart.o(.text.uart_gpio_config)
    __arm_cp.2_0                             0x00003a5c   Number         4  uart.o(.text.uart_gpio_config)
    __arm_cp.2_1                             0x00003a60   Number         4  uart.o(.text.uart_gpio_config)
    [Anonymous Symbol]                       0x00003a64   Section        0  uart.o(.text.uart_init)
    [Anonymous Symbol]                       0x00003b14   Section        0  uart.o(.text.uart_read)
    __arm_cp.6_1                             0x00003cec   Number         4  uart.o(.text.uart_read)
    [Anonymous Symbol]                       0x00003cf0   Section        0  uart.o(.text.uart_set_read_timeout)
    [Anonymous Symbol]                       0x00003d08   Section        0  uart.o(.text.uart_write)
    __arm_cp.5_0                             0x00003e2c   Number         4  uart.o(.text.uart_write)
    __arm_cp.5_1                             0x00003e30   Number         4  uart.o(.text.uart_write)
    __arm_cp.5_2                             0x00003e34   Number         4  uart.o(.text.uart_write)
    __arm_cp.5_3                             0x00003e38   Number         4  uart.o(.text.uart_write)
    [Anonymous Symbol]                       0x00003e3c   Section        0  external_ram.o(.rodata.str1.1)
    .bss                                     0x20000008   Section       96  libspace.o(.bss)
    Heap_Mem                                 0x20000178   Data        4096  startup_mdr32f1qi.o(HEAP)
    HEAP                                     0x20000178   Section     4096  startup_mdr32f1qi.o(HEAP)
    Stack_Mem                                0x20001178   Data        4096  startup_mdr32f1qi.o(STACK)
    STACK                                    0x20001178   Section     4096  startup_mdr32f1qi.o(STACK)
    __initial_sp                             0x20002178   Data           0  startup_mdr32f1qi.o(STACK)

    Global Symbols

    Symbol Name                              Value     Ov Type        Size  Object(Section)

    BuildAttributes$$THM_ISAv3M$S$PE$A:L22$X:L11$S22$IEEE1$IW$~IW$USESV6$~STKCKD$USESV7$~SHL$OTIME$ROPI$IEEEX$EBA8$UX$STANDARDLIB$REQ8$PRES8$EABIv2 0x00000000   Number         0  anon$$obj.o ABSOLUTE
    __Vectors                                0x00000000   Data           4  startup_mdr32f1qi.o(RESET)
    __ARM_exceptions_init                     - Undefined Weak Reference
    __alloca_initialize                       - Undefined Weak Reference
    __arm_preinit_                            - Undefined Weak Reference
    __arm_relocate_pie_                       - Undefined Weak Reference
    __cpp_initialize__aeabi_                  - Undefined Weak Reference
    __cxa_finalize                            - Undefined Weak Reference
    __rt_locale                               - Undefined Weak Reference
    __sigvec_lookup                           - Undefined Weak Reference
    _atexit_init                              - Undefined Weak Reference
    _call_atexit_fns                          - Undefined Weak Reference
    _clock_init                               - Undefined Weak Reference
    _fp_trap_init                             - Undefined Weak Reference
    _fp_trap_shutdown                         - Undefined Weak Reference
    _get_lc_collate                           - Undefined Weak Reference
    _get_lc_ctype                             - Undefined Weak Reference
    _get_lc_monetary                          - Undefined Weak Reference
    _get_lc_numeric                           - Undefined Weak Reference
    _get_lc_time                              - Undefined Weak Reference
    _getenv_init                              - Undefined Weak Reference
    _handle_redirection                       - Undefined Weak Reference
    _init_alloc                               - Undefined Weak Reference
    _init_user_alloc                          - Undefined Weak Reference
    _initio                                   - Undefined Weak Reference
    _rand_init                                - Undefined Weak Reference
    _signal_finish                            - Undefined Weak Reference
    _signal_init                              - Undefined Weak Reference
    _terminate_alloc                          - Undefined Weak Reference
    _terminate_user_alloc                     - Undefined Weak Reference
    _terminateio                              - Undefined Weak Reference
    __main                                   0x000000c1   Thumb Code     8  __main.o(!!!main)
    __scatterload                            0x000000c9   Thumb Code     0  __scatter.o(!!!scatter)
    __scatterload_rt2                        0x000000c9   Thumb Code    52  __scatter.o(!!!scatter)
    __scatterload_rt2_thumb_only             0x000000c9   Thumb Code     0  __scatter.o(!!!scatter)
    __scatterload_null                       0x000000d9   Thumb Code     0  __scatter.o(!!!scatter)
    __scatterload_copy                       0x00000105   Thumb Code    26  __scatter_copy.o(!!handler_copy)
    __scatterload_zeroinit                   0x00000121   Thumb Code    28  __scatter_zi.o(!!handler_zi)
    __rt_lib_init                            0x0000013d   Thumb Code     0  libinit.o(.ARM.Collect$$libinit$$00000000)
    __rt_lib_init_alloca_1                   0x0000013f   Thumb Code     0  libinit2.o(.ARM.Collect$$libinit$$00000030)
    __rt_lib_init_argv_1                     0x0000013f   Thumb Code     0  libinit2.o(.ARM.Collect$$libinit$$0000002E)
    __rt_lib_init_atexit_1                   0x0000013f   Thumb Code     0  libinit2.o(.ARM.Collect$$libinit$$0000001D)
    __rt_lib_init_clock_1                    0x0000013f   Thumb Code     0  libinit2.o(.ARM.Collect$$libinit$$00000023)
    __rt_lib_init_cpp_1                      0x0000013f   Thumb Code     0  libinit2.o(.ARM.Collect$$libinit$$00000034)
    __rt_lib_init_exceptions_1               0x0000013f   Thumb Code     0  libinit2.o(.ARM.Collect$$libinit$$00000032)
    __rt_lib_init_fp_1                       0x0000013f   Thumb Code     0  libinit2.o(.ARM.Collect$$libinit$$00000002)
    __rt_lib_init_fp_trap_1                  0x0000013f   Thumb Code     0  libinit2.o(.ARM.Collect$$libinit$$00000021)
    __rt_lib_init_getenv_1                   0x0000013f   Thumb Code     0  libinit2.o(.ARM.Collect$$libinit$$00000025)
    __rt_lib_init_heap_1                     0x0000013f   Thumb Code     0  libinit2.o(.ARM.Collect$$libinit$$0000000C)
    __rt_lib_init_lc_collate_1               0x0000013f   Thumb Code     0  libinit2.o(.ARM.Collect$$libinit$$00000013)
    __rt_lib_init_lc_ctype_1                 0x0000013f   Thumb Code     0  libinit2.o(.ARM.Collect$$libinit$$00000015)
    __rt_lib_init_lc_monetary_1              0x0000013f   Thumb Code     0  libinit2.o(.ARM.Collect$$libinit$$00000017)
    __rt_lib_init_lc_numeric_1               0x0000013f   Thumb Code     0  libinit2.o(.ARM.Collect$$libinit$$00000019)
    __rt_lib_init_lc_time_1                  0x0000013f   Thumb Code     0  libinit2.o(.ARM.Collect$$libinit$$0000001B)
    __rt_lib_init_preinit_1                  0x0000013f   Thumb Code     0  libinit2.o(.ARM.Collect$$libinit$$00000006)
    __rt_lib_init_rand_1                     0x0000013f   Thumb Code     0  libinit2.o(.ARM.Collect$$libinit$$00000010)
    __rt_lib_init_relocate_pie_1             0x0000013f   Thumb Code     0  libinit2.o(.ARM.Collect$$libinit$$00000004)
    __rt_lib_init_return                     0x0000013f   Thumb Code     0  libinit2.o(.ARM.Collect$$libinit$$00000035)
    __rt_lib_init_signal_1                   0x0000013f   Thumb Code     0  libinit2.o(.ARM.Collect$$libinit$$0000001F)
    __rt_lib_init_stdio_1                    0x0000013f   Thumb Code     0  libinit2.o(.ARM.Collect$$libinit$$00000027)
    __rt_lib_init_user_alloc_1               0x0000013f   Thumb Code     0  libinit2.o(.ARM.Collect$$libinit$$0000000E)
    __rt_lib_shutdown                        0x00000141   Thumb Code     0  libshutdown.o(.ARM.Collect$$libshutdown$$00000000)
    __rt_lib_shutdown_cpp_1                  0x00000143   Thumb Code     0  libshutdown2.o(.ARM.Collect$$libshutdown$$00000002)
    __rt_lib_shutdown_fp_trap_1              0x00000143   Thumb Code     0  libshutdown2.o(.ARM.Collect$$libshutdown$$00000007)
    __rt_lib_shutdown_heap_1                 0x00000143   Thumb Code     0  libshutdown2.o(.ARM.Collect$$libshutdown$$0000000F)
    __rt_lib_shutdown_return                 0x00000143   Thumb Code     0  libshutdown2.o(.ARM.Collect$$libshutdown$$00000010)
    __rt_lib_shutdown_signal_1               0x00000143   Thumb Code     0  libshutdown2.o(.ARM.Collect$$libshutdown$$0000000A)
    __rt_lib_shutdown_stdio_1                0x00000143   Thumb Code     0  libshutdown2.o(.ARM.Collect$$libshutdown$$00000004)
    __rt_lib_shutdown_user_alloc_1           0x00000143   Thumb Code     0  libshutdown2.o(.ARM.Collect$$libshutdown$$0000000C)
    __rt_entry                               0x00000145   Thumb Code     0  __rtentry.o(.ARM.Collect$$rtentry$$00000000)
    __rt_entry_presh_1                       0x00000145   Thumb Code     0  __rtentry2.o(.ARM.Collect$$rtentry$$00000002)
    __rt_entry_sh                            0x00000145   Thumb Code     0  __rtentry4.o(.ARM.Collect$$rtentry$$00000004)
    __rt_entry_li                            0x0000014b   Thumb Code     0  __rtentry2.o(.ARM.Collect$$rtentry$$0000000A)
    __rt_entry_postsh_1                      0x0000014b   Thumb Code     0  __rtentry2.o(.ARM.Collect$$rtentry$$00000009)
    __rt_entry_main                          0x0000014f   Thumb Code     0  __rtentry2.o(.ARM.Collect$$rtentry$$0000000D)
    __rt_entry_postli_1                      0x0000014f   Thumb Code     0  __rtentry2.o(.ARM.Collect$$rtentry$$0000000C)
    __rt_exit                                0x00000157   Thumb Code     0  rtexit.o(.ARM.Collect$$rtexit$$00000000)
    __rt_exit_ls                             0x00000159   Thumb Code     0  rtexit2.o(.ARM.Collect$$rtexit$$00000003)
    __rt_exit_prels_1                        0x00000159   Thumb Code     0  rtexit2.o(.ARM.Collect$$rtexit$$00000002)
    __rt_exit_exit                           0x0000015d   Thumb Code     0  rtexit2.o(.ARM.Collect$$rtexit$$00000004)
    __aeabi_memcpy4                          0x00000165   Thumb Code    56  rt_memcpy.o(.emb_text)
    __aeabi_memcpy8                          0x00000165   Thumb Code     0  rt_memcpy.o(.emb_text)
    Reset_Handler                            0x0000019d   Thumb Code     8  startup_mdr32f1qi.o(.text)
    NMI_Handler                              0x000001a5   Thumb Code     2  startup_mdr32f1qi.o(.text)
    HardFault_Handler                        0x000001a7   Thumb Code     2  startup_mdr32f1qi.o(.text)
    SVC_Handler                              0x000001a9   Thumb Code     2  startup_mdr32f1qi.o(.text)
    PendSV_Handler                           0x000001ab   Thumb Code     2  startup_mdr32f1qi.o(.text)
    SysTick_Handler                          0x000001ad   Thumb Code     2  startup_mdr32f1qi.o(.text)
    MIL_STD_1553B2_IRQHandler                0x000001af   Thumb Code     2  startup_mdr32f1qi.o(.text)
    MIL_STD_1553B1_IRQHandler                0x000001b1   Thumb Code     2  startup_mdr32f1qi.o(.text)
    USB_IRQHandler                           0x000001b3   Thumb Code     2  startup_mdr32f1qi.o(.text)
    CAN1_IRQHandler                          0x000001b5   Thumb Code     2  startup_mdr32f1qi.o(.text)
    CAN2_IRQHandler                          0x000001b7   Thumb Code     2  startup_mdr32f1qi.o(.text)
    SSP1_IRQHandler                          0x000001bf   Thumb Code     2  startup_mdr32f1qi.o(.text)
    BUSY_IRQHandler                          0x000001c1   Thumb Code     2  startup_mdr32f1qi.o(.text)
    ARINC429R_IRQHandler                     0x000001c3   Thumb Code     2  startup_mdr32f1qi.o(.text)
    POWER_IRQHandler                         0x000001c5   Thumb Code     2  startup_mdr32f1qi.o(.text)
    WWDG_IRQHandler                          0x000001c7   Thumb Code     2  startup_mdr32f1qi.o(.text)
    TIMER4_IRQHandler                        0x000001c9   Thumb Code     2  startup_mdr32f1qi.o(.text)
    TIMER1_IRQHandler                        0x000001cb   Thumb Code     2  startup_mdr32f1qi.o(.text)
    TIMER3_IRQHandler                        0x000001cf   Thumb Code     2  startup_mdr32f1qi.o(.text)
    ADC_IRQHandler                           0x000001d1   Thumb Code     2  startup_mdr32f1qi.o(.text)
    ETHERNET_IRQHandler                      0x000001d3   Thumb Code     2  startup_mdr32f1qi.o(.text)
    SSP3_IRQHandler                          0x000001d5   Thumb Code     2  startup_mdr32f1qi.o(.text)
    SSP2_IRQHandler                          0x000001d7   Thumb Code     2  startup_mdr32f1qi.o(.text)
    ARINC429T1_IRQHandler                    0x000001d9   Thumb Code     2  startup_mdr32f1qi.o(.text)
    ARINC429T2_IRQHandler                    0x000001db   Thumb Code     2  startup_mdr32f1qi.o(.text)
    ARINC429T3_IRQHandler                    0x000001dd   Thumb Code     2  startup_mdr32f1qi.o(.text)
    ARINC429T4_IRQHandler                    0x000001df   Thumb Code     2  startup_mdr32f1qi.o(.text)
    BKP_IRQHandler                           0x000001e1   Thumb Code     2  startup_mdr32f1qi.o(.text)
    EXT_INT1_IRQHandler                      0x000001e3   Thumb Code     2  startup_mdr32f1qi.o(.text)
    EXT_INT2_IRQHandler                      0x000001e5   Thumb Code     2  startup_mdr32f1qi.o(.text)
    EXT_INT3_IRQHandler                      0x000001e7   Thumb Code     2  startup_mdr32f1qi.o(.text)
    EXT_INT4_IRQHandler                      0x000001e9   Thumb Code     2  startup_mdr32f1qi.o(.text)
    __user_initial_stackheap                 0x000001ed   Thumb Code     0  startup_mdr32f1qi.o(.text)
    __aeabi_memcpy                           0x00000211   Thumb Code   130  rt_memcpy.o(.text)
    __rt_memcpy                              0x00000211   Thumb Code     0  rt_memcpy.o(.text)
    _memset_w                                0x00000293   Thumb Code    26  rt_memclr.o(.text)
    _memset                                  0x000002ad   Thumb Code    30  rt_memclr.o(.text)
    __aeabi_memclr                           0x000002cb   Thumb Code     4  rt_memclr.o(.text)
    __rt_memclr                              0x000002cb   Thumb Code     0  rt_memclr.o(.text)
    __aeabi_memclr4                          0x000002cf   Thumb Code     0  rt_memclr.o(.text)
    __aeabi_memclr8                          0x000002cf   Thumb Code     0  rt_memclr.o(.text)
    __rt_memclr_w                            0x000002cf   Thumb Code     4  rt_memclr.o(.text)
    strncpy                                  0x000002d5   Thumb Code   104  strncpy.o(.text)
    __aeabi_uidiv                            0x00000341   Thumb Code     0  aeabi_sdiv.o(.text)
    __aeabi_uidivmod                         0x00000341   Thumb Code    20  aeabi_sdiv.o(.text)
    __aeabi_idiv                             0x00000355   Thumb Code     0  aeabi_sdiv.o(.text)
    __aeabi_idivmod                          0x00000355   Thumb Code   338  aeabi_sdiv.o(.text)
    __use_two_region_memory                  0x000004ad   Thumb Code     2  heapauxi.o(.text)
    __rt_heap_escrow$2region                 0x000004af   Thumb Code     2  heapauxi.o(.text)
    __rt_heap_expand$2region                 0x000004b1   Thumb Code     2  heapauxi.o(.text)
    __user_libspace                          0x000004b5   Thumb Code     8  libspace.o(.text)
    __user_perproc_libspace                  0x000004b5   Thumb Code     0  libspace.o(.text)
    __user_perthread_libspace                0x000004b5   Thumb Code     0  libspace.o(.text)
    __user_setup_stackheap                   0x000004bd   Thumb Code    62  sys_stackheap_outer.o(.text)
    exit                                     0x000004fb   Thumb Code    16  exit.o(.text)
    _sys_exit                                0x0000050d   Thumb Code     8  sys_exit.o(.text)
    __I$use$semihosting                      0x00000519   Thumb Code     0  use_no_semi.o(.text)
    __use_no_semihosting_swi                 0x00000519   Thumb Code     2  use_no_semi.o(.text)
    __decompress                             0x0000051b   Thumb Code     0  __dczerorl.o(.text)
    __decompress0                            0x0000051b   Thumb Code    58  __dczerorl.o(.text)
    __semihosting_library_function           0x0000051b   Thumb Code     0  indicate_semi.o(.text)
    CLOCK_Init                               0x00000555   Thumb Code    86  clock.o(.text.CLOCK_Init)
    DMA_Cmd                                  0x000005ad   Thumb Code    52  mdr32fxqi_dma.o(.text.DMA_Cmd)
    DMA_CtrlDataInit                         0x000005e1   Thumb Code   158  mdr32fxqi_dma.o(.text.DMA_CtrlDataInit)
    DMA_DeInit                               0x00000681   Thumb Code    60  mdr32fxqi_dma.o(.text.DMA_DeInit)
    DMA_GetFlagStatus                        0x000006c5   Thumb Code   232  mdr32fxqi_dma.o(.text.DMA_GetFlagStatus)
    DMA_IRQHandler                           0x000007bd   Thumb Code   160  dma.o(.text.DMA_IRQHandler)
    DMA_Init                                 0x00000865   Thumb Code   236  mdr32fxqi_dma.o(.text.DMA_Init)
    DMA_StructInit                           0x00000979   Thumb Code    34  mdr32fxqi_dma.o(.text.DMA_StructInit)
    DMA_UART_RX_init                         0x0000099d   Thumb Code   172  uart.o(.text.DMA_UART_RX_init)
    DMA_common_init                          0x00000a51   Thumb Code    40  dma.o(.text.DMA_common_init)
    EBC_Init                                 0x00000a91   Thumb Code    88  mdr32fxqi_ebc.o(.text.EBC_Init)
    EBC_MemRegionInit                        0x00000af1   Thumb Code    60  mdr32fxqi_ebc.o(.text.EBC_MemRegionInit)
    EBC_MemRegionStructInit                  0x00000b31   Thumb Code    30  mdr32fxqi_ebc.o(.text.EBC_MemRegionStructInit)
    EBC_StructInit                           0x00000b4f   Thumb Code    58  mdr32fxqi_ebc.o(.text.EBC_StructInit)
    PORT_Init                                0x00000b89   Thumb Code   328  mdr32fxqi_port.o(.text.PORT_Init)
    PORT_ResetBits                           0x00000cd5   Thumb Code    16  mdr32fxqi_port.o(.text.PORT_ResetBits)
    PORT_SetBits                             0x00000ce5   Thumb Code    16  mdr32fxqi_port.o(.text.PORT_SetBits)
    PORT_StructInit                          0x00000cf5   Thumb Code    52  mdr32fxqi_port.o(.text.PORT_StructInit)
    PORT_WriteBit                            0x00000d2d   Thumb Code    38  mdr32fxqi_port.o(.text.PORT_WriteBit)
    RST_CLK_CPU_PLLcmd                       0x00000d55   Thumb Code    52  mdr32fxqi_rst_clk.o(.text.RST_CLK_CPU_PLLcmd)
    RST_CLK_CPU_PLLconfig                    0x00000d89   Thumb Code   112  mdr32fxqi_rst_clk.o(.text.RST_CLK_CPU_PLLconfig)
    RST_CLK_CPU_PLLstatus                    0x00000dfd   Thumb Code   100  mdr32fxqi_rst_clk.o(.text.RST_CLK_CPU_PLLstatus)
    RST_CLK_CPU_PLLuse                       0x00000e61   Thumb Code    56  mdr32fxqi_rst_clk.o(.text.RST_CLK_CPU_PLLuse)
    RST_CLK_CPUclkPrescaler                  0x00000e99   Thumb Code    40  mdr32fxqi_rst_clk.o(.text.RST_CLK_CPUclkPrescaler)
    RST_CLK_CPUclkSelection                  0x00000ec1   Thumb Code    40  mdr32fxqi_rst_clk.o(.text.RST_CLK_CPUclkSelection)
    RST_CLK_DeInit                           0x00000ee9   Thumb Code    36  mdr32fxqi_rst_clk.o(.text.RST_CLK_DeInit)
    RST_CLK_GetClocksFreq                    0x00000f0d   Thumb Code   596  mdr32fxqi_rst_clk.o(.text.RST_CLK_GetClocksFreq)
    RST_CLK_GetFlagStatus                    0x00001171   Thumb Code    80  mdr32fxqi_rst_clk.o(.text.RST_CLK_GetFlagStatus)
    RST_CLK_HSEconfig                        0x000011c5   Thumb Code    68  mdr32fxqi_rst_clk.o(.text.RST_CLK_HSEconfig)
    RST_CLK_HSEstatus                        0x00001209   Thumb Code   100  mdr32fxqi_rst_clk.o(.text.RST_CLK_HSEstatus)
    RST_CLK_HSIcmd                           0x0000126d   Thumb Code    60  mdr32fxqi_rst_clk.o(.text.RST_CLK_HSIcmd)
    RST_CLK_HSIstatus                        0x000012ad   Thumb Code   100  mdr32fxqi_rst_clk.o(.text.RST_CLK_HSIstatus)
    RST_CLK_PCLKcmd                          0x00001311   Thumb Code    44  mdr32fxqi_rst_clk.o(.text.RST_CLK_PCLKcmd)
    RST_CLK_WarmDeInit                       0x0000133d   Thumb Code   100  mdr32fxqi_rst_clk.o(.text.RST_CLK_WarmDeInit)
    SSP_BRGInit                              0x000013b9   Thumb Code   156  mdr32fxqi_ssp.o(.text.SSP_BRGInit)
    SSP_Cmd                                  0x0000145d   Thumb Code    44  mdr32fxqi_ssp.o(.text.SSP_Cmd)
    SSP_ITConfig                             0x0000148d   Thumb Code    46  mdr32fxqi_ssp.o(.text.SSP_ITConfig)
    SSP_Init                                 0x000014bb   Thumb Code    64  mdr32fxqi_ssp.o(.text.SSP_Init)
    SSP_SendData                             0x000014fb   Thumb Code    18  mdr32fxqi_ssp.o(.text.SSP_SendData)
    SSP_StructInit                           0x0000150d   Thumb Code    46  mdr32fxqi_ssp.o(.text.SSP_StructInit)
    SystemCoreClockUpdate                    0x0000153d   Thumb Code   176  system_mdr32f1qi.o(.text.SystemCoreClockUpdate)
    SystemInit                               0x000015f9   Thumb Code    60  system_mdr32f1qi.o(.text.SystemInit)
    TIMER2_IRQHandler                        0x00001665   Thumb Code    40  timer.o(.text.TIMER2_IRQHandler)
    TIMER_BRGInit                            0x00001691   Thumb Code   244  mdr32fxqi_timer.o(.text.TIMER_BRGInit)
    TIMER_ChnCCR1_Cmd                        0x0000179d   Thumb Code    80  mdr32fxqi_timer.o(.text.TIMER_ChnCCR1_Cmd)
    TIMER_ChnInit                            0x000017ed   Thumb Code   122  mdr32fxqi_timer.o(.text.TIMER_ChnInit)
    TIMER_ChnStructInit                      0x00001867   Thumb Code    58  mdr32fxqi_timer.o(.text.TIMER_ChnStructInit)
    TIMER_ClearFlag                          0x000018a1   Thumb Code    18  mdr32fxqi_timer.o(.text.TIMER_ClearFlag)
    TIMER_Cmd                                0x000018b3   Thumb Code    52  mdr32fxqi_timer.o(.text.TIMER_Cmd)
    TIMER_CntInit                            0x000018e7   Thumb Code    88  mdr32fxqi_timer.o(.text.TIMER_CntInit)
    TIMER_CntStructInit                      0x0000193f   Thumb Code    58  mdr32fxqi_timer.o(.text.TIMER_CntStructInit)
    TIMER_GetCounter                         0x00001979   Thumb Code    12  mdr32fxqi_timer.o(.text.TIMER_GetCounter)
    TIMER_ITConfig                           0x00001985   Thumb Code    54  mdr32fxqi_timer.o(.text.TIMER_ITConfig)
    TIMER_SetCounter                         0x000019bb   Thumb Code    16  mdr32fxqi_timer.o(.text.TIMER_SetCounter)
    UART1_IRQHandler                         0x000019cd   Thumb Code    64  uart.o(.text.UART1_IRQHandler)
    UART2_IRQHandler                         0x00001a11   Thumb Code    64  uart.o(.text.UART2_IRQHandler)
    UART_BRGInit                             0x00001a59   Thumb Code   112  mdr32fxqi_uart.o(.text.UART_BRGInit)
    UART_ClearITPendingBit                   0x00001acd   Thumb Code    20  mdr32fxqi_uart.o(.text.UART_ClearITPendingBit)
    UART_Cmd                                 0x00001ae1   Thumb Code    44  mdr32fxqi_uart.o(.text.UART_Cmd)
    UART_DMACmd                              0x00001b11   Thumb Code    48  mdr32fxqi_uart.o(.text.UART_DMACmd)
    UART_GetFlagStatus                       0x00001b41   Thumb Code    50  mdr32fxqi_uart.o(.text.UART_GetFlagStatus)
    UART_ITConfig                            0x00001b73   Thumb Code    46  mdr32fxqi_uart.o(.text.UART_ITConfig)
    UART_Init                                0x00001ba1   Thumb Code   260  mdr32fxqi_uart.o(.text.UART_Init)
    UART_ReceiveData                         0x00001cb5   Thumb Code    14  mdr32fxqi_uart.o(.text.UART_ReceiveData)
    UART_SendData                            0x00001cc3   Thumb Code    18  mdr32fxqi_uart.o(.text.UART_SendData)
    adc_gpio_config                          0x00001dd9   Thumb Code   116  1273pv19t.o(.text.adc_gpio_config)
    adc_init                                 0x00001e4d   Thumb Code   108  1273pv19t.o(.text.adc_init)
    adc_reset                                0x00001ed1   Thumb Code    36  1273pv19t.o(.text.adc_reset)
    crc32                                    0x00001ef5   Thumb Code    92  rs422_protocol.o(.text.crc32)
    delay_micro                              0x00001f59   Thumb Code    36  timer.o(.text.delay_micro)
    delay_milli                              0x00001f81   Thumb Code    44  timer.o(.text.delay_milli)
    ebc_gpio_config                          0x00001fad   Thumb Code   248  ebc.o(.text.ebc_gpio_config)
    ebc_init                                 0x000020c5   Thumb Code    68  ebc.o(.text.ebc_init)
    error_handler                            0x00002109   Thumb Code   760  rs422_protocol.o(.text.error_handler)
    fill_crc32_table                         0x0000240d   Thumb Code   124  rs422_protocol.o(.text.fill_crc32_table)
    init_external_ram_space                  0x00002495   Thumb Code  1108  external_ram.o(.text.init_external_ram_space)
    main                                     0x0000291d   Thumb Code   292  main.o(.text.main)
    protocol_do_cmds                         0x00002a69   Thumb Code  2084  rs422_protocol.o(.text.protocol_do_cmds)
    receive_packet                           0x000032d1   Thumb Code   620  rs422_protocol.o(.text.receive_packet)
    request_data                             0x0000356d   Thumb Code   136  main.o(.text.request_data)
    spi_gpio_config                          0x000035fd   Thumb Code   132  spi.o(.text.spi_gpio_config)
    spi_init                                 0x00003685   Thumb Code    76  spi.o(.text.spi_init)
    timer1_init                              0x000036d1   Thumb Code    60  timer.o(.text.timer1_init)
    timer2_init                              0x00003715   Thumb Code   152  timer.o(.text.timer2_init)
    timer3_init                              0x000037b1   Thumb Code    60  timer.o(.text.timer3_init)
    timer_gpio_config                        0x000037f9   Thumb Code    44  timer.o(.text.timer_gpio_config)
    transmit_packet                          0x00003829   Thumb Code   332  rs422_protocol.o(.text.transmit_packet)
    uart_gpio_config                         0x0000398d   Thumb Code   208  uart.o(.text.uart_gpio_config)
    uart_init                                0x00003a65   Thumb Code   174  uart.o(.text.uart_init)
    uart_read                                0x00003b15   Thumb Code   472  uart.o(.text.uart_read)
    uart_set_read_timeout                    0x00003cf1   Thumb Code    22  uart.o(.text.uart_set_read_timeout)
    uart_write                               0x00003d09   Thumb Code   292  uart.o(.text.uart_write)
    Region$$Table$$Base                      0x00003e40   Number         0  anon$$obj.o(Region$$Table)
    Region$$Table$$Limit                     0x00003e70   Number         0  anon$$obj.o(Region$$Table)
    SystemCoreClock                          0x20000000   Data           4  system_mdr32f1qi.o(.data.SystemCoreClock)
    __libspace_start                         0x20000008   Data          96  libspace.o(.bss)
    SPI1                                     0x20000068   Data          24  spi.o(.bss.SPI1)
    __temporary_stack_top$libspace           0x20000068   Data           0  libspace.o(.bss)
    UART1                                    0x20000080   Data         120  uart.o(.bss.UART1)
    UART2                                    0x200000f8   Data         120  uart.o(.bss.UART2)
    ram_space_pointer                        0x20000170   Data           4  main.o(.bss.ram_space_pointer)
    DMA_ControlTable                         0x20100000   Data        1024  mdr32fxqi_dma.o(EXECUTABLE_MEMORY_SECTION)



==============================================================================

Memory Map of the image

  Image Entry point : 0x000000c1

  Load Region LR_IROM1 (Base: 0x00000000, Size: 0x00004400, Max: 0x00020000, ABSOLUTE, COMPRESSED[0x0000400c])

    Execution Region ER_IROM1 (Exec base: 0x00000000, Load base: 0x00000000, Size: 0x00003e70, Max: 0x00020000, ABSOLUTE)

    Exec Addr    Load Addr    Size         Type   Attr      Idx    E Section Name        Object

    0x00000000   0x00000000   0x000000c0   Data   RO          174    RESET               startup_mdr32f1qi.o
    0x000000c0   0x000000c0   0x00000008   Code   RO          643  * !!!main             c_p.l(__main.o)
    0x000000c8   0x000000c8   0x0000003c   Code   RO          889    !!!scatter          c_p.l(__scatter.o)
    0x00000104   0x00000104   0x0000001a   Code   RO          891    !!handler_copy      c_p.l(__scatter_copy.o)
    0x0000011e   0x0000011e   0x00000002   PAD
    0x00000120   0x00000120   0x0000001c   Code   RO          893    !!handler_zi        c_p.l(__scatter_zi.o)
    0x0000013c   0x0000013c   0x00000002   Code   RO          745    .ARM.Collect$$libinit$$00000000  c_p.l(libinit.o)
    0x0000013e   0x0000013e   0x00000000   Code   RO          760    .ARM.Collect$$libinit$$00000002  c_p.l(libinit2.o)
    0x0000013e   0x0000013e   0x00000000   Code   RO          762    .ARM.Collect$$libinit$$00000004  c_p.l(libinit2.o)
    0x0000013e   0x0000013e   0x00000000   Code   RO          764    .ARM.Collect$$libinit$$00000006  c_p.l(libinit2.o)
    0x0000013e   0x0000013e   0x00000000   Code   RO          767    .ARM.Collect$$libinit$$0000000C  c_p.l(libinit2.o)
    0x0000013e   0x0000013e   0x00000000   Code   RO          769    .ARM.Collect$$libinit$$0000000E  c_p.l(libinit2.o)
    0x0000013e   0x0000013e   0x00000000   Code   RO          771    .ARM.Collect$$libinit$$00000010  c_p.l(libinit2.o)
    0x0000013e   0x0000013e   0x00000000   Code   RO          774    .ARM.Collect$$libinit$$00000013  c_p.l(libinit2.o)
    0x0000013e   0x0000013e   0x00000000   Code   RO          776    .ARM.Collect$$libinit$$00000015  c_p.l(libinit2.o)
    0x0000013e   0x0000013e   0x00000000   Code   RO          778    .ARM.Collect$$libinit$$00000017  c_p.l(libinit2.o)
    0x0000013e   0x0000013e   0x00000000   Code   RO          780    .ARM.Collect$$libinit$$00000019  c_p.l(libinit2.o)
    0x0000013e   0x0000013e   0x00000000   Code   RO          782    .ARM.Collect$$libinit$$0000001B  c_p.l(libinit2.o)
    0x0000013e   0x0000013e   0x00000000   Code   RO          784    .ARM.Collect$$libinit$$0000001D  c_p.l(libinit2.o)
    0x0000013e   0x0000013e   0x00000000   Code   RO          786    .ARM.Collect$$libinit$$0000001F  c_p.l(libinit2.o)
    0x0000013e   0x0000013e   0x00000000   Code   RO          788    .ARM.Collect$$libinit$$00000021  c_p.l(libinit2.o)
    0x0000013e   0x0000013e   0x00000000   Code   RO          790    .ARM.Collect$$libinit$$00000023  c_p.l(libinit2.o)
    0x0000013e   0x0000013e   0x00000000   Code   RO          792    .ARM.Collect$$libinit$$00000025  c_p.l(libinit2.o)
    0x0000013e   0x0000013e   0x00000000   Code   RO          794    .ARM.Collect$$libinit$$00000027  c_p.l(libinit2.o)
    0x0000013e   0x0000013e   0x00000000   Code   RO          798    .ARM.Collect$$libinit$$0000002E  c_p.l(libinit2.o)
    0x0000013e   0x0000013e   0x00000000   Code   RO          800    .ARM.Collect$$libinit$$00000030  c_p.l(libinit2.o)
    0x0000013e   0x0000013e   0x00000000   Code   RO          802    .ARM.Collect$$libinit$$00000032  c_p.l(libinit2.o)
    0x0000013e   0x0000013e   0x00000000   Code   RO          804    .ARM.Collect$$libinit$$00000034  c_p.l(libinit2.o)
    0x0000013e   0x0000013e   0x00000002   Code   RO          805    .ARM.Collect$$libinit$$00000035  c_p.l(libinit2.o)
    0x00000140   0x00000140   0x00000002   Code   RO          842    .ARM.Collect$$libshutdown$$00000000  c_p.l(libshutdown.o)
    0x00000142   0x00000142   0x00000000   Code   RO          870    .ARM.Collect$$libshutdown$$00000002  c_p.l(libshutdown2.o)
    0x00000142   0x00000142   0x00000000   Code   RO          872    .ARM.Collect$$libshutdown$$00000004  c_p.l(libshutdown2.o)
    0x00000142   0x00000142   0x00000000   Code   RO          875    .ARM.Collect$$libshutdown$$00000007  c_p.l(libshutdown2.o)
    0x00000142   0x00000142   0x00000000   Code   RO          878    .ARM.Collect$$libshutdown$$0000000A  c_p.l(libshutdown2.o)
    0x00000142   0x00000142   0x00000000   Code   RO          880    .ARM.Collect$$libshutdown$$0000000C  c_p.l(libshutdown2.o)
    0x00000142   0x00000142   0x00000000   Code   RO          883    .ARM.Collect$$libshutdown$$0000000F  c_p.l(libshutdown2.o)
    0x00000142   0x00000142   0x00000002   Code   RO          884    .ARM.Collect$$libshutdown$$00000010  c_p.l(libshutdown2.o)
    0x00000144   0x00000144   0x00000000   Code   RO          664    .ARM.Collect$$rtentry$$00000000  c_p.l(__rtentry.o)
    0x00000144   0x00000144   0x00000000   Code   RO          703    .ARM.Collect$$rtentry$$00000002  c_p.l(__rtentry2.o)
    0x00000144   0x00000144   0x00000006   Code   RO          715    .ARM.Collect$$rtentry$$00000004  c_p.l(__rtentry4.o)
    0x0000014a   0x0000014a   0x00000000   Code   RO          705    .ARM.Collect$$rtentry$$00000009  c_p.l(__rtentry2.o)
    0x0000014a   0x0000014a   0x00000004   Code   RO          706    .ARM.Collect$$rtentry$$0000000A  c_p.l(__rtentry2.o)
    0x0000014e   0x0000014e   0x00000000   Code   RO          708    .ARM.Collect$$rtentry$$0000000C  c_p.l(__rtentry2.o)
    0x0000014e   0x0000014e   0x00000008   Code   RO          709    .ARM.Collect$$rtentry$$0000000D  c_p.l(__rtentry2.o)
    0x00000156   0x00000156   0x00000002   Code   RO          751    .ARM.Collect$$rtexit$$00000000  c_p.l(rtexit.o)
    0x00000158   0x00000158   0x00000000   Code   RO          813    .ARM.Collect$$rtexit$$00000002  c_p.l(rtexit2.o)
    0x00000158   0x00000158   0x00000004   Code   RO          814    .ARM.Collect$$rtexit$$00000003  c_p.l(rtexit2.o)
    0x0000015c   0x0000015c   0x00000006   Code   RO          815    .ARM.Collect$$rtexit$$00000004  c_p.l(rtexit2.o)
    0x00000162   0x00000162   0x00000002   PAD
    0x00000164   0x00000164   0x00000038   Code   RO          629    .emb_text           c_p.l(rt_memcpy.o)
    0x0000019c   0x0000019c   0x00000074   Code   RO          175    .text               startup_mdr32f1qi.o
    0x00000210   0x00000210   0x00000082   Code   RO          630    .text               c_p.l(rt_memcpy.o)
    0x00000292   0x00000292   0x00000040   Code   RO          633    .text               c_p.l(rt_memclr.o)
    0x000002d2   0x000002d2   0x00000002   PAD
    0x000002d4   0x000002d4   0x0000006c   Code   RO          635    .text               c_p.l(strncpy.o)
    0x00000340   0x00000340   0x0000016c   Code   RO          637    .text               c_p.l(aeabi_sdiv.o)
    0x000004ac   0x000004ac   0x00000006   Code   RO          641    .text               c_p.l(heapauxi.o)
    0x000004b2   0x000004b2   0x00000002   PAD
    0x000004b4   0x000004b4   0x00000008   Code   RO          728    .text               c_p.l(libspace.o)
    0x000004bc   0x000004bc   0x0000003e   Code   RO          731    .text               c_p.l(sys_stackheap_outer.o)
    0x000004fa   0x000004fa   0x00000010   Code   RO          734    .text               c_p.l(exit.o)
    0x0000050a   0x0000050a   0x00000002   PAD
    0x0000050c   0x0000050c   0x0000000c   Code   RO          808    .text               c_p.l(sys_exit.o)
    0x00000518   0x00000518   0x00000002   Code   RO          831    .text               c_p.l(use_no_semi.o)
    0x0000051a   0x0000051a   0x00000000   Code   RO          833    .text               c_p.l(indicate_semi.o)
    0x0000051a   0x0000051a   0x0000003a   Code   RO          887    .text               c_p.l(__dczerorl.o)
    0x00000554   0x00000554   0x00000056   Code   RO            2    .text.CLOCK_Init    clock.o
    0x000005aa   0x000005aa   0x00000002   PAD
    0x000005ac   0x000005ac   0x00000034   Code   RO          265    .text.DMA_Cmd       mdr32fxqi_dma.o
    0x000005e0   0x000005e0   0x0000009e   Code   RO          251    .text.DMA_CtrlDataInit  mdr32fxqi_dma.o
    0x0000067e   0x0000067e   0x00000002   PAD
    0x00000680   0x00000680   0x00000044   Code   RO          247    .text.DMA_DeInit    mdr32fxqi_dma.o
    0x000006c4   0x000006c4   0x000000f8   Code   RO          273    .text.DMA_GetFlagStatus  mdr32fxqi_dma.o
    0x000007bc   0x000007bc   0x000000a8   Code   RO           12    .text.DMA_IRQHandler  dma.o
    0x00000864   0x00000864   0x00000114   Code   RO          259    .text.DMA_Init      mdr32fxqi_dma.o
    0x00000978   0x00000978   0x00000022   Code   RO          261    .text.DMA_StructInit  mdr32fxqi_dma.o
    0x0000099a   0x0000099a   0x00000002   PAD
    0x0000099c   0x0000099c   0x000000b4   Code   RO          104    .text.DMA_UART_RX_init  uart.o
    0x00000a50   0x00000a50   0x00000040   Code   RO           10    .text.DMA_common_init  dma.o
    0x00000a90   0x00000a90   0x00000060   Code   RO          285    .text.EBC_Init      mdr32fxqi_ebc.o
    0x00000af0   0x00000af0   0x00000040   Code   RO          297    .text.EBC_MemRegionInit  mdr32fxqi_ebc.o
    0x00000b30   0x00000b30   0x0000001e   Code   RO          295    .text.EBC_MemRegionStructInit  mdr32fxqi_ebc.o
    0x00000b4e   0x00000b4e   0x0000003a   Code   RO          287    .text.EBC_StructInit  mdr32fxqi_ebc.o
    0x00000b88   0x00000b88   0x0000014c   Code   RO          327    .text.PORT_Init     mdr32fxqi_port.o
    0x00000cd4   0x00000cd4   0x00000010   Code   RO          337    .text.PORT_ResetBits  mdr32fxqi_port.o
    0x00000ce4   0x00000ce4   0x00000010   Code   RO          335    .text.PORT_SetBits  mdr32fxqi_port.o
    0x00000cf4   0x00000cf4   0x00000038   Code   RO          329    .text.PORT_StructInit  mdr32fxqi_port.o
    0x00000d2c   0x00000d2c   0x00000026   Code   RO          339    .text.PORT_WriteBit  mdr32fxqi_port.o
    0x00000d52   0x00000d52   0x00000002   PAD
    0x00000d54   0x00000d54   0x00000034   Code   RO          388    .text.RST_CLK_CPU_PLLcmd  mdr32fxqi_rst_clk.o
    0x00000d88   0x00000d88   0x00000074   Code   RO          384    .text.RST_CLK_CPU_PLLconfig  mdr32fxqi_rst_clk.o
    0x00000dfc   0x00000dfc   0x00000064   Code   RO          390    .text.RST_CLK_CPU_PLLstatus  mdr32fxqi_rst_clk.o
    0x00000e60   0x00000e60   0x00000038   Code   RO          386    .text.RST_CLK_CPU_PLLuse  mdr32fxqi_rst_clk.o
    0x00000e98   0x00000e98   0x00000028   Code   RO          392    .text.RST_CLK_CPUclkPrescaler  mdr32fxqi_rst_clk.o
    0x00000ec0   0x00000ec0   0x00000028   Code   RO          360    .text.RST_CLK_CPUclkSelection  mdr32fxqi_rst_clk.o
    0x00000ee8   0x00000ee8   0x00000024   Code   RO          350    .text.RST_CLK_DeInit  mdr32fxqi_rst_clk.o
    0x00000f0c   0x00000f0c   0x00000264   Code   RO          422    .text.RST_CLK_GetClocksFreq  mdr32fxqi_rst_clk.o
    0x00001170   0x00001170   0x00000054   Code   RO          366    .text.RST_CLK_GetFlagStatus  mdr32fxqi_rst_clk.o
    0x000011c4   0x000011c4   0x00000044   Code   RO          362    .text.RST_CLK_HSEconfig  mdr32fxqi_rst_clk.o
    0x00001208   0x00001208   0x00000064   Code   RO          364    .text.RST_CLK_HSEstatus  mdr32fxqi_rst_clk.o
    0x0000126c   0x0000126c   0x00000040   Code   RO          356    .text.RST_CLK_HSIcmd  mdr32fxqi_rst_clk.o
    0x000012ac   0x000012ac   0x00000064   Code   RO          358    .text.RST_CLK_HSIstatus  mdr32fxqi_rst_clk.o
    0x00001310   0x00001310   0x0000002c   Code   RO          354    .text.RST_CLK_PCLKcmd  mdr32fxqi_rst_clk.o
    0x0000133c   0x0000133c   0x0000007c   Code   RO          352    .text.RST_CLK_WarmDeInit  mdr32fxqi_rst_clk.o
    0x000013b8   0x000013b8   0x000000a4   Code   RO          455    .text.SSP_BRGInit   mdr32fxqi_ssp.o
    0x0000145c   0x0000145c   0x00000030   Code   RO          437    .text.SSP_Cmd       mdr32fxqi_ssp.o
    0x0000148c   0x0000148c   0x0000002e   Code   RO          439    .text.SSP_ITConfig  mdr32fxqi_ssp.o
    0x000014ba   0x000014ba   0x00000040   Code   RO          433    .text.SSP_Init      mdr32fxqi_ssp.o
    0x000014fa   0x000014fa   0x00000012   Code   RO          449    .text.SSP_SendData  mdr32fxqi_ssp.o
    0x0000150c   0x0000150c   0x0000002e   Code   RO          435    .text.SSP_StructInit  mdr32fxqi_ssp.o
    0x0000153a   0x0000153a   0x00000002   PAD
    0x0000153c   0x0000153c   0x000000bc   Code   RO          182    .text.SystemCoreClockUpdate  system_mdr32f1qi.o
    0x000015f8   0x000015f8   0x0000006c   Code   RO          184    .text.SystemInit    system_mdr32f1qi.o
    0x00001664   0x00001664   0x0000002c   Code   RO           69    .text.TIMER2_IRQHandler  timer.o
    0x00001690   0x00001690   0x0000010c   Code   RO          578    .text.TIMER_BRGInit  mdr32fxqi_timer.o
    0x0000179c   0x0000179c   0x00000050   Code   RO          542    .text.TIMER_ChnCCR1_Cmd  mdr32fxqi_timer.o
    0x000017ec   0x000017ec   0x0000007a   Code   RO          508    .text.TIMER_ChnInit  mdr32fxqi_timer.o
    0x00001866   0x00001866   0x0000003a   Code   RO          510    .text.TIMER_ChnStructInit  mdr32fxqi_timer.o
    0x000018a0   0x000018a0   0x00000012   Code   RO          570    .text.TIMER_ClearFlag  mdr32fxqi_timer.o
    0x000018b2   0x000018b2   0x00000034   Code   RO          470    .text.TIMER_Cmd     mdr32fxqi_timer.o
    0x000018e6   0x000018e6   0x00000058   Code   RO          466    .text.TIMER_CntInit  mdr32fxqi_timer.o
    0x0000193e   0x0000193e   0x0000003a   Code   RO          468    .text.TIMER_CntStructInit  mdr32fxqi_timer.o
    0x00001978   0x00001978   0x0000000c   Code   RO          474    .text.TIMER_GetCounter  mdr32fxqi_timer.o
    0x00001984   0x00001984   0x00000036   Code   RO          574    .text.TIMER_ITConfig  mdr32fxqi_timer.o
    0x000019ba   0x000019ba   0x00000010   Code   RO          472    .text.TIMER_SetCounter  mdr32fxqi_timer.o
    0x000019ca   0x000019ca   0x00000002   PAD
    0x000019cc   0x000019cc   0x00000044   Code   RO           82    .text.UART1_IRQHandler  uart.o
    0x00001a10   0x00001a10   0x00000048   Code   RO           84    .text.UART2_IRQHandler  uart.o
    0x00001a58   0x00001a58   0x00000074   Code   RO          619    .text.UART_BRGInit  mdr32fxqi_uart.o
    0x00001acc   0x00001acc   0x00000014   Code   RO          601    .text.UART_ClearITPendingBit  mdr32fxqi_uart.o
    0x00001ae0   0x00001ae0   0x00000030   Code   RO          593    .text.UART_Cmd      mdr32fxqi_uart.o
    0x00001b10   0x00001b10   0x00000030   Code   RO          605    .text.UART_DMACmd   mdr32fxqi_uart.o
    0x00001b40   0x00001b40   0x00000032   Code   RO          617    .text.UART_GetFlagStatus  mdr32fxqi_uart.o
    0x00001b72   0x00001b72   0x0000002e   Code   RO          595    .text.UART_ITConfig  mdr32fxqi_uart.o
    0x00001ba0   0x00001ba0   0x00000114   Code   RO          589    .text.UART_Init     mdr32fxqi_uart.o
    0x00001cb4   0x00001cb4   0x0000000e   Code   RO          609    .text.UART_ReceiveData  mdr32fxqi_uart.o
    0x00001cc2   0x00001cc2   0x00000012   Code   RO          607    .text.UART_SendData  mdr32fxqi_uart.o
    0x00001cd4   0x00001cd4   0x0000002c   Code   RO          249    .text.__NVIC_ClearPendingIRQ  mdr32fxqi_dma.o
    0x00001d00   0x00001d00   0x00000028   Code   RO           65    .text.__NVIC_EnableIRQ  timer.o
    0x00001d28   0x00001d28   0x0000002c   Code   RO           90    .text.__NVIC_EnableIRQ  uart.o
    0x00001d54   0x00001d54   0x00000084   Code   RO           67    .text.__NVIC_SetPriority  timer.o
    0x00001dd8   0x00001dd8   0x00000074   Code   RO          139    .text.adc_gpio_config  1273pv19t.o
    0x00001e4c   0x00001e4c   0x00000084   Code   RO          141    .text.adc_init      1273pv19t.o
    0x00001ed0   0x00001ed0   0x00000024   Code   RO          143    .text.adc_reset     1273pv19t.o
    0x00001ef4   0x00001ef4   0x00000064   Code   RO           36    .text.crc32         rs422_protocol.o
    0x00001f58   0x00001f58   0x00000028   Code   RO           73    .text.delay_micro   timer.o
    0x00001f80   0x00001f80   0x0000002c   Code   RO           71    .text.delay_milli   timer.o
    0x00001fac   0x00001fac   0x00000118   Code   RO          119    .text.ebc_gpio_config  ebc.o
    0x000020c4   0x000020c4   0x00000044   Code   RO          121    .text.ebc_init      ebc.o
    0x00002108   0x00002108   0x00000304   Code   RO           40    .text.error_handler  rs422_protocol.o
    0x0000240c   0x0000240c   0x00000088   Code   RO           44    .text.fill_crc32_table  rs422_protocol.o
    0x00002494   0x00002494   0x00000488   Code   RO          130    .text.init_external_ram_space  external_ram.o
    0x0000291c   0x0000291c   0x0000014c   Code   RO           21    .text.main          main.o
    0x00002a68   0x00002a68   0x00000868   Code   RO           42    .text.protocol_do_cmds  rs422_protocol.o
    0x000032d0   0x000032d0   0x0000029c   Code   RO           38    .text.receive_packet  rs422_protocol.o
    0x0000356c   0x0000356c   0x00000090   Code   RO           23    .text.request_data  main.o
    0x000035fc   0x000035fc   0x00000088   Code   RO          154    .text.spi_gpio_config  spi.o
    0x00003684   0x00003684   0x0000004c   Code   RO          156    .text.spi_init      spi.o
    0x000036d0   0x000036d0   0x00000044   Code   RO           59    .text.timer1_init   timer.o
    0x00003714   0x00003714   0x0000009c   Code   RO           63    .text.timer2_init   timer.o
    0x000037b0   0x000037b0   0x00000048   Code   RO           61    .text.timer3_init   timer.o
    0x000037f8   0x000037f8   0x00000030   Code   RO           57    .text.timer_gpio_config  timer.o
    0x00003828   0x00003828   0x00000164   Code   RO           34    .text.transmit_packet  rs422_protocol.o
    0x0000398c   0x0000398c   0x000000d8   Code   RO           86    .text.uart_gpio_config  uart.o
    0x00003a64   0x00003a64   0x000000ae   Code   RO           88    .text.uart_init     uart.o
    0x00003b12   0x00003b12   0x00000002   PAD
    0x00003b14   0x00003b14   0x000001dc   Code   RO           94    .text.uart_read     uart.o
    0x00003cf0   0x00003cf0   0x00000016   Code   RO          106    .text.uart_set_read_timeout  uart.o
    0x00003d06   0x00003d06   0x00000002   PAD
    0x00003d08   0x00003d08   0x00000134   Code   RO           92    .text.uart_write    uart.o
    0x00003e3c   0x00003e3c   0x00000004   Data   RO          132    .rodata.str1.1      external_ram.o
    0x00003e40   0x00003e40   0x00000030   Data   RO          886    Region$$Table       anon$$obj.o


    Execution Region RW_IRAM1 (Exec base: 0x20000000, Load base: 0x00003e70, Size: 0x00002178, Max: 0x00008000, ABSOLUTE)

    Exec Addr    Load Addr    Size         Type   Attr      Idx    E Section Name        Object

    0x20000000   0x00003e70   0x00000004   Data   RW          186    .data.SystemCoreClock  system_mdr32f1qi.o
    0x20000004   0x00003e74   0x00000004   PAD
    0x20000008        -       0x00000060   Zero   RW          729    .bss                c_p.l(libspace.o)
    0x20000068        -       0x00000018   Zero   RW          164    .bss.SPI1           spi.o
    0x20000080        -       0x00000078   Zero   RW          110    .bss.UART1          uart.o
    0x200000f8        -       0x00000078   Zero   RW          111    .bss.UART2          uart.o
    0x20000170        -       0x00000004   Zero   RW           25    .bss.ram_space_pointer  main.o
    0x20000174   0x00003e74   0x00000004   PAD
    0x20000178        -       0x00001000   Zero   RW          173    HEAP                startup_mdr32f1qi.o
    0x20001178        -       0x00001000   Zero   RW          172    STACK               startup_mdr32f1qi.o


    Execution Region RW_IRAM2 (Exec base: 0x20100000, Load base: 0x00004000, Size: 0x00000400, Max: 0x00004000, ABSOLUTE, COMPRESSED[0x0000000c])

    Exec Addr    Load Addr    Size         Type   Attr      Idx    E Section Name        Object

    0x20100000   COMPRESSED   0x00000400   Data   RW          275    EXECUTABLE_MEMORY_SECTION  mdr32fxqi_dma.o


==============================================================================

Image component sizes


      Code (inc. data)   RO Data    RW Data    ZI Data      Debug   Object Name

       284         24          0          0          0       3407   1273pv19t.o
        86          0          0          0          0       1323   clock.o
       232         32          0          0          0       3802   dma.o
       348         32          0          0          0       5583   ebc.o
      1160         64          4          0          0       6549   external_ram.o
       476         48          0          0          4      14588   main.o
       880        100          0       1024          0       8613   mdr32fxqi_dma.o
       248         12          0          0          0       5994   mdr32fxqi_ebc.o
       458          8          0          0          0       4906   mdr32fxqi_port.o
      1636         52          0          0          0      12829   mdr32fxqi_rst_clk.o
       386         12          0          0          0       5616   mdr32fxqi_ssp.o
       826         24          0          0          0      21062   mdr32fxqi_timer.o
       636         24          0          0          0       7536   mdr32fxqi_uart.o
      4184        244          0          0          0      11079   rs422_protocol.o
       212          4          0          0         24       5266   spi.o
       116         28        192          0       8192       1944   startup_mdr32f1qi.o
       296         60          0          4          0       1557   system_mdr32f1qi.o
       644         44          0          0          0       9814   timer.o
      1560         52          0          0        240      12599   uart.o

    ----------------------------------------------------------------------
     14684        864        244       1028       8468     144067   Object Totals
         0          0         48          0          0          0   (incl. Generated)
        16          0          0          0          8          0   (incl. Padding)

    ----------------------------------------------------------------------

      Code (inc. data)   RO Data    RW Data    ZI Data      Debug   Library Member Name

        58          0          0          0          0          0   __dczerorl.o
         8          0          0          0          0         68   __main.o
         0          0          0          0          0          0   __rtentry.o
        12          0          0          0          0          0   __rtentry2.o
         6          0          0          0          0          0   __rtentry4.o
        60          8          0          0          0          0   __scatter.o
        26          0          0          0          0          0   __scatter_copy.o
        28          0          0          0          0          0   __scatter_zi.o
       364          4          0          0          0         92   aeabi_sdiv.o
        16          0          0          0          0         68   exit.o
         6          0          0          0          0        136   heapauxi.o
         0          0          0          0          0          0   indicate_semi.o
         2          0          0          0          0          0   libinit.o
         2          0          0          0          0          0   libinit2.o
         2          0          0          0          0          0   libshutdown.o
         2          0          0          0          0          0   libshutdown2.o
         8          4          0          0         96         68   libspace.o
        64          0          0          0          0        108   rt_memclr.o
       186          0          0          0          0        144   rt_memcpy.o
         2          0          0          0          0          0   rtexit.o
        10          0          0          0          0          0   rtexit2.o
       108          4          0          0          0         76   strncpy.o
        12          4          0          0          0         60   sys_exit.o
        62          0          0          0          0         80   sys_stackheap_outer.o
         2          0          0          0          0         68   use_no_semi.o

    ----------------------------------------------------------------------
      1056         24          0          0         96        968   Library Totals
        10          0          0          0          0          0   (incl. Padding)

    ----------------------------------------------------------------------

      Code (inc. data)   RO Data    RW Data    ZI Data      Debug   Library Name

      1046         24          0          0         96        968   c_p.l

    ----------------------------------------------------------------------
      1056         24          0          0         96        968   Library Totals

    ----------------------------------------------------------------------

==============================================================================


      Code (inc. data)   RO Data    RW Data    ZI Data      Debug   

     15740        888        244       1028       8564     144439   Grand Totals
     15740        888        244         16       8564     144439   ELF Image Totals (compressed)
     15740        888        244         16          0          0   ROM Totals

==============================================================================

    Total RO  Size (Code + RO Data)                15984 (  15.61kB)
    Total RW  Size (RW Data + ZI Data)              9592 (   9.37kB)
    Total ROM Size (Code + RO Data + RW Data)      16000 (  15.63kB)

==============================================================================

