Component: Arm Compiler for Embedded 6.18 Tool: armlink [5e4cc100]

==============================================================================

Section Cross References

    clock.o(.text.CLOCK_Init) refers to mdr32fxqi_rst_clk.o(.text.RST_CLK_DeInit) for RST_CLK_DeInit
    clock.o(.text.CLOCK_Init) refers to mdr32fxqi_rst_clk.o(.text.RST_CLK_HSEconfig) for RST_CLK_HSEconfig
    clock.o(.text.CLOCK_Init) refers to mdr32fxqi_rst_clk.o(.text.RST_CLK_HSEstatus) for RST_CLK_HSEstatus
    clock.o(.text.CLOCK_Init) refers to mdr32fxqi_rst_clk.o(.text.RST_CLK_CPU_PLLconfig) for RST_CLK_CPU_PLLconfig
    clock.o(.text.CLOCK_Init) refers to mdr32fxqi_rst_clk.o(.text.RST_CLK_CPU_PLLcmd) for RST_CLK_CPU_PLLcmd
    clock.o(.text.CLOCK_Init) refers to mdr32fxqi_rst_clk.o(.text.RST_CLK_CPU_PLLstatus) for RST_CLK_CPU_PLLstatus
    clock.o(.text.CLOCK_Init) refers to mdr32fxqi_rst_clk.o(.text.RST_CLK_CPUclkPrescaler) for RST_CLK_CPUclkPrescaler
    clock.o(.text.CLOCK_Init) refers to mdr32fxqi_rst_clk.o(.text.RST_CLK_CPU_PLLuse) for RST_CLK_CPU_PLLuse
    clock.o(.text.CLOCK_Init) refers to mdr32fxqi_rst_clk.o(.text.RST_CLK_CPUclkSelection) for RST_CLK_CPUclkSelection
    clock.o(.text.CLOCK_Init) refers to system_mdr32f1qi.o(.text.SystemCoreClockUpdate) for SystemCoreClockUpdate
    clock.o(.ARM.exidx.text.CLOCK_Init) refers to clock.o(.text.CLOCK_Init) for [Anonymous Symbol]
    dma.o(.text.DMA_common_init) refers to mdr32fxqi_rst_clk.o(.text.RST_CLK_PCLKcmd) for RST_CLK_PCLKcmd
    dma.o(.text.DMA_common_init) refers to mdr32fxqi_dma.o(.text.DMA_DeInit) for DMA_DeInit
    dma.o(.ARM.exidx.text.DMA_common_init) refers to dma.o(.text.DMA_common_init) for [Anonymous Symbol]
    dma.o(.text.DMA_IRQHandler) refers to mdr32fxqi_dma.o(.text.DMA_GetFlagStatus) for DMA_GetFlagStatus
    dma.o(.text.DMA_IRQHandler) refers to uart.o(.text.DMA_UART_RX_init) for DMA_UART_RX_init
    dma.o(.text.DMA_IRQHandler) refers to uart.o(.bss.UART1) for UART1
    dma.o(.text.DMA_IRQHandler) refers to uart.o(.bss.UART2) for UART2
    dma.o(.ARM.exidx.text.DMA_IRQHandler) refers to dma.o(.text.DMA_IRQHandler) for [Anonymous Symbol]
    main.o(.text.main) refers to clock.o(.text.CLOCK_Init) for CLOCK_Init
    main.o(.text.main) refers to ports.o(.text.PortsInit) for PortsInit
    main.o(.text.main) refers to timer.o(.text.TIMER1_init) for TIMER1_init
    main.o(.text.main) refers to timer.o(.text.TIMER2_init) for TIMER2_init
    main.o(.text.main) refers to dma.o(.text.DMA_common_init) for DMA_common_init
    main.o(.text.main) refers to ebc.o(.text.ebc_ports_config) for ebc_ports_config
    main.o(.text.main) refers to ebc.o(.text.ebc_config) for ebc_config
    main.o(.text.main) refers to external_ram.o(.text.init_external_ram_space) for init_external_ram_space
    main.o(.text.main) refers to uart.o(.text.uart_set_read_timeout) for uart_set_read_timeout
    main.o(.text.main) refers to uart.o(.text.uart_set_write_timeout) for uart_set_write_timeout
    main.o(.text.main) refers to uart.o(.text.uart_init) for uart_init
    main.o(.text.main) refers to uart.o(.text.DMA_UART_RX_init) for DMA_UART_RX_init
    main.o(.text.main) refers to main.o(.text.request_data) for request_data
    main.o(.text.main) refers to uart.o(.bss.UART1) for UART1
    main.o(.text.main) refers to main.o(.bss.ram_space_pointer) for ram_space_pointer
    main.o(.text.main) refers to uart.o(.bss.UART2) for UART2
    main.o(.ARM.exidx.text.main) refers to main.o(.text.main) for [Anonymous Symbol]
    main.o(.text.request_data) refers to rs422_protocol.o(.text.receive_packet) for receive_packet
    main.o(.text.request_data) refers to rs422_protocol.o(.text.protocol_do_cmds) for protocol_do_cmds
    main.o(.text.request_data) refers to rs422_protocol.o(.text.transmit_packet) for transmit_packet
    main.o(.ARM.exidx.text.request_data) refers to main.o(.text.request_data) for [Anonymous Symbol]
    ports.o(.text.PortsInit) refers to mdr32fxqi_rst_clk.o(.text.RST_CLK_PCLKcmd) for RST_CLK_PCLKcmd
    ports.o(.text.PortsInit) refers to mdr32fxqi_port.o(.text.PORT_StructInit) for PORT_StructInit
    ports.o(.text.PortsInit) refers to mdr32fxqi_port.o(.text.PORT_Init) for PORT_Init
    ports.o(.text.PortsInit) refers to mdr32fxqi_port.o(.text.PORT_WriteBit) for PORT_WriteBit
    ports.o(.ARM.exidx.text.PortsInit) refers to ports.o(.text.PortsInit) for [Anonymous Symbol]
    rs422_protocol.o(.text.transmit_packet) refers to rt_memcpy.o(.text) for __aeabi_memcpy
    rs422_protocol.o(.text.transmit_packet) refers to rs422_protocol.o(.text.crc32) for crc32
    rs422_protocol.o(.text.transmit_packet) refers to uart.o(.text.uart_write) for uart_write
    rs422_protocol.o(.text.transmit_packet) refers to main.o(.bss.ram_space_pointer) for ram_space_pointer
    rs422_protocol.o(.ARM.exidx.text.transmit_packet) refers to rs422_protocol.o(.text.transmit_packet) for [Anonymous Symbol]
    rs422_protocol.o(.text.crc32) refers to main.o(.bss.ram_space_pointer) for ram_space_pointer
[...]
    Removing mdr32fxqi_timer.o(.text.TIMER_ChnOutPolarityConfig), (70 bytes).
    Removing mdr32fxqi_timer.o(.ARM.exidx.text.TIMER_ChnOutPolarityConfig), (8 bytes).
    Removing mdr32fxqi_timer.o(.text.TIMER_ChnNOutConfig), (96 bytes).
    Removing mdr32fxqi_timer.o(.ARM.exidx.text.TIMER_ChnNOutConfig), (8 bytes).
    Removing mdr32fxqi_timer.o(.text.TIMER_ChnNOutSourceConfig), (72 bytes).
    Removing mdr32fxqi_timer.o(.ARM.exidx.text.TIMER_ChnNOutSourceConfig), (8 bytes).
    Removing mdr32fxqi_timer.o(.text.TIMER_ChnNOutModeConfig), (72 bytes).
    Removing mdr32fxqi_timer.o(.ARM.exidx.text.TIMER_ChnNOutModeConfig), (8 bytes).
    Removing mdr32fxqi_timer.o(.text.TIMER_ChnNOutPolarityConfig), (72 bytes).
    Removing mdr32fxqi_timer.o(.ARM.exidx.text.TIMER_ChnNOutPolarityConfig), (8 bytes).
    Removing mdr32fxqi_timer.o(.text.TIMER_ChnOutDTGConfig), (58 bytes).
    Removing mdr32fxqi_timer.o(.ARM.exidx.text.TIMER_ChnOutDTGConfig), (8 bytes).
    Removing mdr32fxqi_timer.o(.text.TIMER_GetStatus), (12 bytes).
    Removing mdr32fxqi_timer.o(.ARM.exidx.text.TIMER_GetStatus), (8 bytes).
    Removing mdr32fxqi_timer.o(.text.TIMER_GetFlagStatus), (42 bytes).
    Removing mdr32fxqi_timer.o(.ARM.exidx.text.TIMER_GetFlagStatus), (8 bytes).
    Removing mdr32fxqi_timer.o(.text.TIMER_ClearFlag), (18 bytes).
    Removing mdr32fxqi_timer.o(.ARM.exidx.text.TIMER_ClearFlag), (8 bytes).
    Removing mdr32fxqi_timer.o(.text.TIMER_DMACmd), (136 bytes).
    Removing mdr32fxqi_timer.o(.ARM.exidx.text.TIMER_DMACmd), (8 bytes).
    Removing mdr32fxqi_timer.o(.text.TIMER_ITConfig), (54 bytes).
    Removing mdr32fxqi_timer.o(.ARM.exidx.text.TIMER_ITConfig), (8 bytes).
    Removing mdr32fxqi_timer.o(.text.TIMER_GetITStatus), (58 bytes).
    Removing mdr32fxqi_timer.o(.ARM.exidx.text.TIMER_GetITStatus), (8 bytes).
    Removing mdr32fxqi_timer.o(.ARM.exidx.text.TIMER_BRGInit), (8 bytes).
    Removing mdr32fxqi_uart.o(.text), (0 bytes).
    Removing mdr32fxqi_uart.o(.text.UART_DeInit), (62 bytes).
    Removing mdr32fxqi_uart.o(.ARM.exidx.text.UART_DeInit), (8 bytes).
    Removing mdr32fxqi_uart.o(.ARM.exidx.text.UART_Init), (8 bytes).
    Removing mdr32fxqi_uart.o(.text.UART_StructInit), (42 bytes).
    Removing mdr32fxqi_uart.o(.ARM.exidx.text.UART_StructInit), (8 bytes).
    Removing mdr32fxqi_uart.o(.ARM.exidx.text.UART_Cmd), (8 bytes).
    Removing mdr32fxqi_uart.o(.ARM.exidx.text.UART_ITConfig), (8 bytes).
    Removing mdr32fxqi_uart.o(.text.UART_GetITStatus), (52 bytes).
    Removing mdr32fxqi_uart.o(.ARM.exidx.text.UART_GetITStatus), (8 bytes).
    Removing mdr32fxqi_uart.o(.text.UART_GetITStatusMasked), (50 bytes).
    Removing mdr32fxqi_uart.o(.ARM.exidx.text.UART_GetITStatusMasked), (8 bytes).
    Removing mdr32fxqi_uart.o(.ARM.exidx.text.UART_ClearITPendingBit), (8 bytes).
    Removing mdr32fxqi_uart.o(.text.UART_DMAConfig), (28 bytes).
    Removing mdr32fxqi_uart.o(.ARM.exidx.text.UART_DMAConfig), (8 bytes).
    Removing mdr32fxqi_uart.o(.ARM.exidx.text.UART_DMACmd), (8 bytes).
    Removing mdr32fxqi_uart.o(.ARM.exidx.text.UART_SendData), (8 bytes).
    Removing mdr32fxqi_uart.o(.ARM.exidx.text.UART_ReceiveData), (8 bytes).
    Removing mdr32fxqi_uart.o(.text.UART_BreakLine), (48 bytes).
    Removing mdr32fxqi_uart.o(.ARM.exidx.text.UART_BreakLine), (8 bytes).
    Removing mdr32fxqi_uart.o(.text.UART_IrDAConfig), (60 bytes).
    Removing mdr32fxqi_uart.o(.ARM.exidx.text.UART_IrDAConfig), (8 bytes).
    Removing mdr32fxqi_uart.o(.text.UART_IrDACmd), (48 bytes).
    Removing mdr32fxqi_uart.o(.ARM.exidx.text.UART_IrDACmd), (8 bytes).
    Removing mdr32fxqi_uart.o(.ARM.exidx.text.UART_GetFlagStatus), (8 bytes).
    Removing mdr32fxqi_uart.o(.ARM.exidx.text.UART_BRGInit), (8 bytes).

493 unused section(s) (total 16760 bytes) removed from the image.

==============================================================================

Image Symbol Table

    Local Symbols

    Symbol Name                              Value     Ov Type        Size  Object(Section)

    ../clib/../cmprslib/zerorunl.c           0x00000000   Number         0  __dczerorl.o ABSOLUTE
    ../clib/angel/boardlib.s                 0x00000000   Number         0  boardinit1.o ABSOLUTE
    ../clib/angel/boardlib.s                 0x00000000   Number         0  boardinit2.o ABSOLUTE
    ../clib/angel/boardlib.s                 0x00000000   Number         0  boardinit3.o ABSOLUTE
    ../clib/angel/boardlib.s                 0x00000000   Number         0  boardshut.o ABSOLUTE
    ../clib/angel/handlers.s                 0x00000000   Number         0  __scatter_copy.o ABSOLUTE
    ../clib/angel/handlers.s                 0x00000000   Number         0  __scatter_zi.o ABSOLUTE
    ../clib/angel/kernel.s                   0x00000000   Number         0  __rtentry.o ABSOLUTE
    ../clib/angel/kernel.s                   0x00000000   Number         0  __rtentry2.o ABSOLUTE
    ../clib/angel/kernel.s                   0x00000000   Number         0  __rtentry4.o ABSOLUTE
    ../clib/angel/kernel.s                   0x00000000   Number         0  rtexit.o ABSOLUTE
    ../clib/angel/kernel.s                   0x00000000   Number         0  rtexit2.o ABSOLUTE
    ../clib/angel/rt.s                       0x00000000   Number         0  aeabi_idiv0.o ABSOLUTE
    ../clib/angel/rt.s                       0x00000000   Number         0  aeabi_idiv0_sigfpe.o ABSOLUTE
    ../clib/angel/rt.s                       0x00000000   Number         0  rt_div0.o ABSOLUTE
    ../clib/angel/rt.s                       0x00000000   Number         0  rt_raise.o ABSOLUTE
    ../clib/angel/scatterp.s                 0x00000000   Number         0  __scatter.o ABSOLUTE
    ../clib/angel/startup.s                  0x00000000   Number         0  __main.o ABSOLUTE
    ../clib/angel/sys.s                      0x00000000   Number         0  sys_stackheap_outer.o ABSOLUTE
    ../clib/angel/sys.s                      0x00000000   Number         0  libspace.o ABSOLUTE
    ../clib/angel/sys.s                      0x00000000   Number         0  tempstk.o ABSOLUTE
    ../clib/angel/sys.s                      0x00000000   Number         0  use_no_semi.o ABSOLUTE
    ../clib/angel/sys.s                      0x00000000   Number         0  indicate_semi.o ABSOLUTE
    ../clib/angel/sysapp.c                   0x00000000   Number         0  sys_exit.o ABSOLUTE
    ../clib/angel/sysapp.c                   0x00000000   Number         0  sys_exit_hlt.o ABSOLUTE
    ../clib/angel/sysapp.c                   0x00000000   Number         0  sys_wrch.o ABSOLUTE
    ../clib/angel/sysapp.c                   0x00000000   Number         0  sys_wrch_hlt.o ABSOLUTE
    ../clib/angel/sysapp.c                   0x00000000   Number         0  sys_command.o ABSOLUTE
    ../clib/angel/sysapp.c                   0x00000000   Number         0  sys_command_hlt.o ABSOLUTE
    ../clib/armsys.c                         0x00000000   Number         0  argv_veneer.o ABSOLUTE
    ../clib/armsys.c                         0x00000000   Number         0  _get_argv_nomalloc.o ABSOLUTE
    ../clib/armsys.c                         0x00000000   Number         0  no_argv.o ABSOLUTE
    ../clib/division.s                       0x00000000   Number         0  aeabi_sdiv.o ABSOLUTE
    ../clib/division.s                       0x00000000   Number         0  aeabi_sdiv_div0.o ABSOLUTE
    ../clib/heapalloc.c                      0x00000000   Number         0  hrguard.o ABSOLUTE
    ../clib/heapaux.c                        0x00000000   Number         0  heapauxi.o ABSOLUTE
    ../clib/libinit.s                        0x00000000   Number         0  libinit.o ABSOLUTE
    ../clib/libinit.s                        0x00000000   Number         0  libinit2.o ABSOLUTE
    ../clib/libinit.s                        0x00000000   Number         0  libshutdown.o ABSOLUTE
    ../clib/libinit.s                        0x00000000   Number         0  libshutdown2.o ABSOLUTE
    ../clib/memcpset.c                       0x00000000   Number         0  rt_memcpy.o ABSOLUTE
    ../clib/memcpset.c                       0x00000000   Number         0  rt_memcpy.o ABSOLUTE
    ../clib/memcpset.c                       0x00000000   Number         0  rt_memclr.o ABSOLUTE
    ../clib/signal.c                         0x00000000   Number         0  defsig_fpe_outer.o ABSOLUTE
    ../clib/signal.c                         0x00000000   Number         0  defsig_fpe_formal.o ABSOLUTE
    ../clib/signal.c                         0x00000000   Number         0  defsig_exit.o ABSOLUTE
    ../clib/signal.c                         0x00000000   Number         0  defsig_fpe_inner.o ABSOLUTE
    ../clib/signal.c                         0x00000000   Number         0  __raise.o ABSOLUTE
    ../clib/signal.c                         0x00000000   Number         0  defsig_general.o ABSOLUTE
    ../clib/signal.c                         0x00000000   Number         0  defsig_abrt_inner.o ABSOLUTE
    ../clib/signal.c                         0x00000000   Number         0  defsig_rtred_inner.o ABSOLUTE
    ../clib/signal.c                         0x00000000   Number         0  defsig_rtmem_inner.o ABSOLUTE
    ../clib/signal.c                         0x00000000   Number         0  defsig_rtmem_outer.o ABSOLUTE
    ../clib/signal.c                         0x00000000   Number         0  defsig_rtmem_formal.o ABSOLUTE
    ../clib/signal.c                         0x00000000   Number         0  defsig_stak_inner.o ABSOLUTE
    ../clib/signal.c                         0x00000000   Number         0  defsig_pvfn_inner.o ABSOLUTE
    ../clib/signal.c                         0x00000000   Number         0  defsig_cppl_inner.o ABSOLUTE
    ../clib/signal.c                         0x00000000   Number         0  defsig_segv_inner.o ABSOLUTE
    ../clib/signal.c                         0x00000000   Number         0  defsig_other.o ABSOLUTE
    ../clib/signal.s                         0x00000000   Number         0  defsig.o ABSOLUTE
    ../clib/stdlib.c                         0x00000000   Number         0  exit.o ABSOLUTE
    ../clib/string.c                         0x00000000   Number         0  strncpy.o ABSOLUTE
    ../fplib/cfplib/fpinit.c                 0x00000000   Number         0  fpinit.o ABSOLUTE
    ADC.c                                    0x00000000   Number         0  adc.o ABSOLUTE
    C:\Users\shishov\AppData\Local\Arm\Packs\Milandr\MDR32FxQI\1.0\Libraries\SPL\MDR32FxQI\src\MDR32FxQI_eeprom_cache.S 0x00000000   Number         0  mdr32fxqi_eeprom_cache.o ABSOLUTE
    CLOCK.c                                  0x00000000   Number         0  clock.o ABSOLUTE
    DMA.c                                    0x00000000   Number         0  dma.o ABSOLUTE
    EBC.c                                    0x00000000   Number         0  ebc.o ABSOLUTE
    MDR32FxQI_adc.c                          0x00000000   Number         0  mdr32fxqi_adc.o ABSOLUTE
    MDR32FxQI_bkp.c                          0x00000000   Number         0  mdr32fxqi_bkp.o ABSOLUTE
    MDR32FxQI_dma.c                          0x00000000   Number         0  mdr32fxqi_dma.o ABSOLUTE
    MDR32FxQI_ebc.c                          0x00000000   Number         0  mdr32fxqi_ebc.o ABSOLUTE
    MDR32FxQI_eeprom.c                       0x00000000   Number         0  mdr32fxqi_eeprom.o ABSOLUTE
    MDR32FxQI_port.c                         0x00000000   Number         0  mdr32fxqi_port.o ABSOLUTE
    MDR32FxQI_rst_clk.c                      0x00000000   Number         0  mdr32fxqi_rst_clk.o ABSOLUTE
    MDR32FxQI_ssp.c                          0x00000000   Number         0  mdr32fxqi_ssp.o ABSOLUTE
    MDR32FxQI_timer.c                        0x00000000   Number         0  mdr32fxqi_timer.o ABSOLUTE
    MDR32FxQI_uart.c                         0x00000000   Number         0  mdr32fxqi_uart.o ABSOLUTE
    MT-12864Av6.c                            0x00000000   Number         0  mt-12864av6.o ABSOLUTE
    PORTS.c                                  0x00000000   Number         0  ports.o ABSOLUTE
    RTE\Device\MDR32F1QI\startup_MDR32F1QI.S 0x00000000   Number         0  startup_mdr32f1qi.o ABSOLUTE
    SystemFont5x7R.c                         0x00000000   Number         0  systemfont5x7r.o ABSOLUTE
    TIMER.c                                  0x00000000   Number         0  timer.o ABSOLUTE
    UART.c                                   0x00000000   Number         0  uart.o ABSOLUTE
    dc.s                                     0x00000000   Number         0  dc.o ABSOLUTE
    external_ram.c                           0x00000000   Number         0  external_ram.o ABSOLUTE
    main.c                                   0x00000000   Number         0  main.o ABSOLUTE
    rs422_protocol.c                         0x00000000   Number         0  rs422_protocol.o ABSOLUTE
    system_MDR32F1QI.c                       0x00000000   Number         0  system_mdr32f1qi.o ABSOLUTE
    RESET                                    0x00000000   Section      192  startup_mdr32f1qi.o(RESET)
    !!!main                                  0x000000c0   Section        8  __main.o(!!!main)
    !!!scatter                               0x000000c8   Section       60  __scatter.o(!!!scatter)
    !!handler_copy                           0x00000104   Section       26  __scatter_copy.o(!!handler_copy)
    !!handler_zi                             0x00000120   Section       28  __scatter_zi.o(!!handler_zi)
    .ARM.Collect$$libinit$$00000000          0x0000013c   Section        2  libinit.o(.ARM.Collect$$libinit$$00000000)
    .ARM.Collect$$libinit$$00000002          0x0000013e   Section        0  libinit2.o(.ARM.Collect$$libinit$$00000002)
    .ARM.Collect$$libinit$$00000004          0x0000013e   Section        0  libinit2.o(.ARM.Collect$$libinit$$00000004)
    .ARM.Collect$$libinit$$00000006          0x0000013e   Section        0  libinit2.o(.ARM.Collect$$libinit$$00000006)
    .ARM.Collect$$libinit$$0000000C          0x0000013e   Section        0  libinit2.o(.ARM.Collect$$libinit$$0000000C)
    .ARM.Collect$$libinit$$0000000E          0x0000013e   Section        0  libinit2.o(.ARM.Collect$$libinit$$0000000E)
    .ARM.Collect$$libinit$$00000010          0x0000013e   Section        0  libinit2.o(.ARM.Collect$$libinit$$00000010)
    .ARM.Collect$$libinit$$00000013          0x0000013e   Section        0  libinit2.o(.ARM.Collect$$libinit$$00000013)
    .ARM.Collect$$libinit$$00000015          0x0000013e   Section        0  libinit2.o(.ARM.Collect$$libinit$$00000015)
    .ARM.Collect$$libinit$$00000017          0x0000013e   Section        0  libinit2.o(.ARM.Collect$$libinit$$00000017)
    .ARM.Collect$$libinit$$00000019          0x0000013e   Section        0  libinit2.o(.ARM.Collect$$libinit$$00000019)
    .ARM.Collect$$libinit$$0000001B          0x0000013e   Section        0  libinit2.o(.ARM.Collect$$libinit$$0000001B)
    .ARM.Collect$$libinit$$0000001D          0x0000013e   Section        0  libinit2.o(.ARM.Collect$$libinit$$0000001D)
    .ARM.Collect$$libinit$$0000001F          0x0000013e   Section        0  libinit2.o(.ARM.Collect$$libinit$$0000001F)
    .ARM.Collect$$libinit$$00000021          0x0000013e   Section        0  libinit2.o(.ARM.Collect$$libinit$$00000021)
    .ARM.Collect$$libinit$$00000023          0x0000013e   Section        0  libinit2.o(.ARM.Collect$$libinit$$00000023)
    .ARM.Collect$$libinit$$00000025          0x0000013e   Section        0  libinit2.o(.ARM.Collect$$libinit$$00000025)
    .ARM.Collect$$libinit$$00000027          0x0000013e   Section        0  libinit2.o(.ARM.Collect$$libinit$$00000027)
    .ARM.Collect$$libinit$$0000002E          0x0000013e   Section        0  libinit2.o(.ARM.Collect$$libinit$$0000002E)
    .ARM.Collect$$libinit$$00000030          0x0000013e   Section        0  libinit2.o(.ARM.Collect$$libinit$$00000030)
    .ARM.Collect$$libinit$$00000032          0x0000013e   Section        0  libinit2.o(.ARM.Collect$$libinit$$00000032)
    .ARM.Collect$$libinit$$00000034          0x0000013e   Section        0  libinit2.o(.ARM.Collect$$libinit$$00000034)
    .ARM.Collect$$libinit$$00000035          0x0000013e   Section        2  libinit2.o(.ARM.Collect$$libinit$$00000035)
    .ARM.Collect$$libshutdown$$00000000      0x00000140   Section        2  libshutdown.o(.ARM.Collect$$libshutdown$$00000000)
    .ARM.Collect$$libshutdown$$00000002      0x00000142   Section        0  libshutdown2.o(.ARM.Collect$$libshutdown$$00000002)
    .ARM.Collect$$libshutdown$$00000004      0x00000142   Section        0  libshutdown2.o(.ARM.Collect$$libshutdown$$00000004)
    .ARM.Collect$$libshutdown$$00000007      0x00000142   Section        0  libshutdown2.o(.ARM.Collect$$libshutdown$$00000007)
    .ARM.Collect$$libshutdown$$0000000A      0x00000142   Section        0  libshutdown2.o(.ARM.Collect$$libshutdown$$0000000A)
    .ARM.Collect$$libshutdown$$0000000C      0x00000142   Section        0  libshutdown2.o(.ARM.Collect$$libshutdown$$0000000C)
    .ARM.Collect$$libshutdown$$0000000F      0x00000142   Section        0  libshutdown2.o(.ARM.Collect$$libshutdown$$0000000F)
    .ARM.Collect$$libshutdown$$00000010      0x00000142   Section        2  libshutdown2.o(.ARM.Collect$$libshutdown$$00000010)
    .ARM.Collect$$rtentry$$00000000          0x00000144   Section        0  __rtentry.o(.ARM.Collect$$rtentry$$00000000)
    .ARM.Collect$$rtentry$$00000002          0x00000144   Section        0  __rtentry2.o(.ARM.Collect$$rtentry$$00000002)
    .ARM.Collect$$rtentry$$00000004          0x00000144   Section        6  __rtentry4.o(.ARM.Collect$$rtentry$$00000004)
    .ARM.Collect$$rtentry$$00000009          0x0000014a   Section        0  __rtentry2.o(.ARM.Collect$$rtentry$$00000009)
    .ARM.Collect$$rtentry$$0000000A          0x0000014a   Section        4  __rtentry2.o(.ARM.Collect$$rtentry$$0000000A)
    .ARM.Collect$$rtentry$$0000000C          0x0000014e   Section        0  __rtentry2.o(.ARM.Collect$$rtentry$$0000000C)
    .ARM.Collect$$rtentry$$0000000D          0x0000014e   Section        8  __rtentry2.o(.ARM.Collect$$rtentry$$0000000D)
    .ARM.Collect$$rtexit$$00000000           0x00000156   Section        2  rtexit.o(.ARM.Collect$$rtexit$$00000000)
    .ARM.Collect$$rtexit$$00000002           0x00000158   Section        0  rtexit2.o(.ARM.Collect$$rtexit$$00000002)
    .ARM.Collect$$rtexit$$00000003           0x00000158   Section        4  rtexit2.o(.ARM.Collect$$rtexit$$00000003)
    .ARM.Collect$$rtexit$$00000004           0x0000015c   Section        6  rtexit2.o(.ARM.Collect$$rtexit$$00000004)
    .emb_text                                0x00000164   Section       56  rt_memcpy.o(.emb_text)
    .text                                    0x0000019c   Section      116  startup_mdr32f1qi.o(.text)
    .text                                    0x00000210   Section        0  rt_memcpy.o(.text)
    .text                                    0x00000292   Section        0  rt_memclr.o(.text)
    .text                                    0x000002d4   Section        0  strncpy.o(.text)
    .text                                    0x00000340   Section      364  aeabi_sdiv.o(.text)
    .text                                    0x000004ac   Section        0  heapauxi.o(.text)
    .text                                    0x000004b2   Section       62  sys_stackheap_outer.o(.text)
    .text                                    0x000004f0   Section        0  exit.o(.text)
    .text                                    0x00000500   Section        8  libspace.o(.text)
    .text                                    0x00000508   Section        0  sys_exit.o(.text)
    .text                                    0x00000514   Section        2  use_no_semi.o(.text)
    .text                                    0x00000516   Section        0  indicate_semi.o(.text)
    .text                                    0x00000516   Section        0  __dczerorl.o(.text)
    [Anonymous Symbol]                       0x00000550   Section        0  clock.o(.text.CLOCK_Init)
    [Anonymous Symbol]                       0x000005a8   Section        0  mdr32fxqi_dma.o(.text.DMA_Cmd)
    [Anonymous Symbol]                       0x000005dc   Section        0  mdr32fxqi_dma.o(.text.DMA_CtrlDataInit)
    [Anonymous Symbol]                       0x0000067c   Section        0  mdr32fxqi_dma.o(.text.DMA_DeInit)
    __arm_cp.0_2                             0x000006b8   Number         4  mdr32fxqi_dma.o(.text.DMA_DeInit)
    __arm_cp.0_5                             0x000006bc   Number         4  mdr32fxqi_dma.o(.text.DMA_DeInit)
    [Anonymous Symbol]                       0x000006c0   Section        0  mdr32fxqi_dma.o(.text.DMA_GetFlagStatus)
    __arm_cp.13_3                            0x000007a8   Number         4  mdr32fxqi_dma.o(.text.DMA_GetFlagStatus)
    __arm_cp.13_4                            0x000007ac   Number         4  mdr32fxqi_dma.o(.text.DMA_GetFlagStatus)
    __arm_cp.13_6                            0x000007b0   Number         4  mdr32fxqi_dma.o(.text.DMA_GetFlagStatus)
    __arm_cp.13_7                            0x000007b4   Number         4  mdr32fxqi_dma.o(.text.DMA_GetFlagStatus)
    [Anonymous Symbol]                       0x000007b8   Section        0  dma.o(.text.DMA_IRQHandler)
    __arm_cp.1_0                             0x000007e8   Number         4  dma.o(.text.DMA_IRQHandler)
    __arm_cp.1_1                             0x000007ec   Number         4  dma.o(.text.DMA_IRQHandler)
    [Anonymous Symbol]                       0x000007f0   Section        0  mdr32fxqi_dma.o(.text.DMA_Init)
    __arm_cp.6_0                             0x000008dc   Number         4  mdr32fxqi_dma.o(.text.DMA_Init)
    __arm_cp.6_1                             0x000008e0   Number         4  mdr32fxqi_dma.o(.text.DMA_Init)
    __arm_cp.6_2                             0x000008e4   Number         4  mdr32fxqi_dma.o(.text.DMA_Init)
    __arm_cp.6_3                             0x000008e8   Number         4  mdr32fxqi_dma.o(.text.DMA_Init)
    __arm_cp.6_5                             0x000008ec   Number         4  mdr32fxqi_dma.o(.text.DMA_Init)
    __arm_cp.6_7                             0x000008f0   Number         4  mdr32fxqi_dma.o(.text.DMA_Init)
    __arm_cp.6_8                             0x000008f4   Number         4  mdr32fxqi_dma.o(.text.DMA_Init)
    __arm_cp.6_9                             0x000008f8   Number         4  mdr32fxqi_dma.o(.text.DMA_Init)
    __arm_cp.6_10                            0x000008fc   Number         4  mdr32fxqi_dma.o(.text.DMA_Init)
    __arm_cp.6_11                            0x00000900   Number         4  mdr32fxqi_dma.o(.text.DMA_Init)
    [Anonymous Symbol]                       0x00000904   Section        0  mdr32fxqi_dma.o(.text.DMA_StructInit)
    [Anonymous Symbol]                       0x00000928   Section        0  uart.o(.text.DMA_UART_RX_init)
    __arm_cp.10_0                            0x000009d4   Number         4  uart.o(.text.DMA_UART_RX_init)
    __arm_cp.10_1                            0x000009d8   Number         4  uart.o(.text.DMA_UART_RX_init)
    [Anonymous Symbol]                       0x000009dc   Section        0  dma.o(.text.DMA_common_init)
    __arm_cp.0_0                             0x00000a04   Number         4  dma.o(.text.DMA_common_init)
    __arm_cp.0_1                             0x00000a08   Number         4  dma.o(.text.DMA_common_init)
    __arm_cp.0_2                             0x00000a0c   Number         4  dma.o(.text.DMA_common_init)
    __arm_cp.0_3                             0x00000a10   Number         4  dma.o(.text.DMA_common_init)
    __arm_cp.0_4                             0x00000a14   Number         4  dma.o(.text.DMA_common_init)
    __arm_cp.0_5                             0x00000a18   Number         4  dma.o(.text.DMA_common_init)
    [Anonymous Symbol]                       0x00000a1c   Section        0  timer.o(.text.Delay_micro)
    __arm_cp.3_0                             0x00000a40   Number         4  timer.o(.text.Delay_micro)
    [Anonymous Symbol]                       0x00000a44   Section        0  mdr32fxqi_ebc.o(.text.EBC_Init)
    __arm_cp.1_0                             0x00000a9c   Number         4  mdr32fxqi_ebc.o(.text.EBC_Init)
    __arm_cp.1_1                             0x00000aa0   Number         4  mdr32fxqi_ebc.o(.text.EBC_Init)
    [Anonymous Symbol]                       0x00000aa4   Section        0  mdr32fxqi_ebc.o(.text.EBC_MemRegionInit)
    __arm_cp.7_0                             0x00000ae0   Number         4  mdr32fxqi_ebc.o(.text.EBC_MemRegionInit)
    [Anonymous Symbol]                       0x00000ae4   Section        0  mdr32fxqi_ebc.o(.text.EBC_MemRegionStructInit)
    [Anonymous Symbol]                       0x00000b02   Section        0  mdr32fxqi_ebc.o(.text.EBC_StructInit)
    [Anonymous Symbol]                       0x00000b3c   Section        0  mdr32fxqi_port.o(.text.PORT_Init)
    __arm_cp.1_0                             0x00000c84   Number         4  mdr32fxqi_port.o(.text.PORT_Init)
    [Anonymous Symbol]                       0x00000c88   Section        0  mdr32fxqi_port.o(.text.PORT_StructInit)
    __arm_cp.2_0                             0x00000cbc   Number         4  mdr32fxqi_port.o(.text.PORT_StructInit)
    [Anonymous Symbol]                       0x00000cc0   Section        0  mdr32fxqi_port.o(.text.PORT_WriteBit)
    [Anonymous Symbol]                       0x00000ce8   Section        0  ports.o(.text.PortsInit)
    __arm_cp.0_0                             0x00000da0   Number         4  ports.o(.text.PortsInit)
    __arm_cp.0_1                             0x00000da4   Number         4  ports.o(.text.PortsInit)
    [Anonymous Symbol]                       0x00000da8   Section        0  mdr32fxqi_rst_clk.o(.text.RST_CLK_CPU_PLLcmd)
    [Anonymous Symbol]                       0x00000ddc   Section        0  mdr32fxqi_rst_clk.o(.text.RST_CLK_CPU_PLLconfig)
    __arm_cp.17_1                            0x00000e4c   Number         4  mdr32fxqi_rst_clk.o(.text.RST_CLK_CPU_PLLconfig)
    [Anonymous Symbol]                       0x00000e50   Section        0  mdr32fxqi_rst_clk.o(.text.RST_CLK_CPU_PLLstatus)
    [Anonymous Symbol]                       0x00000eb4   Section        0  mdr32fxqi_rst_clk.o(.text.RST_CLK_CPU_PLLuse)
    [Anonymous Symbol]                       0x00000eec   Section        0  mdr32fxqi_rst_clk.o(.text.RST_CLK_CPUclkPrescaler)
    [Anonymous Symbol]                       0x00000f14   Section        0  mdr32fxqi_rst_clk.o(.text.RST_CLK_CPUclkSelection)
    [Anonymous Symbol]                       0x00000f3c   Section        0  mdr32fxqi_rst_clk.o(.text.RST_CLK_DeInit)
    [Anonymous Symbol]                       0x00000f60   Section        0  mdr32fxqi_rst_clk.o(.text.RST_CLK_GetClocksFreq)
    __arm_cp.36_0                            0x000011b4   Number         4  mdr32fxqi_rst_clk.o(.text.RST_CLK_GetClocksFreq)
    __arm_cp.36_1                            0x000011b8   Number         4  mdr32fxqi_rst_clk.o(.text.RST_CLK_GetClocksFreq)
    __arm_cp.36_2                            0x000011bc   Number         4  mdr32fxqi_rst_clk.o(.text.RST_CLK_GetClocksFreq)
    __arm_cp.36_3                            0x000011c0   Number         4  mdr32fxqi_rst_clk.o(.text.RST_CLK_GetClocksFreq)
    [Anonymous Symbol]                       0x000011c4   Section        0  mdr32fxqi_rst_clk.o(.text.RST_CLK_GetFlagStatus)
    __arm_cp.8_1                             0x00001214   Number         4  mdr32fxqi_rst_clk.o(.text.RST_CLK_GetFlagStatus)
    [Anonymous Symbol]                       0x00001218   Section        0  mdr32fxqi_rst_clk.o(.text.RST_CLK_HSEconfig)
    [Anonymous Symbol]                       0x0000125c   Section        0  mdr32fxqi_rst_clk.o(.text.RST_CLK_HSEstatus)
    [Anonymous Symbol]                       0x000012c0   Section        0  mdr32fxqi_rst_clk.o(.text.RST_CLK_HSIcmd)
    __arm_cp.3_0                             0x000012fc   Number         4  mdr32fxqi_rst_clk.o(.text.RST_CLK_HSIcmd)
    [Anonymous Symbol]                       0x00001300   Section        0  mdr32fxqi_rst_clk.o(.text.RST_CLK_HSIstatus)
    [Anonymous Symbol]                       0x00001364   Section        0  mdr32fxqi_rst_clk.o(.text.RST_CLK_PCLKcmd)
    [Anonymous Symbol]                       0x00001390   Section        0  mdr32fxqi_rst_clk.o(.text.RST_CLK_WarmDeInit)
    __arm_cp.1_1                             0x000013f4   Number         4  mdr32fxqi_rst_clk.o(.text.RST_CLK_WarmDeInit)
    __arm_cp.1_3                             0x000013f8   Number         4  mdr32fxqi_rst_clk.o(.text.RST_CLK_WarmDeInit)
    __arm_cp.1_4                             0x000013fc   Number         4  mdr32fxqi_rst_clk.o(.text.RST_CLK_WarmDeInit)
    __arm_cp.1_5                             0x00001400   Number         4  mdr32fxqi_rst_clk.o(.text.RST_CLK_WarmDeInit)
    __arm_cp.1_7                             0x00001404   Number         4  mdr32fxqi_rst_clk.o(.text.RST_CLK_WarmDeInit)
    [Anonymous Symbol]                       0x00001408   Section        0  system_mdr32f1qi.o(.text.SystemCoreClockUpdate)
    __arm_cp.0_1                             0x000014b8   Number         4  system_mdr32f1qi.o(.text.SystemCoreClockUpdate)
    __arm_cp.0_3                             0x000014bc   Number         4  system_mdr32f1qi.o(.text.SystemCoreClockUpdate)
    __arm_cp.0_4                             0x000014c0   Number         4  system_mdr32f1qi.o(.text.SystemCoreClockUpdate)
    [Anonymous Symbol]                       0x000014c4   Section        0  system_mdr32f1qi.o(.text.SystemInit)
    __arm_cp.1_0                             0x00001500   Number         4  system_mdr32f1qi.o(.text.SystemInit)
    __arm_cp.1_1                             0x00001504   Number         4  system_mdr32f1qi.o(.text.SystemInit)
    __arm_cp.1_2                             0x00001508   Number         4  system_mdr32f1qi.o(.text.SystemInit)
    __arm_cp.1_3                             0x0000150c   Number         4  system_mdr32f1qi.o(.text.SystemInit)
    __arm_cp.1_4                             0x00001510   Number         4  system_mdr32f1qi.o(.text.SystemInit)
    __arm_cp.1_5                             0x00001514   Number         4  system_mdr32f1qi.o(.text.SystemInit)
    __arm_cp.1_6                             0x00001518   Number         4  system_mdr32f1qi.o(.text.SystemInit)
    __arm_cp.1_7                             0x0000151c   Number         4  system_mdr32f1qi.o(.text.SystemInit)
    __arm_cp.1_10                            0x00001520   Number         4  system_mdr32f1qi.o(.text.SystemInit)
    __arm_cp.1_11                            0x00001524   Number         4  system_mdr32f1qi.o(.text.SystemInit)
    [Anonymous Symbol]                       0x00001528   Section        0  timer.o(.text.TIMER1_init)
    __arm_cp.0_0                             0x00001564   Number         4  timer.o(.text.TIMER1_init)
    __arm_cp.0_1                             0x00001568   Number         4  timer.o(.text.TIMER1_init)
    __arm_cp.0_2                             0x0000156c   Number         4  timer.o(.text.TIMER1_init)
    [Anonymous Symbol]                       0x00001570   Section        0  timer.o(.text.TIMER2_init)
    __arm_cp.1_0                             0x000015ac   Number         4  timer.o(.text.TIMER2_init)
    __arm_cp.1_1                             0x000015b0   Number         4  timer.o(.text.TIMER2_init)
    [Anonymous Symbol]                       0x000015b4   Section        0  mdr32fxqi_timer.o(.text.TIMER_BRGInit)
    __arm_cp.57_0                            0x000016a8   Number         4  mdr32fxqi_timer.o(.text.TIMER_BRGInit)
    __arm_cp.57_1                            0x000016ac   Number         4  mdr32fxqi_timer.o(.text.TIMER_BRGInit)
    __arm_cp.57_2                            0x000016b0   Number         4  mdr32fxqi_timer.o(.text.TIMER_BRGInit)
    __arm_cp.57_3                            0x000016b4   Number         4  mdr32fxqi_timer.o(.text.TIMER_BRGInit)
    __arm_cp.57_4                            0x000016b8   Number         4  mdr32fxqi_timer.o(.text.TIMER_BRGInit)
    __arm_cp.57_5                            0x000016bc   Number         4  mdr32fxqi_timer.o(.text.TIMER_BRGInit)
    [Anonymous Symbol]                       0x000016c0   Section        0  mdr32fxqi_timer.o(.text.TIMER_Cmd)
    [Anonymous Symbol]                       0x000016f4   Section        0  mdr32fxqi_timer.o(.text.TIMER_CntInit)
    [Anonymous Symbol]                       0x0000174c   Section        0  mdr32fxqi_timer.o(.text.TIMER_CntStructInit)
    [Anonymous Symbol]                       0x00001786   Section        0  mdr32fxqi_timer.o(.text.TIMER_GetCounter)
    [Anonymous Symbol]                       0x00001792   Section        0  mdr32fxqi_timer.o(.text.TIMER_SetCounter)
    [Anonymous Symbol]                       0x000017a4   Section        0  uart.o(.text.UART1_IRQHandler)
    __arm_cp.0_0                             0x000017e4   Number         4  uart.o(.text.UART1_IRQHandler)
    [Anonymous Symbol]                       0x000017e8   Section        0  uart.o(.text.UART2_IRQHandler)
    __arm_cp.1_0                             0x00001828   Number         4  uart.o(.text.UART2_IRQHandler)
    [Anonymous Symbol]                       0x0000182c   Section        0  mdr32fxqi_uart.o(.text.UART_BRGInit)
    __arm_cp.16_0                            0x0000189c   Number         4  mdr32fxqi_uart.o(.text.UART_BRGInit)
    [Anonymous Symbol]                       0x000018a0   Section        0  mdr32fxqi_uart.o(.text.UART_ClearITPendingBit)
    [Anonymous Symbol]                       0x000018b4   Section        0  mdr32fxqi_uart.o(.text.UART_Cmd)
    __arm_cp.3_0                             0x000018e0   Number         4  mdr32fxqi_uart.o(.text.UART_Cmd)
    [Anonymous Symbol]                       0x000018e4   Section        0  mdr32fxqi_uart.o(.text.UART_DMACmd)
    [Anonymous Symbol]                       0x00001914   Section        0  mdr32fxqi_uart.o(.text.UART_GetFlagStatus)
    [Anonymous Symbol]                       0x00001946   Section        0  mdr32fxqi_uart.o(.text.UART_ITConfig)
    [Anonymous Symbol]                       0x00001974   Section        0  mdr32fxqi_uart.o(.text.UART_Init)
    __arm_cp.1_0                             0x00001a78   Number         4  mdr32fxqi_uart.o(.text.UART_Init)
    __arm_cp.1_1                             0x00001a7c   Number         4  mdr32fxqi_uart.o(.text.UART_Init)
    __arm_cp.1_2                             0x00001a80   Number         4  mdr32fxqi_uart.o(.text.UART_Init)
    __arm_cp.1_3                             0x00001a84   Number         4  mdr32fxqi_uart.o(.text.UART_Init)
    [Anonymous Symbol]                       0x00001a88   Section        0  mdr32fxqi_uart.o(.text.UART_ReceiveData)
    [Anonymous Symbol]                       0x00001a96   Section        0  mdr32fxqi_uart.o(.text.UART_SendData)
    __NVIC_ClearPendingIRQ                   0x00001aa9   Thumb Code    40  mdr32fxqi_dma.o(.text.__NVIC_ClearPendingIRQ)
    [Anonymous Symbol]                       0x00001aa8   Section        0  mdr32fxqi_dma.o(.text.__NVIC_ClearPendingIRQ)
    __arm_cp.1_0                             0x00001ad0   Number         4  mdr32fxqi_dma.o(.text.__NVIC_ClearPendingIRQ)
    __NVIC_EnableIRQ                         0x00001ad5   Thumb Code    40  uart.o(.text.__NVIC_EnableIRQ)
    [Anonymous Symbol]                       0x00001ad4   Section        0  uart.o(.text.__NVIC_EnableIRQ)
    __arm_cp.3_0                             0x00001afc   Number         4  uart.o(.text.__NVIC_EnableIRQ)
    [Anonymous Symbol]                       0x00001b00   Section        0  rs422_protocol.o(.text.crc32)
    [Anonymous Symbol]                       0x00001b5c   Section        0  ebc.o(.text.ebc_config)
    [Anonymous Symbol]                       0x00001b9c   Section        0  ebc.o(.text.ebc_ports_config)
    __arm_cp.0_0                             0x00001c94   Number         4  ebc.o(.text.ebc_ports_config)
    __arm_cp.0_1                             0x00001c98   Number         4  ebc.o(.text.ebc_ports_config)
    __arm_cp.0_2                             0x00001c9c   Number         4  ebc.o(.text.ebc_ports_config)
    __arm_cp.0_3                             0x00001ca0   Number         4  ebc.o(.text.ebc_ports_config)
    __arm_cp.0_4                             0x00001ca4   Number         4  ebc.o(.text.ebc_ports_config)
    __arm_cp.0_5                             0x00001ca8   Number         4  ebc.o(.text.ebc_ports_config)
    __arm_cp.0_6                             0x00001cac   Number         4  ebc.o(.text.ebc_ports_config)
    __arm_cp.0_7                             0x00001cb0   Number         4  ebc.o(.text.ebc_ports_config)
    [Anonymous Symbol]                       0x00001cb4   Section        0  rs422_protocol.o(.text.fill_crc32_table)
    __arm_cp.6_0                             0x00001d30   Number         4  rs422_protocol.o(.text.fill_crc32_table)
    __arm_cp.6_1                             0x00001d34   Number         4  rs422_protocol.o(.text.fill_crc32_table)
    __arm_cp.6_2                             0x00001d38   Number         4  rs422_protocol.o(.text.fill_crc32_table)
    [Anonymous Symbol]                       0x00001d3c   Section        0  external_ram.o(.text.init_external_ram_space)
    __arm_cp.0_17                            0x00002054   Number         4  external_ram.o(.text.init_external_ram_space)
    __arm_cp.0_18                            0x00002058   Number         4  external_ram.o(.text.init_external_ram_space)
    __arm_cp.0_3                             0x00002190   Number         4  external_ram.o(.text.init_external_ram_space)
    __arm_cp.0_4                             0x00002194   Number         4  external_ram.o(.text.init_external_ram_space)
    __arm_cp.0_5                             0x00002198   Number         4  external_ram.o(.text.init_external_ram_space)
    __arm_cp.0_6                             0x0000219c   Number         4  external_ram.o(.text.init_external_ram_space)
    __arm_cp.0_7                             0x000021a0   Number         4  external_ram.o(.text.init_external_ram_space)
    __arm_cp.0_8                             0x000021a4   Number         4  external_ram.o(.text.init_external_ram_space)
    __arm_cp.0_9                             0x000021a8   Number         4  external_ram.o(.text.init_external_ram_space)
    __arm_cp.0_10                            0x000021ac   Number         4  external_ram.o(.text.init_external_ram_space)
    __arm_cp.0_11                            0x000021b0   Number         4  external_ram.o(.text.init_external_ram_space)
    __arm_cp.0_12                            0x000021b4   Number         4  external_ram.o(.text.init_external_ram_space)
    __arm_cp.0_13                            0x000021b8   Number         4  external_ram.o(.text.init_external_ram_space)
    __arm_cp.0_14                            0x000021bc   Number         4  external_ram.o(.text.init_external_ram_space)
    __arm_cp.0_15                            0x000021c0   Number         4  external_ram.o(.text.init_external_ram_space)
    [Anonymous Symbol]                       0x000021c4   Section        0  main.o(.text.main)
    __arm_cp.0_0                             0x00002298   Number         4  main.o(.text.main)
    __arm_cp.0_1                             0x0000229c   Number         4  main.o(.text.main)
    __arm_cp.0_2                             0x000022a0   Number         4  main.o(.text.main)
    __arm_cp.0_3                             0x000022a4   Number         4  main.o(.text.main)
    __arm_cp.0_4                             0x000022a8   Number         4  main.o(.text.main)
    __arm_cp.0_5                             0x000022ac   Number         4  main.o(.text.main)
    [Anonymous Symbol]                       0x000022b0   Section        0  rs422_protocol.o(.text.protocol_do_cmds)
    __arm_cp.5_24                            0x00002320   Number         4  rs422_protocol.o(.text.protocol_do_cmds)
    __arm_cp.5_28                            0x000026fc   Number         4  rs422_protocol.o(.text.protocol_do_cmds)
    __arm_cp.5_32                            0x0000270c   Number         4  rs422_protocol.o(.text.protocol_do_cmds)
    __arm_cp.5_0                             0x00002adc   Number         4  rs422_protocol.o(.text.protocol_do_cmds)
    __arm_cp.5_1                             0x00002ae0   Number         4  rs422_protocol.o(.text.protocol_do_cmds)
    __arm_cp.5_2                             0x00002ae4   Number         4  rs422_protocol.o(.text.protocol_do_cmds)
    __arm_cp.5_3                             0x00002ae8   Number         4  rs422_protocol.o(.text.protocol_do_cmds)
    __arm_cp.5_4                             0x00002aec   Number         4  rs422_protocol.o(.text.protocol_do_cmds)
    __arm_cp.5_5                             0x00002af0   Number         4  rs422_protocol.o(.text.protocol_do_cmds)
    __arm_cp.5_6                             0x00002af4   Number         4  rs422_protocol.o(.text.protocol_do_cmds)
    __arm_cp.5_7                             0x00002af8   Number         4  rs422_protocol.o(.text.protocol_do_cmds)
    __arm_cp.5_9                             0x00002afc   Number         4  rs422_protocol.o(.text.protocol_do_cmds)
    __arm_cp.5_10                            0x00002b00   Number         4  rs422_protocol.o(.text.protocol_do_cmds)
    __arm_cp.5_11                            0x00002b04   Number         4  rs422_protocol.o(.text.protocol_do_cmds)
    __arm_cp.5_12                            0x00002b08   Number         4  rs422_protocol.o(.text.protocol_do_cmds)
    __arm_cp.5_14                            0x00002b0c   Number         4  rs422_protocol.o(.text.protocol_do_cmds)
    __arm_cp.5_15                            0x00002b10   Number         4  rs422_protocol.o(.text.protocol_do_cmds)
    __arm_cp.5_16                            0x00002b14   Number         4  rs422_protocol.o(.text.protocol_do_cmds)
    __arm_cp.5_17                            0x00002b18   Number         4  rs422_protocol.o(.text.protocol_do_cmds)
    __arm_cp.5_18                            0x00002b1c   Number         4  rs422_protocol.o(.text.protocol_do_cmds)
    [Anonymous Symbol]                       0x00002b20   Section        0  rs422_protocol.o(.text.protocol_error_handler)
    __arm_cp.4_0                             0x00002c6c   Number         4  rs422_protocol.o(.text.protocol_error_handler)
    __arm_cp.4_1                             0x00002c70   Number         4  rs422_protocol.o(.text.protocol_error_handler)
    __arm_cp.4_2                             0x00002c74   Number         4  rs422_protocol.o(.text.protocol_error_handler)
    __arm_cp.4_3                             0x00002c78   Number         4  rs422_protocol.o(.text.protocol_error_handler)
    [Anonymous Symbol]                       0x00002c7c   Section        0  rs422_protocol.o(.text.receive_packet)
    __arm_cp.2_0                             0x00002fe8   Number         4  rs422_protocol.o(.text.receive_packet)
    __arm_cp.2_1                             0x00002fec   Number         4  rs422_protocol.o(.text.receive_packet)
    __arm_cp.2_2                             0x00002ff0   Number         4  rs422_protocol.o(.text.receive_packet)
    __arm_cp.2_3                             0x00002ff4   Number         4  rs422_protocol.o(.text.receive_packet)
    __arm_cp.2_4                             0x00002ff8   Number         4  rs422_protocol.o(.text.receive_packet)
    __arm_cp.2_5                             0x00002ffc   Number         4  rs422_protocol.o(.text.receive_packet)
    __arm_cp.2_6                             0x00003000   Number         4  rs422_protocol.o(.text.receive_packet)
    __arm_cp.2_7                             0x00003004   Number         4  rs422_protocol.o(.text.receive_packet)
    __arm_cp.2_8                             0x00003008   Number         4  rs422_protocol.o(.text.receive_packet)
    __arm_cp.2_9                             0x0000300c   Number         4  rs422_protocol.o(.text.receive_packet)
    __arm_cp.2_10                            0x00003010   Number         4  rs422_protocol.o(.text.receive_packet)
    __arm_cp.2_11                            0x00003014   Number         4  rs422_protocol.o(.text.receive_packet)
    __arm_cp.2_12                            0x00003018   Number         4  rs422_protocol.o(.text.receive_packet)
    [Anonymous Symbol]                       0x0000301c   Section        0  main.o(.text.request_data)
    __arm_cp.1_0                             0x000030a4   Number         4  main.o(.text.request_data)
    __arm_cp.1_1                             0x000030a8   Number         4  main.o(.text.request_data)
    [Anonymous Symbol]                       0x000030ac   Section        0  rs422_protocol.o(.text.transmit_packet)
    __arm_cp.0_0                             0x000031f0   Number         4  rs422_protocol.o(.text.transmit_packet)
    __arm_cp.0_1                             0x000031f4   Number         4  rs422_protocol.o(.text.transmit_packet)
    __arm_cp.0_2                             0x000031f8   Number         4  rs422_protocol.o(.text.transmit_packet)
    __arm_cp.0_3                             0x000031fc   Number         4  rs422_protocol.o(.text.transmit_packet)
    __arm_cp.0_4                             0x00003200   Number         4  rs422_protocol.o(.text.transmit_packet)
    __arm_cp.0_5                             0x00003204   Number         4  rs422_protocol.o(.text.transmit_packet)
    [Anonymous Symbol]                       0x00003208   Section        0  rs422_protocol.o(.text.uart_error_handler)
    __arm_cp.3_0                             0x000032d8   Number         4  rs422_protocol.o(.text.uart_error_handler)
    __arm_cp.3_1                             0x000032dc   Number         4  rs422_protocol.o(.text.uart_error_handler)
    [Anonymous Symbol]                       0x000032e0   Section        0  uart.o(.text.uart_init)
    [Anonymous Symbol]                       0x0000338c   Section        0  uart.o(.text.uart_read)
    [Anonymous Symbol]                       0x0000356c   Section        0  uart.o(.text.uart_set_read_timeout)
    [Anonymous Symbol]                       0x00003582   Section        0  uart.o(.text.uart_set_write_timeout)
    [Anonymous Symbol]                       0x00003598   Section        0  uart.o(.text.uart_write)
    __arm_cp.4_0                             0x00003664   Number         4  uart.o(.text.uart_write)
    __arm_cp.4_1                             0x00003668   Number         4  uart.o(.text.uart_write)
    [Anonymous Symbol]                       0x0000366c   Section        0  external_ram.o(.rodata.str1.1)
    .bss                                     0x20000008   Section       96  libspace.o(.bss)
    Heap_Mem                                 0x20000198   Data        4096  startup_mdr32f1qi.o(HEAP)
    HEAP                                     0x20000198   Section     4096  startup_mdr32f1qi.o(HEAP)
    Stack_Mem                                0x20001198   Data        4096  startup_mdr32f1qi.o(STACK)
    STACK                                    0x20001198   Section     4096  startup_mdr32f1qi.o(STACK)
    __initial_sp                             0x20002198   Data           0  startup_mdr32f1qi.o(STACK)

    Global Symbols

    Symbol Name                              Value     Ov Type        Size  Object(Section)

    BuildAttributes$$THM_ISAv3M$S$PE$A:L22$X:L11$S22$IEEE1$IW$~IW$USESV6$~STKCKD$USESV7$~SHL$OSPACE$ROPI$EBA8$UX$STANDARDLIB$REQ8$PRES8$EABIv2 0x00000000   Number         0  anon$$obj.o ABSOLUTE
    __Vectors                                0x00000000   Data           4  startup_mdr32f1qi.o(RESET)
    __ARM_exceptions_init                     - Undefined Weak Reference
    __alloca_initialize                       - Undefined Weak Reference
    __arm_preinit_                            - Undefined Weak Reference
    __arm_relocate_pie_                       - Undefined Weak Reference
    __cpp_initialize__aeabi_                  - Undefined Weak Reference
    __cxa_finalize                            - Undefined Weak Reference
    __rt_locale                               - Undefined Weak Reference
    __sigvec_lookup                           - Undefined Weak Reference
    _atexit_init                              - Undefined Weak Reference
    _call_atexit_fns                          - Undefined Weak Reference
    _clock_init                               - Undefined Weak Reference
    _fp_trap_init                             - Undefined Weak Reference
    _fp_trap_shutdown                         - Undefined Weak Reference
    _get_lc_collate                           - Undefined Weak Reference
    _get_lc_ctype                             - Undefined Weak Reference
    _get_lc_monetary                          - Undefined Weak Reference
    _get_lc_numeric                           - Undefined Weak Reference
    _get_lc_time                              - Undefined Weak Reference
    _getenv_init                              - Undefined Weak Reference
    _handle_redirection                       - Undefined Weak Reference
    _init_alloc                               - Undefined Weak Reference
    _init_user_alloc                          - Undefined Weak Reference
    _initio                                   - Undefined Weak Reference
    _rand_init                                - Undefined Weak Reference
    _signal_finish                            - Undefined Weak Reference
    _signal_init                              - Undefined Weak Reference
    _terminate_alloc                          - Undefined Weak Reference
    _terminate_user_alloc                     - Undefined Weak Reference
    _terminateio                              - Undefined Weak Reference
    __main                                   0x000000c1   Thumb Code     8  __main.o(!!!main)
    __scatterload                            0x000000c9   Thumb Code     0  __scatter.o(!!!scatter)
    __scatterload_rt2                        0x000000c9   Thumb Code    52  __scatter.o(!!!scatter)
    __scatterload_rt2_thumb_only             0x000000c9   Thumb Code     0  __scatter.o(!!!scatter)
    __scatterload_null                       0x000000d9   Thumb Code     0  __scatter.o(!!!scatter)
    __scatterload_copy                       0x00000105   Thumb Code    26  __scatter_copy.o(!!handler_copy)
    __scatterload_zeroinit                   0x00000121   Thumb Code    28  __scatter_zi.o(!!handler_zi)
    __rt_lib_init                            0x0000013d   Thumb Code     0  libinit.o(.ARM.Collect$$libinit$$00000000)
    __rt_lib_init_alloca_1                   0x0000013f   Thumb Code     0  libinit2.o(.ARM.Collect$$libinit$$00000030)
    __rt_lib_init_argv_1                     0x0000013f   Thumb Code     0  libinit2.o(.ARM.Collect$$libinit$$0000002E)
    __rt_lib_init_atexit_1                   0x0000013f   Thumb Code     0  libinit2.o(.ARM.Collect$$libinit$$0000001D)
    __rt_lib_init_clock_1                    0x0000013f   Thumb Code     0  libinit2.o(.ARM.Collect$$libinit$$00000023)
    __rt_lib_init_cpp_1                      0x0000013f   Thumb Code     0  libinit2.o(.ARM.Collect$$libinit$$00000034)
    __rt_lib_init_exceptions_1               0x0000013f   Thumb Code     0  libinit2.o(.ARM.Collect$$libinit$$00000032)
    __rt_lib_init_fp_1                       0x0000013f   Thumb Code     0  libinit2.o(.ARM.Collect$$libinit$$00000002)
    __rt_lib_init_fp_trap_1                  0x0000013f   Thumb Code     0  libinit2.o(.ARM.Collect$$libinit$$00000021)
    __rt_lib_init_getenv_1                   0x0000013f   Thumb Code     0  libinit2.o(.ARM.Collect$$libinit$$00000025)
    __rt_lib_init_heap_1                     0x0000013f   Thumb Code     0  libinit2.o(.ARM.Collect$$libinit$$0000000C)
    __rt_lib_init_lc_collate_1               0x0000013f   Thumb Code     0  libinit2.o(.ARM.Collect$$libinit$$00000013)
    __rt_lib_init_lc_ctype_1                 0x0000013f   Thumb Code     0  libinit2.o(.ARM.Collect$$libinit$$00000015)
    __rt_lib_init_lc_monetary_1              0x0000013f   Thumb Code     0  libinit2.o(.ARM.Collect$$libinit$$00000017)
    __rt_lib_init_lc_numeric_1               0x0000013f   Thumb Code     0  libinit2.o(.ARM.Collect$$libinit$$00000019)
    __rt_lib_init_lc_time_1                  0x0000013f   Thumb Code     0  libinit2.o(.ARM.Collect$$libinit$$0000001B)
    __rt_lib_init_preinit_1                  0x0000013f   Thumb Code     0  libinit2.o(.ARM.Collect$$libinit$$00000006)
    __rt_lib_init_rand_1                     0x0000013f   Thumb Code     0  libinit2.o(.ARM.Collect$$libinit$$00000010)
    __rt_lib_init_relocate_pie_1             0x0000013f   Thumb Code     0  libinit2.o(.ARM.Collect$$libinit$$00000004)
    __rt_lib_init_return                     0x0000013f   Thumb Code     0  libinit2.o(.ARM.Collect$$libinit$$00000035)
    __rt_lib_init_signal_1                   0x0000013f   Thumb Code     0  libinit2.o(.ARM.Collect$$libinit$$0000001F)
    __rt_lib_init_stdio_1                    0x0000013f   Thumb Code     0  libinit2.o(.ARM.Collect$$libinit$$00000027)
    __rt_lib_init_user_alloc_1               0x0000013f   Thumb Code     0  libinit2.o(.ARM.Collect$$libinit$$0000000E)
    __rt_lib_shutdown                        0x00000141   Thumb Code     0  libshutdown.o(.ARM.Collect$$libshutdown$$00000000)
    __rt_lib_shutdown_cpp_1                  0x00000143   Thumb Code     0  libshutdown2.o(.ARM.Collect$$libshutdown$$00000002)
    __rt_lib_shutdown_fp_trap_1              0x00000143   Thumb Code     0  libshutdown2.o(.ARM.Collect$$libshutdown$$00000007)
    __rt_lib_shutdown_heap_1                 0x00000143   Thumb Code     0  libshutdown2.o(.ARM.Collect$$libshutdown$$0000000F)
    __rt_lib_shutdown_return                 0x00000143   Thumb Code     0  libshutdown2.o(.ARM.Collect$$libshutdown$$00000010)
    __rt_lib_shutdown_signal_1               0x00000143   Thumb Code     0  libshutdown2.o(.ARM.Collect$$libshutdown$$0000000A)
    __rt_lib_shutdown_stdio_1                0x00000143   Thumb Code     0  libshutdown2.o(.ARM.Collect$$libshutdown$$00000004)
    __rt_lib_shutdown_user_alloc_1           0x00000143   Thumb Code     0  libshutdown2.o(.ARM.Collect$$libshutdown$$0000000C)
    __rt_entry                               0x00000145   Thumb Code     0  __rtentry.o(.ARM.Collect$$rtentry$$00000000)
    __rt_entry_presh_1                       0x00000145   Thumb Code     0  __rtentry2.o(.ARM.Collect$$rtentry$$00000002)
    __rt_entry_sh                            0x00000145   Thumb Code     0  __rtentry4.o(.ARM.Collect$$rtentry$$00000004)
    __rt_entry_li                            0x0000014b   Thumb Code     0  __rtentry2.o(.ARM.Collect$$rtentry$$0000000A)
    __rt_entry_postsh_1                      0x0000014b   Thumb Code     0  __rtentry2.o(.ARM.Collect$$rtentry$$00000009)
    __rt_entry_main                          0x0000014f   Thumb Code     0  __rtentry2.o(.ARM.Collect$$rtentry$$0000000D)
    __rt_entry_postli_1                      0x0000014f   Thumb Code     0  __rtentry2.o(.ARM.Collect$$rtentry$$0000000C)
    __rt_exit                                0x00000157   Thumb Code     0  rtexit.o(.ARM.Collect$$rtexit$$00000000)
    __rt_exit_ls                             0x00000159   Thumb Code     0  rtexit2.o(.ARM.Collect$$rtexit$$00000003)
    __rt_exit_prels_1                        0x00000159   Thumb Code     0  rtexit2.o(.ARM.Collect$$rtexit$$00000002)
    __rt_exit_exit                           0x0000015d   Thumb Code     0  rtexit2.o(.ARM.Collect$$rtexit$$00000004)
    __aeabi_memcpy4                          0x00000165   Thumb Code    56  rt_memcpy.o(.emb_text)
    __aeabi_memcpy8                          0x00000165   Thumb Code     0  rt_memcpy.o(.emb_text)
    Reset_Handler                            0x0000019d   Thumb Code     8  startup_mdr32f1qi.o(.text)
    NMI_Handler                              0x000001a5   Thumb Code     2  startup_mdr32f1qi.o(.text)
    HardFault_Handler                        0x000001a7   Thumb Code     2  startup_mdr32f1qi.o(.text)
    SVC_Handler                              0x000001a9   Thumb Code     2  startup_mdr32f1qi.o(.text)
    PendSV_Handler                           0x000001ab   Thumb Code     2  startup_mdr32f1qi.o(.text)
    SysTick_Handler                          0x000001ad   Thumb Code     2  startup_mdr32f1qi.o(.text)
    MIL_STD_1553B2_IRQHandler                0x000001af   Thumb Code     2  startup_mdr32f1qi.o(.text)
    MIL_STD_1553B1_IRQHandler                0x000001b1   Thumb Code     2  startup_mdr32f1qi.o(.text)
    USB_IRQHandler                           0x000001b3   Thumb Code     2  startup_mdr32f1qi.o(.text)
    CAN1_IRQHandler                          0x000001b5   Thumb Code     2  startup_mdr32f1qi.o(.text)
    CAN2_IRQHandler                          0x000001b7   Thumb Code     2  startup_mdr32f1qi.o(.text)
    SSP1_IRQHandler                          0x000001bf   Thumb Code     2  startup_mdr32f1qi.o(.text)
    BUSY_IRQHandler                          0x000001c1   Thumb Code     2  startup_mdr32f1qi.o(.text)
    ARINC429R_IRQHandler                     0x000001c3   Thumb Code     2  startup_mdr32f1qi.o(.text)
    POWER_IRQHandler                         0x000001c5   Thumb Code     2  startup_mdr32f1qi.o(.text)
    WWDG_IRQHandler                          0x000001c7   Thumb Code     2  startup_mdr32f1qi.o(.text)
    TIMER4_IRQHandler                        0x000001c9   Thumb Code     2  startup_mdr32f1qi.o(.text)
    TIMER1_IRQHandler                        0x000001cb   Thumb Code     2  startup_mdr32f1qi.o(.text)
    TIMER2_IRQHandler                        0x000001cd   Thumb Code     2  startup_mdr32f1qi.o(.text)
    TIMER3_IRQHandler                        0x000001cf   Thumb Code     2  startup_mdr32f1qi.o(.text)
    ADC_IRQHandler                           0x000001d1   Thumb Code     2  startup_mdr32f1qi.o(.text)
    ETHERNET_IRQHandler                      0x000001d3   Thumb Code     2  startup_mdr32f1qi.o(.text)
    SSP3_IRQHandler                          0x000001d5   Thumb Code     2  startup_mdr32f1qi.o(.text)
    SSP2_IRQHandler                          0x000001d7   Thumb Code     2  startup_mdr32f1qi.o(.text)
    ARINC429T1_IRQHandler                    0x000001d9   Thumb Code     2  startup_mdr32f1qi.o(.text)
    ARINC429T2_IRQHandler                    0x000001db   Thumb Code     2  startup_mdr32f1qi.o(.text)
    ARINC429T3_IRQHandler                    0x000001dd   Thumb Code     2  startup_mdr32f1qi.o(.text)
    ARINC429T4_IRQHandler                    0x000001df   Thumb Code     2  startup_mdr32f1qi.o(.text)
    BKP_IRQHandler                           0x000001e1   Thumb Code     2  startup_mdr32f1qi.o(.text)
    EXT_INT1_IRQHandler                      0x000001e3   Thumb Code     2  startup_mdr32f1qi.o(.text)
    EXT_INT2_IRQHandler                      0x000001e5   Thumb Code     2  startup_mdr32f1qi.o(.text)
    EXT_INT3_IRQHandler                      0x000001e7   Thumb Code     2  startup_mdr32f1qi.o(.text)
    EXT_INT4_IRQHandler                      0x000001e9   Thumb Code     2  startup_mdr32f1qi.o(.text)
    __user_initial_stackheap                 0x000001ed   Thumb Code     0  startup_mdr32f1qi.o(.text)
    __aeabi_memcpy                           0x00000211   Thumb Code   130  rt_memcpy.o(.text)
    __rt_memcpy                              0x00000211   Thumb Code     0  rt_memcpy.o(.text)
    _memset_w                                0x00000293   Thumb Code    26  rt_memclr.o(.text)
    _memset                                  0x000002ad   Thumb Code    30  rt_memclr.o(.text)
    __aeabi_memclr                           0x000002cb   Thumb Code     4  rt_memclr.o(.text)
    __rt_memclr                              0x000002cb   Thumb Code     0  rt_memclr.o(.text)
    __aeabi_memclr4                          0x000002cf   Thumb Code     0  rt_memclr.o(.text)
    __aeabi_memclr8                          0x000002cf   Thumb Code     0  rt_memclr.o(.text)
    __rt_memclr_w                            0x000002cf   Thumb Code     4  rt_memclr.o(.text)
    strncpy                                  0x000002d5   Thumb Code   104  strncpy.o(.text)
    __aeabi_uidiv                            0x00000341   Thumb Code     0  aeabi_sdiv.o(.text)
    __aeabi_uidivmod                         0x00000341   Thumb Code    20  aeabi_sdiv.o(.text)
    __aeabi_idiv                             0x00000355   Thumb Code     0  aeabi_sdiv.o(.text)
    __aeabi_idivmod                          0x00000355   Thumb Code   338  aeabi_sdiv.o(.text)
    __use_two_region_memory                  0x000004ad   Thumb Code     2  heapauxi.o(.text)
    __rt_heap_escrow$2region                 0x000004af   Thumb Code     2  heapauxi.o(.text)
    __rt_heap_expand$2region                 0x000004b1   Thumb Code     2  heapauxi.o(.text)
    __user_setup_stackheap                   0x000004b3   Thumb Code    62  sys_stackheap_outer.o(.text)
    exit                                     0x000004f1   Thumb Code    16  exit.o(.text)
    __user_libspace                          0x00000501   Thumb Code     8  libspace.o(.text)
    __user_perproc_libspace                  0x00000501   Thumb Code     0  libspace.o(.text)
    __user_perthread_libspace                0x00000501   Thumb Code     0  libspace.o(.text)
    _sys_exit                                0x00000509   Thumb Code     8  sys_exit.o(.text)
    __I$use$semihosting                      0x00000515   Thumb Code     0  use_no_semi.o(.text)
    __use_no_semihosting_swi                 0x00000515   Thumb Code     2  use_no_semi.o(.text)
    __decompress                             0x00000517   Thumb Code     0  __dczerorl.o(.text)
    __decompress0                            0x00000517   Thumb Code    58  __dczerorl.o(.text)
    __semihosting_library_function           0x00000517   Thumb Code     0  indicate_semi.o(.text)
    CLOCK_Init                               0x00000551   Thumb Code    86  clock.o(.text.CLOCK_Init)
    DMA_Cmd                                  0x000005a9   Thumb Code    52  mdr32fxqi_dma.o(.text.DMA_Cmd)
    DMA_CtrlDataInit                         0x000005dd   Thumb Code   158  mdr32fxqi_dma.o(.text.DMA_CtrlDataInit)
    DMA_DeInit                               0x0000067d   Thumb Code    60  mdr32fxqi_dma.o(.text.DMA_DeInit)
    DMA_GetFlagStatus                        0x000006c1   Thumb Code   232  mdr32fxqi_dma.o(.text.DMA_GetFlagStatus)
    DMA_IRQHandler                           0x000007b9   Thumb Code    48  dma.o(.text.DMA_IRQHandler)
    DMA_Init                                 0x000007f1   Thumb Code   236  mdr32fxqi_dma.o(.text.DMA_Init)
    DMA_StructInit                           0x00000905   Thumb Code    34  mdr32fxqi_dma.o(.text.DMA_StructInit)
    DMA_UART_RX_init                         0x00000929   Thumb Code   172  uart.o(.text.DMA_UART_RX_init)
    DMA_common_init                          0x000009dd   Thumb Code    40  dma.o(.text.DMA_common_init)
    Delay_micro                              0x00000a1d   Thumb Code    36  timer.o(.text.Delay_micro)
    EBC_Init                                 0x00000a45   Thumb Code    88  mdr32fxqi_ebc.o(.text.EBC_Init)
    EBC_MemRegionInit                        0x00000aa5   Thumb Code    60  mdr32fxqi_ebc.o(.text.EBC_MemRegionInit)
    EBC_MemRegionStructInit                  0x00000ae5   Thumb Code    30  mdr32fxqi_ebc.o(.text.EBC_MemRegionStructInit)
    EBC_StructInit                           0x00000b03   Thumb Code    58  mdr32fxqi_ebc.o(.text.EBC_StructInit)
    PORT_Init                                0x00000b3d   Thumb Code   328  mdr32fxqi_port.o(.text.PORT_Init)
    PORT_StructInit                          0x00000c89   Thumb Code    52  mdr32fxqi_port.o(.text.PORT_StructInit)
    PORT_WriteBit                            0x00000cc1   Thumb Code    38  mdr32fxqi_port.o(.text.PORT_WriteBit)
    PortsInit                                0x00000ce9   Thumb Code   184  ports.o(.text.PortsInit)
    RST_CLK_CPU_PLLcmd                       0x00000da9   Thumb Code    52  mdr32fxqi_rst_clk.o(.text.RST_CLK_CPU_PLLcmd)
    RST_CLK_CPU_PLLconfig                    0x00000ddd   Thumb Code   112  mdr32fxqi_rst_clk.o(.text.RST_CLK_CPU_PLLconfig)
    RST_CLK_CPU_PLLstatus                    0x00000e51   Thumb Code   100  mdr32fxqi_rst_clk.o(.text.RST_CLK_CPU_PLLstatus)
    RST_CLK_CPU_PLLuse                       0x00000eb5   Thumb Code    56  mdr32fxqi_rst_clk.o(.text.RST_CLK_CPU_PLLuse)
    RST_CLK_CPUclkPrescaler                  0x00000eed   Thumb Code    40  mdr32fxqi_rst_clk.o(.text.RST_CLK_CPUclkPrescaler)
    RST_CLK_CPUclkSelection                  0x00000f15   Thumb Code    40  mdr32fxqi_rst_clk.o(.text.RST_CLK_CPUclkSelection)
    RST_CLK_DeInit                           0x00000f3d   Thumb Code    36  mdr32fxqi_rst_clk.o(.text.RST_CLK_DeInit)
    RST_CLK_GetClocksFreq                    0x00000f61   Thumb Code   596  mdr32fxqi_rst_clk.o(.text.RST_CLK_GetClocksFreq)
    RST_CLK_GetFlagStatus                    0x000011c5   Thumb Code    80  mdr32fxqi_rst_clk.o(.text.RST_CLK_GetFlagStatus)
    RST_CLK_HSEconfig                        0x00001219   Thumb Code    68  mdr32fxqi_rst_clk.o(.text.RST_CLK_HSEconfig)
    RST_CLK_HSEstatus                        0x0000125d   Thumb Code   100  mdr32fxqi_rst_clk.o(.text.RST_CLK_HSEstatus)
    RST_CLK_HSIcmd                           0x000012c1   Thumb Code    60  mdr32fxqi_rst_clk.o(.text.RST_CLK_HSIcmd)
    RST_CLK_HSIstatus                        0x00001301   Thumb Code   100  mdr32fxqi_rst_clk.o(.text.RST_CLK_HSIstatus)
    RST_CLK_PCLKcmd                          0x00001365   Thumb Code    44  mdr32fxqi_rst_clk.o(.text.RST_CLK_PCLKcmd)
    RST_CLK_WarmDeInit                       0x00001391   Thumb Code   100  mdr32fxqi_rst_clk.o(.text.RST_CLK_WarmDeInit)
    SystemCoreClockUpdate                    0x00001409   Thumb Code   176  system_mdr32f1qi.o(.text.SystemCoreClockUpdate)
    SystemInit                               0x000014c5   Thumb Code    60  system_mdr32f1qi.o(.text.SystemInit)
    TIMER1_init                              0x00001529   Thumb Code    60  timer.o(.text.TIMER1_init)
    TIMER2_init                              0x00001571   Thumb Code    60  timer.o(.text.TIMER2_init)
    TIMER_BRGInit                            0x000015b5   Thumb Code   244  mdr32fxqi_timer.o(.text.TIMER_BRGInit)
    TIMER_Cmd                                0x000016c1   Thumb Code    52  mdr32fxqi_timer.o(.text.TIMER_Cmd)
    TIMER_CntInit                            0x000016f5   Thumb Code    88  mdr32fxqi_timer.o(.text.TIMER_CntInit)
    TIMER_CntStructInit                      0x0000174d   Thumb Code    58  mdr32fxqi_timer.o(.text.TIMER_CntStructInit)
    TIMER_GetCounter                         0x00001787   Thumb Code    12  mdr32fxqi_timer.o(.text.TIMER_GetCounter)
    TIMER_SetCounter                         0x00001793   Thumb Code    16  mdr32fxqi_timer.o(.text.TIMER_SetCounter)
    UART1_IRQHandler                         0x000017a5   Thumb Code    64  uart.o(.text.UART1_IRQHandler)
    UART2_IRQHandler                         0x000017e9   Thumb Code    64  uart.o(.text.UART2_IRQHandler)
    UART_BRGInit                             0x0000182d   Thumb Code   112  mdr32fxqi_uart.o(.text.UART_BRGInit)
    UART_ClearITPendingBit                   0x000018a1   Thumb Code    20  mdr32fxqi_uart.o(.text.UART_ClearITPendingBit)
    UART_Cmd                                 0x000018b5   Thumb Code    44  mdr32fxqi_uart.o(.text.UART_Cmd)
    UART_DMACmd                              0x000018e5   Thumb Code    48  mdr32fxqi_uart.o(.text.UART_DMACmd)
    UART_GetFlagStatus                       0x00001915   Thumb Code    50  mdr32fxqi_uart.o(.text.UART_GetFlagStatus)
    UART_ITConfig                            0x00001947   Thumb Code    46  mdr32fxqi_uart.o(.text.UART_ITConfig)
    UART_Init                                0x00001975   Thumb Code   260  mdr32fxqi_uart.o(.text.UART_Init)
    UART_ReceiveData                         0x00001a89   Thumb Code    14  mdr32fxqi_uart.o(.text.UART_ReceiveData)
    UART_SendData                            0x00001a97   Thumb Code    18  mdr32fxqi_uart.o(.text.UART_SendData)
    crc32                                    0x00001b01   Thumb Code    92  rs422_protocol.o(.text.crc32)
    ebc_config                               0x00001b5d   Thumb Code    64  ebc.o(.text.ebc_config)
    ebc_ports_config                         0x00001b9d   Thumb Code   248  ebc.o(.text.ebc_ports_config)
    fill_crc32_table                         0x00001cb5   Thumb Code   124  rs422_protocol.o(.text.fill_crc32_table)
    init_external_ram_space                  0x00001d3d   Thumb Code  1108  external_ram.o(.text.init_external_ram_space)
    main                                     0x000021c5   Thumb Code   212  main.o(.text.main)
    protocol_do_cmds                         0x000022b1   Thumb Code  2092  rs422_protocol.o(.text.protocol_do_cmds)
    protocol_error_handler                   0x00002b21   Thumb Code   332  rs422_protocol.o(.text.protocol_error_handler)
    receive_packet                           0x00002c7d   Thumb Code   876  rs422_protocol.o(.text.receive_packet)
    request_data                             0x0000301d   Thumb Code   136  main.o(.text.request_data)
    transmit_packet                          0x000030ad   Thumb Code   324  rs422_protocol.o(.text.transmit_packet)
    uart_error_handler                       0x00003209   Thumb Code   208  rs422_protocol.o(.text.uart_error_handler)
    uart_init                                0x000032e1   Thumb Code   170  uart.o(.text.uart_init)
    uart_read                                0x0000338d   Thumb Code   480  uart.o(.text.uart_read)
    uart_set_read_timeout                    0x0000356d   Thumb Code    22  uart.o(.text.uart_set_read_timeout)
    uart_set_write_timeout                   0x00003583   Thumb Code    22  uart.o(.text.uart_set_write_timeout)
    uart_write                               0x00003599   Thumb Code   204  uart.o(.text.uart_write)
    Region$$Table$$Base                      0x00003670   Number         0  anon$$obj.o(Region$$Table)
    Region$$Table$$Limit                     0x000036a0   Number         0  anon$$obj.o(Region$$Table)
    SystemCoreClock                          0x20000000   Data           4  system_mdr32f1qi.o(.data.SystemCoreClock)
    __libspace_start                         0x20000008   Data          96  libspace.o(.bss)
    TIMER1InitStruct                         0x20000068   Data          32  timer.o(.bss.TIMER1InitStruct)
    __temporary_stack_top$libspace           0x20000068   Data           0  libspace.o(.bss)
    TIMER2InitStruct                         0x20000088   Data          32  timer.o(.bss.TIMER2InitStruct)
    UART1                                    0x200000a8   Data         116  uart.o(.bss.UART1)
    UART2                                    0x2000011c   Data         116  uart.o(.bss.UART2)
    ram_space_pointer                        0x20000190   Data           4  main.o(.bss.ram_space_pointer)
    DMA_ControlTable                         0x20100000   Data        1024  mdr32fxqi_dma.o(EXECUTABLE_MEMORY_SECTION)



==============================================================================

Memory Map of the image

  Image Entry point : 0x000000c1

  Load Region LR_IROM1 (Base: 0x00000000, Size: 0x00003c00, Max: 0x00020000, ABSOLUTE, COMPRESSED[0x0000380c])

    Execution Region ER_IROM1 (Exec base: 0x00000000, Load base: 0x00000000, Size: 0x000036a0, Max: 0x00020000, ABSOLUTE)

    Exec Addr    Load Addr    Size         Type   Attr      Idx    E Section Name        Object

    0x00000000   0x00000000   0x000000c0   Data   RO          201    RESET               startup_mdr32f1qi.o
    0x000000c0   0x000000c0   0x00000008   Code   RO          731  * !!!main             c_p.l(__main.o)
    0x000000c8   0x000000c8   0x0000003c   Code   RO          910    !!!scatter          c_p.l(__scatter.o)
    0x00000104   0x00000104   0x0000001a   Code   RO          912    !!handler_copy      c_p.l(__scatter_copy.o)
    0x0000011e   0x0000011e   0x00000002   PAD
    0x00000120   0x00000120   0x0000001c   Code   RO          914    !!handler_zi        c_p.l(__scatter_zi.o)
    0x0000013c   0x0000013c   0x00000002   Code   RO          769    .ARM.Collect$$libinit$$00000000  c_p.l(libinit.o)
    0x0000013e   0x0000013e   0x00000000   Code   RO          783    .ARM.Collect$$libinit$$00000002  c_p.l(libinit2.o)
    0x0000013e   0x0000013e   0x00000000   Code   RO          785    .ARM.Collect$$libinit$$00000004  c_p.l(libinit2.o)
    0x0000013e   0x0000013e   0x00000000   Code   RO          787    .ARM.Collect$$libinit$$00000006  c_p.l(libinit2.o)
    0x0000013e   0x0000013e   0x00000000   Code   RO          790    .ARM.Collect$$libinit$$0000000C  c_p.l(libinit2.o)
    0x0000013e   0x0000013e   0x00000000   Code   RO          792    .ARM.Collect$$libinit$$0000000E  c_p.l(libinit2.o)
    0x0000013e   0x0000013e   0x00000000   Code   RO          794    .ARM.Collect$$libinit$$00000010  c_p.l(libinit2.o)
    0x0000013e   0x0000013e   0x00000000   Code   RO          797    .ARM.Collect$$libinit$$00000013  c_p.l(libinit2.o)
    0x0000013e   0x0000013e   0x00000000   Code   RO          799    .ARM.Collect$$libinit$$00000015  c_p.l(libinit2.o)
    0x0000013e   0x0000013e   0x00000000   Code   RO          801    .ARM.Collect$$libinit$$00000017  c_p.l(libinit2.o)
    0x0000013e   0x0000013e   0x00000000   Code   RO          803    .ARM.Collect$$libinit$$00000019  c_p.l(libinit2.o)
    0x0000013e   0x0000013e   0x00000000   Code   RO          805    .ARM.Collect$$libinit$$0000001B  c_p.l(libinit2.o)
    0x0000013e   0x0000013e   0x00000000   Code   RO          807    .ARM.Collect$$libinit$$0000001D  c_p.l(libinit2.o)
    0x0000013e   0x0000013e   0x00000000   Code   RO          809    .ARM.Collect$$libinit$$0000001F  c_p.l(libinit2.o)
    0x0000013e   0x0000013e   0x00000000   Code   RO          811    .ARM.Collect$$libinit$$00000021  c_p.l(libinit2.o)
    0x0000013e   0x0000013e   0x00000000   Code   RO          813    .ARM.Collect$$libinit$$00000023  c_p.l(libinit2.o)
    0x0000013e   0x0000013e   0x00000000   Code   RO          815    .ARM.Collect$$libinit$$00000025  c_p.l(libinit2.o)
    0x0000013e   0x0000013e   0x00000000   Code   RO          817    .ARM.Collect$$libinit$$00000027  c_p.l(libinit2.o)
    0x0000013e   0x0000013e   0x00000000   Code   RO          821    .ARM.Collect$$libinit$$0000002E  c_p.l(libinit2.o)
    0x0000013e   0x0000013e   0x00000000   Code   RO          823    .ARM.Collect$$libinit$$00000030  c_p.l(libinit2.o)
    0x0000013e   0x0000013e   0x00000000   Code   RO          825    .ARM.Collect$$libinit$$00000032  c_p.l(libinit2.o)
    0x0000013e   0x0000013e   0x00000000   Code   RO          827    .ARM.Collect$$libinit$$00000034  c_p.l(libinit2.o)
    0x0000013e   0x0000013e   0x00000002   Code   RO          828    .ARM.Collect$$libinit$$00000035  c_p.l(libinit2.o)
    0x00000140   0x00000140   0x00000002   Code   RO          863    .ARM.Collect$$libshutdown$$00000000  c_p.l(libshutdown.o)
    0x00000142   0x00000142   0x00000000   Code   RO          891    .ARM.Collect$$libshutdown$$00000002  c_p.l(libshutdown2.o)
    0x00000142   0x00000142   0x00000000   Code   RO          893    .ARM.Collect$$libshutdown$$00000004  c_p.l(libshutdown2.o)
    0x00000142   0x00000142   0x00000000   Code   RO          896    .ARM.Collect$$libshutdown$$00000007  c_p.l(libshutdown2.o)
    0x00000142   0x00000142   0x00000000   Code   RO          899    .ARM.Collect$$libshutdown$$0000000A  c_p.l(libshutdown2.o)
    0x00000142   0x00000142   0x00000000   Code   RO          901    .ARM.Collect$$libshutdown$$0000000C  c_p.l(libshutdown2.o)
    0x00000142   0x00000142   0x00000000   Code   RO          904    .ARM.Collect$$libshutdown$$0000000F  c_p.l(libshutdown2.o)
    0x00000142   0x00000142   0x00000002   Code   RO          905    .ARM.Collect$$libshutdown$$00000010  c_p.l(libshutdown2.o)
    0x00000144   0x00000144   0x00000000   Code   RO          733    .ARM.Collect$$rtentry$$00000000  c_p.l(__rtentry.o)
    0x00000144   0x00000144   0x00000000   Code   RO          739    .ARM.Collect$$rtentry$$00000002  c_p.l(__rtentry2.o)
    0x00000144   0x00000144   0x00000006   Code   RO          751    .ARM.Collect$$rtentry$$00000004  c_p.l(__rtentry4.o)
    0x0000014a   0x0000014a   0x00000000   Code   RO          741    .ARM.Collect$$rtentry$$00000009  c_p.l(__rtentry2.o)
    0x0000014a   0x0000014a   0x00000004   Code   RO          742    .ARM.Collect$$rtentry$$0000000A  c_p.l(__rtentry2.o)
    0x0000014e   0x0000014e   0x00000000   Code   RO          744    .ARM.Collect$$rtentry$$0000000C  c_p.l(__rtentry2.o)
    0x0000014e   0x0000014e   0x00000008   Code   RO          745    .ARM.Collect$$rtentry$$0000000D  c_p.l(__rtentry2.o)
    0x00000156   0x00000156   0x00000002   Code   RO          774    .ARM.Collect$$rtexit$$00000000  c_p.l(rtexit.o)
    0x00000158   0x00000158   0x00000000   Code   RO          834    .ARM.Collect$$rtexit$$00000002  c_p.l(rtexit2.o)
    0x00000158   0x00000158   0x00000004   Code   RO          835    .ARM.Collect$$rtexit$$00000003  c_p.l(rtexit2.o)
    0x0000015c   0x0000015c   0x00000006   Code   RO          836    .ARM.Collect$$rtexit$$00000004  c_p.l(rtexit2.o)
    0x00000162   0x00000162   0x00000002   PAD
    0x00000164   0x00000164   0x00000038   Code   RO          717    .emb_text           c_p.l(rt_memcpy.o)
    0x0000019c   0x0000019c   0x00000074   Code   RO          202    .text               startup_mdr32f1qi.o
    0x00000210   0x00000210   0x00000082   Code   RO          718    .text               c_p.l(rt_memcpy.o)
    0x00000292   0x00000292   0x00000040   Code   RO          721    .text               c_p.l(rt_memclr.o)
    0x000002d2   0x000002d2   0x00000002   PAD
    0x000002d4   0x000002d4   0x0000006c   Code   RO          723    .text               c_p.l(strncpy.o)
    0x00000340   0x00000340   0x0000016c   Code   RO          725    .text               c_p.l(aeabi_sdiv.o)
    0x000004ac   0x000004ac   0x00000006   Code   RO          729    .text               c_p.l(heapauxi.o)
    0x000004b2   0x000004b2   0x0000003e   Code   RO          755    .text               c_p.l(sys_stackheap_outer.o)
    0x000004f0   0x000004f0   0x00000010   Code   RO          758    .text               c_p.l(exit.o)
    0x00000500   0x00000500   0x00000008   Code   RO          770    .text               c_p.l(libspace.o)
    0x00000508   0x00000508   0x0000000c   Code   RO          829    .text               c_p.l(sys_exit.o)
    0x00000514   0x00000514   0x00000002   Code   RO          852    .text               c_p.l(use_no_semi.o)
    0x00000516   0x00000516   0x00000000   Code   RO          854    .text               c_p.l(indicate_semi.o)
    0x00000516   0x00000516   0x0000003a   Code   RO          908    .text               c_p.l(__dczerorl.o)
    0x00000550   0x00000550   0x00000056   Code   RO            3    .text.CLOCK_Init    clock.o
    0x000005a6   0x000005a6   0x00000002   PAD
    0x000005a8   0x000005a8   0x00000034   Code   RO          353    .text.DMA_Cmd       mdr32fxqi_dma.o
    0x000005dc   0x000005dc   0x0000009e   Code   RO          339    .text.DMA_CtrlDataInit  mdr32fxqi_dma.o
    0x0000067a   0x0000067a   0x00000002   PAD
    0x0000067c   0x0000067c   0x00000044   Code   RO          335    .text.DMA_DeInit    mdr32fxqi_dma.o
    0x000006c0   0x000006c0   0x000000f8   Code   RO          361    .text.DMA_GetFlagStatus  mdr32fxqi_dma.o
    0x000007b8   0x000007b8   0x00000038   Code   RO           13    .text.DMA_IRQHandler  dma.o
    0x000007f0   0x000007f0   0x00000114   Code   RO          347    .text.DMA_Init      mdr32fxqi_dma.o
    0x00000904   0x00000904   0x00000022   Code   RO          349    .text.DMA_StructInit  mdr32fxqi_dma.o
    0x00000926   0x00000926   0x00000002   PAD
    0x00000928   0x00000928   0x000000b4   Code   RO          107    .text.DMA_UART_RX_init  uart.o
    0x000009dc   0x000009dc   0x00000040   Code   RO           11    .text.DMA_common_init  dma.o
    0x00000a1c   0x00000a1c   0x00000028   Code   RO           74    .text.Delay_micro   timer.o
    0x00000a44   0x00000a44   0x00000060   Code   RO          373    .text.EBC_Init      mdr32fxqi_ebc.o
    0x00000aa4   0x00000aa4   0x00000040   Code   RO          385    .text.EBC_MemRegionInit  mdr32fxqi_ebc.o
    0x00000ae4   0x00000ae4   0x0000001e   Code   RO          383    .text.EBC_MemRegionStructInit  mdr32fxqi_ebc.o
    0x00000b02   0x00000b02   0x0000003a   Code   RO          375    .text.EBC_StructInit  mdr32fxqi_ebc.o
    0x00000b3c   0x00000b3c   0x0000014c   Code   RO          415    .text.PORT_Init     mdr32fxqi_port.o
    0x00000c88   0x00000c88   0x00000038   Code   RO          417    .text.PORT_StructInit  mdr32fxqi_port.o
    0x00000cc0   0x00000cc0   0x00000026   Code   RO          427    .text.PORT_WriteBit  mdr32fxqi_port.o
    0x00000ce6   0x00000ce6   0x00000002   PAD
    0x00000ce8   0x00000ce8   0x000000c0   Code   RO           35    .text.PortsInit     ports.o
    0x00000da8   0x00000da8   0x00000034   Code   RO          476    .text.RST_CLK_CPU_PLLcmd  mdr32fxqi_rst_clk.o
    0x00000ddc   0x00000ddc   0x00000074   Code   RO          472    .text.RST_CLK_CPU_PLLconfig  mdr32fxqi_rst_clk.o
    0x00000e50   0x00000e50   0x00000064   Code   RO          478    .text.RST_CLK_CPU_PLLstatus  mdr32fxqi_rst_clk.o
    0x00000eb4   0x00000eb4   0x00000038   Code   RO          474    .text.RST_CLK_CPU_PLLuse  mdr32fxqi_rst_clk.o
    0x00000eec   0x00000eec   0x00000028   Code   RO          480    .text.RST_CLK_CPUclkPrescaler  mdr32fxqi_rst_clk.o
    0x00000f14   0x00000f14   0x00000028   Code   RO          448    .text.RST_CLK_CPUclkSelection  mdr32fxqi_rst_clk.o
    0x00000f3c   0x00000f3c   0x00000024   Code   RO          438    .text.RST_CLK_DeInit  mdr32fxqi_rst_clk.o
    0x00000f60   0x00000f60   0x00000264   Code   RO          510    .text.RST_CLK_GetClocksFreq  mdr32fxqi_rst_clk.o
    0x000011c4   0x000011c4   0x00000054   Code   RO          454    .text.RST_CLK_GetFlagStatus  mdr32fxqi_rst_clk.o
    0x00001218   0x00001218   0x00000044   Code   RO          450    .text.RST_CLK_HSEconfig  mdr32fxqi_rst_clk.o
    0x0000125c   0x0000125c   0x00000064   Code   RO          452    .text.RST_CLK_HSEstatus  mdr32fxqi_rst_clk.o
    0x000012c0   0x000012c0   0x00000040   Code   RO          444    .text.RST_CLK_HSIcmd  mdr32fxqi_rst_clk.o
    0x00001300   0x00001300   0x00000064   Code   RO          446    .text.RST_CLK_HSIstatus  mdr32fxqi_rst_clk.o
    0x00001364   0x00001364   0x0000002c   Code   RO          442    .text.RST_CLK_PCLKcmd  mdr32fxqi_rst_clk.o
    0x00001390   0x00001390   0x00000078   Code   RO          440    .text.RST_CLK_WarmDeInit  mdr32fxqi_rst_clk.o
    0x00001408   0x00001408   0x000000bc   Code   RO          209    .text.SystemCoreClockUpdate  system_mdr32f1qi.o
    0x000014c4   0x000014c4   0x00000064   Code   RO          211    .text.SystemInit    system_mdr32f1qi.o
    0x00001528   0x00001528   0x00000048   Code   RO           68    .text.TIMER1_init   timer.o
    0x00001570   0x00001570   0x00000044   Code   RO           70    .text.TIMER2_init   timer.o
    0x000015b4   0x000015b4   0x0000010c   Code   RO          666    .text.TIMER_BRGInit  mdr32fxqi_timer.o
    0x000016c0   0x000016c0   0x00000034   Code   RO          558    .text.TIMER_Cmd     mdr32fxqi_timer.o
    0x000016f4   0x000016f4   0x00000058   Code   RO          554    .text.TIMER_CntInit  mdr32fxqi_timer.o
    0x0000174c   0x0000174c   0x0000003a   Code   RO          556    .text.TIMER_CntStructInit  mdr32fxqi_timer.o
    0x00001786   0x00001786   0x0000000c   Code   RO          562    .text.TIMER_GetCounter  mdr32fxqi_timer.o
    0x00001792   0x00001792   0x00000010   Code   RO          560    .text.TIMER_SetCounter  mdr32fxqi_timer.o
    0x000017a2   0x000017a2   0x00000002   PAD
    0x000017a4   0x000017a4   0x00000044   Code   RO           87    .text.UART1_IRQHandler  uart.o
    0x000017e8   0x000017e8   0x00000044   Code   RO           89    .text.UART2_IRQHandler  uart.o
    0x0000182c   0x0000182c   0x00000074   Code   RO          707    .text.UART_BRGInit  mdr32fxqi_uart.o
    0x000018a0   0x000018a0   0x00000014   Code   RO          689    .text.UART_ClearITPendingBit  mdr32fxqi_uart.o
    0x000018b4   0x000018b4   0x00000030   Code   RO          681    .text.UART_Cmd      mdr32fxqi_uart.o
    0x000018e4   0x000018e4   0x00000030   Code   RO          693    .text.UART_DMACmd   mdr32fxqi_uart.o
    0x00001914   0x00001914   0x00000032   Code   RO          705    .text.UART_GetFlagStatus  mdr32fxqi_uart.o
    0x00001946   0x00001946   0x0000002e   Code   RO          683    .text.UART_ITConfig  mdr32fxqi_uart.o
    0x00001974   0x00001974   0x00000114   Code   RO          677    .text.UART_Init     mdr32fxqi_uart.o
    0x00001a88   0x00001a88   0x0000000e   Code   RO          697    .text.UART_ReceiveData  mdr32fxqi_uart.o
    0x00001a96   0x00001a96   0x00000012   Code   RO          695    .text.UART_SendData  mdr32fxqi_uart.o
    0x00001aa8   0x00001aa8   0x0000002c   Code   RO          337    .text.__NVIC_ClearPendingIRQ  mdr32fxqi_dma.o
    0x00001ad4   0x00001ad4   0x0000002c   Code   RO           93    .text.__NVIC_EnableIRQ  uart.o
    0x00001b00   0x00001b00   0x0000005c   Code   RO           45    .text.crc32         rs422_protocol.o
    0x00001b5c   0x00001b5c   0x00000040   Code   RO          124    .text.ebc_config    ebc.o
    0x00001b9c   0x00001b9c   0x00000118   Code   RO          122    .text.ebc_ports_config  ebc.o
    0x00001cb4   0x00001cb4   0x00000088   Code   RO           55    .text.fill_crc32_table  rs422_protocol.o
    0x00001d3c   0x00001d3c   0x00000488   Code   RO          191    .text.init_external_ram_space  external_ram.o
    0x000021c4   0x000021c4   0x000000ec   Code   RO           22    .text.main          main.o
    0x000022b0   0x000022b0   0x00000870   Code   RO           53    .text.protocol_do_cmds  rs422_protocol.o
    0x00002b20   0x00002b20   0x0000015c   Code   RO           51    .text.protocol_error_handler  rs422_protocol.o
    0x00002c7c   0x00002c7c   0x000003a0   Code   RO           47    .text.receive_packet  rs422_protocol.o
    0x0000301c   0x0000301c   0x00000090   Code   RO           24    .text.request_data  main.o
    0x000030ac   0x000030ac   0x0000015c   Code   RO           43    .text.transmit_packet  rs422_protocol.o
    0x00003208   0x00003208   0x000000d8   Code   RO           49    .text.uart_error_handler  rs422_protocol.o
    0x000032e0   0x000032e0   0x000000aa   Code   RO           91    .text.uart_init     uart.o
    0x0000338a   0x0000338a   0x00000002   PAD
    0x0000338c   0x0000338c   0x000001e0   Code   RO           97    .text.uart_read     uart.o
    0x0000356c   0x0000356c   0x00000016   Code   RO          109    .text.uart_set_read_timeout  uart.o
    0x00003582   0x00003582   0x00000016   Code   RO          111    .text.uart_set_write_timeout  uart.o
    0x00003598   0x00003598   0x000000d4   Code   RO           95    .text.uart_write    uart.o
    0x0000366c   0x0000366c   0x00000004   Data   RO          193    .rodata.str1.1      external_ram.o
    0x00003670   0x00003670   0x00000030   Data   RO          907    Region$$Table       anon$$obj.o


    Execution Region RW_IRAM1 (Exec base: 0x20000000, Load base: 0x000036a0, Size: 0x00002198, Max: 0x00008000, ABSOLUTE)

    Exec Addr    Load Addr    Size         Type   Attr      Idx    E Section Name        Object

    0x20000000   0x000036a0   0x00000004   Data   RW          213    .data.SystemCoreClock  system_mdr32f1qi.o
    0x20000004   0x000036a4   0x00000004   PAD
    0x20000008        -       0x00000060   Zero   RW          771    .bss                c_p.l(libspace.o)
    0x20000068        -       0x00000020   Zero   RW           76    .bss.TIMER1InitStruct  timer.o
    0x20000088        -       0x00000020   Zero   RW           77    .bss.TIMER2InitStruct  timer.o
    0x200000a8        -       0x00000074   Zero   RW          113    .bss.UART1          uart.o
    0x2000011c        -       0x00000074   Zero   RW          114    .bss.UART2          uart.o
    0x20000190        -       0x00000004   Zero   RW           26    .bss.ram_space_pointer  main.o
    0x20000194   0x000036a4   0x00000004   PAD
    0x20000198        -       0x00001000   Zero   RW          200    HEAP                startup_mdr32f1qi.o
    0x20001198        -       0x00001000   Zero   RW          199    STACK               startup_mdr32f1qi.o


    Execution Region RW_IRAM2 (Exec base: 0x20100000, Load base: 0x00003800, Size: 0x00000400, Max: 0x00004000, ABSOLUTE, COMPRESSED[0x0000000c])

    Exec Addr    Load Addr    Size         Type   Attr      Idx    E Section Name        Object

    0x20100000   COMPRESSED   0x00000400   Data   RW          363    EXECUTABLE_MEMORY_SECTION  mdr32fxqi_dma.o


==============================================================================

Image component sizes


      Code (inc. data)   RO Data    RW Data    ZI Data      Debug   Object Name

        86          0          0          0          0       1323   clock.o
       120         32          0          0          0       3734   dma.o
       344         32          0          0          0       5581   ebc.o
      1160         64          4          0          0       6520   external_ram.o
       380         32          0          0          4      12995   main.o
       880        100          0       1024          0       8613   mdr32fxqi_dma.o
       248         12          0          0          0       5994   mdr32fxqi_ebc.o
       426          8          0          0          0       4906   mdr32fxqi_port.o
      1632         48          0          0          0      12829   mdr32fxqi_rst_clk.o
       494         24          0          0          0      21062   mdr32fxqi_timer.o
       636         24          0          0          0       7536   mdr32fxqi_uart.o
       192          8          0          0          0       2716   ports.o
      4228        272          0          0          0      10446   rs422_protocol.o
       116         28        192          0       8192       1944   startup_mdr32f1qi.o
       288         52          0          4          0       1557   system_mdr32f1qi.o
       180         24          0          0         64       3302   timer.o
      1266         28          0          0        232      11060   uart.o

    ----------------------------------------------------------------------
     12688        788        244       1028       8500     122118   Object Totals
         0          0         48          0          0          0   (incl. Generated)
        12          0          0          0          8          0   (incl. Padding)

    ----------------------------------------------------------------------

      Code (inc. data)   RO Data    RW Data    ZI Data      Debug   Library Member Name

        58          0          0          0          0          0   __dczerorl.o
         8          0          0          0          0         68   __main.o
         0          0          0          0          0          0   __rtentry.o
        12          0          0          0          0          0   __rtentry2.o
         6          0          0          0          0          0   __rtentry4.o
        60          8          0          0          0          0   __scatter.o
        26          0          0          0          0          0   __scatter_copy.o
        28          0          0          0          0          0   __scatter_zi.o
       364          4          0          0          0         92   aeabi_sdiv.o
        16          0          0          0          0         68   exit.o
         6          0          0          0          0        136   heapauxi.o
         0          0          0          0          0          0   indicate_semi.o
         2          0          0          0          0          0   libinit.o
         2          0          0          0          0          0   libinit2.o
         2          0          0          0          0          0   libshutdown.o
         2          0          0          0          0          0   libshutdown2.o
         8          4          0          0         96         68   libspace.o
        64          0          0          0          0        108   rt_memclr.o
       186          0          0          0          0        144   rt_memcpy.o
         2          0          0          0          0          0   rtexit.o
        10          0          0          0          0          0   rtexit2.o
       108          4          0          0          0         76   strncpy.o
        12          4          0          0          0         60   sys_exit.o
        62          0          0          0          0         80   sys_stackheap_outer.o
         2          0          0          0          0         68   use_no_semi.o

    ----------------------------------------------------------------------
      1052         24          0          0         96        968   Library Totals
         6          0          0          0          0          0   (incl. Padding)

    ----------------------------------------------------------------------

      Code (inc. data)   RO Data    RW Data    ZI Data      Debug   Library Name

      1046         24          0          0         96        968   c_p.l

    ----------------------------------------------------------------------
      1052         24          0          0         96        968   Library Totals

    ----------------------------------------------------------------------

==============================================================================


      Code (inc. data)   RO Data    RW Data    ZI Data      Debug   

     13740        812        244       1028       8596     122530   Grand Totals
     13740        812        244         16       8596     122530   ELF Image Totals (compressed)
     13740        812        244         16          0          0   ROM Totals

==============================================================================

    Total RO  Size (Code + RO Data)                13984 (  13.66kB)
    Total RW  Size (RW Data + ZI Data)              9624 (   9.40kB)
    Total ROM Size (Code + RO Data + RW Data)      14000 (  13.67kB)

==============================================================================

