Component: Arm Compiler for Embedded 6.18 Tool: armlink [5e4cc100]

==============================================================================

Section Cross References

    clock.o(.text.CLOCK_Init) refers to mdr32fxqi_rst_clk.o(.text.RST_CLK_DeInit) for RST_CLK_DeInit
    clock.o(.text.CLOCK_Init) refers to mdr32fxqi_rst_clk.o(.text.RST_CLK_HSEconfig) for RST_CLK_HSEconfig
    clock.o(.text.CLOCK_Init) refers to mdr32fxqi_rst_clk.o(.text.RST_CLK_HSEstatus) for RST_CLK_HSEstatus
    clock.o(.text.CLOCK_Init) refers to mdr32fxqi_rst_clk.o(.text.RST_CLK_CPU_PLLconfig) for RST_CLK_CPU_PLLconfig
    clock.o(.text.CLOCK_Init) refers to mdr32fxqi_rst_clk.o(.text.RST_CLK_CPU_PLLcmd) for RST_CLK_CPU_PLLcmd
    clock.o(.text.CLOCK_Init) refers to mdr32fxqi_rst_clk.o(.text.RST_CLK_CPU_PLLstatus) for RST_CLK_CPU_PLLstatus
    clock.o(.text.CLOCK_Init) refers to mdr32fxqi_rst_clk.o(.text.RST_CLK_CPUclkPrescaler) for RST_CLK_CPUclkPrescaler
    clock.o(.text.CLOCK_Init) refers to mdr32fxqi_rst_clk.o(.text.RST_CLK_CPU_PLLuse) for RST_CLK_CPU_PLLuse
    clock.o(.text.CLOCK_Init) refers to mdr32fxqi_rst_clk.o(.text.RST_CLK_CPUclkSelection) for RST_CLK_CPUclkSelection
    clock.o(.text.CLOCK_Init) refers to system_mdr32f1qi.o(.text.SystemCoreClockUpdate) for SystemCoreClockUpdate
    clock.o(.ARM.exidx.text.CLOCK_Init) refers to clock.o(.text.CLOCK_Init) for [Anonymous Symbol]
    dma.o(.text.DMA_common_init) refers to mdr32fxqi_rst_clk.o(.text.RST_CLK_PCLKcmd) for RST_CLK_PCLKcmd
    dma.o(.text.DMA_common_init) refers to mdr32fxqi_dma.o(.text.DMA_DeInit) for DMA_DeInit
    dma.o(.ARM.exidx.text.DMA_common_init) refers to dma.o(.text.DMA_common_init) for [Anonymous Symbol]
    dma.o(.text.DMA_IRQHandler) refers to mdr32fxqi_dma.o(.text.DMA_GetFlagStatus) for DMA_GetFlagStatus
    dma.o(.text.DMA_IRQHandler) refers to uart.o(.text.DMA_UART_RX_init) for DMA_UART_RX_init
    dma.o(.text.DMA_IRQHandler) refers to mdr32fxqi_dma.o(.text.DMA_Init) for DMA_Init
    dma.o(.text.DMA_IRQHandler) refers to uart.o(.bss.UART1) for UART1
    dma.o(.text.DMA_IRQHandler) refers to uart.o(.bss.UART2) for UART2
    dma.o(.ARM.exidx.text.DMA_IRQHandler) refers to dma.o(.text.DMA_IRQHandler) for [Anonymous Symbol]
    main.o(.text.main) refers to clock.o(.text.CLOCK_Init) for CLOCK_Init
    main.o(.text.main) refers to ports.o(.text.PortsInit) for PortsInit
    main.o(.text.main) refers to timer.o(.text.TIMER1_init) for TIMER1_init
    main.o(.text.main) refers to timer.o(.text.TIMER2_init) for TIMER2_init
    main.o(.text.main) refers to dma.o(.text.DMA_common_init) for DMA_common_init
    main.o(.text.main) refers to ebc.o(.text.ebc_ports_config) for ebc_ports_config
    main.o(.text.main) refers to ebc.o(.text.ebc_config) for ebc_config
    main.o(.text.main) refers to external_ram.o(.text.init_external_ram_space) for init_external_ram_space
    main.o(.text.main) refers to uart.o(.text.uart_set_read_timeout) for uart_set_read_timeout
    main.o(.text.main) refers to uart.o(.text.uart_init) for uart_init
    main.o(.text.main) refers to uart.o(.text.DMA_UART_RX_init) for DMA_UART_RX_init
    main.o(.text.main) refers to spi.o(.text.spi_init) for spi_init
    main.o(.text.main) refers to main.o(.text.request_data) for request_data
    main.o(.text.main) refers to uart.o(.bss.UART1) for UART1
    main.o(.text.main) refers to main.o(.bss.ram_space_pointer) for ram_space_pointer
    main.o(.text.main) refers to uart.o(.bss.UART2) for UART2
    main.o(.text.main) refers to spi.o(.bss.SPI1) for SPI1
    main.o(.ARM.exidx.text.main) refers to main.o(.text.main) for [Anonymous Symbol]
    main.o(.text.request_data) refers to rs422_protocol.o(.text.receive_packet) for receive_packet
    main.o(.text.request_data) refers to rs422_protocol.o(.text.protocol_do_cmds) for protocol_do_cmds
    main.o(.text.request_data) refers to rs422_protocol.o(.text.transmit_packet) for transmit_packet
    main.o(.ARM.exidx.text.request_data) refers to main.o(.text.request_data) for [Anonymous Symbol]
    ports.o(.text.PortsInit) refers to mdr32fxqi_rst_clk.o(.text.RST_CLK_PCLKcmd) for RST_CLK_PCLKcmd
    ports.o(.text.PortsInit) refers to mdr32fxqi_port.o(.text.PORT_StructInit) for PORT_StructInit
    ports.o(.text.PortsInit) refers to mdr32fxqi_port.o(.text.PORT_Init) for PORT_Init
    ports.o(.text.PortsInit) refers to mdr32fxqi_port.o(.text.PORT_WriteBit) for PORT_WriteBit
    ports.o(.ARM.exidx.text.PortsInit) refers to ports.o(.text.PortsInit) for [Anonymous Symbol]
    rs422_protocol.o(.text.transmit_packet) refers to rt_memcpy.o(.text) for __aeabi_memcpy
    rs422_protocol.o(.text.transmit_packet) refers to rs422_protocol.o(.text.crc32) for crc32
    rs422_protocol.o(.text.transmit_packet) refers to uart.o(.text.uart_write) for uart_write
    rs422_protocol.o(.text.transmit_packet) refers to main.o(.bss.ram_space_pointer) for ram_space_pointer
[...]
    uart.o(.ARM.exidx.text.uart_set_pos) refers to uart.o(.text.uart_set_pos) for [Anonymous Symbol]
    uart.o(.ARM.exidx.text.uart_read_pos) refers to uart.o(.text.uart_read_pos) for [Anonymous Symbol]
    uart.o(.ARM.exidx.text.uart_get_buf_counter) refers to uart.o(.text.uart_get_buf_counter) for [Anonymous Symbol]
    uart.o(.ARM.exidx.text.uart_clean) refers to uart.o(.text.uart_clean) for [Anonymous Symbol]
    uart.o(.text.DMA_UART_RX_init) refers to mdr32fxqi_dma.o(.text.DMA_StructInit) for DMA_StructInit
    uart.o(.text.DMA_UART_RX_init) refers to mdr32fxqi_dma.o(.text.DMA_Init) for DMA_Init
    uart.o(.text.DMA_UART_RX_init) refers to mdr32fxqi_uart.o(.text.UART_DMACmd) for UART_DMACmd
    uart.o(.text.DMA_UART_RX_init) refers to mdr32fxqi_dma.o(.text.DMA_Cmd) for DMA_Cmd
    uart.o(.text.DMA_UART_RX_init) refers to uart.o(.text.__NVIC_EnableIRQ) for __NVIC_EnableIRQ
    uart.o(.ARM.exidx.text.DMA_UART_RX_init) refers to uart.o(.text.DMA_UART_RX_init) for [Anonymous Symbol]
    uart.o(.ARM.exidx.text.uart_set_read_timeout) refers to uart.o(.text.uart_set_read_timeout) for [Anonymous Symbol]
    uart.o(.ARM.exidx.text.uart_set_write_timeout) refers to uart.o(.text.uart_set_write_timeout) for [Anonymous Symbol]
    ebc.o(.text.ebc_ports_config) refers to mdr32fxqi_rst_clk.o(.text.RST_CLK_PCLKcmd) for RST_CLK_PCLKcmd
    ebc.o(.text.ebc_ports_config) refers to mdr32fxqi_port.o(.text.PORT_Init) for PORT_Init
    ebc.o(.ARM.exidx.text.ebc_ports_config) refers to ebc.o(.text.ebc_ports_config) for [Anonymous Symbol]
    ebc.o(.text.ebc_config) refers to mdr32fxqi_rst_clk.o(.text.RST_CLK_PCLKcmd) for RST_CLK_PCLKcmd
    ebc.o(.text.ebc_config) refers to mdr32fxqi_ebc.o(.text.EBC_StructInit) for EBC_StructInit
    ebc.o(.text.ebc_config) refers to mdr32fxqi_ebc.o(.text.EBC_Init) for EBC_Init
    ebc.o(.text.ebc_config) refers to mdr32fxqi_ebc.o(.text.EBC_MemRegionStructInit) for EBC_MemRegionStructInit
    ebc.o(.text.ebc_config) refers to mdr32fxqi_ebc.o(.text.EBC_MemRegionInit) for EBC_MemRegionInit
    ebc.o(.ARM.exidx.text.ebc_config) refers to ebc.o(.text.ebc_config) for [Anonymous Symbol]
    mt-12864av6.o(.text.LCDInit) refers to mdr32fxqi_rst_clk.o(.text.RST_CLK_PCLKcmd) for RST_CLK_PCLKcmd
    mt-12864av6.o(.text.LCDInit) refers to mdr32fxqi_port.o(.text.PORT_StructInit) for PORT_StructInit
    mt-12864av6.o(.text.LCDInit) refers to mdr32fxqi_port.o(.text.PORT_Init) for PORT_Init
    mt-12864av6.o(.text.LCDInit) refers to mdr32fxqi_port.o(.text.PORT_WriteBit) for PORT_WriteBit
    mt-12864av6.o(.text.LCDInit) refers to timer.o(.text.Delay_micro) for Delay_micro
    mt-12864av6.o(.text.LCDInit) refers to mt-12864av6.o(.text.WriteCodeL) for WriteCodeL
    mt-12864av6.o(.text.LCDInit) refers to mt-12864av6.o(.text.WriteCodeR) for WriteCodeR
    mt-12864av6.o(.text.LCDInit) refers to mt-12864av6.o(.text.LCD_Clear) for LCD_Clear
    mt-12864av6.o(.text.LCDInit) refers to mt-12864av6.o(.bss.GPIOInitStruct) for GPIOInitStruct
    mt-12864av6.o(.ARM.exidx.text.LCDInit) refers to mt-12864av6.o(.text.LCDInit) for [Anonymous Symbol]
    mt-12864av6.o(.text.WriteCodeL) refers to mt-12864av6.o(.text.WriteByte) for WriteByte
    mt-12864av6.o(.ARM.exidx.text.WriteCodeL) refers to mt-12864av6.o(.text.WriteCodeL) for [Anonymous Symbol]
    mt-12864av6.o(.text.WriteCodeR) refers to mt-12864av6.o(.text.WriteByte) for WriteByte
    mt-12864av6.o(.ARM.exidx.text.WriteCodeR) refers to mt-12864av6.o(.text.WriteCodeR) for [Anonymous Symbol]
    mt-12864av6.o(.text.LCD_Clear) refers to mt-12864av6.o(.text.WriteCodeL) for WriteCodeL
    mt-12864av6.o(.text.LCD_Clear) refers to mt-12864av6.o(.text.WriteDataL) for WriteDataL
    mt-12864av6.o(.text.LCD_Clear) refers to mt-12864av6.o(.text.WriteCodeR) for WriteCodeR
    mt-12864av6.o(.text.LCD_Clear) refers to mt-12864av6.o(.text.WriteDataR) for WriteDataR
    mt-12864av6.o(.text.LCD_Clear) refers to mt-12864av6.o(.bss.page) for [Anonymous Symbol]
    mt-12864av6.o(.text.LCD_Clear) refers to mt-12864av6.o(.bss.numChar) for [Anonymous Symbol]
    mt-12864av6.o(.ARM.exidx.text.LCD_Clear) refers to mt-12864av6.o(.text.LCD_Clear) for [Anonymous Symbol]
    mt-12864av6.o(.text.LCDReInit) refers to mdr32fxqi_port.o(.text.PORT_StructInit) for PORT_StructInit
    mt-12864av6.o(.text.LCDReInit) refers to mdr32fxqi_port.o(.text.PORT_Init) for PORT_Init
    mt-12864av6.o(.text.LCDReInit) refers to mt-12864av6.o(.bss.GPIOInitStruct) for GPIOInitStruct
    mt-12864av6.o(.ARM.exidx.text.LCDReInit) refers to mt-12864av6.o(.text.LCDReInit) for [Anonymous Symbol]
    mt-12864av6.o(.text.WriteByte) refers to mt-12864av6.o(.text.WaitReady) for WaitReady
    mt-12864av6.o(.text.WriteByte) refers to mdr32fxqi_port.o(.text.PORT_ResetBits) for PORT_ResetBits
    mt-12864av6.o(.text.WriteByte) refers to mdr32fxqi_port.o(.text.PORT_WriteBit) for PORT_WriteBit
    mt-12864av6.o(.text.WriteByte) refers to mt-12864av6.o(.text.SetBusData) for SetBusData
    mt-12864av6.o(.text.WriteByte) refers to timer.o(.text.Delay_micro) for Delay_micro
    mt-12864av6.o(.text.WriteByte) refers to mdr32fxqi_port.o(.text.PORT_SetBits) for PORT_SetBits
    mt-12864av6.o(.ARM.exidx.text.WriteByte) refers to mt-12864av6.o(.text.WriteByte) for [Anonymous Symbol]
    mt-12864av6.o(.text.WriteDataL) refers to mt-12864av6.o(.text.WriteByte) for WriteByte
    mt-12864av6.o(.ARM.exidx.text.WriteDataL) refers to mt-12864av6.o(.text.WriteDataL) for [Anonymous Symbol]
    mt-12864av6.o(.text.WriteDataR) refers to mt-12864av6.o(.text.WriteByte) for WriteByte
    mt-12864av6.o(.ARM.exidx.text.WriteDataR) refers to mt-12864av6.o(.text.WriteDataR) for [Anonymous Symbol]
    mt-12864av6.o(.text.ReadDataL) refers to mt-12864av6.o(.text.ReadByte) for ReadByte
    mt-12864av6.o(.ARM.exidx.text.ReadDataL) refers to mt-12864av6.o(.text.ReadDataL) for [Anonymous Symbol]
    mt-12864av6.o(.text.ReadByte) refers to mt-12864av6.o(.text.WaitReady) for WaitReady
    mt-12864av6.o(.text.ReadByte) refers to mdr32fxqi_port.o(.text.PORT_SetBits) for PORT_SetBits
    mt-12864av6.o(.text.ReadByte) refers to mdr32fxqi_port.o(.text.PORT_WriteBit) for PORT_WriteBit
    mt-12864av6.o(.text.ReadByte) refers to timer.o(.text.Delay_micro) for Delay_micro
    mt-12864av6.o(.text.ReadByte) refers to mt-12864av6.o(.text.ReadBusData) for ReadBusData
    mt-12864av6.o(.text.ReadByte) refers to mdr32fxqi_port.o(.text.PORT_ResetBits) for PORT_ResetBits
    mt-12864av6.o(.ARM.exidx.text.ReadByte) refers to mt-12864av6.o(.text.ReadByte) for [Anonymous Symbol]
    mt-12864av6.o(.text.ReadDataR) refers to mt-12864av6.o(.text.ReadByte) for ReadByte
    mt-12864av6.o(.ARM.exidx.text.ReadDataR) refers to mt-12864av6.o(.text.ReadDataR) for [Anonymous Symbol]
    mt-12864av6.o(.text.SetBusData) refers to mdr32fxqi_port.o(.text.PORT_Init) for PORT_Init
    mt-12864av6.o(.text.SetBusData) refers to mdr32fxqi_port.o(.text.PORT_WriteBit) for PORT_WriteBit
    mt-12864av6.o(.text.SetBusData) refers to mt-12864av6.o(.bss.GPIOInitStruct) for GPIOInitStruct
    mt-12864av6.o(.ARM.exidx.text.SetBusData) refers to mt-12864av6.o(.text.SetBusData) for [Anonymous Symbol]
    mt-12864av6.o(.text.ReadBusData) refers to mdr32fxqi_port.o(.text.PORT_Init) for PORT_Init
    mt-12864av6.o(.text.ReadBusData) refers to mdr32fxqi_port.o(.text.PORT_ReadInputData) for PORT_ReadInputData
    mt-12864av6.o(.text.ReadBusData) refers to mt-12864av6.o(.bss.GPIOInitStruct) for GPIOInitStruct
    mt-12864av6.o(.ARM.exidx.text.ReadBusData) refers to mt-12864av6.o(.text.ReadBusData) for [Anonymous Symbol]
    mt-12864av6.o(.text.WaitReady) refers to mdr32fxqi_port.o(.text.PORT_SetBits) for PORT_SetBits
    mt-12864av6.o(.text.WaitReady) refers to mdr32fxqi_port.o(.text.PORT_ResetBits) for PORT_ResetBits
    mt-12864av6.o(.text.WaitReady) refers to mdr32fxqi_port.o(.text.PORT_WriteBit) for PORT_WriteBit
    mt-12864av6.o(.text.WaitReady) refers to timer.o(.text.Delay_micro) for Delay_micro
    mt-12864av6.o(.text.WaitReady) refers to mdr32fxqi_port.o(.text.PORT_Init) for PORT_Init
    mt-12864av6.o(.text.WaitReady) refers to mt-12864av6.o(.bss.GPIOInitStruct) for GPIOInitStruct
    mt-12864av6.o(.ARM.exidx.text.WaitReady) refers to mt-12864av6.o(.text.WaitReady) for [Anonymous Symbol]
    mt-12864av6.o(.text.PrintLogo) refers to mt-12864av6.o(.text.WriteCodeL) for WriteCodeL
    mt-12864av6.o(.text.PrintLogo) refers to mt-12864av6.o(.text.WriteDataL) for WriteDataL
    mt-12864av6.o(.text.PrintLogo) refers to mt-12864av6.o(.text.WriteCodeR) for WriteCodeR
    mt-12864av6.o(.text.PrintLogo) refers to mt-12864av6.o(.text.WriteDataR) for WriteDataR
    mt-12864av6.o(.text.PrintLogo) refers to mt-12864av6.o(.bss.page) for [Anonymous Symbol]
    mt-12864av6.o(.text.PrintLogo) refers to mt-12864av6.o(.bss.numChar) for [Anonymous Symbol]
    mt-12864av6.o(.text.PrintLogo) refers to mt-12864av6.o(.rodata.Logo128) for Logo128
    mt-12864av6.o(.ARM.exidx.text.PrintLogo) refers to mt-12864av6.o(.text.PrintLogo) for [Anonymous Symbol]
    mt-12864av6.o(.text.LCD_PrintMessageInPosition) refers to mt-12864av6.o(.text.LCD_PrintMessageContinue) for LCD_PrintMessageContinue
    mt-12864av6.o(.text.LCD_PrintMessageInPosition) refers to mt-12864av6.o(.bss.page) for [Anonymous Symbol]
    mt-12864av6.o(.text.LCD_PrintMessageInPosition) refers to systemfont5x7r.o(.data.MyFont) for MyFont
    mt-12864av6.o(.text.LCD_PrintMessageInPosition) refers to mt-12864av6.o(.bss.numChar) for [Anonymous Symbol]
    mt-12864av6.o(.ARM.exidx.text.LCD_PrintMessageInPosition) refers to mt-12864av6.o(.text.LCD_PrintMessageInPosition) for [Anonymous Symbol]
    mt-12864av6.o(.text.LCD_PrintMessageContinue) refers to mt-12864av6.o(.text.WriteCodeL) for WriteCodeL
    mt-12864av6.o(.text.LCD_PrintMessageContinue) refers to aeabi_sdiv.o(.text) for __aeabi_uidiv
    mt-12864av6.o(.text.LCD_PrintMessageContinue) refers to mt-12864av6.o(.text.WriteDataL) for WriteDataL
    mt-12864av6.o(.text.LCD_PrintMessageContinue) refers to mt-12864av6.o(.text.WriteCodeR) for WriteCodeR
    mt-12864av6.o(.text.LCD_PrintMessageContinue) refers to mt-12864av6.o(.text.WriteDataR) for WriteDataR
    mt-12864av6.o(.text.LCD_PrintMessageContinue) refers to mt-12864av6.o(.bss.page) for [Anonymous Symbol]
    mt-12864av6.o(.text.LCD_PrintMessageContinue) refers to mt-12864av6.o(.bss.numChar) for [Anonymous Symbol]
    mt-12864av6.o(.text.LCD_PrintMessageContinue) refers to systemfont5x7r.o(.data.MyFont) for MyFont
    mt-12864av6.o(.ARM.exidx.text.LCD_PrintMessageContinue) refers to mt-12864av6.o(.text.LCD_PrintMessageContinue) for [Anonymous Symbol]
    mt-12864av6.o(.text.LCD_ClearLine) refers to mt-12864av6.o(.text.WriteCodeL) for WriteCodeL
    mt-12864av6.o(.text.LCD_ClearLine) refers to mt-12864av6.o(.text.WriteDataL) for WriteDataL
    mt-12864av6.o(.text.LCD_ClearLine) refers to mt-12864av6.o(.text.WriteCodeR) for WriteCodeR
    mt-12864av6.o(.text.LCD_ClearLine) refers to mt-12864av6.o(.text.WriteDataR) for WriteDataR
    mt-12864av6.o(.text.LCD_ClearLine) refers to mt-12864av6.o(.bss.page) for [Anonymous Symbol]
    mt-12864av6.o(.text.LCD_ClearLine) refers to mt-12864av6.o(.bss.numChar) for [Anonymous Symbol]
    mt-12864av6.o(.ARM.exidx.text.LCD_ClearLine) refers to mt-12864av6.o(.text.LCD_ClearLine) for [Anonymous Symbol]
    mt-12864av6.o(.text.LCD_PrintMessageNew) refers to mt-12864av6.o(.text.LCD_PrintMessageContinue) for LCD_PrintMessageContinue
    mt-12864av6.o(.text.LCD_PrintMessageNew) refers to mt-12864av6.o(.bss.page) for [Anonymous Symbol]
    mt-12864av6.o(.text.LCD_PrintMessageNew) refers to mt-12864av6.o(.bss.numChar) for [Anonymous Symbol]
    mt-12864av6.o(.ARM.exidx.text.LCD_PrintMessageNew) refers to mt-12864av6.o(.text.LCD_PrintMessageNew) for [Anonymous Symbol]
    mt-12864av6.o(.text.LCD_EndLine) refers to mt-12864av6.o(.bss.page) for [Anonymous Symbol]
    mt-12864av6.o(.text.LCD_EndLine) refers to mt-12864av6.o(.bss.numChar) for [Anonymous Symbol]
    mt-12864av6.o(.ARM.exidx.text.LCD_EndLine) refers to mt-12864av6.o(.text.LCD_EndLine) for [Anonymous Symbol]
    systemfont5x7r.o(.data.MyFont) refers to systemfont5x7r.o(.rodata.SystemFonts5x7) for SystemFonts5x7
    external_ram.o(.text.init_external_ram_space) refers to rt_memclr.o(.text) for __aeabi_memclr
    external_ram.o(.text.init_external_ram_space) refers to strncpy.o(.text) for strncpy
    external_ram.o(.text.init_external_ram_space) refers to main.o(.bss.ram_space_pointer) for ram_space_pointer
    external_ram.o(.text.init_external_ram_space) refers to rs422_protocol.o(.text.fill_crc32_table) for fill_crc32_table
    external_ram.o(.text.init_external_ram_space) refers to external_ram.o(.rodata.str1.1) for [Anonymous Symbol]
    external_ram.o(.ARM.exidx.text.init_external_ram_space) refers to external_ram.o(.text.init_external_ram_space) for [Anonymous Symbol]
    1273pv19t.o(.text.adc_init) refers to mdr32fxqi_ssp.o(.text.SSP_SendData) for SSP_SendData
    1273pv19t.o(.text.adc_init) refers to timer.o(.text.Delay_milli) for Delay_milli
    1273pv19t.o(.ARM.exidx.text.adc_init) refers to 1273pv19t.o(.text.adc_init) for [Anonymous Symbol]
    1273pv19t.o(.text.adc_reset) refers to mdr32fxqi_port.o(.text.PORT_ResetBits) for PORT_ResetBits
    1273pv19t.o(.text.adc_reset) refers to timer.o(.text.Delay_milli) for Delay_milli
    1273pv19t.o(.text.adc_reset) refers to mdr32fxqi_port.o(.text.PORT_SetBits) for PORT_SetBits
    1273pv19t.o(.ARM.exidx.text.adc_reset) refers to 1273pv19t.o(.text.adc_reset) for [Anonymous Symbol]
    1273pv19t.o(.text.adc_read) refers to pow.o(i.pow) for pow
    1273pv19t.o(.text.adc_read) refers to dmul.o(.text) for __aeabi_dmul
    1273pv19t.o(.text.adc_read) refers to dflti.o(.text) for __aeabi_i2d
    1273pv19t.o(.text.adc_read) refers to daddsub.o(.text) for __aeabi_dadd
    1273pv19t.o(.text.adc_read) refers to d2f.o(.text) for __aeabi_d2f
    1273pv19t.o(.text.adc_read) refers to faddsub.o(x$fpl$fsub) for __aeabi_fsub
    1273pv19t.o(.ARM.exidx.text.adc_read) refers to 1273pv19t.o(.text.adc_read) for [Anonymous Symbol]
    spi.o(.text.spi_init) refers to mdr32fxqi_rst_clk.o(.text.RST_CLK_PCLKcmd) for RST_CLK_PCLKcmd
    spi.o(.text.spi_init) refers to mdr32fxqi_ssp.o(.text.SSP_StructInit) for SSP_StructInit
    spi.o(.text.spi_init) refers to mdr32fxqi_ssp.o(.text.SSP_BRGInit) for SSP_BRGInit
    spi.o(.text.spi_init) refers to mdr32fxqi_ssp.o(.text.SSP_Init) for SSP_Init
    spi.o(.text.spi_init) refers to mdr32fxqi_ssp.o(.text.SSP_ITConfig) for SSP_ITConfig
    spi.o(.text.spi_init) refers to mdr32fxqi_ssp.o(.text.SSP_Cmd) for SSP_Cmd
    spi.o(.ARM.exidx.text.spi_init) refers to spi.o(.text.spi_init) for [Anonymous Symbol]
    spi.o(.text.spi_transmit_word) refers to mdr32fxqi_ssp.o(.text.SSP_SendData) for SSP_SendData
    spi.o(.text.spi_transmit_word) refers to mdr32fxqi_ssp.o(.text.SSP_GetFlagStatus) for SSP_GetFlagStatus
    spi.o(.ARM.exidx.text.spi_transmit_word) refers to spi.o(.text.spi_transmit_word) for [Anonymous Symbol]
    spi.o(.text.spi_transmit_message) refers to mdr32fxqi_ssp.o(.text.SSP_GetFlagStatus) for SSP_GetFlagStatus
    spi.o(.text.spi_transmit_message) refers to mdr32fxqi_ssp.o(.text.SSP_SendData) for SSP_SendData
    spi.o(.ARM.exidx.text.spi_transmit_message) refers to spi.o(.text.spi_transmit_message) for [Anonymous Symbol]
    spi.o(.text.spi_receive_word) refers to mdr32fxqi_ssp.o(.text.SSP_GetFlagStatus) for SSP_GetFlagStatus
    spi.o(.text.spi_receive_word) refers to mdr32fxqi_ssp.o(.text.SSP_ReceiveData) for SSP_ReceiveData
    spi.o(.ARM.exidx.text.spi_receive_word) refers to spi.o(.text.spi_receive_word) for [Anonymous Symbol]
    startup_mdr32f1qi.o(STACK) refers (Special) to heapauxi.o(.text) for __use_two_region_memory
    startup_mdr32f1qi.o(HEAP) refers (Special) to heapauxi.o(.text) for __use_two_region_memory
    startup_mdr32f1qi.o(RESET) refers (Special) to heapauxi.o(.text) for __use_two_region_memory
    startup_mdr32f1qi.o(RESET) refers to startup_mdr32f1qi.o(STACK) for __initial_sp
    startup_mdr32f1qi.o(RESET) refers to startup_mdr32f1qi.o(.text) for Reset_Handler
    startup_mdr32f1qi.o(RESET) refers to dma.o(.text.DMA_IRQHandler) for DMA_IRQHandler
    startup_mdr32f1qi.o(RESET) refers to uart.o(.text.UART1_IRQHandler) for UART1_IRQHandler
    startup_mdr32f1qi.o(RESET) refers to uart.o(.text.UART2_IRQHandler) for UART2_IRQHandler
    startup_mdr32f1qi.o(.text) refers (Special) to heapauxi.o(.text) for __use_two_region_memory
    startup_mdr32f1qi.o(.text) refers to system_mdr32f1qi.o(.text.SystemInit) for SystemInit
    startup_mdr32f1qi.o(.text) refers to __main.o(!!!main) for __main
    startup_mdr32f1qi.o(.text) refers to startup_mdr32f1qi.o(HEAP) for Heap_Mem
    startup_mdr32f1qi.o(.text) refers to startup_mdr32f1qi.o(STACK) for Stack_Mem
    system_mdr32f1qi.o(.text.SystemCoreClockUpdate) refers to aeabi_sdiv.o(.text) for __aeabi_uidiv
    system_mdr32f1qi.o(.text.SystemCoreClockUpdate) refers to system_mdr32f1qi.o(.data.SystemCoreClock) for SystemCoreClock
    system_mdr32f1qi.o(.ARM.exidx.text.SystemCoreClockUpdate) refers to system_mdr32f1qi.o(.text.SystemCoreClockUpdate) for [Anonymous Symbol]
    system_mdr32f1qi.o(.text.SystemInit) refers to system_mdr32f1qi.o(.text.SystemCoreClockUpdate) for SystemCoreClockUpdate
    system_mdr32f1qi.o(.ARM.exidx.text.SystemInit) refers to system_mdr32f1qi.o(.text.SystemInit) for [Anonymous Symbol]
    mdr32fxqi_bkp.o(.ARM.exidx.text.BKP_DeInit) refers to mdr32fxqi_bkp.o(.text.BKP_DeInit) for [Anonymous Symbol]
    mdr32fxqi_bkp.o(.ARM.exidx.text.BKP_RTCclkSource) refers to mdr32fxqi_bkp.o(.text.BKP_RTCclkSource) for [Anonymous Symbol]
    mdr32fxqi_bkp.o(.ARM.exidx.text.BKP_RTC_WorkPermit) refers to mdr32fxqi_bkp.o(.text.BKP_RTC_WorkPermit) for [Anonymous Symbol]
    mdr32fxqi_bkp.o(.ARM.exidx.text.BKP_RTC_Calibration) refers to mdr32fxqi_bkp.o(.text.BKP_RTC_Calibration) for [Anonymous Symbol]
    mdr32fxqi_bkp.o(.ARM.exidx.text.BKP_RTC_Reset) refers to mdr32fxqi_bkp.o(.text.BKP_RTC_Reset) for [Anonymous Symbol]
    mdr32fxqi_bkp.o(.ARM.exidx.text.BKP_RTC_ITConfig) refers to mdr32fxqi_bkp.o(.text.BKP_RTC_ITConfig) for [Anonymous Symbol]
    mdr32fxqi_bkp.o(.ARM.exidx.text.BKP_RTC_GetCounter) refers to mdr32fxqi_bkp.o(.text.BKP_RTC_GetCounter) for [Anonymous Symbol]
    mdr32fxqi_bkp.o(.ARM.exidx.text.BKP_RTC_SetCounter) refers to mdr32fxqi_bkp.o(.text.BKP_RTC_SetCounter) for [Anonymous Symbol]
    mdr32fxqi_bkp.o(.ARM.exidx.text.BKP_RTC_SetAlarm) refers to mdr32fxqi_bkp.o(.text.BKP_RTC_SetAlarm) for [Anonymous Symbol]
    mdr32fxqi_bkp.o(.ARM.exidx.text.BKP_RTC_GetDivider) refers to mdr32fxqi_bkp.o(.text.BKP_RTC_GetDivider) for [Anonymous Symbol]
    mdr32fxqi_bkp.o(.ARM.exidx.text.BKP_RTC_SetPrescaler) refers to mdr32fxqi_bkp.o(.text.BKP_RTC_SetPrescaler) for [Anonymous Symbol]
    mdr32fxqi_bkp.o(.ARM.exidx.text.BKP_RTC_WaitForUpdate) refers to mdr32fxqi_bkp.o(.text.BKP_RTC_WaitForUpdate) for [Anonymous Symbol]
    mdr32fxqi_bkp.o(.ARM.exidx.text.BKP_RTC_GetFlagStatus) refers to mdr32fxqi_bkp.o(.text.BKP_RTC_GetFlagStatus) for [Anonymous Symbol]
    mdr32fxqi_bkp.o(.ARM.exidx.text.BKP_RTC_ClearFlagStatus) refers to mdr32fxqi_bkp.o(.text.BKP_RTC_ClearFlagStatus) for [Anonymous Symbol]
    mdr32fxqi_bkp.o(.ARM.exidx.text.BKP_DUccMode) refers to mdr32fxqi_bkp.o(.text.BKP_DUccMode) for [Anonymous Symbol]
    mdr32fxqi_bkp.o(.ARM.exidx.text.BKP_DUccTrim) refers to mdr32fxqi_bkp.o(.text.BKP_DUccTrim) for [Anonymous Symbol]
    mdr32fxqi_bkp.o(.ARM.exidx.text.BKP_SetFlagPOR) refers to mdr32fxqi_bkp.o(.text.BKP_SetFlagPOR) for [Anonymous Symbol]
    mdr32fxqi_bkp.o(.ARM.exidx.text.BKP_FlagPORstatus) refers to mdr32fxqi_bkp.o(.text.BKP_FlagPORstatus) for [Anonymous Symbol]
    mdr32fxqi_bkp.o(.ARM.exidx.text.BKP_EnterSLEEPMode) refers to mdr32fxqi_bkp.o(.text.BKP_EnterSLEEPMode) for [Anonymous Symbol]
    mdr32fxqi_bkp.o(.ARM.exidx.text.BKP_SetTrim) refers to mdr32fxqi_bkp.o(.text.BKP_SetTrim) for [Anonymous Symbol]
    mdr32fxqi_bkp.o(.ARM.exidx.text.BKP_CurrentLimitProtection150mA) refers to mdr32fxqi_bkp.o(.text.BKP_CurrentLimitProtection150mA) for [Anonymous Symbol]
    mdr32fxqi_bkp.o(.ARM.exidx.text.BKP_EnterStandAloneMode) refers to mdr32fxqi_bkp.o(.text.BKP_EnterStandAloneMode) for [Anonymous Symbol]
    mdr32fxqi_bkp.o(.ARM.exidx.text.BKP_EnterSTANDBYMode) refers to mdr32fxqi_bkp.o(.text.BKP_EnterSTANDBYMode) for [Anonymous Symbol]
    mdr32fxqi_dma.o(.text.DMA_DeInit) refers to mdr32fxqi_dma.o(.text.__NVIC_ClearPendingIRQ) for __NVIC_ClearPendingIRQ
    mdr32fxqi_dma.o(.ARM.exidx.text.DMA_DeInit) refers to mdr32fxqi_dma.o(.text.DMA_DeInit) for [Anonymous Symbol]
    mdr32fxqi_dma.o(.ARM.exidx.text.__NVIC_ClearPendingIRQ) refers to mdr32fxqi_dma.o(.text.__NVIC_ClearPendingIRQ) for [Anonymous Symbol]
    mdr32fxqi_dma.o(.ARM.exidx.text.DMA_CtrlDataInit) refers to mdr32fxqi_dma.o(.text.DMA_CtrlDataInit) for [Anonymous Symbol]
    mdr32fxqi_dma.o(.text.DMA_CtrlInit) refers to mdr32fxqi_dma.o(.text.DMA_CtrlDataInit) for DMA_CtrlDataInit
    mdr32fxqi_dma.o(.text.DMA_CtrlInit) refers to mdr32fxqi_dma.o(EXECUTABLE_MEMORY_SECTION) for DMA_ControlTable
    mdr32fxqi_dma.o(.ARM.exidx.text.DMA_CtrlInit) refers to mdr32fxqi_dma.o(.text.DMA_CtrlInit) for [Anonymous Symbol]
    mdr32fxqi_dma.o(.text.DMA_SG_CtrlInit) refers to mdr32fxqi_dma.o(.text.DMA_CtrlDataInit) for DMA_CtrlDataInit
    mdr32fxqi_dma.o(.ARM.exidx.text.DMA_SG_CtrlInit) refers to mdr32fxqi_dma.o(.text.DMA_SG_CtrlInit) for [Anonymous Symbol]
    mdr32fxqi_dma.o(.text.DMA_SG_Init) refers to mdr32fxqi_dma.o(.text.DMA_CtrlDataInit) for DMA_CtrlDataInit
    mdr32fxqi_dma.o(.text.DMA_SG_Init) refers to mdr32fxqi_dma.o(EXECUTABLE_MEMORY_SECTION) for DMA_ControlTable
    mdr32fxqi_dma.o(.ARM.exidx.text.DMA_SG_Init) refers to mdr32fxqi_dma.o(.text.DMA_SG_Init) for [Anonymous Symbol]
    mdr32fxqi_dma.o(.text.DMA_Init) refers to mdr32fxqi_dma.o(.text.DMA_CtrlDataInit) for DMA_CtrlDataInit
    mdr32fxqi_dma.o(.text.DMA_Init) refers to mdr32fxqi_dma.o(EXECUTABLE_MEMORY_SECTION) for DMA_ControlTable
    mdr32fxqi_dma.o(.ARM.exidx.text.DMA_Init) refers to mdr32fxqi_dma.o(.text.DMA_Init) for [Anonymous Symbol]
    mdr32fxqi_dma.o(.ARM.exidx.text.DMA_StructInit) refers to mdr32fxqi_dma.o(.text.DMA_StructInit) for [Anonymous Symbol]
    mdr32fxqi_dma.o(.ARM.exidx.text.DMA_SG_StructInit) refers to mdr32fxqi_dma.o(.text.DMA_SG_StructInit) for [Anonymous Symbol]
    mdr32fxqi_dma.o(.ARM.exidx.text.DMA_Cmd) refers to mdr32fxqi_dma.o(.text.DMA_Cmd) for [Anonymous Symbol]
    mdr32fxqi_dma.o(.ARM.exidx.text.DMA_Request) refers to mdr32fxqi_dma.o(.text.DMA_Request) for [Anonymous Symbol]
    mdr32fxqi_dma.o(.ARM.exidx.text.DMA_ClearError) refers to mdr32fxqi_dma.o(.text.DMA_ClearError) for [Anonymous Symbol]
    mdr32fxqi_dma.o(.ARM.exidx.text.DMA_GetCurrTransferCounter) refers to mdr32fxqi_dma.o(.text.DMA_GetCurrTransferCounter) for [Anonymous Symbol]
    mdr32fxqi_dma.o(.ARM.exidx.text.DMA_GetFlagStatus) refers to mdr32fxqi_dma.o(.text.DMA_GetFlagStatus) for [Anonymous Symbol]
    mdr32fxqi_ebc.o(.ARM.exidx.text.EBC_DeInit) refers to mdr32fxqi_ebc.o(.text.EBC_DeInit) for [Anonymous Symbol]
    mdr32fxqi_ebc.o(.ARM.exidx.text.EBC_Init) refers to mdr32fxqi_ebc.o(.text.EBC_Init) for [Anonymous Symbol]
    mdr32fxqi_ebc.o(.ARM.exidx.text.EBC_StructInit) refers to mdr32fxqi_ebc.o(.text.EBC_StructInit) for [Anonymous Symbol]
    mdr32fxqi_ebc.o(.text.EBC_CalcWaitStates) refers to aeabi_sdiv.o(.text) for __aeabi_uidiv
    mdr32fxqi_ebc.o(.ARM.exidx.text.EBC_CalcWaitStates) refers to mdr32fxqi_ebc.o(.text.EBC_CalcWaitStates) for [Anonymous Symbol]
    mdr32fxqi_ebc.o(.text.EBC_CalcNandCycles) refers to aeabi_sdiv.o(.text) for __aeabi_uidiv
    mdr32fxqi_ebc.o(.ARM.exidx.text.EBC_CalcNandCycles) refers to mdr32fxqi_ebc.o(.text.EBC_CalcNandCycles) for [Anonymous Symbol]
    mdr32fxqi_ebc.o(.ARM.exidx.text.EBC_GetBusyStatus) refers to mdr32fxqi_ebc.o(.text.EBC_GetBusyStatus) for [Anonymous Symbol]
    mdr32fxqi_ebc.o(.ARM.exidx.text.EBC_MemRegionStructInit) refers to mdr32fxqi_ebc.o(.text.EBC_MemRegionStructInit) for [Anonymous Symbol]
    mdr32fxqi_ebc.o(.ARM.exidx.text.EBC_MemRegionInit) refers to mdr32fxqi_ebc.o(.text.EBC_MemRegionInit) for [Anonymous Symbol]
    mdr32fxqi_ebc.o(.ARM.exidx.text.EBC_MemRegionCMD) refers to mdr32fxqi_ebc.o(.text.EBC_MemRegionCMD) for [Anonymous Symbol]
    mdr32fxqi_eeprom.o(.ARM.exidx.text.EEPROM_SetLatency) refers to mdr32fxqi_eeprom.o(.text.EEPROM_SetLatency) for [Anonymous Symbol]
    mdr32fxqi_eeprom.o(.ARM.exidx.text.EEPROM_GetLatency) refers to mdr32fxqi_eeprom.o(.text.EEPROM_GetLatency) for [Anonymous Symbol]
    mdr32fxqi_eeprom.o(EXECUTABLE_MEMORY_SECTION) refers to mdr32fxqi_eeprom_cache.o(EXECUTABLE_MEMORY_SECTION) for EEPROM_UpdateDCacheAsm
    mdr32fxqi_eeprom.o(.ARM.exidxEXECUTABLE_MEMORY_SECTION) refers to mdr32fxqi_eeprom.o(EXECUTABLE_MEMORY_SECTION) for [Anonymous Symbol]
    mdr32fxqi_port.o(.ARM.exidx.text.PORT_DeInit) refers to mdr32fxqi_port.o(.text.PORT_DeInit) for [Anonymous Symbol]
    mdr32fxqi_port.o(.ARM.exidx.text.PORT_Init) refers to mdr32fxqi_port.o(.text.PORT_Init) for [Anonymous Symbol]
    mdr32fxqi_port.o(.ARM.exidx.text.PORT_StructInit) refers to mdr32fxqi_port.o(.text.PORT_StructInit) for [Anonymous Symbol]
    mdr32fxqi_port.o(.ARM.exidx.text.PORT_ReadInputDataBit) refers to mdr32fxqi_port.o(.text.PORT_ReadInputDataBit) for [Anonymous Symbol]
    mdr32fxqi_port.o(.ARM.exidx.text.PORT_ReadInputData) refers to mdr32fxqi_port.o(.text.PORT_ReadInputData) for [Anonymous Symbol]
    mdr32fxqi_port.o(.ARM.exidx.text.PORT_SetBits) refers to mdr32fxqi_port.o(.text.PORT_SetBits) for [Anonymous Symbol]
    mdr32fxqi_port.o(.ARM.exidx.text.PORT_ResetBits) refers to mdr32fxqi_port.o(.text.PORT_ResetBits) for [Anonymous Symbol]
    mdr32fxqi_port.o(.ARM.exidx.text.PORT_WriteBit) refers to mdr32fxqi_port.o(.text.PORT_WriteBit) for [Anonymous Symbol]
    mdr32fxqi_port.o(.ARM.exidx.text.PORT_Write) refers to mdr32fxqi_port.o(.text.PORT_Write) for [Anonymous Symbol]
    mdr32fxqi_rst_clk.o(.text.RST_CLK_DeInit) refers to mdr32fxqi_rst_clk.o(.text.RST_CLK_WarmDeInit) for RST_CLK_WarmDeInit
    mdr32fxqi_rst_clk.o(.text.RST_CLK_DeInit) refers to mdr32fxqi_rst_clk.o(.text.RST_CLK_PCLKcmd) for RST_CLK_PCLKcmd
    mdr32fxqi_rst_clk.o(.ARM.exidx.text.RST_CLK_DeInit) refers to mdr32fxqi_rst_clk.o(.text.RST_CLK_DeInit) for [Anonymous Symbol]
    mdr32fxqi_rst_clk.o(.text.RST_CLK_WarmDeInit) refers to mdr32fxqi_rst_clk.o(.text.RST_CLK_HSIcmd) for RST_CLK_HSIcmd
    mdr32fxqi_rst_clk.o(.text.RST_CLK_WarmDeInit) refers to mdr32fxqi_rst_clk.o(.text.RST_CLK_HSIstatus) for RST_CLK_HSIstatus
    mdr32fxqi_rst_clk.o(.text.RST_CLK_WarmDeInit) refers to mdr32fxqi_rst_clk.o(.text.RST_CLK_CPUclkSelection) for RST_CLK_CPUclkSelection
    mdr32fxqi_rst_clk.o(.ARM.exidx.text.RST_CLK_WarmDeInit) refers to mdr32fxqi_rst_clk.o(.text.RST_CLK_WarmDeInit) for [Anonymous Symbol]
    mdr32fxqi_rst_clk.o(.ARM.exidx.text.RST_CLK_PCLKcmd) refers to mdr32fxqi_rst_clk.o(.text.RST_CLK_PCLKcmd) for [Anonymous Symbol]
    mdr32fxqi_rst_clk.o(.ARM.exidx.text.RST_CLK_HSIcmd) refers to mdr32fxqi_rst_clk.o(.text.RST_CLK_HSIcmd) for [Anonymous Symbol]
    mdr32fxqi_rst_clk.o(.text.RST_CLK_HSIstatus) refers to mdr32fxqi_rst_clk.o(.text.RST_CLK_GetFlagStatus) for RST_CLK_GetFlagStatus
    mdr32fxqi_rst_clk.o(.ARM.exidx.text.RST_CLK_HSIstatus) refers to mdr32fxqi_rst_clk.o(.text.RST_CLK_HSIstatus) for [Anonymous Symbol]
    mdr32fxqi_rst_clk.o(.ARM.exidx.text.RST_CLK_CPUclkSelection) refers to mdr32fxqi_rst_clk.o(.text.RST_CLK_CPUclkSelection) for [Anonymous Symbol]
    mdr32fxqi_rst_clk.o(.ARM.exidx.text.RST_CLK_HSEconfig) refers to mdr32fxqi_rst_clk.o(.text.RST_CLK_HSEconfig) for [Anonymous Symbol]
    mdr32fxqi_rst_clk.o(.text.RST_CLK_HSEstatus) refers to mdr32fxqi_rst_clk.o(.text.RST_CLK_GetFlagStatus) for RST_CLK_GetFlagStatus
    mdr32fxqi_rst_clk.o(.ARM.exidx.text.RST_CLK_HSEstatus) refers to mdr32fxqi_rst_clk.o(.text.RST_CLK_HSEstatus) for [Anonymous Symbol]
    mdr32fxqi_rst_clk.o(.ARM.exidx.text.RST_CLK_GetFlagStatus) refers to mdr32fxqi_rst_clk.o(.text.RST_CLK_GetFlagStatus) for [Anonymous Symbol]
    mdr32fxqi_rst_clk.o(.ARM.exidx.text.RST_CLK_HSE2config) refers to mdr32fxqi_rst_clk.o(.text.RST_CLK_HSE2config) for [Anonymous Symbol]
    mdr32fxqi_rst_clk.o(.text.RST_CLK_HSE2status) refers to mdr32fxqi_rst_clk.o(.text.RST_CLK_GetFlagStatus) for RST_CLK_GetFlagStatus
    mdr32fxqi_rst_clk.o(.ARM.exidx.text.RST_CLK_HSE2status) refers to mdr32fxqi_rst_clk.o(.text.RST_CLK_HSE2status) for [Anonymous Symbol]
    mdr32fxqi_rst_clk.o(.ARM.exidx.text.RST_CLK_LSEconfig) refers to mdr32fxqi_rst_clk.o(.text.RST_CLK_LSEconfig) for [Anonymous Symbol]
    mdr32fxqi_rst_clk.o(.text.RST_CLK_LSEstatus) refers to mdr32fxqi_rst_clk.o(.text.RST_CLK_GetFlagStatus) for RST_CLK_GetFlagStatus
    mdr32fxqi_rst_clk.o(.ARM.exidx.text.RST_CLK_LSEstatus) refers to mdr32fxqi_rst_clk.o(.text.RST_CLK_LSEstatus) for [Anonymous Symbol]
    mdr32fxqi_rst_clk.o(.ARM.exidx.text.RST_CLK_HSIadjust) refers to mdr32fxqi_rst_clk.o(.text.RST_CLK_HSIadjust) for [Anonymous Symbol]
    mdr32fxqi_rst_clk.o(.ARM.exidx.text.RST_CLK_LSIcmd) refers to mdr32fxqi_rst_clk.o(.text.RST_CLK_LSIcmd) for [Anonymous Symbol]
    mdr32fxqi_rst_clk.o(.ARM.exidx.text.RST_CLK_LSIadjust) refers to mdr32fxqi_rst_clk.o(.text.RST_CLK_LSIadjust) for [Anonymous Symbol]
    mdr32fxqi_rst_clk.o(.text.RST_CLK_LSIstatus) refers to mdr32fxqi_rst_clk.o(.text.RST_CLK_GetFlagStatus) for RST_CLK_GetFlagStatus
    mdr32fxqi_rst_clk.o(.ARM.exidx.text.RST_CLK_LSIstatus) refers to mdr32fxqi_rst_clk.o(.text.RST_CLK_LSIstatus) for [Anonymous Symbol]
    mdr32fxqi_rst_clk.o(.ARM.exidx.text.RST_CLK_CPU_PLLconfig) refers to mdr32fxqi_rst_clk.o(.text.RST_CLK_CPU_PLLconfig) for [Anonymous Symbol]
    mdr32fxqi_rst_clk.o(.ARM.exidx.text.RST_CLK_CPU_PLLuse) refers to mdr32fxqi_rst_clk.o(.text.RST_CLK_CPU_PLLuse) for [Anonymous Symbol]
    mdr32fxqi_rst_clk.o(.ARM.exidx.text.RST_CLK_CPU_PLLcmd) refers to mdr32fxqi_rst_clk.o(.text.RST_CLK_CPU_PLLcmd) for [Anonymous Symbol]
    mdr32fxqi_rst_clk.o(.text.RST_CLK_CPU_PLLstatus) refers to mdr32fxqi_rst_clk.o(.text.RST_CLK_GetFlagStatus) for RST_CLK_GetFlagStatus
    mdr32fxqi_rst_clk.o(.ARM.exidx.text.RST_CLK_CPU_PLLstatus) refers to mdr32fxqi_rst_clk.o(.text.RST_CLK_CPU_PLLstatus) for [Anonymous Symbol]
    mdr32fxqi_rst_clk.o(.ARM.exidx.text.RST_CLK_CPUclkPrescaler) refers to mdr32fxqi_rst_clk.o(.text.RST_CLK_CPUclkPrescaler) for [Anonymous Symbol]
    mdr32fxqi_rst_clk.o(.ARM.exidx.text.RST_CLK_USB_PLLconfig) refers to mdr32fxqi_rst_clk.o(.text.RST_CLK_USB_PLLconfig) for [Anonymous Symbol]
    mdr32fxqi_rst_clk.o(.ARM.exidx.text.RST_CLK_USB_PLLuse) refers to mdr32fxqi_rst_clk.o(.text.RST_CLK_USB_PLLuse) for [Anonymous Symbol]
    mdr32fxqi_rst_clk.o(.ARM.exidx.text.RST_CLK_USB_PLLcmd) refers to mdr32fxqi_rst_clk.o(.text.RST_CLK_USB_PLLcmd) for [Anonymous Symbol]
    mdr32fxqi_rst_clk.o(.text.RST_CLK_USB_PLLstatus) refers to mdr32fxqi_rst_clk.o(.text.RST_CLK_GetFlagStatus) for RST_CLK_GetFlagStatus
    mdr32fxqi_rst_clk.o(.ARM.exidx.text.RST_CLK_USB_PLLstatus) refers to mdr32fxqi_rst_clk.o(.text.RST_CLK_USB_PLLstatus) for [Anonymous Symbol]
    mdr32fxqi_rst_clk.o(.ARM.exidx.text.RST_CLK_USBclkPrescaler) refers to mdr32fxqi_rst_clk.o(.text.RST_CLK_USBclkPrescaler) for [Anonymous Symbol]
    mdr32fxqi_rst_clk.o(.ARM.exidx.text.RST_CLK_USBclkEnable) refers to mdr32fxqi_rst_clk.o(.text.RST_CLK_USBclkEnable) for [Anonymous Symbol]
    mdr32fxqi_rst_clk.o(.ARM.exidx.text.RST_CLK_ADCclkSelection) refers to mdr32fxqi_rst_clk.o(.text.RST_CLK_ADCclkSelection) for [Anonymous Symbol]
    mdr32fxqi_rst_clk.o(.ARM.exidx.text.RST_CLK_ADCclkPrescaler) refers to mdr32fxqi_rst_clk.o(.text.RST_CLK_ADCclkPrescaler) for [Anonymous Symbol]
    mdr32fxqi_rst_clk.o(.ARM.exidx.text.RST_CLK_ADCclkEnable) refers to mdr32fxqi_rst_clk.o(.text.RST_CLK_ADCclkEnable) for [Anonymous Symbol]
    mdr32fxqi_rst_clk.o(.ARM.exidx.text.RST_CLK_HSIclkPrescaler) refers to mdr32fxqi_rst_clk.o(.text.RST_CLK_HSIclkPrescaler) for [Anonymous Symbol]
    mdr32fxqi_rst_clk.o(.ARM.exidx.text.RST_CLK_RTC_HSIclkEnable) refers to mdr32fxqi_rst_clk.o(.text.RST_CLK_RTC_HSIclkEnable) for [Anonymous Symbol]
    mdr32fxqi_rst_clk.o(.ARM.exidx.text.RST_CLK_HSEclkPrescaler) refers to mdr32fxqi_rst_clk.o(.text.RST_CLK_HSEclkPrescaler) for [Anonymous Symbol]
    mdr32fxqi_rst_clk.o(.ARM.exidx.text.RST_CLK_RTC_HSEclkEnable) refers to mdr32fxqi_rst_clk.o(.text.RST_CLK_RTC_HSEclkEnable) for [Anonymous Symbol]
    mdr32fxqi_rst_clk.o(.ARM.exidx.text.RST_CLK_CPUclkSelectionC1) refers to mdr32fxqi_rst_clk.o(.text.RST_CLK_CPUclkSelectionC1) for [Anonymous Symbol]
    mdr32fxqi_rst_clk.o(.text.RST_CLK_GetClocksFreq) refers to aeabi_sdiv.o(.text) for __aeabi_uidiv
    mdr32fxqi_rst_clk.o(.ARM.exidx.text.RST_CLK_GetClocksFreq) refers to mdr32fxqi_rst_clk.o(.text.RST_CLK_GetClocksFreq) for [Anonymous Symbol]
    mdr32fxqi_ssp.o(.ARM.exidx.text.SSP_DeInit) refers to mdr32fxqi_ssp.o(.text.SSP_DeInit) for [Anonymous Symbol]
    mdr32fxqi_ssp.o(.ARM.exidx.text.SSP_Init) refers to mdr32fxqi_ssp.o(.text.SSP_Init) for [Anonymous Symbol]
    mdr32fxqi_ssp.o(.ARM.exidx.text.SSP_StructInit) refers to mdr32fxqi_ssp.o(.text.SSP_StructInit) for [Anonymous Symbol]
    mdr32fxqi_ssp.o(.ARM.exidx.text.SSP_Cmd) refers to mdr32fxqi_ssp.o(.text.SSP_Cmd) for [Anonymous Symbol]
    mdr32fxqi_ssp.o(.ARM.exidx.text.SSP_ITConfig) refers to mdr32fxqi_ssp.o(.text.SSP_ITConfig) for [Anonymous Symbol]
    mdr32fxqi_ssp.o(.ARM.exidx.text.SSP_GetITStatus) refers to mdr32fxqi_ssp.o(.text.SSP_GetITStatus) for [Anonymous Symbol]
    mdr32fxqi_ssp.o(.ARM.exidx.text.SSP_GetITStatusMasked) refers to mdr32fxqi_ssp.o(.text.SSP_GetITStatusMasked) for [Anonymous Symbol]
    mdr32fxqi_ssp.o(.ARM.exidx.text.SSP_ClearITPendingBit) refers to mdr32fxqi_ssp.o(.text.SSP_ClearITPendingBit) for [Anonymous Symbol]
    mdr32fxqi_ssp.o(.ARM.exidx.text.SSP_DMACmd) refers to mdr32fxqi_ssp.o(.text.SSP_DMACmd) for [Anonymous Symbol]
    mdr32fxqi_ssp.o(.ARM.exidx.text.SSP_SendData) refers to mdr32fxqi_ssp.o(.text.SSP_SendData) for [Anonymous Symbol]
    mdr32fxqi_ssp.o(.ARM.exidx.text.SSP_ReceiveData) refers to mdr32fxqi_ssp.o(.text.SSP_ReceiveData) for [Anonymous Symbol]
    mdr32fxqi_ssp.o(.ARM.exidx.text.SSP_GetFlagStatus) refers to mdr32fxqi_ssp.o(.text.SSP_GetFlagStatus) for [Anonymous Symbol]
    mdr32fxqi_ssp.o(.ARM.exidx.text.SSP_BRGInit) refers to mdr32fxqi_ssp.o(.text.SSP_BRGInit) for [Anonymous Symbol]
    mdr32fxqi_timer.o(.ARM.exidx.text.TIMER_DeInit) refers to mdr32fxqi_timer.o(.text.TIMER_DeInit) for [Anonymous Symbol]
    mdr32fxqi_timer.o(.ARM.exidx.text.TIMER_CntInit) refers to mdr32fxqi_timer.o(.text.TIMER_CntInit) for [Anonymous Symbol]
    mdr32fxqi_timer.o(.ARM.exidx.text.TIMER_CntStructInit) refers to mdr32fxqi_timer.o(.text.TIMER_CntStructInit) for [Anonymous Symbol]
    mdr32fxqi_timer.o(.ARM.exidx.text.TIMER_Cmd) refers to mdr32fxqi_timer.o(.text.TIMER_Cmd) for [Anonymous Symbol]
    mdr32fxqi_timer.o(.ARM.exidx.text.TIMER_SetCounter) refers to mdr32fxqi_timer.o(.text.TIMER_SetCounter) for [Anonymous Symbol]
    mdr32fxqi_timer.o(.ARM.exidx.text.TIMER_GetCounter) refers to mdr32fxqi_timer.o(.text.TIMER_GetCounter) for [Anonymous Symbol]
    mdr32fxqi_timer.o(.ARM.exidx.text.TIMER_SetCntPrescaler) refers to mdr32fxqi_timer.o(.text.TIMER_SetCntPrescaler) for [Anonymous Symbol]
    mdr32fxqi_timer.o(.ARM.exidx.text.TIMER_GetCntPrescaler) refers to mdr32fxqi_timer.o(.text.TIMER_GetCntPrescaler) for [Anonymous Symbol]
    mdr32fxqi_timer.o(.ARM.exidx.text.TIMER_SetCntAutoreload) refers to mdr32fxqi_timer.o(.text.TIMER_SetCntAutoreload) for [Anonymous Symbol]
    mdr32fxqi_timer.o(.ARM.exidx.text.TIMER_CntAutoreloadConfig) refers to mdr32fxqi_timer.o(.text.TIMER_CntAutoreloadConfig) for [Anonymous Symbol]
    mdr32fxqi_timer.o(.ARM.exidx.text.TIMER_GetCntAutoreload) refers to mdr32fxqi_timer.o(.text.TIMER_GetCntAutoreload) for [Anonymous Symbol]
    mdr32fxqi_timer.o(.ARM.exidx.text.TIMER_CntEventSourceConfig) refers to mdr32fxqi_timer.o(.text.TIMER_CntEventSourceConfig) for [Anonymous Symbol]
    mdr32fxqi_timer.o(.ARM.exidx.text.TIMER_FilterSamplingConfig) refers to mdr32fxqi_timer.o(.text.TIMER_FilterSamplingConfig) for [Anonymous Symbol]
    mdr32fxqi_timer.o(.ARM.exidx.text.TIMER_CounterModeConfig) refers to mdr32fxqi_timer.o(.text.TIMER_CounterModeConfig) for [Anonymous Symbol]
    mdr32fxqi_timer.o(.ARM.exidx.text.TIMER_SetCounterDirection) refers to mdr32fxqi_timer.o(.text.TIMER_SetCounterDirection) for [Anonymous Symbol]
    mdr32fxqi_timer.o(.ARM.exidx.text.TIMER_ETRInputConfig) refers to mdr32fxqi_timer.o(.text.TIMER_ETRInputConfig) for [Anonymous Symbol]
    mdr32fxqi_timer.o(.ARM.exidx.text.TIMER_ETRFilterConfig) refers to mdr32fxqi_timer.o(.text.TIMER_ETRFilterConfig) for [Anonymous Symbol]
    mdr32fxqi_timer.o(.ARM.exidx.text.TIMER_ETRPrescalerConfig) refers to mdr32fxqi_timer.o(.text.TIMER_ETRPrescalerConfig) for [Anonymous Symbol]
    mdr32fxqi_timer.o(.ARM.exidx.text.TIMER_ETRPolarityConfig) refers to mdr32fxqi_timer.o(.text.TIMER_ETRPolarityConfig) for [Anonymous Symbol]
    mdr32fxqi_timer.o(.ARM.exidx.text.TIMER_BRKPolarityConfig) refers to mdr32fxqi_timer.o(.text.TIMER_BRKPolarityConfig) for [Anonymous Symbol]
    mdr32fxqi_timer.o(.ARM.exidx.text.TIMER_GetCounterDirection) refers to mdr32fxqi_timer.o(.text.TIMER_GetCounterDirection) for [Anonymous Symbol]
    mdr32fxqi_timer.o(.ARM.exidx.text.TIMER_GetCntWriteComplete) refers to mdr32fxqi_timer.o(.text.TIMER_GetCntWriteComplete) for [Anonymous Symbol]
    mdr32fxqi_timer.o(.ARM.exidx.text.TIMER_ChnInit) refers to mdr32fxqi_timer.o(.text.TIMER_ChnInit) for [Anonymous Symbol]
    mdr32fxqi_timer.o(.ARM.exidx.text.TIMER_ChnStructInit) refers to mdr32fxqi_timer.o(.text.TIMER_ChnStructInit) for [Anonymous Symbol]
    mdr32fxqi_timer.o(.ARM.exidx.text.TIMER_SetChnCompare) refers to mdr32fxqi_timer.o(.text.TIMER_SetChnCompare) for [Anonymous Symbol]
    mdr32fxqi_timer.o(.ARM.exidx.text.TIMER_ChnCompareConfig) refers to mdr32fxqi_timer.o(.text.TIMER_ChnCompareConfig) for [Anonymous Symbol]
    mdr32fxqi_timer.o(.ARM.exidx.text.TIMER_GetChnCapture) refers to mdr32fxqi_timer.o(.text.TIMER_GetChnCapture) for [Anonymous Symbol]
    mdr32fxqi_timer.o(.ARM.exidx.text.TIMER_SetChnCompare1) refers to mdr32fxqi_timer.o(.text.TIMER_SetChnCompare1) for [Anonymous Symbol]
    mdr32fxqi_timer.o(.ARM.exidx.text.TIMER_ChnCompare1Config) refers to mdr32fxqi_timer.o(.text.TIMER_ChnCompare1Config) for [Anonymous Symbol]
    mdr32fxqi_timer.o(.ARM.exidx.text.TIMER_GetChnCapture1) refers to mdr32fxqi_timer.o(.text.TIMER_GetChnCapture1) for [Anonymous Symbol]
    mdr32fxqi_timer.o(.ARM.exidx.text.TIMER_ChnETR_Cmd) refers to mdr32fxqi_timer.o(.text.TIMER_ChnETR_Cmd) for [Anonymous Symbol]
    mdr32fxqi_timer.o(.ARM.exidx.text.TIMER_ChnETRResetConfig) refers to mdr32fxqi_timer.o(.text.TIMER_ChnETRResetConfig) for [Anonymous Symbol]
    mdr32fxqi_timer.o(.ARM.exidx.text.TIMER_ChnBRKResetConfig) refers to mdr32fxqi_timer.o(.text.TIMER_ChnBRKResetConfig) for [Anonymous Symbol]
    mdr32fxqi_timer.o(.ARM.exidx.text.TIMER_ChnREFFormatConfig) refers to mdr32fxqi_timer.o(.text.TIMER_ChnREFFormatConfig) for [Anonymous Symbol]
    mdr32fxqi_timer.o(.ARM.exidx.text.TIMER_ChnCapturePrescalerConfig) refers to mdr32fxqi_timer.o(.text.TIMER_ChnCapturePrescalerConfig) for [Anonymous Symbol]
    mdr32fxqi_timer.o(.ARM.exidx.text.TIMER_ChnEventSourceConfig) refers to mdr32fxqi_timer.o(.text.TIMER_ChnEventSourceConfig) for [Anonymous Symbol]
    mdr32fxqi_timer.o(.ARM.exidx.text.TIMER_ChnFilterConfig) refers to mdr32fxqi_timer.o(.text.TIMER_ChnFilterConfig) for [Anonymous Symbol]
    mdr32fxqi_timer.o(.ARM.exidx.text.TIMER_GetChnWriteComplete) refers to mdr32fxqi_timer.o(.text.TIMER_GetChnWriteComplete) for [Anonymous Symbol]
    mdr32fxqi_timer.o(.ARM.exidx.text.TIMER_ChnCCR1_EventSourceConfig) refers to mdr32fxqi_timer.o(.text.TIMER_ChnCCR1_EventSourceConfig) for [Anonymous Symbol]
    mdr32fxqi_timer.o(.ARM.exidx.text.TIMER_ChnCCR1_Cmd) refers to mdr32fxqi_timer.o(.text.TIMER_ChnCCR1_Cmd) for [Anonymous Symbol]
    mdr32fxqi_timer.o(.ARM.exidx.text.TIMER_ChnOutInit) refers to mdr32fxqi_timer.o(.text.TIMER_ChnOutInit) for [Anonymous Symbol]
    mdr32fxqi_timer.o(.ARM.exidx.text.TIMER_ChnOutStructInit) refers to mdr32fxqi_timer.o(.text.TIMER_ChnOutStructInit) for [Anonymous Symbol]
    mdr32fxqi_timer.o(.ARM.exidx.text.TIMER_ChnOutConfig) refers to mdr32fxqi_timer.o(.text.TIMER_ChnOutConfig) for [Anonymous Symbol]
    mdr32fxqi_timer.o(.ARM.exidx.text.TIMER_ChnOutSourceConfig) refers to mdr32fxqi_timer.o(.text.TIMER_ChnOutSourceConfig) for [Anonymous Symbol]
    mdr32fxqi_timer.o(.ARM.exidx.text.TIMER_ChnOutModeConfig) refers to mdr32fxqi_timer.o(.text.TIMER_ChnOutModeConfig) for [Anonymous Symbol]
    mdr32fxqi_timer.o(.ARM.exidx.text.TIMER_ChnOutPolarityConfig) refers to mdr32fxqi_timer.o(.text.TIMER_ChnOutPolarityConfig) for [Anonymous Symbol]
    mdr32fxqi_timer.o(.ARM.exidx.text.TIMER_ChnNOutConfig) refers to mdr32fxqi_timer.o(.text.TIMER_ChnNOutConfig) for [Anonymous Symbol]
    mdr32fxqi_timer.o(.ARM.exidx.text.TIMER_ChnNOutSourceConfig) refers to mdr32fxqi_timer.o(.text.TIMER_ChnNOutSourceConfig) for [Anonymous Symbol]
    mdr32fxqi_timer.o(.ARM.exidx.text.TIMER_ChnNOutModeConfig) refers to mdr32fxqi_timer.o(.text.TIMER_ChnNOutModeConfig) for [Anonymous Symbol]
    mdr32fxqi_timer.o(.ARM.exidx.text.TIMER_ChnNOutPolarityConfig) refers to mdr32fxqi_timer.o(.text.TIMER_ChnNOutPolarityConfig) for [Anonymous Symbol]
    mdr32fxqi_timer.o(.ARM.exidx.text.TIMER_ChnOutDTGConfig) refers to mdr32fxqi_timer.o(.text.TIMER_ChnOutDTGConfig) for [Anonymous Symbol]
    mdr32fxqi_timer.o(.ARM.exidx.text.TIMER_GetStatus) refers to mdr32fxqi_timer.o(.text.TIMER_GetStatus) for [Anonymous Symbol]
    mdr32fxqi_timer.o(.ARM.exidx.text.TIMER_GetFlagStatus) refers to mdr32fxqi_timer.o(.text.TIMER_GetFlagStatus) for [Anonymous Symbol]
    mdr32fxqi_timer.o(.ARM.exidx.text.TIMER_ClearFlag) refers to mdr32fxqi_timer.o(.text.TIMER_ClearFlag) for [Anonymous Symbol]
    mdr32fxqi_timer.o(.ARM.exidx.text.TIMER_DMACmd) refers to mdr32fxqi_timer.o(.text.TIMER_DMACmd) for [Anonymous Symbol]
    mdr32fxqi_timer.o(.ARM.exidx.text.TIMER_ITConfig) refers to mdr32fxqi_timer.o(.text.TIMER_ITConfig) for [Anonymous Symbol]
    mdr32fxqi_timer.o(.ARM.exidx.text.TIMER_GetITStatus) refers to mdr32fxqi_timer.o(.text.TIMER_GetITStatus) for [Anonymous Symbol]
    mdr32fxqi_timer.o(.ARM.exidx.text.TIMER_BRGInit) refers to mdr32fxqi_timer.o(.text.TIMER_BRGInit) for [Anonymous Symbol]
    mdr32fxqi_uart.o(.ARM.exidx.text.UART_DeInit) refers to mdr32fxqi_uart.o(.text.UART_DeInit) for [Anonymous Symbol]
    mdr32fxqi_uart.o(.text.UART_Init) refers to mdr32fxqi_rst_clk.o(.text.RST_CLK_GetClocksFreq) for RST_CLK_GetClocksFreq
    mdr32fxqi_uart.o(.text.UART_Init) refers to aeabi_sdiv.o(.text) for __aeabi_uidiv
    mdr32fxqi_uart.o(.ARM.exidx.text.UART_Init) refers to mdr32fxqi_uart.o(.text.UART_Init) for [Anonymous Symbol]
    mdr32fxqi_uart.o(.ARM.exidx.text.UART_StructInit) refers to mdr32fxqi_uart.o(.text.UART_StructInit) for [Anonymous Symbol]
    mdr32fxqi_uart.o(.ARM.exidx.text.UART_Cmd) refers to mdr32fxqi_uart.o(.text.UART_Cmd) for [Anonymous Symbol]
    mdr32fxqi_uart.o(.ARM.exidx.text.UART_ITConfig) refers to mdr32fxqi_uart.o(.text.UART_ITConfig) for [Anonymous Symbol]
    mdr32fxqi_uart.o(.ARM.exidx.text.UART_GetITStatus) refers to mdr32fxqi_uart.o(.text.UART_GetITStatus) for [Anonymous Symbol]
    mdr32fxqi_uart.o(.ARM.exidx.text.UART_GetITStatusMasked) refers to mdr32fxqi_uart.o(.text.UART_GetITStatusMasked) for [Anonymous Symbol]
    mdr32fxqi_uart.o(.ARM.exidx.text.UART_ClearITPendingBit) refers to mdr32fxqi_uart.o(.text.UART_ClearITPendingBit) for [Anonymous Symbol]
    mdr32fxqi_uart.o(.ARM.exidx.text.UART_DMAConfig) refers to mdr32fxqi_uart.o(.text.UART_DMAConfig) for [Anonymous Symbol]
    mdr32fxqi_uart.o(.ARM.exidx.text.UART_DMACmd) refers to mdr32fxqi_uart.o(.text.UART_DMACmd) for [Anonymous Symbol]
    mdr32fxqi_uart.o(.ARM.exidx.text.UART_SendData) refers to mdr32fxqi_uart.o(.text.UART_SendData) for [Anonymous Symbol]
    mdr32fxqi_uart.o(.ARM.exidx.text.UART_ReceiveData) refers to mdr32fxqi_uart.o(.text.UART_ReceiveData) for [Anonymous Symbol]
    mdr32fxqi_uart.o(.ARM.exidx.text.UART_BreakLine) refers to mdr32fxqi_uart.o(.text.UART_BreakLine) for [Anonymous Symbol]
    mdr32fxqi_uart.o(.text.UART_IrDAConfig) refers to mdr32fxqi_rst_clk.o(.text.RST_CLK_GetClocksFreq) for RST_CLK_GetClocksFreq
    mdr32fxqi_uart.o(.text.UART_IrDAConfig) refers to aeabi_sdiv.o(.text) for __aeabi_uidiv
    mdr32fxqi_uart.o(.ARM.exidx.text.UART_IrDAConfig) refers to mdr32fxqi_uart.o(.text.UART_IrDAConfig) for [Anonymous Symbol]
    mdr32fxqi_uart.o(.ARM.exidx.text.UART_IrDACmd) refers to mdr32fxqi_uart.o(.text.UART_IrDACmd) for [Anonymous Symbol]
    mdr32fxqi_uart.o(.ARM.exidx.text.UART_GetFlagStatus) refers to mdr32fxqi_uart.o(.text.UART_GetFlagStatus) for [Anonymous Symbol]
    mdr32fxqi_uart.o(.ARM.exidx.text.UART_BRGInit) refers to mdr32fxqi_uart.o(.text.UART_BRGInit) for [Anonymous Symbol]
    rt_memcpy.o(.text) refers to rt_memcpy.o(.emb_text) for __aeabi_memcpy4
    strncpy.o(.text) refers to rt_memclr.o(.text) for __rt_memclr
    __main.o(!!!main) refers to __rtentry.o(.ARM.Collect$$rtentry$$00000000) for __rt_entry
    d2f.o(.text) refers (Special) to usenofp.o(x$fpl$usenofp) for __I$use$fp
    daddsub.o(.text) refers (Special) to usenofp.o(x$fpl$usenofp) for __I$use$fp
    dflti.o(.text) refers (Special) to usenofp.o(x$fpl$usenofp) for __I$use$fp
    dmul.o(.text) refers (Special) to usenofp.o(x$fpl$usenofp) for __I$use$fp
    faddsub.o(x$fpl$fadd) refers (Special) to usenofp.o(x$fpl$usenofp) for __I$use$fp
    faddsub.o(x$fpl$fadd) refers to faddsub.o(x$fpl$fsub) for _fsub1
    faddsub.o(x$fpl$frsb) refers (Special) to usenofp.o(x$fpl$usenofp) for __I$use$fp
    faddsub.o(x$fpl$frsb) refers to faddsub.o(x$fpl$fsub) for _fsub1
    faddsub.o(x$fpl$frsb) refers to faddsub.o(x$fpl$fadd) for _fadd1
    faddsub.o(x$fpl$fsub) refers (Special) to usenofp.o(x$fpl$usenofp) for __I$use$fp
    faddsub.o(x$fpl$fsub) refers to faddsub.o(x$fpl$fadd) for _fadd1
    pow.o(i.__softfp_pow) refers (Special) to usenofp.o(x$fpl$usenofp) for __I$use$fp
    pow.o(i.__softfp_pow) refers to pow.o(i.pow) for pow
    pow.o(i.pow) refers (Special) to usenofp.o(x$fpl$usenofp) for __I$use$fp
    pow.o(i.pow) refers to dunder.o(i.__mathlib_dbl_infnan2) for __mathlib_dbl_infnan2
    pow.o(i.pow) refers to _rserrno.o(.text) for __set_errno
    pow.o(i.pow) refers to dunder.o(i.__mathlib_dbl_divzero) for __mathlib_dbl_divzero
    pow.o(i.pow) refers to ddiv.o(.text) for __aeabi_ddiv
    pow.o(i.pow) refers to sqrt.o(i.sqrt) for sqrt
    pow.o(i.pow) refers to dflti.o(.text) for __aeabi_i2d
    pow.o(i.pow) refers to dunder.o(i.__mathlib_dbl_invalid) for __mathlib_dbl_invalid
    pow.o(i.pow) refers to dunder.o(i.__mathlib_dbl_overflow) for __mathlib_dbl_overflow
    pow.o(i.pow) refers to dmul.o(.text) for __aeabi_dmul
    pow.o(i.pow) refers to dunder.o(i.__mathlib_dbl_underflow) for __mathlib_dbl_underflow
    pow.o(i.pow) refers to daddsub.o(.text) for __aeabi_dsub
    pow.o(i.pow) refers to dscalbn.o(.text) for __ARM_scalbn
    pow.o(i.pow) refers to qnan.o(.constdata) for __mathlib_zero
    pow.o(i.pow) refers to poly.o(i.__kernel_poly) for __kernel_poly
    pow.o(i.pow) refers to drlef.o(x$fpl$drleqf) for __aeabi_cdrcmple
    pow.o(i.pow) refers to pow.o(.constdata) for .constdata
    pow.o(i.pow) refers to fpclassify.o(i.__ARM_fpclassify) for __ARM_fpclassify
    pow.o(.constdata) refers (Special) to usenofp.o(x$fpl$usenofp) for __I$use$fp
    __rtentry.o(.ARM.Collect$$rtentry$$00000000) refers (Special) to __rtentry2.o(.ARM.Collect$$rtentry$$0000000A) for __rt_entry_li
    __rtentry.o(.ARM.Collect$$rtentry$$00000000) refers (Special) to __rtentry2.o(.ARM.Collect$$rtentry$$0000000D) for __rt_entry_main
    __rtentry.o(.ARM.Collect$$rtentry$$00000000) refers (Special) to __rtentry2.o(.ARM.Collect$$rtentry$$0000000C) for __rt_entry_postli_1
    __rtentry.o(.ARM.Collect$$rtentry$$00000000) refers (Special) to __rtentry2.o(.ARM.Collect$$rtentry$$00000009) for __rt_entry_postsh_1
    __rtentry.o(.ARM.Collect$$rtentry$$00000000) refers (Special) to __rtentry2.o(.ARM.Collect$$rtentry$$00000002) for __rt_entry_presh_1
    __rtentry.o(.ARM.Collect$$rtentry$$00000000) refers (Special) to __rtentry4.o(.ARM.Collect$$rtentry$$00000004) for __rt_entry_sh
    aeabi_idiv0_sigfpe.o(.text) refers to rt_div0.o(.text) for __rt_div0
    _rserrno.o(.text) refers to rt_errno_addr_intlibspace.o(.text) for __aeabi_errno_addr
    ddiv.o(.text) refers (Special) to usenofp.o(x$fpl$usenofp) for __I$use$fp
    ddiv.o(.text) refers to ddiv.o(.constdata) for .constdata
    ddiv.o(.constdata) refers (Special) to usenofp.o(x$fpl$usenofp) for __I$use$fp
    drlef.o(x$fpl$drleqf) refers (Special) to usenofp.o(x$fpl$usenofp) for __I$use$fp
    drlef.o(x$fpl$drleqf) refers to dcmpin.o(.text) for __fpl_dcmp_InfNaN
    dscalbn.o(.text) refers (Special) to usenofp.o(x$fpl$usenofp) for __I$use$fp
    dunder.o(i.__mathlib_dbl_divzero) refers to ddiv.o(.text) for __aeabi_ddiv
    dunder.o(i.__mathlib_dbl_infnan) refers to dscalbn.o(.text) for __ARM_scalbn
    dunder.o(i.__mathlib_dbl_infnan2) refers to daddsub.o(.text) for __aeabi_dadd
    dunder.o(i.__mathlib_dbl_invalid) refers to ddiv.o(.text) for __aeabi_ddiv
    dunder.o(i.__mathlib_dbl_overflow) refers to dscalbn.o(.text) for __ARM_scalbn
    dunder.o(i.__mathlib_dbl_posinfnan) refers to dmul.o(.text) for __aeabi_dmul
    dunder.o(i.__mathlib_dbl_underflow) refers to dscalbn.o(.text) for __ARM_scalbn
    fpclassify.o(i.__ARM_fpclassify) refers (Special) to usenofp.o(x$fpl$usenofp) for __I$use$fp
    poly.o(i.__kernel_poly) refers (Special) to usenofp.o(x$fpl$usenofp) for __I$use$fp
    poly.o(i.__kernel_poly) refers to dmul.o(.text) for __aeabi_dmul
    poly.o(i.__kernel_poly) refers to daddsub.o(.text) for __aeabi_dadd
    qnan.o(.constdata) refers (Special) to usenofp.o(x$fpl$usenofp) for __I$use$fp
    sqrt.o(i.__softfp_sqrt) refers (Special) to usenofp.o(x$fpl$usenofp) for __I$use$fp
    sqrt.o(i.__softfp_sqrt) refers to dsqrt.o(.text) for _dsqrt
    sqrt.o(i.__softfp_sqrt) refers to _rserrno.o(.text) for __set_errno
    sqrt.o(i.sqrt) refers (Special) to usenofp.o(x$fpl$usenofp) for __I$use$fp
    sqrt.o(i.sqrt) refers to dsqrt.o(.text) for _dsqrt
    sqrt.o(i.sqrt) refers to _rserrno.o(.text) for __set_errno
    __rtentry2.o(.ARM.Collect$$rtentry$$00000008) refers to boardinit2.o(.text) for _platform_post_stackheap_init
    __rtentry2.o(.ARM.Collect$$rtentry$$0000000A) refers to libinit.o(.ARM.Collect$$libinit$$00000000) for __rt_lib_init
    __rtentry2.o(.ARM.Collect$$rtentry$$0000000B) refers to boardinit3.o(.text) for _platform_post_lib_init
    __rtentry2.o(.ARM.Collect$$rtentry$$0000000D) refers to main.o(.text.main) for main
    __rtentry2.o(.ARM.Collect$$rtentry$$0000000D) refers to exit.o(.text) for exit
    __rtentry2.o(.ARM.exidx) refers to __rtentry2.o(.ARM.Collect$$rtentry$$00000001) for .ARM.Collect$$rtentry$$00000001
    __rtentry2.o(.ARM.exidx) refers to __rtentry2.o(.ARM.Collect$$rtentry$$00000008) for .ARM.Collect$$rtentry$$00000008
    __rtentry2.o(.ARM.exidx) refers to __rtentry2.o(.ARM.Collect$$rtentry$$0000000A) for .ARM.Collect$$rtentry$$0000000A
    __rtentry2.o(.ARM.exidx) refers to __rtentry2.o(.ARM.Collect$$rtentry$$0000000B) for .ARM.Collect$$rtentry$$0000000B
    __rtentry2.o(.ARM.exidx) refers to __rtentry2.o(.ARM.Collect$$rtentry$$0000000D) for .ARM.Collect$$rtentry$$0000000D
    __rtentry4.o(.ARM.Collect$$rtentry$$00000004) refers to sys_stackheap_outer.o(.text) for __user_setup_stackheap
    __rtentry4.o(.ARM.exidx) refers to __rtentry4.o(.ARM.Collect$$rtentry$$00000004) for .ARM.Collect$$rtentry$$00000004
    rt_div0.o(.text) refers to defsig_fpe_outer.o(.text) for __rt_SIGFPE
    rt_errno_addr.o(.text) refers to rt_errno_addr.o(.bss) for __aeabi_errno_addr_data
    rt_errno_addr_intlibspace.o(.text) refers to libspace.o(.bss) for __libspace_start
    dcmpin.o(.text) refers (Special) to usenofp.o(x$fpl$usenofp) for __I$use$fp
    dcmpin.o(.text) refers to cmpret.o(.text) for __fpl_cmpreturn
    dcmpin.o(.text) refers to dnan2.o(.text) for __fpl_dcheck_NaN2
    dsqrt.o(.text) refers (Special) to usenofp.o(x$fpl$usenofp) for __I$use$fp
    libspace.o(.text) refers to libspace.o(.bss) for __libspace_start
    sys_stackheap_outer.o(.text) refers to libspace.o(.text) for __user_perproc_libspace
    sys_stackheap_outer.o(.text) refers to startup_mdr32f1qi.o(.text) for __user_initial_stackheap
    sys_stackheap_outer.o(__vectab_stack_and_reset_area) refers to tempstk.o(.text) for __temporary_stack_top
    sys_stackheap_outer.o(__vectab_stack_and_reset_area) refers to __main.o(!!!main) for __main
    exit.o(.text) refers to rtexit.o(.ARM.Collect$$rtexit$$00000000) for __rt_exit
    defsig_fpe_outer.o(.text) refers to defsig_fpe_inner.o(.text) for __rt_SIGFPE_inner
    defsig_fpe_outer.o(.text) refers to defsig_exit.o(.text) for __sig_exit
    defsig_fpe_formal.o(.text) refers to rt_raise.o(.text) for __rt_raise
    libinit.o(.ARM.Collect$$libinit$$00000000) refers (Special) to libinit2.o(.ARM.Collect$$libinit$$00000030) for __rt_lib_init_alloca_1
    libinit.o(.ARM.Collect$$libinit$$00000000) refers (Special) to libinit2.o(.ARM.Collect$$libinit$$0000002E) for __rt_lib_init_argv_1
    libinit.o(.ARM.Collect$$libinit$$00000000) refers (Special) to libinit2.o(.ARM.Collect$$libinit$$0000001D) for __rt_lib_init_atexit_1
    libinit.o(.ARM.Collect$$libinit$$00000000) refers (Special) to libinit2.o(.ARM.Collect$$libinit$$00000023) for __rt_lib_init_clock_1
    libinit.o(.ARM.Collect$$libinit$$00000000) refers (Special) to libinit2.o(.ARM.Collect$$libinit$$00000034) for __rt_lib_init_cpp_1
    libinit.o(.ARM.Collect$$libinit$$00000000) refers (Special) to libinit2.o(.ARM.Collect$$libinit$$00000032) for __rt_lib_init_exceptions_1
    libinit.o(.ARM.Collect$$libinit$$00000000) refers (Special) to libinit2.o(.ARM.Collect$$libinit$$00000002) for __rt_lib_init_fp_1
    libinit.o(.ARM.Collect$$libinit$$00000000) refers (Special) to libinit2.o(.ARM.Collect$$libinit$$00000021) for __rt_lib_init_fp_trap_1
    libinit.o(.ARM.Collect$$libinit$$00000000) refers (Special) to libinit2.o(.ARM.Collect$$libinit$$00000025) for __rt_lib_init_getenv_1
    libinit.o(.ARM.Collect$$libinit$$00000000) refers (Special) to libinit2.o(.ARM.Collect$$libinit$$0000000C) for __rt_lib_init_heap_1
    libinit.o(.ARM.Collect$$libinit$$00000000) refers (Special) to libinit2.o(.ARM.Collect$$libinit$$00000013) for __rt_lib_init_lc_collate_1
    libinit.o(.ARM.Collect$$libinit$$00000000) refers (Special) to libinit2.o(.ARM.Collect$$libinit$$00000015) for __rt_lib_init_lc_ctype_1
    libinit.o(.ARM.Collect$$libinit$$00000000) refers (Special) to libinit2.o(.ARM.Collect$$libinit$$00000017) for __rt_lib_init_lc_monetary_1
    libinit.o(.ARM.Collect$$libinit$$00000000) refers (Special) to libinit2.o(.ARM.Collect$$libinit$$00000019) for __rt_lib_init_lc_numeric_1
    libinit.o(.ARM.Collect$$libinit$$00000000) refers (Special) to libinit2.o(.ARM.Collect$$libinit$$0000001B) for __rt_lib_init_lc_time_1
    libinit.o(.ARM.Collect$$libinit$$00000000) refers (Special) to libinit2.o(.ARM.Collect$$libinit$$00000006) for __rt_lib_init_preinit_1
    libinit.o(.ARM.Collect$$libinit$$00000000) refers (Special) to libinit2.o(.ARM.Collect$$libinit$$00000010) for __rt_lib_init_rand_1
    libinit.o(.ARM.Collect$$libinit$$00000000) refers (Special) to libinit2.o(.ARM.Collect$$libinit$$00000004) for __rt_lib_init_relocate_pie_1
    libinit.o(.ARM.Collect$$libinit$$00000000) refers (Special) to libinit2.o(.ARM.Collect$$libinit$$00000035) for __rt_lib_init_return
    libinit.o(.ARM.Collect$$libinit$$00000000) refers (Special) to libinit2.o(.ARM.Collect$$libinit$$0000001F) for __rt_lib_init_signal_1
    libinit.o(.ARM.Collect$$libinit$$00000000) refers (Special) to libinit2.o(.ARM.Collect$$libinit$$00000027) for __rt_lib_init_stdio_1
    libinit.o(.ARM.Collect$$libinit$$00000000) refers (Special) to libinit2.o(.ARM.Collect$$libinit$$0000000E) for __rt_lib_init_user_alloc_1
    cmpret.o(.text) refers (Special) to usenofp.o(x$fpl$usenofp) for __I$use$fp
    dnan2.o(.text) refers (Special) to usenofp.o(x$fpl$usenofp) for __I$use$fp
    dnan2.o(.text) refers to retnan.o(.text) for __fpl_return_NaN
    rtexit.o(.ARM.Collect$$rtexit$$00000000) refers (Special) to rtexit2.o(.ARM.Collect$$rtexit$$00000004) for __rt_exit_exit
    rtexit.o(.ARM.Collect$$rtexit$$00000000) refers (Special) to rtexit2.o(.ARM.Collect$$rtexit$$00000003) for __rt_exit_ls
    rtexit.o(.ARM.Collect$$rtexit$$00000000) refers (Special) to rtexit2.o(.ARM.Collect$$rtexit$$00000002) for __rt_exit_prels_1
    rtexit.o(.ARM.exidx) refers (Special) to rtexit2.o(.ARM.Collect$$rtexit$$00000004) for __rt_exit_exit
    rtexit.o(.ARM.exidx) refers (Special) to rtexit2.o(.ARM.Collect$$rtexit$$00000003) for __rt_exit_ls
    rtexit.o(.ARM.exidx) refers (Special) to rtexit2.o(.ARM.Collect$$rtexit$$00000002) for __rt_exit_prels_1
    rtexit.o(.ARM.exidx) refers to rtexit.o(.ARM.Collect$$rtexit$$00000000) for .ARM.Collect$$rtexit$$00000000
    rt_raise.o(.text) refers to __raise.o(.text) for __raise
    rt_raise.o(.text) refers to sys_exit.o(.text) for _sys_exit
    defsig_exit.o(.text) refers to sys_exit.o(.text) for _sys_exit
    defsig_fpe_inner.o(.text) refers to defsig_general.o(.text) for __default_signal_display
    libinit2.o(.ARM.Collect$$libinit$$00000012) refers to libinit2.o(.ARM.Collect$$libinit$$00000011) for .ARM.Collect$$libinit$$00000011
    libinit2.o(.ARM.Collect$$libinit$$00000014) refers to libinit2.o(.ARM.Collect$$libinit$$00000011) for .ARM.Collect$$libinit$$00000011
    libinit2.o(.ARM.Collect$$libinit$$00000016) refers to libinit2.o(.ARM.Collect$$libinit$$00000011) for .ARM.Collect$$libinit$$00000011
    libinit2.o(.ARM.Collect$$libinit$$00000018) refers to libinit2.o(.ARM.Collect$$libinit$$00000011) for .ARM.Collect$$libinit$$00000011
    libinit2.o(.ARM.Collect$$libinit$$0000001A) refers to libinit2.o(.ARM.Collect$$libinit$$00000011) for .ARM.Collect$$libinit$$00000011
    libinit2.o(.ARM.Collect$$libinit$$00000028) refers to argv_veneer.o(.text) for __ARM_argv_veneer
    libinit2.o(.ARM.Collect$$libinit$$00000029) refers to argv_veneer.o(.text) for __ARM_argv_veneer
    retnan.o(.text) refers (Special) to usenofp.o(x$fpl$usenofp) for __I$use$fp
    retnan.o(.text) refers to cmpret.o(.text) for __fpl_cmpreturn
    sys_exit.o(.text) refers (Special) to use_no_semi.o(.text) for __I$use$semihosting
    sys_exit.o(.text) refers (Special) to indicate_semi.o(.text) for __semihosting_library_function
    sys_exit_hlt.o(.text) refers (Special) to use_no_semi.o(.text) for __I$use$semihosting
    sys_exit_hlt.o(.text) refers (Special) to indicate_semi.o(.text) for __semihosting_library_function
    rtexit2.o(.ARM.Collect$$rtexit$$00000003) refers to libshutdown.o(.ARM.Collect$$libshutdown$$00000000) for __rt_lib_shutdown
    rtexit2.o(.ARM.Collect$$rtexit$$00000004) refers to sys_exit.o(.text) for _sys_exit
    rtexit2.o(.ARM.exidx) refers to rtexit2.o(.ARM.Collect$$rtexit$$00000001) for .ARM.Collect$$rtexit$$00000001
    rtexit2.o(.ARM.exidx) refers to rtexit2.o(.ARM.Collect$$rtexit$$00000003) for .ARM.Collect$$rtexit$$00000003
    rtexit2.o(.ARM.exidx) refers to rtexit2.o(.ARM.Collect$$rtexit$$00000004) for .ARM.Collect$$rtexit$$00000004
    __raise.o(.text) refers to defsig.o(CL$$defsig) for __default_signal_handler
    defsig_general.o(.text) refers to sys_wrch.o(.text) for _ttywrch
    sys_wrch.o(.text) refers (Special) to use_no_semi.o(.text) for __I$use$semihosting
    sys_wrch.o(.text) refers (Special) to indicate_semi.o(.text) for __semihosting_library_function
    sys_wrch_hlt.o(.text) refers (Special) to use_no_semi.o(.text) for __I$use$semihosting
    sys_wrch_hlt.o(.text) refers (Special) to indicate_semi.o(.text) for __semihosting_library_function
    defsig.o(CL$$defsig) refers to defsig_fpe_inner.o(.text) for __rt_SIGFPE_inner
    defsig.o(CL$$defsig) refers to defsig_rtmem_inner.o(.text) for __rt_SIGRTMEM_inner
    _get_argv_nomalloc.o(.text) refers (Special) to hrguard.o(.text) for __heap_region$guard
    _get_argv_nomalloc.o(.text) refers to defsig_rtmem_outer.o(.text) for __rt_SIGRTMEM
    _get_argv_nomalloc.o(.text) refers to sys_command.o(.text) for _sys_command_string
    libshutdown.o(.ARM.Collect$$libshutdown$$00000000) refers (Special) to libshutdown2.o(.ARM.Collect$$libshutdown$$00000002) for __rt_lib_shutdown_cpp_1
    libshutdown.o(.ARM.Collect$$libshutdown$$00000000) refers (Special) to libshutdown2.o(.ARM.Collect$$libshutdown$$00000007) for __rt_lib_shutdown_fp_trap_1
    libshutdown.o(.ARM.Collect$$libshutdown$$00000000) refers (Special) to libshutdown2.o(.ARM.Collect$$libshutdown$$0000000F) for __rt_lib_shutdown_heap_1
    libshutdown.o(.ARM.Collect$$libshutdown$$00000000) refers (Special) to libshutdown2.o(.ARM.Collect$$libshutdown$$00000010) for __rt_lib_shutdown_return
    libshutdown.o(.ARM.Collect$$libshutdown$$00000000) refers (Special) to libshutdown2.o(.ARM.Collect$$libshutdown$$0000000A) for __rt_lib_shutdown_signal_1
    libshutdown.o(.ARM.Collect$$libshutdown$$00000000) refers (Special) to libshutdown2.o(.ARM.Collect$$libshutdown$$00000004) for __rt_lib_shutdown_stdio_1
    libshutdown.o(.ARM.Collect$$libshutdown$$00000000) refers (Special) to libshutdown2.o(.ARM.Collect$$libshutdown$$0000000C) for __rt_lib_shutdown_user_alloc_1
    sys_command.o(.text) refers (Special) to use_no_semi.o(.text) for __I$use$semihosting
    sys_command.o(.text) refers (Special) to indicate_semi.o(.text) for __semihosting_library_function
    sys_command_hlt.o(.text) refers (Special) to use_no_semi.o(.text) for __I$use$semihosting
    sys_command_hlt.o(.text) refers (Special) to indicate_semi.o(.text) for __semihosting_library_function
    defsig_abrt_inner.o(.text) refers to defsig_general.o(.text) for __default_signal_display
    defsig_rtred_inner.o(.text) refers to defsig_general.o(.text) for __default_signal_display
    defsig_rtmem_inner.o(.text) refers to defsig_general.o(.text) for __default_signal_display
    defsig_rtmem_outer.o(.text) refers to defsig_rtmem_inner.o(.text) for __rt_SIGRTMEM_inner
    defsig_rtmem_outer.o(.text) refers to defsig_exit.o(.text) for __sig_exit
    defsig_rtmem_formal.o(.text) refers to rt_raise.o(.text) for __rt_raise
    defsig_stak_inner.o(.text) refers to defsig_general.o(.text) for __default_signal_display
    defsig_pvfn_inner.o(.text) refers to defsig_general.o(.text) for __default_signal_display
    defsig_cppl_inner.o(.text) refers to defsig_general.o(.text) for __default_signal_display
    defsig_segv_inner.o(.text) refers to defsig_general.o(.text) for __default_signal_display
    defsig_other.o(.text) refers to defsig_general.o(.text) for __default_signal_display


==============================================================================

Removing Unused input sections from the image.

    Removing clock.o(.text), (0 bytes).
    Removing clock.o(.ARM.exidx.text.CLOCK_Init), (8 bytes).
    Removing dma.o(.text), (0 bytes).
    Removing dma.o(.ARM.exidx.text.DMA_common_init), (8 bytes).
    Removing dma.o(.ARM.exidx.text.DMA_IRQHandler), (8 bytes).
    Removing main.o(.text), (0 bytes).
    Removing main.o(.ARM.exidx.text.main), (8 bytes).
    Removing main.o(.ARM.exidx.text.request_data), (8 bytes).
    Removing main.o(.ARM.use_no_argv), (4 bytes).
    Removing ports.o(.text), (0 bytes).
    Removing ports.o(.ARM.exidx.text.PortsInit), (8 bytes).
    Removing rs422_protocol.o(.text), (0 bytes).
    Removing rs422_protocol.o(.ARM.exidx.text.transmit_packet), (8 bytes).
    Removing rs422_protocol.o(.ARM.exidx.text.crc32), (8 bytes).
    Removing rs422_protocol.o(.ARM.exidx.text.receive_packet), (8 bytes).
    Removing rs422_protocol.o(.ARM.exidx.text.error_handler), (8 bytes).
    Removing rs422_protocol.o(.ARM.exidx.text.protocol_do_cmds), (8 bytes).
    Removing rs422_protocol.o(.ARM.exidx.text.fill_crc32_table), (8 bytes).
    Removing rs422_protocol.o(.text.htonl), (50 bytes).
    Removing rs422_protocol.o(.ARM.exidx.text.htonl), (8 bytes).
    Removing rs422_protocol.o(.text.htons), (38 bytes).
    Removing rs422_protocol.o(.ARM.exidx.text.htons), (8 bytes).
    Removing timer.o(.text), (0 bytes).
    Removing timer.o(.ARM.exidx.text.TIMER1_init), (8 bytes).
    Removing timer.o(.ARM.exidx.text.TIMER2_init), (8 bytes).
    Removing timer.o(.text.Delay_milli), (44 bytes).
    Removing timer.o(.ARM.exidx.text.Delay_milli), (8 bytes).
    Removing timer.o(.ARM.exidx.text.Delay_micro), (8 bytes).
    Removing timer.o(.bss.sTIM1_ChnInit), (24 bytes).
    Removing timer.o(.bss.sTIM2_ChnInit), (24 bytes).
    Removing uart.o(.text), (0 bytes).
    Removing uart.o(.ARM.exidx.text.UART1_IRQHandler), (8 bytes).
    Removing uart.o(.ARM.exidx.text.UART2_IRQHandler), (8 bytes).
    Removing uart.o(.ARM.exidx.text.uart_init), (8 bytes).
    Removing uart.o(.ARM.exidx.text.__NVIC_EnableIRQ), (8 bytes).
    Removing uart.o(.ARM.exidx.text.uart_write), (8 bytes).
    Removing uart.o(.ARM.exidx.text.uart_read), (8 bytes).
    Removing uart.o(.text.uart_set_pos), (56 bytes).
    Removing uart.o(.ARM.exidx.text.uart_set_pos), (8 bytes).
    Removing uart.o(.text.uart_read_pos), (12 bytes).
    Removing uart.o(.ARM.exidx.text.uart_read_pos), (8 bytes).
    Removing uart.o(.text.uart_get_buf_counter), (12 bytes).
    Removing uart.o(.ARM.exidx.text.uart_get_buf_counter), (8 bytes).
    Removing uart.o(.text.uart_clean), (22 bytes).
    Removing uart.o(.ARM.exidx.text.uart_clean), (8 bytes).
    Removing uart.o(.ARM.exidx.text.DMA_UART_RX_init), (8 bytes).
    Removing uart.o(.ARM.exidx.text.uart_set_read_timeout), (8 bytes).
    Removing uart.o(.text.uart_set_write_timeout), (22 bytes).
    Removing uart.o(.ARM.exidx.text.uart_set_write_timeout), (8 bytes).
    Removing ebc.o(.text), (0 bytes).
    Removing ebc.o(.ARM.exidx.text.ebc_ports_config), (8 bytes).
    Removing ebc.o(.ARM.exidx.text.ebc_config), (8 bytes).
    Removing mt-12864av6.o(.text), (0 bytes).
    Removing mt-12864av6.o(.text.LCDInit), (140 bytes).
    Removing mt-12864av6.o(.ARM.exidx.text.LCDInit), (8 bytes).
    Removing mt-12864av6.o(.text.WriteCodeL), (26 bytes).
    Removing mt-12864av6.o(.ARM.exidx.text.WriteCodeL), (8 bytes).
    Removing mt-12864av6.o(.text.WriteCodeR), (26 bytes).
    Removing mt-12864av6.o(.ARM.exidx.text.WriteCodeR), (8 bytes).
    Removing mt-12864av6.o(.text.LCD_Clear), (192 bytes).
    Removing mt-12864av6.o(.ARM.exidx.text.LCD_Clear), (8 bytes).
    Removing mt-12864av6.o(.text.LCDReInit), (64 bytes).
    Removing mt-12864av6.o(.ARM.exidx.text.LCDReInit), (8 bytes).
    Removing mt-12864av6.o(.text.WriteByte), (172 bytes).
    Removing mt-12864av6.o(.ARM.exidx.text.WriteByte), (8 bytes).
    Removing mt-12864av6.o(.text.WriteDataL), (26 bytes).
    Removing mt-12864av6.o(.ARM.exidx.text.WriteDataL), (8 bytes).
    Removing mt-12864av6.o(.text.WriteDataR), (26 bytes).
    Removing mt-12864av6.o(.ARM.exidx.text.WriteDataR), (8 bytes).
    Removing mt-12864av6.o(.text.ReadDataL), (14 bytes).
    Removing mt-12864av6.o(.ARM.exidx.text.ReadDataL), (8 bytes).
    Removing mt-12864av6.o(.text.ReadByte), (184 bytes).
    Removing mt-12864av6.o(.ARM.exidx.text.ReadByte), (8 bytes).
    Removing mt-12864av6.o(.text.ReadDataR), (14 bytes).
    Removing mt-12864av6.o(.ARM.exidx.text.ReadDataR), (8 bytes).
    Removing mt-12864av6.o(.text.SetBusData), (152 bytes).
    Removing mt-12864av6.o(.ARM.exidx.text.SetBusData), (8 bytes).
    Removing mt-12864av6.o(.text.ReadBusData), (52 bytes).
    Removing mt-12864av6.o(.ARM.exidx.text.ReadBusData), (8 bytes).
    Removing mt-12864av6.o(.text.WaitReady), (136 bytes).
    Removing mt-12864av6.o(.ARM.exidx.text.WaitReady), (8 bytes).
    Removing mt-12864av6.o(.text.PrintLogo), (196 bytes).
    Removing mt-12864av6.o(.ARM.exidx.text.PrintLogo), (8 bytes).
    Removing mt-12864av6.o(.text.LCD_PrintMessageInPosition), (60 bytes).
    Removing mt-12864av6.o(.ARM.exidx.text.LCD_PrintMessageInPosition), (8 bytes).
    Removing mt-12864av6.o(.text.LCD_PrintMessageContinue), (568 bytes).
    Removing mt-12864av6.o(.ARM.exidx.text.LCD_PrintMessageContinue), (8 bytes).
    Removing mt-12864av6.o(.text.LCD_ClearLine), (164 bytes).
    Removing mt-12864av6.o(.ARM.exidx.text.LCD_ClearLine), (8 bytes).
    Removing mt-12864av6.o(.text.LCD_PrintMessageNew), (40 bytes).
    Removing mt-12864av6.o(.ARM.exidx.text.LCD_PrintMessageNew), (8 bytes).
    Removing mt-12864av6.o(.text.LCD_EndLine), (24 bytes).
    Removing mt-12864av6.o(.ARM.exidx.text.LCD_EndLine), (8 bytes).
    Removing mt-12864av6.o(.bss.GPIOInitStruct), (12 bytes).
    Removing mt-12864av6.o(.bss.page), (1 bytes).
    Removing mt-12864av6.o(.bss.numChar), (1 bytes).
    Removing mt-12864av6.o(.rodata.Logo128), (1024 bytes).
    Removing systemfont5x7r.o(.text), (0 bytes).
    Removing systemfont5x7r.o(.rodata.SystemFonts5x7), (820 bytes).
    Removing systemfont5x7r.o(.data.MyFont), (8 bytes).
    Removing external_ram.o(.text), (0 bytes).
    Removing external_ram.o(.ARM.exidx.text.init_external_ram_space), (8 bytes).
    Removing 1273pv19t.o(.text), (0 bytes).
    Removing 1273pv19t.o(.text.adc_init), (72 bytes).
    Removing 1273pv19t.o(.ARM.exidx.text.adc_init), (8 bytes).
    Removing 1273pv19t.o(.text.adc_reset), (40 bytes).
    Removing 1273pv19t.o(.ARM.exidx.text.adc_reset), (8 bytes).
    Removing 1273pv19t.o(.text.adc_read), (204 bytes).
    Removing 1273pv19t.o(.ARM.exidx.text.adc_read), (8 bytes).
    Removing spi.o(.text), (0 bytes).
    Removing spi.o(.ARM.exidx.text.spi_init), (8 bytes).
    Removing spi.o(.text.spi_transmit_word), (46 bytes).
    Removing spi.o(.ARM.exidx.text.spi_transmit_word), (8 bytes).
    Removing spi.o(.text.spi_transmit_message), (90 bytes).
    Removing spi.o(.ARM.exidx.text.spi_transmit_message), (8 bytes).
    Removing spi.o(.text.spi_receive_word), (42 bytes).
    Removing spi.o(.ARM.exidx.text.spi_receive_word), (8 bytes).
    Removing spi.o(.bss.SPI2), (24 bytes).
    Removing system_mdr32f1qi.o(.text), (0 bytes).
    Removing system_mdr32f1qi.o(.ARM.exidx.text.SystemCoreClockUpdate), (8 bytes).
    Removing system_mdr32f1qi.o(.ARM.exidx.text.SystemInit), (8 bytes).
    Removing mdr32fxqi_bkp.o(.text), (0 bytes).
    Removing mdr32fxqi_bkp.o(.text.BKP_DeInit), (124 bytes).
    Removing mdr32fxqi_bkp.o(.ARM.exidx.text.BKP_DeInit), (8 bytes).
    Removing mdr32fxqi_bkp.o(.text.BKP_RTCclkSource), (40 bytes).
    Removing mdr32fxqi_bkp.o(.ARM.exidx.text.BKP_RTCclkSource), (8 bytes).
    Removing mdr32fxqi_bkp.o(.text.BKP_RTC_WorkPermit), (48 bytes).
    Removing mdr32fxqi_bkp.o(.ARM.exidx.text.BKP_RTC_WorkPermit), (8 bytes).
    Removing mdr32fxqi_bkp.o(.text.BKP_RTC_Calibration), (40 bytes).
    Removing mdr32fxqi_bkp.o(.ARM.exidx.text.BKP_RTC_Calibration), (8 bytes).
    Removing mdr32fxqi_bkp.o(.text.BKP_RTC_Reset), (52 bytes).
    Removing mdr32fxqi_bkp.o(.ARM.exidx.text.BKP_RTC_Reset), (8 bytes).
    Removing mdr32fxqi_bkp.o(.text.BKP_RTC_ITConfig), (56 bytes).
    Removing mdr32fxqi_bkp.o(.ARM.exidx.text.BKP_RTC_ITConfig), (8 bytes).
    Removing mdr32fxqi_bkp.o(.text.BKP_RTC_GetCounter), (12 bytes).
    Removing mdr32fxqi_bkp.o(.ARM.exidx.text.BKP_RTC_GetCounter), (8 bytes).
    Removing mdr32fxqi_bkp.o(.text.BKP_RTC_SetCounter), (20 bytes).
    Removing mdr32fxqi_bkp.o(.ARM.exidx.text.BKP_RTC_SetCounter), (8 bytes).
    Removing mdr32fxqi_bkp.o(.text.BKP_RTC_SetAlarm), (20 bytes).
    Removing mdr32fxqi_bkp.o(.ARM.exidx.text.BKP_RTC_SetAlarm), (8 bytes).
    Removing mdr32fxqi_bkp.o(.text.BKP_RTC_GetDivider), (12 bytes).
    Removing mdr32fxqi_bkp.o(.ARM.exidx.text.BKP_RTC_GetDivider), (8 bytes).
    Removing mdr32fxqi_bkp.o(.text.BKP_RTC_SetPrescaler), (20 bytes).
    Removing mdr32fxqi_bkp.o(.ARM.exidx.text.BKP_RTC_SetPrescaler), (8 bytes).
    Removing mdr32fxqi_bkp.o(.text.BKP_RTC_WaitForUpdate), (24 bytes).
    Removing mdr32fxqi_bkp.o(.ARM.exidx.text.BKP_RTC_WaitForUpdate), (8 bytes).
    Removing mdr32fxqi_bkp.o(.text.BKP_RTC_GetFlagStatus), (48 bytes).
    Removing mdr32fxqi_bkp.o(.ARM.exidx.text.BKP_RTC_GetFlagStatus), (8 bytes).
    Removing mdr32fxqi_bkp.o(.text.BKP_RTC_ClearFlagStatus), (36 bytes).
    Removing mdr32fxqi_bkp.o(.ARM.exidx.text.BKP_RTC_ClearFlagStatus), (8 bytes).
    Removing mdr32fxqi_bkp.o(.text.BKP_DUccMode), (40 bytes).
    Removing mdr32fxqi_bkp.o(.ARM.exidx.text.BKP_DUccMode), (8 bytes).
    Removing mdr32fxqi_bkp.o(.text.BKP_DUccTrim), (40 bytes).
    Removing mdr32fxqi_bkp.o(.ARM.exidx.text.BKP_DUccTrim), (8 bytes).
    Removing mdr32fxqi_bkp.o(.text.BKP_SetFlagPOR), (20 bytes).
    Removing mdr32fxqi_bkp.o(.ARM.exidx.text.BKP_SetFlagPOR), (8 bytes).
    Removing mdr32fxqi_bkp.o(.text.BKP_FlagPORstatus), (40 bytes).
    Removing mdr32fxqi_bkp.o(.ARM.exidx.text.BKP_FlagPORstatus), (8 bytes).
    Removing mdr32fxqi_bkp.o(.text.BKP_EnterSLEEPMode), (20 bytes).
    Removing mdr32fxqi_bkp.o(.ARM.exidx.text.BKP_EnterSLEEPMode), (8 bytes).
    Removing mdr32fxqi_bkp.o(.text.BKP_SetTrim), (40 bytes).
    Removing mdr32fxqi_bkp.o(.ARM.exidx.text.BKP_SetTrim), (8 bytes).
    Removing mdr32fxqi_bkp.o(.text.BKP_CurrentLimitProtection150mA), (52 bytes).
    Removing mdr32fxqi_bkp.o(.ARM.exidx.text.BKP_CurrentLimitProtection150mA), (8 bytes).
    Removing mdr32fxqi_bkp.o(.text.BKP_EnterStandAloneMode), (16 bytes).
    Removing mdr32fxqi_bkp.o(.ARM.exidx.text.BKP_EnterStandAloneMode), (8 bytes).
    Removing mdr32fxqi_bkp.o(.text.BKP_EnterSTANDBYMode), (20 bytes).
    Removing mdr32fxqi_bkp.o(.ARM.exidx.text.BKP_EnterSTANDBYMode), (8 bytes).
    Removing mdr32fxqi_dma.o(.text), (0 bytes).
    Removing mdr32fxqi_dma.o(.ARM.exidx.text.DMA_DeInit), (8 bytes).
    Removing mdr32fxqi_dma.o(.ARM.exidx.text.__NVIC_ClearPendingIRQ), (8 bytes).
    Removing mdr32fxqi_dma.o(.ARM.exidx.text.DMA_CtrlDataInit), (8 bytes).
    Removing mdr32fxqi_dma.o(.text.DMA_CtrlInit), (76 bytes).
    Removing mdr32fxqi_dma.o(.ARM.exidx.text.DMA_CtrlInit), (8 bytes).
    Removing mdr32fxqi_dma.o(.text.DMA_SG_CtrlInit), (28 bytes).
    Removing mdr32fxqi_dma.o(.ARM.exidx.text.DMA_SG_CtrlInit), (8 bytes).
    Removing mdr32fxqi_dma.o(.text.DMA_SG_Init), (260 bytes).
    Removing mdr32fxqi_dma.o(.ARM.exidx.text.DMA_SG_Init), (8 bytes).
    Removing mdr32fxqi_dma.o(.ARM.exidx.text.DMA_Init), (8 bytes).
    Removing mdr32fxqi_dma.o(.ARM.exidx.text.DMA_StructInit), (8 bytes).
    Removing mdr32fxqi_dma.o(.text.DMA_SG_StructInit), (38 bytes).
    Removing mdr32fxqi_dma.o(.ARM.exidx.text.DMA_SG_StructInit), (8 bytes).
    Removing mdr32fxqi_dma.o(.ARM.exidx.text.DMA_Cmd), (8 bytes).
    Removing mdr32fxqi_dma.o(.text.DMA_Request), (28 bytes).
    Removing mdr32fxqi_dma.o(.ARM.exidx.text.DMA_Request), (8 bytes).
    Removing mdr32fxqi_dma.o(.text.DMA_ClearError), (12 bytes).
    Removing mdr32fxqi_dma.o(.ARM.exidx.text.DMA_ClearError), (8 bytes).
    Removing mdr32fxqi_dma.o(.text.DMA_GetCurrTransferCounter), (80 bytes).
    Removing mdr32fxqi_dma.o(.ARM.exidx.text.DMA_GetCurrTransferCounter), (8 bytes).
    Removing mdr32fxqi_dma.o(.ARM.exidx.text.DMA_GetFlagStatus), (8 bytes).
    Removing mdr32fxqi_ebc.o(.text), (0 bytes).
    Removing mdr32fxqi_ebc.o(.text.EBC_DeInit), (52 bytes).
    Removing mdr32fxqi_ebc.o(.ARM.exidx.text.EBC_DeInit), (8 bytes).
    Removing mdr32fxqi_ebc.o(.ARM.exidx.text.EBC_Init), (8 bytes).
    Removing mdr32fxqi_ebc.o(.ARM.exidx.text.EBC_StructInit), (8 bytes).
    Removing mdr32fxqi_ebc.o(.text.EBC_CalcWaitStates), (132 bytes).
    Removing mdr32fxqi_ebc.o(.ARM.exidx.text.EBC_CalcWaitStates), (8 bytes).
    Removing mdr32fxqi_ebc.o(.text.EBC_CalcNandCycles), (108 bytes).
    Removing mdr32fxqi_ebc.o(.ARM.exidx.text.EBC_CalcNandCycles), (8 bytes).
    Removing mdr32fxqi_ebc.o(.text.EBC_GetBusyStatus), (44 bytes).
    Removing mdr32fxqi_ebc.o(.ARM.exidx.text.EBC_GetBusyStatus), (8 bytes).
    Removing mdr32fxqi_ebc.o(.ARM.exidx.text.EBC_MemRegionStructInit), (8 bytes).
    Removing mdr32fxqi_ebc.o(.ARM.exidx.text.EBC_MemRegionInit), (8 bytes).
    Removing mdr32fxqi_ebc.o(.text.EBC_MemRegionCMD), (64 bytes).
    Removing mdr32fxqi_ebc.o(.ARM.exidx.text.EBC_MemRegionCMD), (8 bytes).
    Removing mdr32fxqi_eeprom.o(.text), (0 bytes).
    Removing mdr32fxqi_eeprom.o(.text.EEPROM_SetLatency), (24 bytes).
    Removing mdr32fxqi_eeprom.o(.ARM.exidx.text.EEPROM_SetLatency), (8 bytes).
    Removing mdr32fxqi_eeprom.o(.text.EEPROM_GetLatency), (16 bytes).
    Removing mdr32fxqi_eeprom.o(.ARM.exidx.text.EEPROM_GetLatency), (8 bytes).
    Removing mdr32fxqi_eeprom.o(EXECUTABLE_MEMORY_SECTION), (1304 bytes).
    Removing mdr32fxqi_eeprom.o(.ARM.exidxEXECUTABLE_MEMORY_SECTION), (80 bytes).
    Removing mdr32fxqi_eeprom_cache.o(EXECUTABLE_MEMORY_SECTION), (14 bytes).
    Removing mdr32fxqi_port.o(.text), (0 bytes).
    Removing mdr32fxqi_port.o(.text.PORT_DeInit), (42 bytes).
    Removing mdr32fxqi_port.o(.ARM.exidx.text.PORT_DeInit), (8 bytes).
    Removing mdr32fxqi_port.o(.ARM.exidx.text.PORT_Init), (8 bytes).
    Removing mdr32fxqi_port.o(.ARM.exidx.text.PORT_StructInit), (8 bytes).
    Removing mdr32fxqi_port.o(.text.PORT_ReadInputDataBit), (50 bytes).
    Removing mdr32fxqi_port.o(.ARM.exidx.text.PORT_ReadInputDataBit), (8 bytes).
    Removing mdr32fxqi_port.o(.text.PORT_ReadInputData), (12 bytes).
    Removing mdr32fxqi_port.o(.ARM.exidx.text.PORT_ReadInputData), (8 bytes).
    Removing mdr32fxqi_port.o(.text.PORT_SetBits), (16 bytes).
    Removing mdr32fxqi_port.o(.ARM.exidx.text.PORT_SetBits), (8 bytes).
    Removing mdr32fxqi_port.o(.text.PORT_ResetBits), (16 bytes).
    Removing mdr32fxqi_port.o(.ARM.exidx.text.PORT_ResetBits), (8 bytes).
    Removing mdr32fxqi_port.o(.ARM.exidx.text.PORT_WriteBit), (8 bytes).
    Removing mdr32fxqi_port.o(.text.PORT_Write), (16 bytes).
    Removing mdr32fxqi_port.o(.ARM.exidx.text.PORT_Write), (8 bytes).
    Removing mdr32fxqi_rst_clk.o(.text), (0 bytes).
    Removing mdr32fxqi_rst_clk.o(.ARM.exidx.text.RST_CLK_DeInit), (8 bytes).
    Removing mdr32fxqi_rst_clk.o(.ARM.exidx.text.RST_CLK_WarmDeInit), (8 bytes).
    Removing mdr32fxqi_rst_clk.o(.ARM.exidx.text.RST_CLK_PCLKcmd), (8 bytes).
    Removing mdr32fxqi_rst_clk.o(.ARM.exidx.text.RST_CLK_HSIcmd), (8 bytes).
    Removing mdr32fxqi_rst_clk.o(.ARM.exidx.text.RST_CLK_HSIstatus), (8 bytes).
    Removing mdr32fxqi_rst_clk.o(.ARM.exidx.text.RST_CLK_CPUclkSelection), (8 bytes).
    Removing mdr32fxqi_rst_clk.o(.ARM.exidx.text.RST_CLK_HSEconfig), (8 bytes).
    Removing mdr32fxqi_rst_clk.o(.ARM.exidx.text.RST_CLK_HSEstatus), (8 bytes).
    Removing mdr32fxqi_rst_clk.o(.ARM.exidx.text.RST_CLK_GetFlagStatus), (8 bytes).
    Removing mdr32fxqi_rst_clk.o(.text.RST_CLK_HSE2config), (72 bytes).
    Removing mdr32fxqi_rst_clk.o(.ARM.exidx.text.RST_CLK_HSE2config), (8 bytes).
    Removing mdr32fxqi_rst_clk.o(.text.RST_CLK_HSE2status), (100 bytes).
    Removing mdr32fxqi_rst_clk.o(.ARM.exidx.text.RST_CLK_HSE2status), (8 bytes).
    Removing mdr32fxqi_rst_clk.o(.text.RST_CLK_LSEconfig), (72 bytes).
    Removing mdr32fxqi_rst_clk.o(.ARM.exidx.text.RST_CLK_LSEconfig), (8 bytes).
    Removing mdr32fxqi_rst_clk.o(.text.RST_CLK_LSEstatus), (100 bytes).
    Removing mdr32fxqi_rst_clk.o(.ARM.exidx.text.RST_CLK_LSEstatus), (8 bytes).
    Removing mdr32fxqi_rst_clk.o(.text.RST_CLK_HSIadjust), (44 bytes).
    Removing mdr32fxqi_rst_clk.o(.ARM.exidx.text.RST_CLK_HSIadjust), (8 bytes).
    Removing mdr32fxqi_rst_clk.o(.text.RST_CLK_LSIcmd), (64 bytes).
    Removing mdr32fxqi_rst_clk.o(.ARM.exidx.text.RST_CLK_LSIcmd), (8 bytes).
    Removing mdr32fxqi_rst_clk.o(.text.RST_CLK_LSIadjust), (44 bytes).
    Removing mdr32fxqi_rst_clk.o(.ARM.exidx.text.RST_CLK_LSIadjust), (8 bytes).
    Removing mdr32fxqi_rst_clk.o(.text.RST_CLK_LSIstatus), (100 bytes).
    Removing mdr32fxqi_rst_clk.o(.ARM.exidx.text.RST_CLK_LSIstatus), (8 bytes).
    Removing mdr32fxqi_rst_clk.o(.ARM.exidx.text.RST_CLK_CPU_PLLconfig), (8 bytes).
    Removing mdr32fxqi_rst_clk.o(.ARM.exidx.text.RST_CLK_CPU_PLLuse), (8 bytes).
    Removing mdr32fxqi_rst_clk.o(.ARM.exidx.text.RST_CLK_CPU_PLLcmd), (8 bytes).
    Removing mdr32fxqi_rst_clk.o(.ARM.exidx.text.RST_CLK_CPU_PLLstatus), (8 bytes).
    Removing mdr32fxqi_rst_clk.o(.ARM.exidx.text.RST_CLK_CPUclkPrescaler), (8 bytes).
    Removing mdr32fxqi_rst_clk.o(.text.RST_CLK_USB_PLLconfig), (116 bytes).
    Removing mdr32fxqi_rst_clk.o(.ARM.exidx.text.RST_CLK_USB_PLLconfig), (8 bytes).
    Removing mdr32fxqi_rst_clk.o(.text.RST_CLK_USB_PLLuse), (60 bytes).
    Removing mdr32fxqi_rst_clk.o(.ARM.exidx.text.RST_CLK_USB_PLLuse), (8 bytes).
    Removing mdr32fxqi_rst_clk.o(.text.RST_CLK_USB_PLLcmd), (60 bytes).
    Removing mdr32fxqi_rst_clk.o(.ARM.exidx.text.RST_CLK_USB_PLLcmd), (8 bytes).
    Removing mdr32fxqi_rst_clk.o(.text.RST_CLK_USB_PLLstatus), (100 bytes).
    Removing mdr32fxqi_rst_clk.o(.ARM.exidx.text.RST_CLK_USB_PLLstatus), (8 bytes).
    Removing mdr32fxqi_rst_clk.o(.text.RST_CLK_USBclkPrescaler), (60 bytes).
    Removing mdr32fxqi_rst_clk.o(.ARM.exidx.text.RST_CLK_USBclkPrescaler), (8 bytes).
    Removing mdr32fxqi_rst_clk.o(.text.RST_CLK_USBclkEnable), (64 bytes).
    Removing mdr32fxqi_rst_clk.o(.ARM.exidx.text.RST_CLK_USBclkEnable), (8 bytes).
    Removing mdr32fxqi_rst_clk.o(.text.RST_CLK_ADCclkSelection), (44 bytes).
    Removing mdr32fxqi_rst_clk.o(.ARM.exidx.text.RST_CLK_ADCclkSelection), (8 bytes).
    Removing mdr32fxqi_rst_clk.o(.text.RST_CLK_ADCclkPrescaler), (48 bytes).
    Removing mdr32fxqi_rst_clk.o(.ARM.exidx.text.RST_CLK_ADCclkPrescaler), (8 bytes).
    Removing mdr32fxqi_rst_clk.o(.text.RST_CLK_ADCclkEnable), (64 bytes).
    Removing mdr32fxqi_rst_clk.o(.ARM.exidx.text.RST_CLK_ADCclkEnable), (8 bytes).
    Removing mdr32fxqi_rst_clk.o(.text.RST_CLK_HSIclkPrescaler), (44 bytes).
    Removing mdr32fxqi_rst_clk.o(.ARM.exidx.text.RST_CLK_HSIclkPrescaler), (8 bytes).
    Removing mdr32fxqi_rst_clk.o(.text.RST_CLK_RTC_HSIclkEnable), (64 bytes).
    Removing mdr32fxqi_rst_clk.o(.ARM.exidx.text.RST_CLK_RTC_HSIclkEnable), (8 bytes).
    Removing mdr32fxqi_rst_clk.o(.text.RST_CLK_HSEclkPrescaler), (44 bytes).
    Removing mdr32fxqi_rst_clk.o(.ARM.exidx.text.RST_CLK_HSEclkPrescaler), (8 bytes).
    Removing mdr32fxqi_rst_clk.o(.text.RST_CLK_RTC_HSEclkEnable), (64 bytes).
    Removing mdr32fxqi_rst_clk.o(.ARM.exidx.text.RST_CLK_RTC_HSEclkEnable), (8 bytes).
    Removing mdr32fxqi_rst_clk.o(.text.RST_CLK_CPUclkSelectionC1), (44 bytes).
    Removing mdr32fxqi_rst_clk.o(.ARM.exidx.text.RST_CLK_CPUclkSelectionC1), (8 bytes).
    Removing mdr32fxqi_rst_clk.o(.ARM.exidx.text.RST_CLK_GetClocksFreq), (8 bytes).
    Removing mdr32fxqi_ssp.o(.text), (0 bytes).
    Removing mdr32fxqi_ssp.o(.text.SSP_DeInit), (36 bytes).
    Removing mdr32fxqi_ssp.o(.ARM.exidx.text.SSP_DeInit), (8 bytes).
    Removing mdr32fxqi_ssp.o(.ARM.exidx.text.SSP_Init), (8 bytes).
    Removing mdr32fxqi_ssp.o(.ARM.exidx.text.SSP_StructInit), (8 bytes).
    Removing mdr32fxqi_ssp.o(.ARM.exidx.text.SSP_Cmd), (8 bytes).
    Removing mdr32fxqi_ssp.o(.ARM.exidx.text.SSP_ITConfig), (8 bytes).
    Removing mdr32fxqi_ssp.o(.text.SSP_GetITStatus), (50 bytes).
    Removing mdr32fxqi_ssp.o(.ARM.exidx.text.SSP_GetITStatus), (8 bytes).
    Removing mdr32fxqi_ssp.o(.text.SSP_GetITStatusMasked), (50 bytes).
    Removing mdr32fxqi_ssp.o(.ARM.exidx.text.SSP_GetITStatusMasked), (8 bytes).
    Removing mdr32fxqi_ssp.o(.text.SSP_ClearITPendingBit), (22 bytes).
    Removing mdr32fxqi_ssp.o(.ARM.exidx.text.SSP_ClearITPendingBit), (8 bytes).
    Removing mdr32fxqi_ssp.o(.text.SSP_DMACmd), (48 bytes).
    Removing mdr32fxqi_ssp.o(.ARM.exidx.text.SSP_DMACmd), (8 bytes).
    Removing mdr32fxqi_ssp.o(.text.SSP_SendData), (18 bytes).
    Removing mdr32fxqi_ssp.o(.ARM.exidx.text.SSP_SendData), (8 bytes).
    Removing mdr32fxqi_ssp.o(.text.SSP_ReceiveData), (14 bytes).
    Removing mdr32fxqi_ssp.o(.ARM.exidx.text.SSP_ReceiveData), (8 bytes).
    Removing mdr32fxqi_ssp.o(.text.SSP_GetFlagStatus), (50 bytes).
    Removing mdr32fxqi_ssp.o(.ARM.exidx.text.SSP_GetFlagStatus), (8 bytes).
    Removing mdr32fxqi_ssp.o(.ARM.exidx.text.SSP_BRGInit), (8 bytes).
    Removing mdr32fxqi_timer.o(.text), (0 bytes).
    Removing mdr32fxqi_timer.o(.text.TIMER_DeInit), (162 bytes).
    Removing mdr32fxqi_timer.o(.ARM.exidx.text.TIMER_DeInit), (8 bytes).
    Removing mdr32fxqi_timer.o(.ARM.exidx.text.TIMER_CntInit), (8 bytes).
    Removing mdr32fxqi_timer.o(.ARM.exidx.text.TIMER_CntStructInit), (8 bytes).
    Removing mdr32fxqi_timer.o(.ARM.exidx.text.TIMER_Cmd), (8 bytes).
    Removing mdr32fxqi_timer.o(.ARM.exidx.text.TIMER_SetCounter), (8 bytes).
    Removing mdr32fxqi_timer.o(.ARM.exidx.text.TIMER_GetCounter), (8 bytes).
    Removing mdr32fxqi_timer.o(.text.TIMER_SetCntPrescaler), (18 bytes).
    Removing mdr32fxqi_timer.o(.ARM.exidx.text.TIMER_SetCntPrescaler), (8 bytes).
    Removing mdr32fxqi_timer.o(.text.TIMER_GetCntPrescaler), (14 bytes).
    Removing mdr32fxqi_timer.o(.ARM.exidx.text.TIMER_GetCntPrescaler), (8 bytes).
    Removing mdr32fxqi_timer.o(.text.TIMER_SetCntAutoreload), (16 bytes).
    Removing mdr32fxqi_timer.o(.ARM.exidx.text.TIMER_SetCntAutoreload), (8 bytes).
    Removing mdr32fxqi_timer.o(.text.TIMER_CntAutoreloadConfig), (48 bytes).
    Removing mdr32fxqi_timer.o(.ARM.exidx.text.TIMER_CntAutoreloadConfig), (8 bytes).
    Removing mdr32fxqi_timer.o(.text.TIMER_GetCntAutoreload), (12 bytes).
    Removing mdr32fxqi_timer.o(.ARM.exidx.text.TIMER_GetCntAutoreload), (8 bytes).
    Removing mdr32fxqi_timer.o(.text.TIMER_CntEventSourceConfig), (42 bytes).
    Removing mdr32fxqi_timer.o(.ARM.exidx.text.TIMER_CntEventSourceConfig), (8 bytes).
    Removing mdr32fxqi_timer.o(.text.TIMER_FilterSamplingConfig), (40 bytes).
    Removing mdr32fxqi_timer.o(.ARM.exidx.text.TIMER_FilterSamplingConfig), (8 bytes).
    Removing mdr32fxqi_timer.o(.text.TIMER_CounterModeConfig), (40 bytes).
    Removing mdr32fxqi_timer.o(.ARM.exidx.text.TIMER_CounterModeConfig), (8 bytes).
    Removing mdr32fxqi_timer.o(.text.TIMER_SetCounterDirection), (40 bytes).
    Removing mdr32fxqi_timer.o(.ARM.exidx.text.TIMER_SetCounterDirection), (8 bytes).
    Removing mdr32fxqi_timer.o(.text.TIMER_ETRInputConfig), (66 bytes).
    Removing mdr32fxqi_timer.o(.ARM.exidx.text.TIMER_ETRInputConfig), (8 bytes).
    Removing mdr32fxqi_timer.o(.text.TIMER_ETRFilterConfig), (42 bytes).
    Removing mdr32fxqi_timer.o(.ARM.exidx.text.TIMER_ETRFilterConfig), (8 bytes).
    Removing mdr32fxqi_timer.o(.text.TIMER_ETRPrescalerConfig), (40 bytes).
    Removing mdr32fxqi_timer.o(.ARM.exidx.text.TIMER_ETRPrescalerConfig), (8 bytes).
    Removing mdr32fxqi_timer.o(.text.TIMER_ETRPolarityConfig), (40 bytes).
    Removing mdr32fxqi_timer.o(.ARM.exidx.text.TIMER_ETRPolarityConfig), (8 bytes).
    Removing mdr32fxqi_timer.o(.text.TIMER_BRKPolarityConfig), (40 bytes).
    Removing mdr32fxqi_timer.o(.ARM.exidx.text.TIMER_BRKPolarityConfig), (8 bytes).
    Removing mdr32fxqi_timer.o(.text.TIMER_GetCounterDirection), (40 bytes).
    Removing mdr32fxqi_timer.o(.ARM.exidx.text.TIMER_GetCounterDirection), (8 bytes).
    Removing mdr32fxqi_timer.o(.text.TIMER_GetCntWriteComplete), (40 bytes).
    Removing mdr32fxqi_timer.o(.ARM.exidx.text.TIMER_GetCntWriteComplete), (8 bytes).
    Removing mdr32fxqi_timer.o(.text.TIMER_ChnInit), (122 bytes).
    Removing mdr32fxqi_timer.o(.ARM.exidx.text.TIMER_ChnInit), (8 bytes).
    Removing mdr32fxqi_timer.o(.text.TIMER_ChnStructInit), (58 bytes).
    Removing mdr32fxqi_timer.o(.ARM.exidx.text.TIMER_ChnStructInit), (8 bytes).
    Removing mdr32fxqi_timer.o(.text.TIMER_SetChnCompare), (38 bytes).
    Removing mdr32fxqi_timer.o(.ARM.exidx.text.TIMER_SetChnCompare), (8 bytes).
    Removing mdr32fxqi_timer.o(.text.TIMER_ChnCompareConfig), (84 bytes).
    Removing mdr32fxqi_timer.o(.ARM.exidx.text.TIMER_ChnCompareConfig), (8 bytes).
    Removing mdr32fxqi_timer.o(.text.TIMER_GetChnCapture), (38 bytes).
    Removing mdr32fxqi_timer.o(.ARM.exidx.text.TIMER_GetChnCapture), (8 bytes).
    Removing mdr32fxqi_timer.o(.text.TIMER_SetChnCompare1), (38 bytes).
    Removing mdr32fxqi_timer.o(.ARM.exidx.text.TIMER_SetChnCompare1), (8 bytes).
    Removing mdr32fxqi_timer.o(.text.TIMER_ChnCompare1Config), (84 bytes).
    Removing mdr32fxqi_timer.o(.ARM.exidx.text.TIMER_ChnCompare1Config), (8 bytes).
    Removing mdr32fxqi_timer.o(.text.TIMER_GetChnCapture1), (38 bytes).
    Removing mdr32fxqi_timer.o(.ARM.exidx.text.TIMER_GetChnCapture1), (8 bytes).
    Removing mdr32fxqi_timer.o(.text.TIMER_ChnETR_Cmd), (84 bytes).
    Removing mdr32fxqi_timer.o(.ARM.exidx.text.TIMER_ChnETR_Cmd), (8 bytes).
    Removing mdr32fxqi_timer.o(.text.TIMER_ChnETRResetConfig), (70 bytes).
    Removing mdr32fxqi_timer.o(.ARM.exidx.text.TIMER_ChnETRResetConfig), (8 bytes).
    Removing mdr32fxqi_timer.o(.text.TIMER_ChnBRKResetConfig), (70 bytes).
    Removing mdr32fxqi_timer.o(.ARM.exidx.text.TIMER_ChnBRKResetConfig), (8 bytes).
    Removing mdr32fxqi_timer.o(.text.TIMER_ChnREFFormatConfig), (70 bytes).
    Removing mdr32fxqi_timer.o(.ARM.exidx.text.TIMER_ChnREFFormatConfig), (8 bytes).
    Removing mdr32fxqi_timer.o(.text.TIMER_ChnCapturePrescalerConfig), (70 bytes).
    Removing mdr32fxqi_timer.o(.ARM.exidx.text.TIMER_ChnCapturePrescalerConfig), (8 bytes).
    Removing mdr32fxqi_timer.o(.text.TIMER_ChnEventSourceConfig), (68 bytes).
    Removing mdr32fxqi_timer.o(.ARM.exidx.text.TIMER_ChnEventSourceConfig), (8 bytes).
    Removing mdr32fxqi_timer.o(.text.TIMER_ChnFilterConfig), (68 bytes).
    Removing mdr32fxqi_timer.o(.ARM.exidx.text.TIMER_ChnFilterConfig), (8 bytes).
    Removing mdr32fxqi_timer.o(.text.TIMER_GetChnWriteComplete), (62 bytes).
    Removing mdr32fxqi_timer.o(.ARM.exidx.text.TIMER_GetChnWriteComplete), (8 bytes).
    Removing mdr32fxqi_timer.o(.text.TIMER_ChnCCR1_EventSourceConfig), (68 bytes).
    Removing mdr32fxqi_timer.o(.ARM.exidx.text.TIMER_ChnCCR1_EventSourceConfig), (8 bytes).
    Removing mdr32fxqi_timer.o(.text.TIMER_ChnCCR1_Cmd), (80 bytes).
    Removing mdr32fxqi_timer.o(.ARM.exidx.text.TIMER_ChnCCR1_Cmd), (8 bytes).
    Removing mdr32fxqi_timer.o(.text.TIMER_ChnOutInit), (92 bytes).
    Removing mdr32fxqi_timer.o(.ARM.exidx.text.TIMER_ChnOutInit), (8 bytes).
    Removing mdr32fxqi_timer.o(.text.TIMER_ChnOutStructInit), (46 bytes).
    Removing mdr32fxqi_timer.o(.ARM.exidx.text.TIMER_ChnOutStructInit), (8 bytes).
    Removing mdr32fxqi_timer.o(.text.TIMER_ChnOutConfig), (92 bytes).
    Removing mdr32fxqi_timer.o(.ARM.exidx.text.TIMER_ChnOutConfig), (8 bytes).
    Removing mdr32fxqi_timer.o(.text.TIMER_ChnOutSourceConfig), (70 bytes).
    Removing mdr32fxqi_timer.o(.ARM.exidx.text.TIMER_ChnOutSourceConfig), (8 bytes).
    Removing mdr32fxqi_timer.o(.text.TIMER_ChnOutModeConfig), (68 bytes).
    Removing mdr32fxqi_timer.o(.ARM.exidx.text.TIMER_ChnOutModeConfig), (8 bytes).
    Removing mdr32fxqi_timer.o(.text.TIMER_ChnOutPolarityConfig), (70 bytes).
    Removing mdr32fxqi_timer.o(.ARM.exidx.text.TIMER_ChnOutPolarityConfig), (8 bytes).
    Removing mdr32fxqi_timer.o(.text.TIMER_ChnNOutConfig), (96 bytes).
    Removing mdr32fxqi_timer.o(.ARM.exidx.text.TIMER_ChnNOutConfig), (8 bytes).
    Removing mdr32fxqi_timer.o(.text.TIMER_ChnNOutSourceConfig), (72 bytes).
    Removing mdr32fxqi_timer.o(.ARM.exidx.text.TIMER_ChnNOutSourceConfig), (8 bytes).
    Removing mdr32fxqi_timer.o(.text.TIMER_ChnNOutModeConfig), (72 bytes).
    Removing mdr32fxqi_timer.o(.ARM.exidx.text.TIMER_ChnNOutModeConfig), (8 bytes).
    Removing mdr32fxqi_timer.o(.text.TIMER_ChnNOutPolarityConfig), (72 bytes).
    Removing mdr32fxqi_timer.o(.ARM.exidx.text.TIMER_ChnNOutPolarityConfig), (8 bytes).
    Removing mdr32fxqi_timer.o(.text.TIMER_ChnOutDTGConfig), (58 bytes).
    Removing mdr32fxqi_timer.o(.ARM.exidx.text.TIMER_ChnOutDTGConfig), (8 bytes).
    Removing mdr32fxqi_timer.o(.text.TIMER_GetStatus), (12 bytes).
    Removing mdr32fxqi_timer.o(.ARM.exidx.text.TIMER_GetStatus), (8 bytes).
    Removing mdr32fxqi_timer.o(.text.TIMER_GetFlagStatus), (42 bytes).
    Removing mdr32fxqi_timer.o(.ARM.exidx.text.TIMER_GetFlagStatus), (8 bytes).
    Removing mdr32fxqi_timer.o(.text.TIMER_ClearFlag), (18 bytes).
    Removing mdr32fxqi_timer.o(.ARM.exidx.text.TIMER_ClearFlag), (8 bytes).
    Removing mdr32fxqi_timer.o(.text.TIMER_DMACmd), (136 bytes).
    Removing mdr32fxqi_timer.o(.ARM.exidx.text.TIMER_DMACmd), (8 bytes).
    Removing mdr32fxqi_timer.o(.text.TIMER_ITConfig), (54 bytes).
    Removing mdr32fxqi_timer.o(.ARM.exidx.text.TIMER_ITConfig), (8 bytes).
    Removing mdr32fxqi_timer.o(.text.TIMER_GetITStatus), (58 bytes).
    Removing mdr32fxqi_timer.o(.ARM.exidx.text.TIMER_GetITStatus), (8 bytes).
    Removing mdr32fxqi_timer.o(.ARM.exidx.text.TIMER_BRGInit), (8 bytes).
    Removing mdr32fxqi_uart.o(.text), (0 bytes).
    Removing mdr32fxqi_uart.o(.text.UART_DeInit), (62 bytes).
    Removing mdr32fxqi_uart.o(.ARM.exidx.text.UART_DeInit), (8 bytes).
    Removing mdr32fxqi_uart.o(.ARM.exidx.text.UART_Init), (8 bytes).
    Removing mdr32fxqi_uart.o(.text.UART_StructInit), (42 bytes).
    Removing mdr32fxqi_uart.o(.ARM.exidx.text.UART_StructInit), (8 bytes).
    Removing mdr32fxqi_uart.o(.ARM.exidx.text.UART_Cmd), (8 bytes).
    Removing mdr32fxqi_uart.o(.ARM.exidx.text.UART_ITConfig), (8 bytes).
    Removing mdr32fxqi_uart.o(.text.UART_GetITStatus), (52 bytes).
    Removing mdr32fxqi_uart.o(.ARM.exidx.text.UART_GetITStatus), (8 bytes).
    Removing mdr32fxqi_uart.o(.text.UART_GetITStatusMasked), (50 bytes).
    Removing mdr32fxqi_uart.o(.ARM.exidx.text.UART_GetITStatusMasked), (8 bytes).
    Removing mdr32fxqi_uart.o(.ARM.exidx.text.UART_ClearITPendingBit), (8 bytes).
    Removing mdr32fxqi_uart.o(.text.UART_DMAConfig), (28 bytes).
    Removing mdr32fxqi_uart.o(.ARM.exidx.text.UART_DMAConfig), (8 bytes).
    Removing mdr32fxqi_uart.o(.ARM.exidx.text.UART_DMACmd), (8 bytes).
    Removing mdr32fxqi_uart.o(.ARM.exidx.text.UART_SendData), (8 bytes).
    Removing mdr32fxqi_uart.o(.ARM.exidx.text.UART_ReceiveData), (8 bytes).
    Removing mdr32fxqi_uart.o(.text.UART_BreakLine), (48 bytes).
    Removing mdr32fxqi_uart.o(.ARM.exidx.text.UART_BreakLine), (8 bytes).
    Removing mdr32fxqi_uart.o(.text.UART_IrDAConfig), (60 bytes).
    Removing mdr32fxqi_uart.o(.ARM.exidx.text.UART_IrDAConfig), (8 bytes).
    Removing mdr32fxqi_uart.o(.text.UART_IrDACmd), (48 bytes).
    Removing mdr32fxqi_uart.o(.ARM.exidx.text.UART_IrDACmd), (8 bytes).
    Removing mdr32fxqi_uart.o(.ARM.exidx.text.UART_GetFlagStatus), (8 bytes).
    Removing mdr32fxqi_uart.o(.ARM.exidx.text.UART_BRGInit), (8 bytes).

448 unused section(s) (total 15508 bytes) removed from the image.
